Return-path: <linux-media-owner@vger.kernel.org>
Received: from mga11.intel.com ([192.55.52.93]:25119 "EHLO mga11.intel.com"
	rhost-flags-OK-OK-OK-OK) by vger.kernel.org with ESMTP
	id S1751367Ab3FZATw (ORCPT <rfc822;linux-media@vger.kernel.org>);
	Tue, 25 Jun 2013 20:19:52 -0400
Date: Wed, 26 Jun 2013 08:19:43 +0800
From: Fengguang Wu <fengguang.wu@intel.com>
To: fengguang.wu@intel.com, Hans Verkuil <hans.verkuil@cisco.com>
Cc: Mauro Carvalho Chehab <mchehab@redhat.com>,
	linux-media@vger.kernel.org, linux-kernel@vger.kernel.org
Subject: WARNING: at drivers/media/v4l2-core/v4l2-dev.c:775
 __video_register_device()
Message-ID: <20130626001943.GC7188@localhost>
MIME-Version: 1.0
Content-Type: multipart/mixed; boundary="i0/AhcQY5QxfSsSZ"
Content-Disposition: inline
In-Reply-To: <20130622045059.GA21294@localhost>
Sender: linux-media-owner@vger.kernel.org
List-ID: <linux-media.vger.kernel.org>


--i0/AhcQY5QxfSsSZ
Content-Type: text/plain; charset=us-ascii
Content-Disposition: inline

Greetings,

Here is another warning whose first bad commit is

commit 1c1d86a1ea07506c070cfb217a009d53990bdeb0
Author: Hans Verkuil <hans.verkuil@cisco.com>
Date:   Wed Jun 12 11:15:12 2013 -0300

    [media] v4l2: always require v4l2_dev, rename parent to dev_parent
    
[    9.492988] b2c2-flexcop: B2C2 FlexcopII/II(b)/III digital TV receiver chip loaded successfully
[    9.494772] ------------[ cut here ]------------
[    9.500661] WARNING: at /c/kernel-tests/src/linux/drivers/media/v4l2-core/v4l2-dev.c:775 __video_register_device+0x6a3/0x10d0()
[    9.502258] CPU: 0 PID: 1 Comm: swapper Not tainted 3.10.0-rc7-00925-g4c5c6fc #6                                               
[    9.503283] Hardware name: Bochs Bochs, BIOS Bochs 01/01/2011                   
[    9.504080]  00000000 4d485dc0 4333ff21 4d485de8 410772f7 43d6e3a5 43ee59d4 00000307
[    9.505368]  42a98273
[    9.510546] usb 1-1: New USB device found, idVendor=0525, idProduct=a4a2
[    9.511662] usb 1-1: New USB device strings: Mfr=1, Product=2, SerialNumber=0
[    9.512829] usb 1-1: Product: RNDIS/Ethernet Gadget
[    9.513653] usb 1-1: Manufacturer: Linux 3.10.0-rc7-00925-g4c5c6fc with dummy_udc
 42a98273 461ffba8 00000001 00000000 4d485df8 4107749e 00000009
[    9.523915]  00000000 4d485e30 42a98273 43e25cca 4d485e1c 000002b8 461ffba8 42a9785a
[    9.525292] Call Trace:
[    9.530458] g_ether gadget: high-speed config #1: CDC Ethernet (EEM)
[    9.531539] g_ether gadget: init eem
[    9.532137] g_ether gadget: activate eem
[    9.532785] dummy_udc dummy_udc.0: enabled ep1in-bulk (ep1in-bulk) maxpacket 512 stream disabled
[    9.540286] dummy_udc dummy_udc.0: enabled ep2out-bulk (ep2out-bulk) maxpacket 512 stream disabled
[    9.540341] usb0: qlen 10
[    9.544395]  [<4333ff21>] dump_stack+0x32/0x42
[    9.545097]  [<410772f7>] warn_slowpath_common+0xb7/0x100
[    9.551112]  [<42a98273>] ? __video_register_device+0x6a3/0x10d0
[    9.551979]  [<42a98273>] ? __video_register_device+0x6a3/0x10d0
[    9.552834]  [<4107749e>] warn_slowpath_null+0x3e/0x50
[    9.553571]  [<42a98273>] __video_register_device+0x6a3/0x10d0
[    9.554440]  [<42a9785a>] ? video_device_alloc+0x2a/0x40
[    9.555309]  [<42b35117>] m2mtest_probe+0x197/0x430     
[    9.566300] g_ether gadget: reset eem
[    9.566832] usb0: gether_disconnect
[    9.567350] dummy_udc dummy_udc.0: disabled ep1in-bulk
[    9.568222] dummy_udc dummy_udc.0: disabled ep2out-bulk
[    9.569090] g_ether gadget: init eem
[    9.569614] g_ether gadget: activate eem
[    9.570204] dummy_udc dummy_udc.0: enabled ep1in-bulk (ep1in-bulk) maxpacket 512 stream disabled
[    9.571421] dummy_udc dummy_udc.0: enabled ep2out-bulk (ep2out-bulk) maxpacket 512 stream disabled
[    9.572739] usb0: qlen 10
[    9.584457]  [<41389d10>] ? sysfs_do_create_link+0xa0/0xd0
[    9.585389]  [<420a549f>] platform_drv_probe+0x4f/0x150
[    9.586270]  [<420a1d12>] driver_probe_device+0x252/0x5b0
[    9.587034]  [<43395018>] ? mutex_lock_nested+0x68/0x80
[    9.587796]  [<420a21df>] __driver_attach+0x16f/0x1c0
[    9.588544]  [<420a2070>] ? driver_probe_device+0x5b0/0x5b0
[    9.589366]  [<4209d7a4>] bus_for_each_dev+0xe4/0x170
[    9.590098]  [<420a142c>] driver_attach+0x2c/0x40
[    9.597969] cdc_eem 1-1:1.0 usb1: register 'cdc_eem' at usb-dummy_hcd.0-1, CDC EEM Device, d6:43:d6:1b:83:b8
[    9.599758]  [<420a2070>] ? driver_probe_device+0x5b0/0x5b0
[    9.606283]  [<4209f028>] bus_add_driver+0x3f8/0x660
[    9.607097]  [<420a3575>] driver_register+0x125/0x490
[    9.607921]  [<420a6bc0>] platform_driver_register+0xc0/0xd0
[    9.608848]  [<44928d39>] m2mtest_init+0x5f/0xb5
[    9.609607]  [<44928cda>] ? smsdvb_module_init+0xbd/0xbd
[    9.616088]  [<44882a93>] do_one_initcall+0x10a/0x2ce
[    9.616852]  [<44882e9a>] kernel_init_freeable+0x243/0x40a
[    9.617641]  [<448817f3>] ? do_early_param+0x16f/0x16f
[    9.618423]  [<432e5d7e>] kernel_init+0x1e/0x320
[    9.619911]  [<4339edd7>] ret_from_kernel_thread+0x1b/0x28
[    9.620941]  [<432e5d60>] ? rest_init+0x330/0x330
[    9.621791] ---[ end trace 9d702e176aa13169 ]---
[    9.622462] m2m-testdev m2m-testdev.0: Failed to register video device
[    9.623453] m2m-testdev: probe of m2m-testdev.0 failed with error -22

git bisect start 4c5c6fc11ee30ddf47c3772f3b1ec3f76f0e2437 9e895ace5d82df8929b16f58e9f515f6d54ab82d --
git bisect good 0a804654af62dfea4899c66561d74d72273b2921  # 21:13     30+  Bluetooth: Remove unneeded flag
git bisect good 7dd8fbbe50c01ead78483bc42f744d115afec96b  # 21:21     30+  [media] adv7183: fix querystd
git bisect  bad ee17608d6aa04a86e253a9130d6c6d00892f132b  # 21:32      0-  [media] imx074: support asynchronous probing
git bisect good 9592bd0a9e74c344f674663137e5ccff7a39f7d0  # 21:39     30+  [media] zoran: use v4l2_dev instead of the deprecated parent field
git bisect  bad 98505ff9f2fa1a1b33d90d39ab76a54a3b189ee2  # 21:46      0-  [media] soc-camera: remove two unused configs
git bisect  bad 410ca6053e3c216b8ca0b05f45d6cd76b334a459  # 21:51      0-  [media] media: davinci: vpif_capture: move the freeing of irq and global variables to remove()
git bisect  bad 1c1d86a1ea07506c070cfb217a009d53990bdeb0  # 21:56      0-  [media] v4l2: always require v4l2_dev, rename parent to dev_parent
git bisect good a28fbd04facbffe9374f25c3a19c54ce4f186361  # 22:05     30+  [media] pvrusb2: use v4l2_dev instead of the deprecated parent field
git bisect good 7a86969bd65eb7f19ea1c281c686a75429be950a  # 22:13     30+  [media] omap24xxcam: add v4l2_device and replace parent with v4l2_dev
git bisect good d481c581dfe43be11a17728b5c84c2d4b5beecb2  # 22:19     30+  [media] saa7134: use v4l2_dev instead of the deprecated parent field
git bisect good d481c581dfe43be11a17728b5c84c2d4b5beecb2  # 22:26     90+  [media] saa7134: use v4l2_dev instead of the deprecated parent field
git bisect  bad 4c5c6fc11ee30ddf47c3772f3b1ec3f76f0e2437  # 22:26      0-  Merge remote-tracking branch 'regulator/for-next' into devel-xian-i386-201306251905
git bisect good f97f7d2d27bf092b40babda9ded29cc85cf77eec  # 23:11     90+  Merge tag 'spi-v3.10-rc7' of git://git.kernel.org/pub/scm/linux/kernel/git/broonie/spi
git bisect good c0a4b933aa6fb8bdc21cb854633ea07779cda2b1  # 02:06     90+  Add linux-next specific files for 20130625

Thanks,
Fengguang

--i0/AhcQY5QxfSsSZ
Content-Type: text/plain; charset=us-ascii
Content-Disposition: attachment; filename=dmesg-kvm-cairo-17017-20130625202336--
Content-Transfer-Encoding: quoted-printable

[    0.000000] Linux version 3.10.0-rc7-00925-g4c5c6fc (kbuild@xian) (gcc v=
ersion 4.8.1 (Debian 4.8.1-3) ) #6 PREEMPT Tue Jun 25 20:21:07 CST 2013
[    0.000000] KERNEL supported cpus:
[    0.000000]   NSC Geode by NSC
[    0.000000]   Cyrix CyrixInstead
[    0.000000]   Centaur CentaurHauls
[    0.000000]   Transmeta GenuineTMx86
[    0.000000]   Transmeta TransmetaCPU
[    0.000000]   UMC UMC UMC UMC
[    0.000000] CPU: vendor_id 'GenuineIntel' unknown, using generic init.
[    0.000000] CPU: Your system may be unstable.
[    0.000000] e820: BIOS-provided physical RAM map:
[    0.000000] BIOS-e820: [mem 0x0000000000000000-0x000000000009fbff] usable
[    0.000000] BIOS-e820: [mem 0x000000000009fc00-0x000000000009ffff] reser=
ved
[    0.000000] BIOS-e820: [mem 0x00000000000f0000-0x00000000000fffff] reser=
ved
[    0.000000] BIOS-e820: [mem 0x0000000000100000-0x000000000fffdfff] usable
[    0.000000] BIOS-e820: [mem 0x000000000fffe000-0x000000000fffffff] reser=
ved
[    0.000000] BIOS-e820: [mem 0x00000000feffc000-0x00000000feffffff] reser=
ved
[    0.000000] BIOS-e820: [mem 0x00000000fffc0000-0x00000000ffffffff] reser=
ved
[    0.000000] debug: ignoring loglevel setting.
[    0.000000] Notice: NX (Execute Disable) protection cannot be enabled: n=
on-PAE kernel!
[    0.000000] SMBIOS 2.4 present.
[    0.000000] DMI: Bochs Bochs, BIOS Bochs 01/01/2011
[    0.000000] Hypervisor detected: KVM
[    0.000000] e820: update [mem 0x00000000-0x00000fff] usable =3D=3D> rese=
rved
[    0.000000] e820: remove [mem 0x000a0000-0x000fffff] usable
[    0.000000] e820: last_pfn =3D 0xfffe max_arch_pfn =3D 0x100000
[    0.000000] MTRR default type: write-back
[    0.000000] MTRR fixed ranges enabled:
[    0.000000]   00000-9FFFF write-back
[    0.000000]   A0000-BFFFF uncachable
[    0.000000]   C0000-FFFFF write-protect
[    0.000000] MTRR variable ranges enabled:
[    0.000000]   0 base 0080000000 mask FF80000000 uncachable
[    0.000000]   1 disabled
[    0.000000]   2 disabled
[    0.000000]   3 disabled
[    0.000000]   4 disabled
[    0.000000]   5 disabled
[    0.000000]   6 disabled
[    0.000000]   7 disabled
[    0.000000] x86 PAT enabled: cpu 0, old 0x70406, new 0x7010600070106
[    0.000000] initial memory mapped: [mem 0x00000000-0x05ffffff]
[    0.000000] Base memory trampoline at [4009b000] 9b000 size 16384
[    0.000000] init_memory_mapping: [mem 0x00000000-0x000fffff]
[    0.000000]  [mem 0x00000000-0x000fffff] page 4k
[    0.000000] init_memory_mapping: [mem 0x0e000000-0x0e3fffff]
[    0.000000]  [mem 0x0e000000-0x0e3fffff] page 4k
[    0.000000] BRK [0x0593e000, 0x0593efff] PGTABLE
[    0.000000] init_memory_mapping: [mem 0x08000000-0x0dffffff]
[    0.000000]  [mem 0x08000000-0x0dffffff] page 4k
[    0.000000] BRK [0x0593f000, 0x0593ffff] PGTABLE
[    0.000000] BRK [0x05940000, 0x05940fff] PGTABLE
[    0.000000] BRK [0x05941000, 0x05941fff] PGTABLE
[    0.000000] BRK [0x05942000, 0x05942fff] PGTABLE
[    0.000000] init_memory_mapping: [mem 0x00100000-0x07ffffff]
[    0.000000]  [mem 0x00100000-0x07ffffff] page 4k
[    0.000000] init_memory_mapping: [mem 0x0e400000-0x0fffdfff]
[    0.000000]  [mem 0x0e400000-0x0fffdfff] page 4k
[    0.000000] log_buf_len: 8388608
[    0.000000] early log buf free: 127876(97%)
[    0.000000] RAMDISK: [mem 0x0e73f000-0x0ffeffff]
[    0.000000] ACPI: RSDP 000fd920 00014 (v00 BOCHS )
[    0.000000] ACPI: RSDT 0fffe450 00034 (v01 BOCHS  BXPCRSDT 00000001 BXPC=
 00000001)
[    0.000000] ACPI: FACP 0fffff80 00074 (v01 BOCHS  BXPCFACP 00000001 BXPC=
 00000001)
[    0.000000] ACPI: DSDT 0fffe490 011A9 (v01   BXPC   BXDSDT 00000001 INTL=
 20100528)
[    0.000000] ACPI: FACS 0fffff40 00040
[    0.000000] ACPI: SSDT 0ffff7a0 00796 (v01 BOCHS  BXPCSSDT 00000001 BXPC=
 00000001)
[    0.000000] ACPI: APIC 0ffff680 00080 (v01 BOCHS  BXPCAPIC 00000001 BXPC=
 00000001)
[    0.000000] ACPI: HPET 0ffff640 00038 (v01 BOCHS  BXPCHPET 00000001 BXPC=
 00000001)
[    0.000000] 0MB HIGHMEM available.
[    0.000000] 255MB LOWMEM available.
[    0.000000]   mapped low ram: 0 - 0fffe000
[    0.000000]   low ram: 0 - 0fffe000
[    0.000000] kvm-clock: Using msrs 4b564d01 and 4b564d00
[    0.000000] kvm-clock: cpu 0, msr 0:fffd001, boot clock
[    0.000000] Zone ranges:
[    0.000000]   DMA      [mem 0x00001000-0x00ffffff]
[    0.000000]   Normal   [mem 0x01000000-0x0fffdfff]
[    0.000000]   HighMem  empty
[    0.000000] Movable zone start for each node
[    0.000000] Early memory node ranges
[    0.000000]   node   0: [mem 0x00001000-0x0009efff]
[    0.000000]   node   0: [mem 0x00100000-0x0fffdfff]
[    0.000000] On node 0 totalpages: 65436
[    0.000000] free_area_init_node: node 0, pgdat 443fb140, node_mem_map 4e=
4ff024
[    0.000000]   DMA zone: 36 pages used for memmap
[    0.000000]   DMA zone: 0 pages reserved
[    0.000000]   DMA zone: 3998 pages, LIFO batch:0
[    0.000000]   Normal zone: 540 pages used for memmap
[    0.000000]   Normal zone: 61438 pages, LIFO batch:15
[    0.000000] ACPI: PM-Timer IO Port: 0xb008
[    0.000000] ACPI: HPET id: 0x8086a201 base: 0xfed00000
[    0.000000] KVM setup async PF for cpu 0
[    0.000000] kvm-stealtime: cpu 0, msr 3f77f80
[    0.000000] e820: [mem 0x10000000-0xfeffbfff] available for PCI devices
[    0.000000] Booting paravirtualized kernel on KVM
[    0.000000] pcpu-alloc: s0 r0 d32768 u32768 alloc=3D1*32768
[    0.000000] pcpu-alloc: [0] 0=20
[    0.000000] Built 1 zonelists in Zone order, mobility grouping on.  Tota=
l pages: 64860
[    0.000000] Kernel command line: hung_task_panic=3D1 rcutree.rcu_cpu_sta=
ll_timeout=3D100 log_buf_len=3D8M ignore_loglevel debug sched_debug apic=3D=
debug dynamic_printk sysrq_always_enabled panic=3D10  prompt_ramdisk=3D0 co=
nsole=3DttyS0,115200 console=3Dtty0 vga=3Dnormal  root=3D/dev/ram0 rw link=
=3D/kernel-tests/run-queue/kvm/i386-randconfig-x15-0625/devel-xian-i386-201=
306251905/.vmlinuz-4c5c6fc11ee30ddf47c3772f3b1ec3f76f0e2437-20130625202206-=
4-cairo branch=3Dlinux-devel/devel-xian-i386-201306251905  BOOT_IMAGE=3D/ke=
rnel/i386-randconfig-x15-0625/4c5c6fc11ee30ddf47c3772f3b1ec3f76f0e2437/vmli=
nuz-3.10.0-rc7-00925-g4c5c6fc
[    0.000000] PID hash table entries: 1024 (order: 0, 4096 bytes)
[    0.000000] Dentry cache hash table entries: 32768 (order: 5, 131072 byt=
es)
[    0.000000] Inode-cache hash table entries: 16384 (order: 4, 65536 bytes)
[    0.000000] Initializing CPU#0
[    0.000000] Initializing HighMem for node 0 (00000000:00000000)
[    0.000000] Memory: 150472k/262136k available (36479k kernel code, 11127=
2k reserved, 21366k data, 1508k init, 0k highmem)
[    0.000000] virtual kernel memory layout:
[    0.000000]     fixmap  : 0xfffe0000 - 0xfffff000   ( 124 kB)
[    0.000000]     pkmap   : 0xff800000 - 0xffc00000   (4096 kB)
[    0.000000]     vmalloc : 0x507fe000 - 0xff7fe000   (2800 MB)
[    0.000000]     lowmem  : 0x40000000 - 0x4fffe000   ( 255 MB)
[    0.000000]       .init : 0x44881000 - 0x449fa000   (1508 kB)
[    0.000000]       .data : 0x4339ff99 - 0x4487d7e0   (21366 kB)
[    0.000000]       .text : 0x41000000 - 0x4339ff99   (36479 kB)
[    0.000000] Checking if this processor honours the WP bit even in superv=
isor mode...Ok.
[    0.000000] NR_IRQS:16 nr_irqs:16 16
[    0.000000] CPU 0 irqstacks, hard=3D4d402000 soft=3D4d404000
[    0.000000] console [ttyS0] enabled
[    0.000000] Lock dependency validator: Copyright (c) 2006 Red Hat, Inc.,=
 Ingo Molnar
[    0.000000] ... MAX_LOCKDEP_SUBCLASSES:  8
[    0.000000] ... MAX_LOCK_DEPTH:          48
[    0.000000] ... MAX_LOCKDEP_KEYS:        8191
[    0.000000] ... CLASSHASH_SIZE:          4096
[    0.000000] ... MAX_LOCKDEP_ENTRIES:     16384
[    0.000000] ... MAX_LOCKDEP_CHAINS:      32768
[    0.000000] ... CHAINHASH_SIZE:          16384
[    0.000000]  memory used by lock dependency info: 3823 kB
[    0.000000]  per task-struct memory footprint: 1920 bytes
[    0.000000] ODEBUG: 2 of 2 active objects replaced
[    0.000000] ODEBUG: selftest passed
[    0.000000] hpet clockevent registered
[    0.000000] tsc: Detected 2893.048 MHz processor
[    0.020000] Calibrating delay loop (skipped) preset value.. 5786.09 Bogo=
MIPS (lpj=3D28930480)
[    0.020000] pid_max: default: 32768 minimum: 301
[    0.020000] Mount-cache hash table entries: 512
[    0.020000] mce: CPU supports 10 MCE banks
[    0.020000] mce: unknown CPU type - not enabling MCE support
[    0.020000] Last level iTLB entries: 4KB 0, 2MB 0, 4MB 0
[    0.020000] Last level dTLB entries: 4KB 0, 2MB 0, 4MB 0
[    0.020000] tlb_flushall_shift: -1
[    0.020024] CPU: GenuineIntel Common KVM processor (fam: 0f, model: 06, =
stepping: 01)
[    0.034782] ACPI: Core revision 20130328
[    0.066985] ACPI: All ACPI Tables successfully acquired
[    0.067805] ACPI: setting ELCR to 0200 (from 0c00)
[    0.068539] ftrace: allocating 48395 entries in 95 pages
[    0.121186] Performance Events:=20
[    0.123879] ftrace: Allocated trace_printk buffers
[    0.134411] devtmpfs: initialized
[    0.156794] NET: Registered protocol family 16
[    0.164107] ACPI: bus type PCI registered
[    0.167184] PCI: PCI BIOS revision 2.10 entry at 0xfc6d5, last bus=3D0
[    0.168283] PCI: Using configuration type 1 for base access
[    0.290958] bio: create slab <bio-0> at 0
[    0.293981] ACPI: Added _OSI(Module Device)
[    0.294565] ACPI: Added _OSI(Processor Device)
[    0.295141] ACPI: Added _OSI(3.0 _SCP Extensions)
[    0.295764] ACPI: Added _OSI(Processor Aggregator Device)
[    0.306657] ACPI: EC: Look up EC in DSDT
[    0.366007] ACPI: Interpreter enabled
[    0.366550] ACPI Exception: AE_NOT_FOUND, While evaluating Sleep State [=
\_S1_] (20130328/hwxface-568)
[    0.367785] ACPI Exception: AE_NOT_FOUND, While evaluating Sleep State [=
\_S2_] (20130328/hwxface-568)
[    0.369181] ACPI: (supports S0 S3 S5)
[    0.369661] ACPI: Using PIC for interrupt routing
[    0.370225] PCI: Using host bridge windows from ACPI; if necessary, use =
"pci=3Dnocrs" and report a bug
[    0.462580] ACPI: PCI Root Bridge [PCI0] (domain 0000 [bus 00-ff])
[    0.467811] acpi PNP0A03:00: fail to add MMCONFIG information, can't acc=
ess extended PCI configuration space under this bridge.
[    0.470317] PCI host bridge to bus 0000:00
[    0.471145] pci_bus 0000:00: root bus resource [bus 00-ff]
[    0.472017] pci_bus 0000:00: root bus resource [io  0x0000-0x0cf7]
[    0.473007] pci_bus 0000:00: root bus resource [io  0x0d00-0xffff]
[    0.473935] pci_bus 0000:00: root bus resource [mem 0x000a0000-0x000bfff=
f]
[    0.475093] pci_bus 0000:00: root bus resource [mem 0x80000000-0xfebffff=
f]
[    0.476359] pci 0000:00:00.0: [8086:1237] type 00 class 0x060000
[    0.480666] pci 0000:00:01.0: [8086:7000] type 00 class 0x060100
[    0.482888] pci 0000:00:01.1: [8086:7010] type 00 class 0x010180
[    0.488468] pci 0000:00:01.1: reg 20: [io  0xc1e0-0xc1ef]
[    0.493404] pci 0000:00:01.3: [8086:7113] type 00 class 0x068000
[    0.494858] pci 0000:00:01.3: quirk: [io  0xb000-0xb03f] claimed by PIIX=
4 ACPI
[    0.495769] pci 0000:00:01.3: quirk: [io  0xb100-0xb10f] claimed by PIIX=
4 SMB
[    0.497735] pci 0000:00:02.0: [1013:00b8] type 00 class 0x030000
[    0.501223] pci 0000:00:02.0: reg 10: [mem 0xfc000000-0xfdffffff pref]
[    0.506144] pci 0000:00:02.0: reg 14: [mem 0xfebe0000-0xfebe0fff]
[    0.530074] pci 0000:00:02.0: reg 30: [mem 0xfebc0000-0xfebcffff pref]
[    0.531960] pci 0000:00:03.0: [1af4:1000] type 00 class 0x020000
[    0.534652] pci 0000:00:03.0: reg 10: [io  0xc1c0-0xc1df]
[    0.537341] pci 0000:00:03.0: reg 14: [mem 0xfebe1000-0xfebe1fff]
[    0.549279] pci 0000:00:03.0: reg 30: [mem 0xfebd0000-0xfebdffff pref]
[    0.551580] pci 0000:00:04.0: [8086:100e] type 00 class 0x020000
[    0.554579] pci 0000:00:04.0: reg 10: [mem 0xfeb80000-0xfeb9ffff]
[    0.557363] pci 0000:00:04.0: reg 14: [io  0xc000-0xc03f]
[    0.567454] pci 0000:00:04.0: reg 30: [mem 0xfeba0000-0xfebbffff pref]
[    0.570239] pci 0000:00:05.0: [1af4:1001] type 00 class 0x010000
[    0.572824] pci 0000:00:05.0: reg 10: [io  0xc040-0xc07f]
[    0.575243] pci 0000:00:05.0: reg 14: [mem 0xfebe2000-0xfebe2fff]
[    0.585850] pci 0000:00:06.0: [1af4:1001] type 00 class 0x010000
[    0.588529] pci 0000:00:06.0: reg 10: [io  0xc080-0xc0bf]
[    0.590926] pci 0000:00:06.0: reg 14: [mem 0xfebe3000-0xfebe3fff]
[    0.615431] pci 0000:00:07.0: [1af4:1001] type 00 class 0x010000
[    0.620045] pci 0000:00:07.0: reg 10: [io  0xc0c0-0xc0ff]
[    0.623152] pci 0000:00:07.0: reg 14: [mem 0xfebe4000-0xfebe4fff]
[    0.635580] pci 0000:00:08.0: [1af4:1001] type 00 class 0x010000
[    0.638418] pci 0000:00:08.0: reg 10: [io  0xc100-0xc13f]
[    0.641782] pci 0000:00:08.0: reg 14: [mem 0xfebe5000-0xfebe5fff]
[    0.652923] pci 0000:00:09.0: [1af4:1001] type 00 class 0x010000
[    0.656830] pci 0000:00:09.0: reg 10: [io  0xc140-0xc17f]
[    0.658917] pci 0000:00:09.0: reg 14: [mem 0xfebe6000-0xfebe6fff]
[    0.668400] pci 0000:00:0a.0: [1af4:1001] type 00 class 0x010000
[    0.671725] pci 0000:00:0a.0: reg 10: [io  0xc180-0xc1bf]
[    0.674053] pci 0000:00:0a.0: reg 14: [mem 0xfebe7000-0xfebe7fff]
[    0.707303] pci 0000:00:0b.0: [8086:25ab] type 00 class 0x088000
[    0.709362] pci 0000:00:0b.0: reg 10: [mem 0xfebe8000-0xfebe800f]
[    0.717319] pci_bus 0000:00: on NUMA node 0
[    0.718107] acpi PNP0A03:00: Unable to request _OSC control (_OSC suppor=
t mask: 0x08)
[    0.741699] ACPI: PCI Interrupt Link [LNKA] (IRQs 5 *10 11)
[    0.755604] ACPI: PCI Interrupt Link [LNKB] (IRQs 5 *10 11)
[    0.762995] ACPI: PCI Interrupt Link [LNKC] (IRQs 5 10 *11)
[    0.771201] ACPI: PCI Interrupt Link [LNKD] (IRQs 5 10 *11)
[    0.773540] ACPI: PCI Interrupt Link [LNKS] (IRQs *9)
[    0.777583] ACPI: Enabled 16 GPEs in block 00 to 0F
[    0.778572] acpi root: \_SB_.PCI0 notify handler is installed
[    0.780658] Found 1 acpi root devices
[    0.782753] Error: Driver '88PM80X' is already registered, aborting...
[    0.787792] tps65010: version 2 May 2005
[    0.820289] tps65010: no chip?
[    0.822850] ACPI: bus type USB registered
[    0.823589] usbcore: registered new interface driver usbfs
[    0.829584] usbcore: registered new interface driver hub
[    0.830988] usbcore: registered new device driver usb
[    0.832490] media: Linux media interface: v0.10
[    0.834257] Linux video capture interface: v2.00
[    0.840541] pps_core: LinuxPPS API ver. 1 registered
[    0.841511] pps_core: Software ver. 5.3.6 - Copyright 2005-2007 Rodolfo =
Giometti <giometti@linux.it>
[    0.843518] EDAC MC: Ver: 3.0.0
[    0.846384] PCI: Using ACPI for IRQ routing
[    0.846981] PCI: pci_cache_line_size set to 64 bytes
[    0.848112] e820: reserve RAM buffer [mem 0x0009fc00-0x0009ffff]
[    0.850112] e820: reserve RAM buffer [mem 0x0fffe000-0x0fffffff]
[    0.853002] Bluetooth: Core ver 2.16
[    0.853574] NET: Registered protocol family 31
[    0.854162] Bluetooth: HCI device and connection manager initialized
[    0.855040] Bluetooth: HCI socket layer initialized
[    0.855677] Bluetooth: L2CAP socket layer initialized
[    0.856483] Bluetooth: SCO socket layer initialized
[    0.859247] nfc: nfc_init: NFC Core ver 0.1
[    0.860301] NET: Registered protocol family 39
[    0.862803] Switching to clocksource kvm-clock
[    0.870000] cfg80211: Calling CRDA to update world regulatory domain
[    0.870220] Warning: could not register all branches stats
[    0.870990] Warning: could not register annotated branches stats
[    1.360757] pnp: PnP ACPI init
[    1.361187] ACPI: bus type PNP registered
[    1.362001] pnp 00:00: Plug and Play ACPI device, IDs PNP0b00 (active)
[    1.363303] pnp 00:01: Plug and Play ACPI device, IDs PNP0303 (active)
[    1.364379] pnp 00:02: Plug and Play ACPI device, IDs PNP0f13 (active)
[    1.365328] pnp 00:03: [dma 2]
[    1.365857] pnp 00:03: Plug and Play ACPI device, IDs PNP0700 (active)
[    1.366900] pnp 00:04: Plug and Play ACPI device, IDs PNP0400 (active)
[    1.368151] pnp 00:05: Plug and Play ACPI device, IDs PNP0501 (active)
[    1.370947] pnp 00:06: Plug and Play ACPI device, IDs PNP0103 (active)
[    1.372751] pnp: PnP ACPI: found 7 devices
[    1.373175] ACPI: bus type PNP unregistered
[    1.412260] pci_bus 0000:00: resource 4 [io  0x0000-0x0cf7]
[    1.413006] pci_bus 0000:00: resource 5 [io  0x0d00-0xffff]
[    1.413835] pci_bus 0000:00: resource 6 [mem 0x000a0000-0x000bffff]
[    1.414724] pci_bus 0000:00: resource 7 [mem 0x80000000-0xfebfffff]
[    1.415743] NET: Registered protocol family 1
[    1.416394] pci 0000:00:00.0: Limiting direct PCI/PCI transfers
[    1.417311] pci 0000:00:01.0: PIIX3: Enabling Passive Release
[    1.418110] pci 0000:00:01.0: Activating ISA DMA hang workarounds
[    1.418905] pci 0000:00:02.0: Boot video device
[    1.419751] PCI: CLS 0 bytes, default 64
[    1.421337] Unpacking initramfs...
[    5.326996] debug: unmapping init [mem 0x4e73f000-0x4ffeffff]
[    5.332815] apm: BIOS not found.
[    5.333290] microcode: no support for this CPU vendor
[    5.339304] PCLMULQDQ-NI instructions are not detected.
[    5.340115] The force parameter has not been set to 1. The Iris poweroff=
 handler will not be installed.
[    5.341565] NatSemi SCx200 Driver
[    5.343831] audit: initializing netlink socket (disabled)
[    5.344669] type=3D2000 audit(1372162984.330:1): initialized
[    5.352304] HugeTLB registered 4 MB page size, pre-allocated 0 pages
[    5.355912] VFS: Disk quotas dquot_6.5.2
[    5.356330] Dquot-cache hash table entries: 1024 (order 0, 4096 bytes)
[    5.359073] NTFS driver 2.1.30 [Flags: R/W DEBUG].
[    5.361017] fuse init (API version 7.22)
[    5.362345] SGI XFS with security attributes, no debug enabled
[    5.365124] NILFS version 2 loaded
[    5.365892] OCFS2 1.5.0
[    5.366757] ocfs2 stack glue: unable to register sysctl
[    5.367553] ocfs2: Registered cluster interface o2cb
[    5.368295] OCFS2 DLMFS 1.5.0
[    5.369150] OCFS2 User DLM kernel interface loaded
[    5.369873] OCFS2 Node Manager 1.5.0
[    5.379208] OCFS2 DLM 1.5.0
[    5.411690] NET: Registered protocol family 38
[    5.412612] Key type asymmetric registered
[    5.413759] Block layer SCSI generic (bsg) driver version 0.4 loaded (ma=
jor 251)
[    5.414682] io scheduler noop registered (default)
[    5.415458] io scheduler deadline registered
[    5.417580] io scheduler cfq registered
[    5.427891] test_string_helpers: Running tests...
[    5.429855] crc32: CRC_LE_BITS =3D 32, CRC_BE BITS =3D 32
[    5.430522] crc32: self tests passed, processed 225944 bytes in 541003 n=
sec
[    5.431977] crc32c: CRC_LE_BITS =3D 32
[    5.432437] crc32c: self tests passed, processed 225944 bytes in 397591 =
nsec
[    5.434256] xz_dec_test: module loaded
[    5.434736] xz_dec_test: Create a device node with 'mknod xz_dec_test c =
250 0' and write .xz files to it.
[    5.439416] pci_hotplug: PCI Hot Plug PCI Core version: 0.5
[    5.440112] cpcihp_zt5550: ZT5550 CompactPCI Hot Plug Driver version: 0.2
[    5.444070] cpcihp_generic: Generic port I/O CompactPCI Hot Plug Driver =
version: 0.1
[    5.444813] cpcihp_generic: not configured, disabling.
[    5.446712] cr_bllcd: INTEL CARILLO RANCH LPC not found.
[    5.447364] cr_bllcd: Carillo Ranch Backlight Driver Initialized.
[    5.450252] nvidiafb_setup START
[    5.451776] VIA Graphics Integration Chipset framebuffer 2.4 initializing
[    5.454273] vmlfb: initializing
[    5.454979] Could not find Carillo Ranch MCH device.
[    5.456178] no IO addresses supplied
[    5.457456] hgafb: HGA card not detected.
[    5.458109] hgafb: probe of hgafb.0 failed with error -22
[    5.460040] usbcore: registered new interface driver udlfb
[    5.461022] usbcore: registered new interface driver smscufx
[    5.465165] input: Power Button as /devices/LNXSYSTM:00/LNXPWRBN:00/inpu=
t/input0
[    5.466514] ACPI: Power Button [PWRF]
[    5.479660] ACPI: PCI Interrupt Link [LNKC] enabled at IRQ 11
[    5.480413] PCI: setting IRQ 11 as level-triggered
[    5.481817] virtio-pci 0000:00:03.0: setting latency timer to 64
[    5.490529] ACPI: PCI Interrupt Link [LNKA] enabled at IRQ 10
[    5.491432] PCI: setting IRQ 10 as level-triggered
[    5.493321] virtio-pci 0000:00:05.0: setting latency timer to 64
[    5.504404] ACPI: PCI Interrupt Link [LNKB] enabled at IRQ 10
[    5.506841] virtio-pci 0000:00:06.0: setting latency timer to 64
[    5.516102] virtio-pci 0000:00:07.0: setting latency timer to 64
[    5.527455] ACPI: PCI Interrupt Link [LNKD] enabled at IRQ 11
[    5.530354] virtio-pci 0000:00:08.0: setting latency timer to 64
[    5.545617] virtio-pci 0000:00:09.0: setting latency timer to 64
[    5.559184] virtio-pci 0000:00:0a.0: setting latency timer to 64
[    5.889036] Serial: 8250/16550 driver, 4 ports, IRQ sharing disabled
[    5.937439] 00:05: ttyS0 at I/O 0x3f8 (irq =3D 4) is a 16550A
[    5.958440] lp: driver loaded but no devices found
[    5.959124] Applicom driver: $Id: ac.c,v 1.30 2000/03/22 16:03:57 dwmw2 =
Exp $
[    5.960120] ac.o: No PCI boards found.
[    5.960788] ac.o: For an ISA board you must supply memory and irq parame=
ters.
[    5.961743] sonypi: Sony Programmable I/O Controller Driver v1.26.
[    5.963049] Non-volatile memory driver v1.3
[    5.966728] ppdev: user-space parallel port driver
[    5.967545] scx200_gpio: no SCx200 gpio present
[    5.968458] platform pc8736x_gpio.0: NatSemi pc8736x GPIO Driver Initial=
izing
[    5.969478] platform pc8736x_gpio.0: no device found
[    5.970369] nsc_gpio initializing
[    5.971233] telclk_interrupt =3D 0xf non-mcpbl0010 hw.
[    5.973229] Linux agpgart interface v0.103
[    5.979465] [drm] Initialized drm 1.1.0 20060810
[    5.980690] [drm] radeon kernel modesetting enabled.
[    5.989617] [TTM] Zone  kernel: Available graphics memory: 75236 kiB
[    5.990570] [TTM] Initializing pool allocator
[    5.999129] [drm] fb mappable at 0x0
[    5.999697] [drm] vram aper at 0x0
[    6.000189] [drm] size 0
[    6.000583] [drm] fb depth is 24
[    6.001025] [drm]    pitch is 3840
[    6.001568] cirrusdrmfb: enable CONFIG_FB_LITTLE_ENDIAN to support this =
framebuffer
[    6.002705] [drm] Initialized cirrus 1.0.0 20110418 for 0000:00:02.0 on =
minor 0
[    6.005017] usbcore: registered new interface driver udl
[    6.007083] ibmasm: IBM ASM Service Processor Driver version 1.0 loaded
[    6.008475] dummy-irq: no IRQ given.  Use irq=3DN
[    6.010248] lkdtm: No crash points registered, enable through debugfs
[    6.011577] Phantom Linux Driver, version n0.9.8, init OK
[    6.013882] Silicon Labs C2 port support v. 0.51.0 - (C) 2007 Rodolfo Gi=
ometti
[    6.015945] c2port c2port0: C2 port uc added
[    6.016617] c2port c2port0: uc flash has 30 blocks x 512 bytes (15360 by=
tes total)
[    6.025131] usbcore: registered new interface driver viperboard
[    6.026091] Uniform Multi-Platform E-IDE driver
[    6.027200] piix 0000:00:01.1: IDE controller (0x8086:0x7010 rev 0x00)
[    6.028460] piix 0000:00:01.1: not 100% native mode: will probe irqs lat=
er
[    6.033791] pci 0000:00:01.1: setting latency timer to 64
[    6.035225]     ide0: BM-DMA at 0xc1e0-0xc1e7
[    6.036137]     ide1: BM-DMA at 0xc1e8-0xc1ef
[    6.036770] Probing IDE interface ide0...
[    6.386003] tsc: Refined TSC clocksource calibration: 2893.022 MHz
[    6.646227] Probing IDE interface ide1...
[    7.445790] hdc: QEMU DVD-ROM, ATAPI CD/DVD-ROM drive
[    8.230880] hdc: host max PIO4 wanted PIO255(auto-tune) selected PIO0
[    8.232073] hdc: MWDMA2 mode selected
[    8.232948] ide0 at 0x1f0-0x1f7,0x3f6 on irq 14
[    8.233754] ide1 at 0x170-0x177,0x376 on irq 15
[    8.258739] ide-gd driver 1.18
[    8.263875] SSFDC read-only Flash Translation layer
[    8.265731] mtdoops: mtd device (mtddev=3Dname/number) must be supplied
[    8.267020] Could not find PAR responsible for SC520CDP Flash Bank #1
[    8.267981] Trying default address 0x8c00000
[    8.268629] SC520 CDP flash device: 0x800000 at 0x8800000
[    8.270666] Failed to ioremap_nocache
[    8.271282] NetSc520 flash device: 0x100000 at 0x200000
[    8.272078] Failed to ioremap_nocache
[    8.373317] spi_ks8995: Micrel KS8995 Ethernet switch SPI driver version=
 0.1.1
[    8.375018] tun: Universal TUN/TAP device driver, 1.6
[    8.390551] tun: (C) 1999-2004 Max Krasnyansky <maxk@qualcomm.com>
[    8.399343] arcnet loaded.
[    8.399791] arcnet: RFC1201 "standard" (`a') encapsulation support loade=
d.
[    8.400841] arcnet: raw mode (`r') encapsulation support loaded.
[    8.401768] arcnet: cap mode (`c') encapsulation support loaded.
[    8.402721] arcnet: COM90xx chipset support
[    8.732112] S3: No ARCnet cards found.
[    8.732915] arcnet: COM90xx IO-mapped mode support (by David Woodhouse e=
t el.)
[    8.734173] E-mail me if you actually test this driver, please!
[    8.735199]  arc%d: No autoprobe for IO mapped cards; you must specify t=
he base address!
[    8.737853] arcnet: COM20020 PCI support
[    8.739596] ipw2100: Intel(R) PRO/Wireless 2100 Network Driver, git-1.2.2
[    8.740999] ipw2100: Copyright(c) 2003-2006 Intel Corporation
[    8.742073] libipw: 802.11 data/management/control stack, git-1.1.13
[    8.743000] libipw: Copyright (C) 2004-2005 Intel Corporation <jketreno@=
linux.intel.com>
[    8.744205] orinoco 0.15 (David Gibson <hermes@gibson.dropbear.id.au>, P=
avel Roskin <proski@gnu.org>, et al)
[    8.746765] orinoco_pci 0.15 (Pavel Roskin <proski@gnu.org>, David Gibso=
n <hermes@gibson.dropbear.id.au> & Jean Tourrilhes <jt@hpl.hp.com>)
[    8.749547] orinoco_tmd 0.15 (Joerg Dorchain <joerg@dorchain.net>)
[    8.750493] orinoco_nortel 0.15 (Tobias Hoffmann & Christoph Jungegger <=
disdos@traum404.de>)
[    8.751857] usbcore: registered new interface driver orinoco_usb
[    8.752639] airo(): Probing for PCI adapters
[    8.753334] airo(): Finished probing for PCI adapters
[    8.754900] Atmel at76x USB Wireless LAN Driver 0.17 loading
[    8.755889] usbcore: registered new interface driver at76c50x-usb
[    8.756764] Loaded prism54 driver, version 1.2
[    8.758555] Broadcom 43xx driver loaded [ Features: PMNLS ]
[    8.759500] usbcore: registered new interface driver rtl8187
[    8.761537] usbcore: registered new interface driver rndis_wlan
[    8.762796] iwl3945: Intel(R) PRO/Wireless 3945ABG/BG Network Connection=
 driver for Linux, in-tree:s
[    8.764032] iwl3945: Copyright(c) 2003-2011 Intel Corporation
[    8.766563] usbcore: registered new interface driver rt73usb
[    8.767787] usbcore: registered new interface driver carl9170
[    8.768669] usbcore: registered new interface driver ath6kl_usb
[    8.769964] usbcore: registered new interface driver usb8797
[    8.771540] usbcore: registered new interface driver brcmfmac
[    8.772509] usbcore: registered new interface driver i2400m_usb
[    8.773459] usbcore: registered new interface driver kaweth
[    8.774348] usbcore: registered new interface driver rtl8150
[    8.775226] usbcore: registered new interface driver r8152
[    8.777005] usbcore: registered new interface driver asix
[    8.778046] usbcore: registered new interface driver ax88179_178a
[    8.779071] usbcore: registered new interface driver cdc_ether
[    8.779993] usbcore: registered new interface driver cdc_eem
[    8.780920] usbcore: registered new interface driver smsc95xx
[    8.781836] usbcore: registered new interface driver gl620a
[    8.783620] usbcore: registered new interface driver net1080
[    8.784528] usbcore: registered new interface driver plusb
[    8.785447] usbcore: registered new interface driver rndis_host
[    8.786748] usbcore: registered new interface driver cdc_subset
[    8.787691] usbcore: registered new interface driver zaurus
[    8.788552] usbcore: registered new interface driver MOSCHIP usb-etherne=
t driver
[    8.790390] usbcore: registered new interface driver int51x1
[    8.791299] usbcore: registered new interface driver cdc_phonet
[    8.792245] usbcore: registered new interface driver kalmia
[    8.793185] usbcore: registered new interface driver ipheth
[    8.794071] usbcore: registered new interface driver cdc_ncm
[    8.794977] usbcore: registered new interface driver qmi_wwan
[    8.796887] Generic UIO driver for PCI 2.3 devices version: 0.01.0
[    8.799614] ehci_hcd: USB 2.0 'Enhanced' Host Controller (EHCI) Driver
[    8.800572] ehci-pci: EHCI PCI platform driver
[    8.801421] ehci-platform: EHCI generic platform driver
[    8.802493] ohci_hcd: USB 1.1 'Open' Host Controller (OHCI) Driver
[    8.804373] uhci_hcd: USB Universal Host Controller Interface driver
[    8.806297] driver u132_hcd
[    8.808423] usbcore: registered new interface driver wusb-cbaf
[    8.809319] usbcore: registered new interface driver usblp
[    8.810179] usbcore: registered new interface driver cdc_wdm
[    8.811034] usbcore: registered new interface driver usbtmc
[    8.812593] usbcore: registered new interface driver appledisplay
[    8.813536] usbcore: registered new interface driver cypress_cy7c63
[    8.814491] usbcore: registered new interface driver emi26 - firmware lo=
ader
[    8.815553] usbcore: registered new interface driver emi62 - firmware lo=
ader
[    8.816884] driver ftdi-elan
[    8.818669] usbcore: registered new interface driver ftdi-elan
[    8.819565] usbcore: registered new interface driver idmouse
[    8.820543] usbcore: registered new interface driver isight_firmware
[    8.821561] usbcore: registered new interface driver usbled
[    8.822565] usbcore: registered new interface driver legousbtower
[    8.823541] usbcore: registered new interface driver trancevibrator
[    8.824713] usbcore: registered new interface driver uss720
[    8.825480] uss720: v0.6:USB Parport Cable driver for Cables using the L=
ucent Technologies USS720 Chip
[    8.826958] uss720: NOTE: this is a special purpose driver to allow nons=
tandard
[    8.827957] uss720: protocols (eg. bitbang) over USS720 usb to parallel =
cables
[    8.828929] uss720: If you just want to connect to a printer, use usblp =
instead
[    8.830005] usbcore: registered new interface driver usbsevseg
[    8.831324] usbcore: registered new interface driver yurex
[    8.832177] usbcore: registered new interface driver sisusb
[    8.834673] dummy_hcd dummy_hcd.0: USB Host+Gadget Emulator, driver 02 M=
ay 2005
[    8.837121] dummy_hcd dummy_hcd.0: Dummy host controller
[    8.838435] dummy_hcd dummy_hcd.0: new USB bus registered, assigned bus =
number 1
[    8.842134] usb usb1: New USB device found, idVendor=3D1d6b, idProduct=
=3D0002
[    8.843064] usb usb1: New USB device strings: Mfr=3D3, Product=3D2, Seri=
alNumber=3D1
[    8.844038] usb usb1: Product: Dummy host controller
[    8.844718] usb usb1: Manufacturer: Linux 3.10.0-rc7-00925-g4c5c6fc dumm=
y_hcd
[    8.848580] usb usb1: SerialNumber: dummy_hcd.0
[    8.854314] hub 1-0:1.0: USB hub found
[    8.855122] hub 1-0:1.0: 1 port detected
[    8.861680] udc dummy_udc.0: registering UDC driver [g_ether]
[    8.862717] g_ether gadget: using random self ethernet address
[    8.863507] g_ether gadget: using random host ethernet address
[    8.866025] usb0: MAC b2:29:e4:f3:c1:d8
[    8.866556] usb0: HOST MAC e2:90:c4:b4:dc:09
[    8.867188] g_ether gadget: adding config #2 'RNDIS'/442ce180
[    8.867945] g_ether gadget: adding 'rndis'/461ddda8 to config 'RNDIS'/44=
2ce180
[    8.869188] rndis_register: configNr =3D 0
[    8.869716] rndis_set_param_medium: 0 0
[    8.870251] g_ether gadget: RNDIS: super speed IN/ep1in-bulk OUT/ep2out-=
bulk NOTIFY/ep5in-int
[    8.871355] g_ether gadget: cfg 2/442ce180 speeds: super high full
[    8.872166] g_ether gadget:   interface 0 =3D rndis/461ddda8
[    8.872876] g_ether gadget:   interface 1 =3D rndis/461ddda8
[    8.873597] g_ether gadget: adding config #1 'CDC Ethernet (EEM)'/442ce1=
00
[    8.874662] g_ether gadget: adding 'cdc_eem'/461de0a0 to config 'CDC Eth=
ernet (EEM)'/442ce100
[    8.876331] g_ether gadget: CDC Ethernet (EEM): super speed IN/ep1in-bul=
k OUT/ep2out-bulk
[    8.877439] g_ether gadget: cfg 1/442ce100 speeds: super high full
[    8.878293] g_ether gadget:   interface 0 =3D cdc_eem/461de0a0
[    8.879218] g_ether gadget: Ethernet Gadget, version: Memorial Day 2008
[    8.880355] g_ether gadget: g_ether ready
[    8.881049] dummy_udc dummy_udc.0: binding gadget driver 'g_ether'
[    8.882098] dummy_udc dummy_udc.0: This device can perform faster if you=
 connect it to a super-speed port...
[    8.883775] dummy_hcd dummy_hcd.0: port status 0x00010101 has changes
[    8.885432] i8042: PNP: PS/2 Controller [PNP0303:KBD,PNP0f13:MOU] at 0x6=
0,0x64 irq 1,12
[    8.890074] serio: i8042 KBD port at 0x60,0x64 irq 1
[    8.892730] serio: i8042 AUX port at 0x60,0x64 irq 12
[    8.893986] parkbd: no such parport
[    8.960606] dummy_hcd dummy_hcd.0: port status 0x00010101 has changes
[    9.056201] mousedev: PS/2 mouse device common for all mice
[    9.063562] input: AT Translated Set 2 keyboard as /devices/platform/i80=
42/serio0/input/input1
[    9.065600] usbcore: registered new interface driver usb_acecad
[    9.066804] usbcore: registered new interface driver gtco
[    9.068452] usbcore: registered new interface driver hanwang
[    9.069812] usbcore: registered new interface driver kbtab
[    9.070812] usbcore: registered new interface driver wacom
[    9.071536] I2O subsystem v1.325
[    9.071966] i2o: max drivers =3D 8
[    9.075081] I2O Configuration OSM v1.323
[    9.077416] I2O Bus Adapter OSM v1.317
[    9.078016] I2O ProcFS OSM v1.316
[    9.078718] i2c /dev entries driver
[    9.081233] piix4_smbus 0000:00:01.3: SMBus Host Controller at 0xb100, r=
evision 0
[    9.125811] g_ether gadget: resume
[    9.126441] dummy_hcd dummy_hcd.0: port status 0x00100503 has changes
[    9.185842] usb 1-1: new high-speed USB device number 2 using dummy_hcd
[    9.255841] g_ether gadget: resume
[    9.256484] dummy_hcd dummy_hcd.0: port status 0x00100503 has changes
[    9.326430] dummy_udc dummy_udc.0: set_address =3D 2
[    9.376632] usbcore: registered new interface driver i2c-diolan-u2c
[    9.377635] i2c-parport-light: adapter type unspecified
[    9.378586] usbcore: registered new interface driver i2c-tiny-usb
[    9.380236] scx200_i2c: no SCx200 gpio pins available
[    9.436372] usbcore: registered new interface driver ati_remote
[    9.438009] usbcore: registered new interface driver imon
[    9.438944] usbcore: registered new interface driver streamzap
[    9.459911] Registered IR keymap rc-empty
[    9.462823] input: rc-core loopback device as /devices/virtual/rc/rc0/in=
put2
[    9.464518] rc0: rc-core loopback device as /devices/virtual/rc/rc0
[    9.466975] usbcore: registered new interface driver iguanair
[    9.492181] usbcore: registered new interface driver ttusbir
[    9.492988] b2c2-flexcop: B2C2 FlexcopII/II(b)/III digital TV receiver c=
hip loaded successfully
[    9.494772] ------------[ cut here ]------------
[    9.500661] WARNING: at /c/kernel-tests/src/linux/drivers/media/v4l2-cor=
e/v4l2-dev.c:775 __video_register_device+0x6a3/0x10d0()
[    9.502258] CPU: 0 PID: 1 Comm: swapper Not tainted 3.10.0-rc7-00925-g4c=
5c6fc #6
[    9.503283] Hardware name: Bochs Bochs, BIOS Bochs 01/01/2011
[    9.504080]  00000000 4d485dc0 4333ff21 4d485de8 410772f7 43d6e3a5 43ee5=
9d4 00000307
[    9.505368]  42a98273
[    9.510546] usb 1-1: New USB device found, idVendor=3D0525, idProduct=3D=
a4a2
[    9.511662] usb 1-1: New USB device strings: Mfr=3D1, Product=3D2, Seria=
lNumber=3D0
[    9.512829] usb 1-1: Product: RNDIS/Ethernet Gadget
[    9.513653] usb 1-1: Manufacturer: Linux 3.10.0-rc7-00925-g4c5c6fc with =
dummy_udc
 42a98273 461ffba8 00000001 00000000 4d485df8 4107749e 00000009
[    9.523915]  00000000 4d485e30 42a98273 43e25cca 4d485e1c 000002b8 461ff=
ba8 42a9785a
[    9.525292] Call Trace:
[    9.530458] g_ether gadget: high-speed config #1: CDC Ethernet (EEM)
[    9.531539] g_ether gadget: init eem
[    9.532137] g_ether gadget: activate eem
[    9.532785] dummy_udc dummy_udc.0: enabled ep1in-bulk (ep1in-bulk) maxpa=
cket 512 stream disabled
[    9.540286] dummy_udc dummy_udc.0: enabled ep2out-bulk (ep2out-bulk) max=
packet 512 stream disabled
[    9.540341] usb0: qlen 10
[    9.544395]  [<4333ff21>] dump_stack+0x32/0x42
[    9.545097]  [<410772f7>] warn_slowpath_common+0xb7/0x100
[    9.551112]  [<42a98273>] ? __video_register_device+0x6a3/0x10d0
[    9.551979]  [<42a98273>] ? __video_register_device+0x6a3/0x10d0
[    9.552834]  [<4107749e>] warn_slowpath_null+0x3e/0x50
[    9.553571]  [<42a98273>] __video_register_device+0x6a3/0x10d0
[    9.554440]  [<42a9785a>] ? video_device_alloc+0x2a/0x40
[    9.555309]  [<42b35117>] m2mtest_probe+0x197/0x430
[    9.566300] g_ether gadget: reset eem
[    9.566832] usb0: gether_disconnect
[    9.567350] dummy_udc dummy_udc.0: disabled ep1in-bulk
[    9.568222] dummy_udc dummy_udc.0: disabled ep2out-bulk
[    9.569090] g_ether gadget: init eem
[    9.569614] g_ether gadget: activate eem
[    9.570204] dummy_udc dummy_udc.0: enabled ep1in-bulk (ep1in-bulk) maxpa=
cket 512 stream disabled
[    9.571421] dummy_udc dummy_udc.0: enabled ep2out-bulk (ep2out-bulk) max=
packet 512 stream disabled
[    9.572739] usb0: qlen 10
[    9.584457]  [<41389d10>] ? sysfs_do_create_link+0xa0/0xd0
[    9.585389]  [<420a549f>] platform_drv_probe+0x4f/0x150
[    9.586270]  [<420a1d12>] driver_probe_device+0x252/0x5b0
[    9.587034]  [<43395018>] ? mutex_lock_nested+0x68/0x80
[    9.587796]  [<420a21df>] __driver_attach+0x16f/0x1c0
[    9.588544]  [<420a2070>] ? driver_probe_device+0x5b0/0x5b0
[    9.589366]  [<4209d7a4>] bus_for_each_dev+0xe4/0x170
[    9.590098]  [<420a142c>] driver_attach+0x2c/0x40
[    9.597969] cdc_eem 1-1:1.0 usb1: register 'cdc_eem' at usb-dummy_hcd.0-=
1, CDC EEM Device, d6:43:d6:1b:83:b8
[    9.599758]  [<420a2070>] ? driver_probe_device+0x5b0/0x5b0
[    9.606283]  [<4209f028>] bus_add_driver+0x3f8/0x660
[    9.607097]  [<420a3575>] driver_register+0x125/0x490
[    9.607921]  [<420a6bc0>] platform_driver_register+0xc0/0xd0
[    9.608848]  [<44928d39>] m2mtest_init+0x5f/0xb5
[    9.609607]  [<44928cda>] ? smsdvb_module_init+0xbd/0xbd
[    9.616088]  [<44882a93>] do_one_initcall+0x10a/0x2ce
[    9.616852]  [<44882e9a>] kernel_init_freeable+0x243/0x40a
[    9.617641]  [<448817f3>] ? do_early_param+0x16f/0x16f
[    9.618423]  [<432e5d7e>] kernel_init+0x1e/0x320
[    9.619911]  [<4339edd7>] ret_from_kernel_thread+0x1b/0x28
[    9.620941]  [<432e5d60>] ? rest_init+0x330/0x330
[    9.621791] ---[ end trace 9d702e176aa13169 ]---
[    9.622462] m2m-testdev m2m-testdev.0: Failed to register video device
[    9.623453] m2m-testdev: probe of m2m-testdev.0 failed with error -22
[    9.636644] nGene PCIE bridge driver, Copyright (C) 2005-2007 Micronas
[    9.637882] saa7146: register extension 'Multimedia eXtension Board'
[    9.639085] saa7146: register extension 'hexium HV-PCI6 Orion'
[    9.640259] saa7146: register extension 'hexium gemini'
[    9.641245] ivtv: Start initialization, version 1.4.3
[    9.642202] ivtv: End initialization
[    9.642732] Zoran MJPEG board driver version 0.10.1
[    9.644675] Linux video codec intermediate layer: v0.2
[    9.645478] cx88/0: cx2388x v4l2 driver version 0.0.9 loaded
[    9.656740] cx88/2: cx2388x MPEG-TS Driver Manager version 0.0.9 loaded
[    9.657880] cx2388x blackbird driver version 0.0.9 loaded
[    9.658663] cx88/2: registering cx8802 driver, type: blackbird access: s=
hared
[    9.659784] bttv: driver version 0.9.19 loaded
[    9.661248] bttv: using 8 buffers with 2080k (520 pages) each for capture
[    9.662229] bttv: Host bridge needs ETBF enabled
[    9.663507] saa7164 driver loaded
[    9.671485] smssdio: Siano SMS1xxx SDIO driver
[    9.672075] smssdio: Copyright Pierre Ossman
[    9.672851] usbcore: registered new interface driver radioshark2
[    9.673726] usbcore: registered new interface driver dsbr100
[    9.674562] usbcore: registered new interface driver radio-keene
[    9.682115] pps_parport: parallel port PPS client
[    9.682842] Driver for 1-wire Dallas network protocol.
[    9.684753] DS1WM w1 busmaster driver - (c) 2004 Szabolcs Gyurko
[    9.704571] 1-Wire driver for the DS2760 battery monitor  chip  - (c) 20=
04-2005, Szabolcs Gyurko
[   10.119344] i2c i2c-0: w83795: Detection failed at addr 0x2c, check bank
[   10.165865] i2c i2c-0: w83795: Detection failed at addr 0x2d, check bank
[   10.205854] i2c i2c-0: w83795: Detection failed at addr 0x2e, check bank
[   10.265858] i2c i2c-0: w83795: Detection failed at addr 0x2f, check bank
[   10.330357] i2c i2c-0: Detection of w83781d chip failed at step 3
[   10.375839] i2c i2c-0: Detection of w83781d chip failed at step 3
[   10.435847] i2c i2c-0: Detection of w83781d chip failed at step 3
[   10.495824] i2c i2c-0: Detection of w83781d chip failed at step 3
[   10.535797] i2c i2c-0: Detection of w83781d chip failed at step 3
[   10.580345] i2c i2c-0: Detection of w83781d chip failed at step 3
[   10.618584] i2c i2c-0: Detection of w83781d chip failed at step 3
[   10.655757] i2c i2c-0: Detection of w83781d chip failed at step 3
[   10.695799] i2c i2c-0: ADM1025 detection failed at 0x2c
[   10.736428] i2c i2c-0: ADM1025 detection failed at 0x2d
[   10.775810] i2c i2c-0: ADM1025 detection failed at 0x2e
[   10.835809] i2c i2c-0: Detecting device at 0,0x2c with COMPANY: 0xff and=
 VERSTEP: 0xff
[   10.839475] i2c i2c-0: Autodetecting device at 0,0x2c...
[   10.840605] i2c i2c-0: Autodetection failed
[   10.895825] i2c i2c-0: Detecting device at 0,0x2d with COMPANY: 0xff and=
 VERSTEP: 0xff
[   10.899043] i2c i2c-0: Autodetecting device at 0,0x2d...
[   10.899957] i2c i2c-0: Autodetection failed
[   10.961314] i2c i2c-0: Detecting device at 0,0x2e with COMPANY: 0xff and=
 VERSTEP: 0xff
[   10.962593] i2c i2c-0: Autodetecting device at 0,0x2e...
[   10.963410] i2c i2c-0: Autodetection failed
[   12.046757]  (null): Wrong manufacturer ID. Got 255, expected 65
[   12.088330]  (null): Wrong manufacturer ID. Got 255, expected 65
[   12.145800]  (null): Wrong manufacturer ID. Got 255, expected 65
[   12.566783] applesmc: supported laptop not found!
[   12.567563] applesmc: driver init failed (ret=3D-19)!
[   13.405776]  (null): Unknown chip type, skipping
[   13.445784]  (null): Unknown chip type, skipping
[   26.776206] i2c i2c-0: LM83 detection failed at 0x18
[   26.818451] i2c i2c-0: LM83 detection failed at 0x19
[   26.859965] i2c i2c-0: LM83 detection failed at 0x1a
[   26.897155] i2c i2c-0: LM83 detection failed at 0x29
[   26.936279] i2c i2c-0: LM83 detection failed at 0x2a
[   26.978612] i2c i2c-0: LM83 detection failed at 0x2b
[   27.021185] i2c i2c-0: LM83 detection failed at 0x4c
[   27.055616] i2c i2c-0: LM83 detection failed at 0x4d
[   27.101875] i2c i2c-0: LM83 detection failed at 0x4e
[   27.158745] i2c i2c-0: Detecting device at 0x2c with COMPANY: 0xff and V=
ERSTEP: 0xff
[   27.159935] i2c i2c-0: Autodetection failed: unsupported version
[   27.234876] i2c i2c-0: Detecting device at 0x2d with COMPANY: 0xff and V=
ERSTEP: 0xff
[   27.249309] i2c i2c-0: Autodetection failed: unsupported version
[   27.315889] i2c i2c-0: Detecting device at 0x2e with COMPANY: 0xff and V=
ERSTEP: 0xff
[   27.317233] i2c i2c-0: Autodetection failed: unsupported version
[   27.536233] i2c i2c-0: Unsupported chip at 0x18 (man_id=3D0xFF, chip_id=
=3D0xFF)
[   27.654387] i2c i2c-0: Unsupported chip at 0x19 (man_id=3D0xFF, chip_id=
=3D0xFF)
[   27.749616] i2c i2c-0: Unsupported chip at 0x1a (man_id=3D0xFF, chip_id=
=3D0xFF)
[   27.846524] i2c i2c-0: Unsupported chip at 0x29 (man_id=3D0xFF, chip_id=
=3D0xFF)
[   27.949163] i2c i2c-0: Unsupported chip at 0x2a (man_id=3D0xFF, chip_id=
=3D0xFF)
[   28.047228] i2c i2c-0: Unsupported chip at 0x2b (man_id=3D0xFF, chip_id=
=3D0xFF)
[   28.186609] i2c i2c-0: Unsupported chip at 0x48 (man_id=3D0xFF, chip_id=
=3D0xFF)
[   28.304177] i2c i2c-0: Unsupported chip at 0x49 (man_id=3D0xFF, chip_id=
=3D0xFF)
[   28.401552] i2c i2c-0: Unsupported chip at 0x4a (man_id=3D0xFF, chip_id=
=3D0xFF)
[   28.499662] i2c i2c-0: Unsupported chip at 0x4b (man_id=3D0xFF, chip_id=
=3D0xFF)
[   28.596504] i2c i2c-0: Unsupported chip at 0x4c (man_id=3D0xFF, chip_id=
=3D0xFF)
[   28.710791] i2c i2c-0: Unsupported chip at 0x4d (man_id=3D0xFF, chip_id=
=3D0xFF)
[   28.820327] i2c i2c-0: Unsupported chip at 0x4e (man_id=3D0xFF, chip_id=
=3D0xFF)
[   28.925597] i2c i2c-0: Unsupported chip at 0x4f (man_id=3D0xFF, chip_id=
=3D0xFF)
[   29.378171] i2c i2c-0: MAX1619 detection failed at 0x18
[   29.468123] i2c i2c-0: MAX1619 detection failed at 0x19
[   29.589668] i2c i2c-0: MAX1619 detection failed at 0x1a
[   29.682985] i2c i2c-0: MAX1619 detection failed at 0x29
[   29.780882] i2c i2c-0: MAX1619 detection failed at 0x2a
[   29.870616] i2c i2c-0: MAX1619 detection failed at 0x2b
[   29.966104] i2c i2c-0: MAX1619 detection failed at 0x4c
[   30.068912] i2c i2c-0: MAX1619 detection failed at 0x4d
[   30.160130] i2c i2c-0: MAX1619 detection failed at 0x4e
[   31.109014] pc87360: PC8736x not detected, module not inserted
[   31.141614] thmc50: Probing for THMC50 at 0x2C on bus 0
[   31.247164] thmc50: Probing for THMC50 at 0x2D on bus 0
[   31.337743] thmc50: Probing for THMC50 at 0x2E on bus 0
[   31.578715] i2c i2c-0: w83l785ts: Read 0xff from register 0x40.
[   31.579518] i2c i2c-0: W83L785TS-S detection failed at 0x2e
[   31.628367] i2c i2c-0: W83L786NG detection failed at 0x2e
[   31.666202] i2c i2c-0: W83L786NG detection failed at 0x2f
[   31.667223] usbcore: registered new interface driver bpa10x
[   31.675303] usbcore: registered new interface driver bfusb
[   31.677800] usbcore: registered new interface driver btusb
[   31.678591] Bluetooth: Generic Bluetooth SDIO driver ver 0.1
[   31.686941] usbcore: registered new interface driver ath3k
[   31.702449] cpufreq-nforce2: No nForce2 chipset.
[   31.703189] cpuidle: using governor ladder
[   31.703863] wbsd: Winbond W83L51xD SD/MMC card interface driver
[   31.708989] wbsd: Copyright(c) Pierre Ossman
[   31.715780] VUB300 Driver rom wait states =3D 1C irqpoll timeout =3D 0400
[   31.725617] usbcore: registered new interface driver vub300
[   31.726567] usbcore: registered new interface driver ushc
[   31.741625] leds_ss4200: no LED devices found
[   31.743553] ledtrig-cpu: registered to indicate activity on CPUs
[   31.749318] dcdbas dcdbas: Dell Systems Management Base Driver (version =
5.6.0-3.2)
[   31.752277] Driver for HIFN 795x crypto accelerator chip has been succes=
sfully registered.
[   31.753559] cs5535-clockevt: Could not allocate MFGPT timer
[   31.762199] hidraw: raw HID events driver (C) Jiri Kosina
[   31.788792] usbcore: registered new interface driver usbhid
[   31.789893] usbhid: USB HID core driver
[   31.813332] oprofile: using timer interrupt.
[   31.818174] pktgen: Packet Generator for packet performance testing. Ver=
sion: 2.74
[   31.821366] NET: Registered protocol family 26
[   31.822466] Ebtables v2.0 registered
[   31.823965] NET: Registered protocol family 4
[   31.825262] NET: Registered protocol family 5
[   31.826061] Bluetooth: HIDP (Human Interface Emulation) ver 1.2
[   31.826956] Bluetooth: HIDP socket layer initialized
[   31.827759] NET: Registered protocol family 35
[   31.829172] 8021q: 802.1Q VLAN Support v1.8
[   31.830170] lib80211: common routines for IEEE802.11 drivers
[   31.831293] lib80211_crypt: registered algorithm 'NULL'
[   31.832185] lib80211_crypt: registered algorithm 'WEP'
[   31.832880] lib80211_crypt: registered algorithm 'CCMP'
[   31.833598] lib80211_crypt: registered algorithm 'TKIP'
[   31.835363] NET: Registered protocol family 37
[   31.836656] Key type dns_resolver registered
[   31.838881] batman_adv: B.A.T.M.A.N. advanced 2013.2.0 (compatibility ve=
rsion 14) loaded
[   31.845729] openvswitch: Open vSwitch switching datapath
[   31.856071] registered taskstats version 1
[   31.857299] Key type trusted registered
[   31.858696] Key type encrypted registered
[   31.868575] BIOS EDD facility v0.16 2004-Jun-25, 0 devices found
[   31.876239] EDD information not available.
[   31.895253] debug: unmapping init [mem 0x44881000-0x449f9fff]
[   31.904422] Write protecting the kernel text: 36480k
[   31.909410] Write protecting the kernel read-only data: 12024k
mountall: ply-event-loop.c:497: ply_event_loop_new: Assertion `loop->epoll_=
fd >=3D 0' failed.
General error mounting filesystems.
A maintenance shell will now be started.
CONTROL-D will terminate this shell and reboot the system.
wfg: rebooting
[   32.575457] Unregister pv shared memory for cpu 0
[   32.628296] Restarting system.
[   32.629859] reboot: machine restart
Elapsed time: 45
qemu-system-x86_64-cpukvm64-enable-kvm-kernel/tmp//kernel/i386-randconfig-x=
15-0625/4c5c6fc11ee30ddf47c3772f3b1ec3f76f0e2437/vmlinuz-3.10.0-rc7-00925-g=
4c5c6fc-17017-append'hung_task_panic=3D1 rcutree.rcu_cpu_stall_timeout=3D10=
0 log_buf_len=3D8M ignore_loglevel debug sched_debug apic=3Ddebug dynamic_p=
rintk sysrq_always_enabled panic=3D10  prompt_ramdisk=3D0 console=3DttyS0,1=
15200 console=3Dtty0 vga=3Dnormal  root=3D/dev/ram0 rw link=3D/kernel-tests=
/run-queue/kvm/i386-randconfig-x15-0625/devel-xian-i386-201306251905/.vmlin=
uz-4c5c6fc11ee30ddf47c3772f3b1ec3f76f0e2437-20130625202206-4-cairo branch=
=3Dlinux-devel/devel-xian-i386-201306251905  BOOT_IMAGE=3D/kernel/i386-rand=
config-x15-0625/4c5c6fc11ee30ddf47c3772f3b1ec3f76f0e2437/vmlinuz-3.10.0-rc7=
-00925-g4c5c6fc'-initrd/kernel-tests/initrd/quantal-core-i386.cgz-m256M-smp=
2-netnic,vlan=3D0,macaddr=3D00:00:00:00:00:00,model=3Dvirtio-netuser,vlan=
=3D0,hostfwd=3Dtcp::21113-:22-netnic,vlan=3D1,model=3De1000-netuser,vlan=3D=
1-bootorder=3Dnc-no-reboot-watchdogi6300esb-drivefile=3D/fs/LABEL=3DKVM/dis=
ka-cairo-17017,media=3Ddisk,if=3Dvirtio-drivefile=3D/fs/LABEL=3DKVM/diskb-c=
airo-17017,media=3Ddisk,if=3Dvirtio-drivefile=3D/fs/LABEL=3DKVM/diskc-cairo=
-17017,media=3Ddisk,if=3Dvirtio-drivefile=3D/fs/LABEL=3DKVM/diskd-cairo-170=
17,media=3Ddisk,if=3Dvirtio-drivefile=3D/fs/LABEL=3DKVM/diske-cairo-17017,m=
edia=3Ddisk,if=3Dvirtio-drivefile=3D/fs/LABEL=3DKVM/diskf-cairo-17017,media=
=3Ddisk,if=3Dvirtio-pidfile/dev/shm/kboot/pid-cairo-lkp-17017-serialfile:/d=
ev/shm/kboot/serial-cairo-lkp-17017-daemonize-displaynone-monitornull

--i0/AhcQY5QxfSsSZ
Content-Type: application/octet-stream
Content-Disposition: attachment; filename="bisect-4c5c6fc11ee30ddf47c3772f3b1ec3f76f0e2437-i386-randconfig-x15-0625-__video_register_device+-x-99051.log"
Content-Transfer-Encoding: base64

Z2l0IGNoZWNrb3V0IDllODk1YWNlNWQ4MmRmODkyOWIxNmY1OGU5ZjUxNWY2ZDU0YWI4MmQK
UHJldmlvdXMgSEVBRCBwb3NpdGlvbiB3YXMgNGM1YzZmYy4uLiBNZXJnZSByZW1vdGUtdHJh
Y2tpbmcgYnJhbmNoICdyZWd1bGF0b3IvZm9yLW5leHQnIGludG8gZGV2ZWwteGlhbi1pMzg2
LTIwMTMwNjI1MTkwNQpIRUFEIGlzIG5vdyBhdCA5ZTg5NWFjLi4uIExpbnV4IDMuMTAtcmM3
CmxzIC1hIC9rZXJuZWwtdGVzdHMvcnVuLXF1ZXVlL2t2bS9pMzg2LXJhbmRjb25maWcteDE1
LTA2MjUvbGludXgtZGV2ZWw6ZGV2ZWwteGlhbi1pMzg2LTIwMTMwNjI1MTkwNTo5ZTg5NWFj
ZTVkODJkZjg5MjliMTZmNThlOWY1MTVmNmQ1NGFiODJkOmJpc2VjdC1uZXQKCjIwMTMtMDYt
MjUtMjA6NTU6NTggOWU4OTVhY2U1ZDgyZGY4OTI5YjE2ZjU4ZTlmNTE1ZjZkNTRhYjgyZCBy
ZXVzZSAva2VybmVsL2kzODYtcmFuZGNvbmZpZy14MTUtMDYyNS85ZTg5NWFjZTVkODJkZjg5
MjliMTZmNThlOWY1MTVmNmQ1NGFiODJkL3ZtbGludXotMy4xMC4wLXJjNwoKMjAxMy0wNi0y
NS0yMDo1NTo1OCBkZXRlY3RpbmcgYm9vdCBzdGF0ZSAuLi4JMTEJMTMJMjQJMjgJMzAgU1VD
Q0VTUwoKYmlzZWN0OiBnb29kIGNvbW1pdCA5ZTg5NWFjZTVkODJkZjg5MjliMTZmNThlOWY1
MTVmNmQ1NGFiODJkCmdpdCBiaXNlY3Qgc3RhcnQgNGM1YzZmYzExZWUzMGRkZjQ3YzM3NzJm
M2IxZWMzZjc2ZjBlMjQzNyA5ZTg5NWFjZTVkODJkZjg5MjliMTZmNThlOWY1MTVmNmQ1NGFi
ODJkIC0tClByZXZpb3VzIEhFQUQgcG9zaXRpb24gd2FzIDllODk1YWMuLi4gTGludXggMy4x
MC1yYzcKU3dpdGNoZWQgdG8gYnJhbmNoICdtYXN0ZXInCllvdXIgYnJhbmNoIGlzIGJlaGlu
ZCAnb3JpZ2luL21hc3RlcicgYnkgMzA0OCBjb21taXRzLCBhbmQgY2FuIGJlIGZhc3QtZm9y
d2FyZGVkLgpCaXNlY3Rpbmc6IDQ2MiByZXZpc2lvbnMgbGVmdCB0byB0ZXN0IGFmdGVyIHRo
aXMgKHJvdWdobHkgOSBzdGVwcykKWzBhODA0NjU0YWY2MmRmZWE0ODk5YzY2NTYxZDc0ZDcy
MjczYjI5MjFdIEJsdWV0b290aDogUmVtb3ZlIHVubmVlZGVkIGZsYWcKZ2l0IGJpc2VjdCBy
dW4gL2Mva2VybmVsLXRlc3RzL2Jpc2VjdC10ZXN0LWJvb3QtZmFpbHVyZS5zaCAvaG9tZS93
ZmcvbmV0L29iai1iaXNlY3QKcnVubmluZyAvYy9rZXJuZWwtdGVzdHMvYmlzZWN0LXRlc3Qt
Ym9vdC1mYWlsdXJlLnNoIC9ob21lL3dmZy9uZXQvb2JqLWJpc2VjdApscyAtYSAva2VybmVs
LXRlc3RzL3J1bi1xdWV1ZS9rdm0vaTM4Ni1yYW5kY29uZmlnLXgxNS0wNjI1L2xpbnV4LWRl
dmVsOmRldmVsLXhpYW4taTM4Ni0yMDEzMDYyNTE5MDU6MGE4MDQ2NTRhZjYyZGZlYTQ4OTlj
NjY1NjFkNzRkNzIyNzNiMjkyMTpiaXNlY3QtbmV0CgoyMDEzLTA2LTI1LTIxOjAwOjEzIDBh
ODA0NjU0YWY2MmRmZWE0ODk5YzY2NTYxZDc0ZDcyMjczYjI5MjEgY29tcGlsaW5nCjM3NyBy
ZWFsICAzMzQxIHVzZXIgIDIwMiBzeXMgIDkzOC41NiUgY3B1IAlpMzg2LXJhbmRjb25maWct
eDE1LTA2MjUKCjIwMTMtMDYtMjUtMjE6MDY6NTAgZGV0ZWN0aW5nIGJvb3Qgc3RhdGUgMy4x
MC4wLXJjMS0wMDU0NC1nMGE4MDQ2NS4uLgkyCTYJOAk5LgkxNgkxOAkyMgkyNQkzMCBTVUND
RVNTCgpCaXNlY3Rpbmc6IDIzMSByZXZpc2lvbnMgbGVmdCB0byB0ZXN0IGFmdGVyIHRoaXMg
KHJvdWdobHkgOCBzdGVwcykKWzdkZDhmYmJlNTBjMDFlYWQ3ODQ4M2JjNDJmNzQ0ZDExNWFm
ZWM5NmJdIFttZWRpYV0gYWR2NzE4MzogZml4IHF1ZXJ5c3RkCnJ1bm5pbmcgL2Mva2VybmVs
LXRlc3RzL2Jpc2VjdC10ZXN0LWJvb3QtZmFpbHVyZS5zaCAvaG9tZS93ZmcvbmV0L29iai1i
aXNlY3QKbHMgLWEgL2tlcm5lbC10ZXN0cy9ydW4tcXVldWUva3ZtL2kzODYtcmFuZGNvbmZp
Zy14MTUtMDYyNS9saW51eC1kZXZlbDpkZXZlbC14aWFuLWkzODYtMjAxMzA2MjUxOTA1Ojdk
ZDhmYmJlNTBjMDFlYWQ3ODQ4M2JjNDJmNzQ0ZDExNWFmZWM5NmI6YmlzZWN0LW5ldAoKMjAx
My0wNi0yNS0yMToxMzoyMiA3ZGQ4ZmJiZTUwYzAxZWFkNzg0ODNiYzQyZjc0NGQxMTVhZmVj
OTZiIGNvbXBpbGluZwoxMDEgcmVhbCAgNzc0IHVzZXIgIDQ4IHN5cyAgODA3LjYxJSBjcHUg
CWkzODYtcmFuZGNvbmZpZy14MTUtMDYyNQoKMjAxMy0wNi0yNS0yMToxNToxNyBkZXRlY3Rp
bmcgYm9vdCBzdGF0ZSAzLjEwLjAtcmMxLTAwMjMxLWc3ZGQ4ZmJiLi4uLgkyCTUJNy4JOAkx
NgkxOQkyOAkzMCBTVUNDRVNTCgpCaXNlY3Rpbmc6IDExNSByZXZpc2lvbnMgbGVmdCB0byB0
ZXN0IGFmdGVyIHRoaXMgKHJvdWdobHkgNyBzdGVwcykKW2VlMTc2MDhkNmFhMDRhODZlMjUz
YTkxMzBkNmM2ZDAwODkyZjEzMmJdIFttZWRpYV0gaW14MDc0OiBzdXBwb3J0IGFzeW5jaHJv
bm91cyBwcm9iaW5nCnJ1bm5pbmcgL2Mva2VybmVsLXRlc3RzL2Jpc2VjdC10ZXN0LWJvb3Qt
ZmFpbHVyZS5zaCAvaG9tZS93ZmcvbmV0L29iai1iaXNlY3QKbHMgLWEgL2tlcm5lbC10ZXN0
cy9ydW4tcXVldWUva3ZtL2kzODYtcmFuZGNvbmZpZy14MTUtMDYyNS9saW51eC1kZXZlbDpk
ZXZlbC14aWFuLWkzODYtMjAxMzA2MjUxOTA1OmVlMTc2MDhkNmFhMDRhODZlMjUzYTkxMzBk
NmM2ZDAwODkyZjEzMmI6YmlzZWN0LW5ldAoKMjAxMy0wNi0yNS0yMToyMTo1NSBlZTE3NjA4
ZDZhYTA0YTg2ZTI1M2E5MTMwZDZjNmQwMDg5MmYxMzJiIGNvbXBpbGluZwo0NzQgcmVhbCAg
MzM0MyB1c2VyICAyMDkgc3lzICA3NDguOTUlIGNwdSAJaTM4Ni1yYW5kY29uZmlnLXgxNS0w
NjI1CgoyMDEzLTA2LTI1LTIxOjMxOjEyIGRldGVjdGluZyBib290IHN0YXRlIDMuMTAuMC1y
YzYtMDAzOTctZ2VlMTc2MDguLi4gVEVTVCBGQUlMVVJFClsgICAgOS4wNjExNTddIC0tLS0t
LS0tLS0tLVsgY3V0IGhlcmUgXS0tLS0tLS0tLS0tLQpbICAgIDkuMDcxMzc4XSBkdW1teV91
ZGMgZHVtbXlfdWRjLjA6IHNldF9hZGRyZXNzID0gMgpbICAgIDkuMDcyNjA1XSBXQVJOSU5H
OiBhdCAvYy93ZmcvbmV0L2RyaXZlcnMvbWVkaWEvdjRsMi1jb3JlL3Y0bDItZGV2LmM6Nzc1
IF9fdmlkZW9fcmVnaXN0ZXJfZGV2aWNlKzB4NmEzLzB4MTBkMCgpClsgICAgOS4wNzM5OTdd
IENQVTogMCBQSUQ6IDEgQ29tbTogc3dhcHBlciBOb3QgdGFpbnRlZCAzLjEwLjAtcmM2LTAw
Mzk3LWdlZTE3NjA4ICM2MApbICAgIDkuMDc1MTA0XSBIYXJkd2FyZSBuYW1lOiBCb2NocyBC
b2NocywgQklPUyBCb2NocyAwMS8wMS8yMDExClsgICAgOS4wNzU5NzhdICAwMDAwMDAwMCA0
ZDQ4NWRjMCA0MzMzNjJmMSA0ZDQ4NWRlOCA0MTA3NzM2NyA0M2Q1OTk2YiA0M2ViM2JjMCAw
MDAwMDMwNwpbICAgIDkuMDc3MjM5XSAgNDJhOGU0MzMgNDJhOGU0MzMgNDYxZjY0OTggMDAw
MDAwMDEgMDAwMDAwMDAgNGQ0ODVkZjggNDEwNzc1MGUgMDAwMDAwMDkKWyAgICA5LjA3ODU0
MV0gIDAwMDAwMDAwIDRkNDg1ZTMwIDQyYThlNDMzIDQzZTA1NjAzIDRkNDg1ZTFjIDAwMDAw
MmI4IDQ2MWY2NDk4IDQyYThkYTFhClsgICAgOS4wNzk5MzJdIENhbGwgVHJhY2U6ClsgICAg
OS4wODAyMzVdICBbPDQzMzM2MmYxPl0gZHVtcF9zdGFjaysweDMyLzB4NDIKWyAgICA5LjA4
MDkyNF0gIFs8NDEwNzczNjc+XSB3YXJuX3Nsb3dwYXRoX2NvbW1vbisweGI3LzB4MTAwClsg
ICAgOS4wODE3NzBdICBbPDQyYThlNDMzPl0gPyBfX3ZpZGVvX3JlZ2lzdGVyX2RldmljZSsw
eDZhMy8weDEwZDAKWyAgICA5LjA4MjY0N10gIFs8NDJhOGU0MzM+XSA/IF9fdmlkZW9fcmVn
aXN0ZXJfZGV2aWNlKzB4NmEzLzB4MTBkMApbICAgIDkuMDgzNDU3XSAgWzw0MTA3NzUwZT5d
IHdhcm5fc2xvd3BhdGhfbnVsbCsweDNlLzB4NTAKWyAgICA5LjA4NDE1NV0gIFs8NDJhOGU0
MzM+XSBfX3ZpZGVvX3JlZ2lzdGVyX2RldmljZSsweDZhMy8weDEwZDAKWyAgICA5LjA4NTA3
OF0gIFs8NDJhOGRhMWE+XSA/IHZpZGVvX2RldmljZV9hbGxvYysweDJhLzB4NDAKWyAgICA5
LjA4NTg2MV0gIFs8NDJiMmIyZDc+XSBtMm10ZXN0X3Byb2JlKzB4MTk3LzB4NDMwClsgICAg
OS4wODY1MDhdICBbPDQxMzg5NTgwPl0gPyBzeXNmc19kb19jcmVhdGVfbGluaysweGEwLzB4
ZDAKWyAgICA5LjA4NzI5M10gIFs8NDIwYTRhOWY+XSBwbGF0Zm9ybV9kcnZfcHJvYmUrMHg0
Zi8weDE1MApbICAgIDkuMDg4MDgzXSAgWzw0MjBhMTMxMj5dIGRyaXZlcl9wcm9iZV9kZXZp
Y2UrMHgyNTIvMHg1YjAKWyAgICA5LjA4ODkxM10gIFs8NDMzODljNjg+XSA/IG11dGV4X2xv
Y2tfbmVzdGVkKzB4NjgvMHg4MApbICAgIDkuMDg5NjgyXSAgWzw0MjBhMTdkZj5dIF9fZHJp
dmVyX2F0dGFjaCsweDE2Zi8weDFjMApbICAgIDkuMDkwMzA3XSAgWzw0MjBhMTY3MD5dID8g
ZHJpdmVyX3Byb2JlX2RldmljZSsweDViMC8weDViMApbICAgIDkuMDkxMTgwXSAgWzw0MjA5
Y2RhND5dIGJ1c19mb3JfZWFjaF9kZXYrMHhlNC8weDE3MApbICAgIDkuMDkyMDMzXSAgWzw0
MjBhMGEyYz5dIGRyaXZlcl9hdHRhY2grMHgyYy8weDQwClsgICAgOS4wOTI5MTldICBbPDQy
MGExNjcwPl0gPyBkcml2ZXJfcHJvYmVfZGV2aWNlKzB4NWIwLzB4NWIwClsgICAgOS4wOTM1
NjNdICBbPDQyMDllNjI4Pl0gYnVzX2FkZF9kcml2ZXIrMHgzZjgvMHg2NjAKWyAgICA5LjA5
NDM2OF0gIFs8NDIwYTJiNzU+XSBkcml2ZXJfcmVnaXN0ZXIrMHgxMjUvMHg0OTAKWyAgICA5
LjA5NTA5OV0gIFs8NDIwYTYxYzA+XSBwbGF0Zm9ybV9kcml2ZXJfcmVnaXN0ZXIrMHhjMC8w
eGQwClsgICAgOS4wOTU5MjddICBbPDQ0OGU5MzQ3Pl0gbTJtdGVzdF9pbml0KzB4NWYvMHhi
NQpbICAgIDkuMDk2NTM3XSAgWzw0NDhlOTJlOD5dID8gc21zZHZiX21vZHVsZV9pbml0KzB4
YmQvMHhiZApbICAgIDkuMDk3Mjg3XSAgWzw0NDg0M2E5Mz5dIGRvX29uZV9pbml0Y2FsbCsw
eDEwYS8weDJjZQpbICAgIDkuMDk4MDQ2XSAgWzw0NDg0M2U5YT5dIGtlcm5lbF9pbml0X2Zy
ZWVhYmxlKzB4MjQzLzB4NDBhClsgICAgOS4wOTg4MTVdICBbPDQ0ODQyN2YzPl0gPyBkb19l
YXJseV9wYXJhbSsweDE2Zi8weDE2ZgpbICAgIDkuMDk5NjE2XSAgWzw0MzJkYzExZT5dIGtl
cm5lbF9pbml0KzB4MWUvMHgzMjAKWyAgICA5LjEwMDIwN10gIFs8NDMzOTNhMzc+XSByZXRf
ZnJvbV9rZXJuZWxfdGhyZWFkKzB4MWIvMHgyOApbICAgIDkuMTAxMDY1XSAgWzw0MzJkYzEw
MD5dID8gcmVzdF9pbml0KzB4MzMwLzB4MzMwClsgICAgOS4xMDE4ODZdIC0tLVsgZW5kIHRy
YWNlIGUzZTg2NGJjMmIxY2FlMmEgXS0tLQova2VybmVsL2kzODYtcmFuZGNvbmZpZy14MTUt
MDYyNS9lZTE3NjA4ZDZhYTA0YTg2ZTI1M2E5MTMwZDZjNmQwMDg5MmYxMzJiL2RtZXNnLWt2
bS1sa3Atc2J4MDQtNDk0NDUtMjAxMzA2MjYwMTM2MDgtMy4xMC4wLXJjNi0wMDM5Ny1nZWUx
NzYwOC02MAoKQmlzZWN0aW5nOiA1NyByZXZpc2lvbnMgbGVmdCB0byB0ZXN0IGFmdGVyIHRo
aXMgKHJvdWdobHkgNiBzdGVwcykKWzk1OTJiZDBhOWU3NGMzNDRmNjc0NjYzMTM3ZTVjY2Zm
N2EzOWY3ZDBdIFttZWRpYV0gem9yYW46IHVzZSB2NGwyX2RldiBpbnN0ZWFkIG9mIHRoZSBk
ZXByZWNhdGVkIHBhcmVudCBmaWVsZApydW5uaW5nIC9jL2tlcm5lbC10ZXN0cy9iaXNlY3Qt
dGVzdC1ib290LWZhaWx1cmUuc2ggL2hvbWUvd2ZnL25ldC9vYmotYmlzZWN0CmxzIC1hIC9r
ZXJuZWwtdGVzdHMvcnVuLXF1ZXVlL2t2bS9pMzg2LXJhbmRjb25maWcteDE1LTA2MjUvbGlu
dXgtZGV2ZWw6ZGV2ZWwteGlhbi1pMzg2LTIwMTMwNjI1MTkwNTo5NTkyYmQwYTllNzRjMzQ0
ZjY3NDY2MzEzN2U1Y2NmZjdhMzlmN2QwOmJpc2VjdC1uZXQKCjIwMTMtMDYtMjUtMjE6MzI6
NDkgOTU5MmJkMGE5ZTc0YzM0NGY2NzQ2NjMxMzdlNWNjZmY3YTM5ZjdkMCBjb21waWxpbmcK
MTQ2IHJlYWwgIDE5MiB1c2VyICAxNyBzeXMgIDE0My41MiUgY3B1IAlpMzg2LXJhbmRjb25m
aWcteDE1LTA2MjUKCjIwMTMtMDYtMjUtMjE6MzU6MzAgZGV0ZWN0aW5nIGJvb3Qgc3RhdGUg
My4xMC4wLXJjNi0wMDMzOS1nOTU5MmJkMC4uCTMJNwkxNAkyMQkzMCBTVUNDRVNTCgpCaXNl
Y3Rpbmc6IDI4IHJldmlzaW9ucyBsZWZ0IHRvIHRlc3QgYWZ0ZXIgdGhpcyAocm91Z2hseSA1
IHN0ZXBzKQpbOTg1MDVmZjlmMmZhMWExYjMzZDkwZDM5YWI3NmE1NGEzYjE4OWVlMl0gW21l
ZGlhXSBzb2MtY2FtZXJhOiByZW1vdmUgdHdvIHVudXNlZCBjb25maWdzCnJ1bm5pbmcgL2Mv
a2VybmVsLXRlc3RzL2Jpc2VjdC10ZXN0LWJvb3QtZmFpbHVyZS5zaCAvaG9tZS93ZmcvbmV0
L29iai1iaXNlY3QKbHMgLWEgL2tlcm5lbC10ZXN0cy9ydW4tcXVldWUva3ZtL2kzODYtcmFu
ZGNvbmZpZy14MTUtMDYyNS9saW51eC1kZXZlbDpkZXZlbC14aWFuLWkzODYtMjAxMzA2MjUx
OTA1Ojk4NTA1ZmY5ZjJmYTFhMWIzM2Q5MGQzOWFiNzZhNTRhM2IxODllZTI6YmlzZWN0LW5l
dAoKMjAxMy0wNi0yNS0yMTozOTowMiA5ODUwNWZmOWYyZmExYTFiMzNkOTBkMzlhYjc2YTU0
YTNiMTg5ZWUyIGNvbXBpbGluZwoxMjYgcmVhbCAgMjEyIHVzZXIgIDE3IHN5cyAgMTgxLjg4
JSBjcHUgCWkzODYtcmFuZGNvbmZpZy14MTUtMDYyNQoKMjAxMy0wNi0yNS0yMTo0NToxNSBk
ZXRlY3RpbmcgYm9vdCBzdGF0ZSAzLjEwLjAtcmM2LTAwMzY4LWc5ODUwNWZmLi4uIFRFU1Qg
RkFJTFVSRQpbICAgMTIuOTYzOTY3XSBiMmMyLWZsZXhjb3A6IEIyQzIgRmxleGNvcElJL0lJ
KGIpL0lJSSBkaWdpdGFsIFRWIHJlY2VpdmVyIGNoaXAgbG9hZGVkIHN1Y2Nlc3NmdWxseQpb
ICAgMTIuOTY1OTE4XSAtLS0tLS0tLS0tLS1bIGN1dCBoZXJlIF0tLS0tLS0tLS0tLS0KWyAg
IDEyLjk2NjU5MF0gV0FSTklORzogYXQgL2Mvd2ZnL25ldC9kcml2ZXJzL21lZGlhL3Y0bDIt
Y29yZS92NGwyLWRldi5jOjc3NSBfX3ZpZGVvX3JlZ2lzdGVyX2RldmljZSsweDZhMy8weDEw
ZDAoKQpbICAgMTIuOTY3OTE3XSBDUFU6IDAgUElEOiAxIENvbW06IHN3YXBwZXIgTm90IHRh
aW50ZWQgMy4xMC4wLXJjNi0wMDM2OC1nOTg1MDVmZiAjNjIKWyAgIDEyLjk2ODkwMF0gSGFy
ZHdhcmUgbmFtZTogQm9jaHMgQm9jaHMsIEJJT1MgQm9jaHMgMDEvMDEvMjAxMQpbICAgMTIu
OTY5NjYwXSAgMDAwMDAwMDAgNGQ0ODVkYzAgNDMzMzQ0ZTEgNGQ0ODVkZTggNDEwNzczNjcg
NDNkNTY0YzcgNDNlYjA2YjAgMDAwMDAzMDcKWyAgIDEyLjk3MDg2Ml0gIDQyYThlNDIzIDQy
YThlNDIzIDQ2MWY0Njk4IDAwMDAwMDAxIDAwMDAwMDAwIDRkNDg1ZGY4IDQxMDc3NTBlIDAw
MDAwMDA5ClsgICAxMi45NzIxNzVdICAwMDAwMDAwMCA0ZDQ4NWUzMCA0MmE4ZTQyMyA0M2Uw
MjBmMSA0ZDQ4NWUxYyAwMDAwMDJiOCA0NjFmNDY5OCA0MmE4ZGEwYQpbICAgMTIuOTczMzc1
XSBDYWxsIFRyYWNlOgpbICAgMTIuOTczNzI3XSAgWzw0MzMzNDRlMT5dIGR1bXBfc3RhY2sr
MHgzMi8weDQyClsgICAxMi45NzQzNDVdICBbPDQxMDc3MzY3Pl0gd2Fybl9zbG93cGF0aF9j
b21tb24rMHhiNy8weDEwMApbICAgMTIuOTc1MDYzXSAgWzw0MmE4ZTQyMz5dID8gX192aWRl
b19yZWdpc3Rlcl9kZXZpY2UrMHg2YTMvMHgxMGQwClsgICAxMi45NzU4NjFdICBbPDQyYThl
NDIzPl0gPyBfX3ZpZGVvX3JlZ2lzdGVyX2RldmljZSsweDZhMy8weDEwZDAKWyAgIDEyLjk3
NjY2Ml0gIFs8NDEwNzc1MGU+XSB3YXJuX3Nsb3dwYXRoX251bGwrMHgzZS8weDUwClsgICAx
Mi45NzczNTNdICBbPDQyYThlNDIzPl0gX192aWRlb19yZWdpc3Rlcl9kZXZpY2UrMHg2YTMv
MHgxMGQwClsgICAxMi45NzgxMzNdICBbPDQyYThkYTBhPl0gPyB2aWRlb19kZXZpY2VfYWxs
b2MrMHgyYS8weDQwClsgICAxMi45Nzg4NDJdICBbPDQyYjI5NGQ3Pl0gbTJtdGVzdF9wcm9i
ZSsweDE5Ny8weDQzMApbICAgMTIuOTc5NTA1XSAgWzw0MTM4OTU4MD5dID8gc3lzZnNfZG9f
Y3JlYXRlX2xpbmsrMHhhMC8weGQwClsgICAxMi45ODAyNTZdICBbPDQyMGE0YTlmPl0gcGxh
dGZvcm1fZHJ2X3Byb2JlKzB4NGYvMHgxNTAKWyAgIDEyLjk4MDk1MV0gIFs8NDIwYTEzMTI+
XSBkcml2ZXJfcHJvYmVfZGV2aWNlKzB4MjUyLzB4NWIwClsgICAxMi45ODE2NzVdICBbPDQz
Mzg3ZTU4Pl0gPyBtdXRleF9sb2NrX25lc3RlZCsweDY4LzB4ODAKWyAgIDEyLjk4MjQzMV0g
IFs8NDIwYTE3ZGY+XSBfX2RyaXZlcl9hdHRhY2grMHgxNmYvMHgxYzAKWyAgIDEyLjk4MzEw
OF0gIFs8NDIwYTE2NzA+XSA/IGRyaXZlcl9wcm9iZV9kZXZpY2UrMHg1YjAvMHg1YjAKWyAg
IDEyLjk4Mzg0Nl0gIFs8NDIwOWNkYTQ+XSBidXNfZm9yX2VhY2hfZGV2KzB4ZTQvMHgxNzAK
WyAgIDEyLjk4NDUyNV0gIFs8NDIwYTBhMmM+XSBkcml2ZXJfYXR0YWNoKzB4MmMvMHg0MApb
ICAgMTIuOTg1MTYwXSAgWzw0MjBhMTY3MD5dID8gZHJpdmVyX3Byb2JlX2RldmljZSsweDVi
MC8weDViMApbICAgMTIuOTg1OTAyXSAgWzw0MjA5ZTYyOD5dIGJ1c19hZGRfZHJpdmVyKzB4
M2Y4LzB4NjYwClsgICAxMi45ODY1NzZdICBbPDQyMGEyYjc1Pl0gZHJpdmVyX3JlZ2lzdGVy
KzB4MTI1LzB4NDkwClsgICAxMi45ODcyNThdICBbPDQyMGE2MWMwPl0gcGxhdGZvcm1fZHJp
dmVyX3JlZ2lzdGVyKzB4YzAvMHhkMApbICAgMTIuOTg4MDM4XSAgWzw0NDhlNTM0Nz5dIG0y
bXRlc3RfaW5pdCsweDVmLzB4YjUKWyAgIDEyLjk4ODY2NF0gIFs8NDQ4ZTUyZTg+XSA/IHNt
c2R2Yl9tb2R1bGVfaW5pdCsweGJkLzB4YmQKWyAgIDEyLjk4OTM4NF0gIFs8NDQ4M2ZhOTM+
XSBkb19vbmVfaW5pdGNhbGwrMHgxMGEvMHgyY2UKWyAgIDEyLjk5MDA1NF0gIFs8NDQ4M2Zl
OWE+XSBrZXJuZWxfaW5pdF9mcmVlYWJsZSsweDI0My8weDQwYQpbICAgMTIuOTkwNzg1XSAg
Wzw0NDgzZTdmMz5dID8gZG9fZWFybHlfcGFyYW0rMHgxNmYvMHgxNmYKWyAgIDEyLjk5MTQ3
OF0gIFs8NDMyZGEzMGU+XSBrZXJuZWxfaW5pdCsweDFlLzB4MzIwClsgICAxMi45OTIxNThd
ICBbPDQzMzkxYzE3Pl0gcmV0X2Zyb21fa2VybmVsX3RocmVhZCsweDFiLzB4MjgKWyAgIDEy
Ljk5Mjg5Ml0gIFs8NDMyZGEyZjA+XSA/IHJlc3RfaW5pdCsweDMzMC8weDMzMApbICAgMTIu
OTkzNTgwXSAtLS1bIGVuZCB0cmFjZSA2NGJiODcwZTI2Y2RiMDEwIF0tLS0KL2tlcm5lbC9p
Mzg2LXJhbmRjb25maWcteDE1LTA2MjUvOTg1MDVmZjlmMmZhMWExYjMzZDkwZDM5YWI3NmE1
NGEzYjE4OWVlMi9kbWVzZy1rdm0tYmF5LTE3NDE5LTIwMTMwNjI1MjE0ODUxLTMuMTAuMC1y
YzYtMDAzNjgtZzk4NTA1ZmYtNjIKL2tlcm5lbC9pMzg2LXJhbmRjb25maWcteDE1LTA2MjUv
OTg1MDVmZjlmMmZhMWExYjMzZDkwZDM5YWI3NmE1NGEzYjE4OWVlMi9kbWVzZy1rdm0tbGtw
LXNieDA0LTk3ODYtMjAxMzA2MjYwMTUwMjYtLQova2VybmVsL2kzODYtcmFuZGNvbmZpZy14
MTUtMDYyNS85ODUwNWZmOWYyZmExYTFiMzNkOTBkMzlhYjc2YTU0YTNiMTg5ZWUyL2RtZXNn
LWt2bS1sa3Atc2J4MDQtMjkxNjQtMjAxMzA2MjYwMTUwMTctMy4xMC4wLXJjNy0wMDU1MC1n
ZGM3MzA1Zi04Ci9rZXJuZWwvaTM4Ni1yYW5kY29uZmlnLXgxNS0wNjI1Lzk4NTA1ZmY5ZjJm
YTFhMWIzM2Q5MGQzOWFiNzZhNTRhM2IxODllZTIvZG1lc2cta3ZtLWxrcC1zYngwNC0yOTgz
My0yMDEzMDYyNjAxNTAxMS0zLjEwLjAtcmM3LTAwOTk4LWcwOWQxNDFlLTYKL2tlcm5lbC9p
Mzg2LXJhbmRjb25maWcteDE1LTA2MjUvOTg1MDVmZjlmMmZhMWExYjMzZDkwZDM5YWI3NmE1
NGEzYjE4OWVlMi9kbWVzZy1rdm0tbGtwLXNieDA0LTM4MTAxLTIwMTMwNjI2MDE1MDE2LTMu
MTAuMC1yYzYtMDAzNjgtZzk4NTA1ZmYtNjIKCkJpc2VjdGluZzogMTQgcmV2aXNpb25zIGxl
ZnQgdG8gdGVzdCBhZnRlciB0aGlzIChyb3VnaGx5IDQgc3RlcHMpCls0MTBjYTYwNTNlM2My
MTZiOGNhMGIwNWY0NWQ2Y2Q3NmIzMzRhNDU5XSBbbWVkaWFdIG1lZGlhOiBkYXZpbmNpOiB2
cGlmX2NhcHR1cmU6IG1vdmUgdGhlIGZyZWVpbmcgb2YgaXJxIGFuZCBnbG9iYWwgdmFyaWFi
bGVzIHRvIHJlbW92ZSgpCnJ1bm5pbmcgL2Mva2VybmVsLXRlc3RzL2Jpc2VjdC10ZXN0LWJv
b3QtZmFpbHVyZS5zaCAvaG9tZS93ZmcvbmV0L29iai1iaXNlY3QKbHMgLWEgL2tlcm5lbC10
ZXN0cy9ydW4tcXVldWUva3ZtL2kzODYtcmFuZGNvbmZpZy14MTUtMDYyNS9saW51eC1kZXZl
bDpkZXZlbC14aWFuLWkzODYtMjAxMzA2MjUxOTA1OjQxMGNhNjA1M2UzYzIxNmI4Y2EwYjA1
ZjQ1ZDZjZDc2YjMzNGE0NTk6YmlzZWN0LW5ldAoKMjAxMy0wNi0yNS0yMTo0Njo0OCA0MTBj
YTYwNTNlM2MyMTZiOGNhMGIwNWY0NWQ2Y2Q3NmIzMzRhNDU5IGNvbXBpbGluZwoxMjEgcmVh
bCAgODcgdXNlciAgMTAgc3lzICA4MC4zNiUgY3B1IAlpMzg2LXJhbmRjb25maWcteDE1LTA2
MjUKCjIwMTMtMDYtMjUtMjE6NDk6MjAgZGV0ZWN0aW5nIGJvb3Qgc3RhdGUgMy4xMC4wLXJj
Ni0wMDM1My1nNDEwY2E2MC4uLi4gVEVTVCBGQUlMVVJFClsgICAxMC45NTc0NDVdIGIyYzIt
ZmxleGNvcDogQjJDMiBGbGV4Y29wSUkvSUkoYikvSUlJIGRpZ2l0YWwgVFYgcmVjZWl2ZXIg
Y2hpcCBsb2FkZWQgc3VjY2Vzc2Z1bGx5ClsgICAxMC45NjI3MzNdIC0tLS0tLS0tLS0tLVsg
Y3V0IGhlcmUgXS0tLS0tLS0tLS0tLQpbICAgMTAuOTYzMzY1XSBXQVJOSU5HOiBhdCAvYy93
ZmcvbmV0L2RyaXZlcnMvbWVkaWEvdjRsMi1jb3JlL3Y0bDItZGV2LmM6Nzc1IF9fdmlkZW9f
cmVnaXN0ZXJfZGV2aWNlKzB4NmEzLzB4MTBkMCgpClsgICAxMC45NjQ2NjZdIENQVTogMCBQ
SUQ6IDEgQ29tbTogc3dhcHBlciBOb3QgdGFpbnRlZCAzLjEwLjAtcmM2LTAwMzUzLWc0MTBj
YTYwICM2MwpbICAgMTAuOTY1NjAwXSBIYXJkd2FyZSBuYW1lOiBCb2NocyBCb2NocywgQklP
UyBCb2NocyAwMS8wMS8yMDExClsgICAxMC45NzEzMjFdICAwMDAwMDAwMCA0ZDQ4NWRjMCA0
MzMzNDUwMSA0ZDQ4NWRlOCA0MTA3NzM2NyA0M2Q1NjRjYiA0M2ViMDZjYyAwMDAwMDMwNwpb
ICAgMTAuOTc1OTM1XSAgNDJhOGU0NDMgNDJhOGU0NDMgNDYxZjM3ZDggMDAwMDAwMDEgMDAw
MDAwMDAgNGQ0ODVkZjggNDEwNzc1MGUgMDAwMDAwMDlnX2V0aGVyIGdhZGdldDogaGlnaC1z
cGVlZCBjb25maWcgIzE6IENEQyBFdGhlcm5ldCAoRUVNKQova2VybmVsL2kzODYtcmFuZGNv
bmZpZy14MTUtMDYyNS80MTBjYTYwNTNlM2MyMTZiOGNhMGIwNWY0NWQ2Y2Q3NmIzMzRhNDU5
L2RtZXNnLWt2bS1sa3Atc2J4MDQtMzgxMDEtMjAxMzA2MjYwMTU0NDUtMy4xMC4wLXJjNi0w
MDM2OC1nOTg1MDVmZi02Mgova2VybmVsL2kzODYtcmFuZGNvbmZpZy14MTUtMDYyNS80MTBj
YTYwNTNlM2MyMTZiOGNhMGIwNWY0NWQ2Y2Q3NmIzMzRhNDU5L2RtZXNnLWt2bS1sa3Atc2J4
MDQtMzkyMTQtMjAxMzA2MjYwMTU0NDQtMy4xMC4wLXJjNy0wMDU1MC1nNmQ3ODM0Ni0yMAov
a2VybmVsL2kzODYtcmFuZGNvbmZpZy14MTUtMDYyNS80MTBjYTYwNTNlM2MyMTZiOGNhMGIw
NWY0NWQ2Y2Q3NmIzMzRhNDU5L2RtZXNnLWt2bS12cC0yMjA3Mi0yMDEzMDYyNTIxNTE0OC0t
Ci9rZXJuZWwvaTM4Ni1yYW5kY29uZmlnLXgxNS0wNjI1LzQxMGNhNjA1M2UzYzIxNmI4Y2Ew
YjA1ZjQ1ZDZjZDc2YjMzNGE0NTkvZG1lc2cta3ZtLXZwLTkwMTItMjAxMzA2MjUyMTUxNDgt
My4xMC4wLXJjNi0wMDM1My1nNDEwY2E2MC02Mwova2VybmVsL2kzODYtcmFuZGNvbmZpZy14
MTUtMDYyNS80MTBjYTYwNTNlM2MyMTZiOGNhMGIwNWY0NWQ2Y2Q3NmIzMzRhNDU5L2RtZXNn
LWt2bS1sa3Atc2J4MDQtNjU4Mi0yMDEzMDYyNjAxNTQ0NC0zLjEwLjAtcmM2LTAwMzUzLWc0
MTBjYTYwLTYzCi9rZXJuZWwvaTM4Ni1yYW5kY29uZmlnLXgxNS0wNjI1LzQxMGNhNjA1M2Uz
YzIxNmI4Y2EwYjA1ZjQ1ZDZjZDc2YjMzNGE0NTkvZG1lc2cta3ZtLWxrcC1zYngwNC0xMTgz
OC0yMDEzMDYyNjAxNTQ0NS0tCgpCaXNlY3Rpbmc6IDYgcmV2aXNpb25zIGxlZnQgdG8gdGVz
dCBhZnRlciB0aGlzIChyb3VnaGx5IDMgc3RlcHMpClsxYzFkODZhMWVhMDc1MDZjMDcwY2Zi
MjE3YTAwOWQ1Mzk5MGJkZWIwXSBbbWVkaWFdIHY0bDI6IGFsd2F5cyByZXF1aXJlIHY0bDJf
ZGV2LCByZW5hbWUgcGFyZW50IHRvIGRldl9wYXJlbnQKcnVubmluZyAvYy9rZXJuZWwtdGVz
dHMvYmlzZWN0LXRlc3QtYm9vdC1mYWlsdXJlLnNoIC9ob21lL3dmZy9uZXQvb2JqLWJpc2Vj
dApscyAtYSAva2VybmVsLXRlc3RzL3J1bi1xdWV1ZS9rdm0vaTM4Ni1yYW5kY29uZmlnLXgx
NS0wNjI1L2xpbnV4LWRldmVsOmRldmVsLXhpYW4taTM4Ni0yMDEzMDYyNTE5MDU6MWMxZDg2
YTFlYTA3NTA2YzA3MGNmYjIxN2EwMDlkNTM5OTBiZGViMDpiaXNlY3QtbmV0CgoyMDEzLTA2
LTI1LTIxOjUxOjI0IDFjMWQ4NmExZWEwNzUwNmMwNzBjZmIyMTdhMDA5ZDUzOTkwYmRlYjAg
Y29tcGlsaW5nCjE0NyByZWFsICA5MSB1c2VyICAxMCBzeXMgIDY5LjUwJSBjcHUgCWkzODYt
cmFuZGNvbmZpZy14MTUtMDYyNQoKMjAxMy0wNi0yNS0yMTo1NDo1MiBkZXRlY3RpbmcgYm9v
dCBzdGF0ZSAzLjEwLjAtcmM2LTAwMzQ2LWcxYzFkODZhLi4uIFRFU1QgRkFJTFVSRQpbICAg
MTAuNjMwOTA4XSBiMmMyLWZsZXhjb3A6IEIyQzIgRmxleGNvcElJL0lJKGIpL0lJSSBkaWdp
dGFsIFRWIHJlY2VpdmVyIGNoaXAgbG9hZGVkIHN1Y2Nlc3NmdWxseQpbICAgMTAuNjM0NDY5
XSAtLS0tLS0tLS0tLS1bIGN1dCBoZXJlIF0tLS0tLS0tLS0tLS0KWyAgIDEwLjYzNjE0MF0g
V0FSTklORzogYXQgL2Mvd2ZnL25ldC9kcml2ZXJzL21lZGlhL3Y0bDItY29yZS92NGwyLWRl
di5jOjc3NSBfX3ZpZGVvX3JlZ2lzdGVyX2RldmljZSsweDZhMy8weDEwZDAoKQpbICAgMTAu
NjM4Njk1XSBDUFU6IDAgUElEOiAxIENvbW06IHN3YXBwZXIgTm90IHRhaW50ZWQgMy4xMC4w
LXJjNi0wMDM0Ni1nMWMxZDg2YSAjNjQKWyAgIDEwLjY0MDcxNV0gSGFyZHdhcmUgbmFtZTog
Qm9jaHMgQm9jaHMsIEJJT1MgQm9jaHMgMDEvMDEvMjAxMQpbICAgMTAuNjQyNDU2XSAgMDAw
MDAwMDAgNGQ0ODVkYzAgNDMzMzQ0ZjEgNGQ0ODVkZTggNDEwNzczNjcgNDNkNTY0Y2IgNDNl
YjA2Y2MgMDAwMDAzMDcKWyAgIDEwLjY0NDY3OV0gIDQyYThlNDQzIDQyYThlNDQzIDQ2MWYy
OWQ4IDAwMDAwMDAxIDAwMDAwMDAwIDRkNDg1ZGY4IDQxMDc3NTBlIDAwMDAwMDA5ClsgICAx
MC42NDcxNzNdICAwMDAwMDAwMCA0ZDQ4NWUzMCA0MmE4ZTQ0MyA0M2UwMjEwZiA0ZDQ4NWUx
YyAwMDAwMDJiOCA0NjFmMjlkOCA0MmE4ZGEyYQpbICAgMTAuNjQ5MzEzXSBDYWxsIFRyYWNl
OgpbICAgMTAuNjQ5NjI5XSAgWzw0MzMzNDRmMT5dIGR1bXBfc3RhY2srMHgzMi8weDQyClsg
ICAxMC42NTIyMzNdICBbPDQxMDc3MzY3Pl0gd2Fybl9zbG93cGF0aF9jb21tb24rMHhiNy8w
eDEwMApbICAgMTAuNjUzMzY4XSB1c2IgMS0xOiBOZXcgVVNCIGRldmljZSBmb3VuZCwgaWRW
ZW5kb3I9MDUyNSwgaWRQcm9kdWN0PWE0YTIKWyAgIDEwLjY1NTIzNl0gdXNiIDEtMTogTmV3
IFVTQiBkZXZpY2Ugc3RyaW5nczogTWZyPTEsIFByb2R1Y3Q9MiwgU2VyaWFsTnVtYmVyPTAK
WyAgIDEwLjY1NzkyM10gdXNiIDEtMTogUHJvZHVjdDogUk5ESVMvRXRoZXJuZXQgR2FkZ2V0
ClsgICAxMC42NTg1NTNdIHVzYiAxLTE6IE1hbnVmYWN0dXJlcjogTGludXggMy4xMC4wLXJj
Ni0wMDM0Ni1nMWMxZDg2YSB3aXRoIGR1bW15X3VkYwpbICAgMTAuNjYyNjU2XSAgWzw0MmE4
ZTQ0Mz5dID8gX192aWRlb19yZWdpc3Rlcl9kZXZpY2UrMHg2YTMvMHgxMGQwClsgICAxMC42
NjU3MThdICBbPDQyYThlNDQzPl0gPyBfX3ZpZGVvX3JlZ2lzdGVyX2RldmljZSsweDZhMy8w
eDEwZDAKWyAgIDEwLjY2NjQ3NV0gIFs8NDEwNzc1MGU+XSB3YXJuX3Nsb3dwYXRoX251bGwr
MHgzZS8weDUwClsgICAxMC42NjcxNzNdICBbPDQyYThlNDQzPl0gX192aWRlb19yZWdpc3Rl
cl9kZXZpY2UrMHg2YTMvMHgxMGQwClsgICAxMC42Njc4NjRdICBbPDQyYThkYTJhPl0gPyB2
aWRlb19kZXZpY2VfYWxsb2MrMHgyYS8weDQwClsgICAxMC42Njg2NTJdICBbPDQyYjI5NGY3
Pl0gbTJtdGVzdF9wcm9iZSsweDE5Ny8weDQzMApbICAgMTAuNjY5MjY4XSAgWzw0MTM4OTU4
MD5dID8gc3lzZnNfZG9fY3JlYXRlX2xpbmsrMHhhMC8weGQwClsgICAxMC42Njk5MzhdICBb
PDQyMGE0YTlmPl0gcGxhdGZvcm1fZHJ2X3Byb2JlKzB4NGYvMHgxNTAKWyAgIDEwLjY3MDU4
OF0gIFs8NDIwYTEzMTI+XSBkcml2ZXJfcHJvYmVfZGV2aWNlKzB4MjUyLzB4NWIwClsgICAx
MC42NzEyNjVdICBbPDQzMzg3ZTY4Pl0gPyBtdXRleF9sb2NrX25lc3RlZCsweDY4LzB4ODAK
WyAgIDEwLjY3ODA3MV0gIFs8NDIwYTE3ZGY+XSBfX2RyaXZlcl9hdHRhY2grMHgxNmYvMHgx
YzAKWyAgIDEwLjY4MjMzNV0gIFs8NDIwYTE2NzA+XSA/IGRyaXZlcl9wcm9iZV9kZXZpY2Ur
MHg1YjAvMHg1YjAKWyAgIDEwLjY4MzI2MF0gZ19ldGhlciBnYWRnZXQ6IGhpZ2gtc3BlZWQg
Y29uZmlnICMxOiBDREMgRXRoZXJuZXQgKEVFTSkKWyAgIDEwLjY4NDA5M10gZ19ldGhlciBn
YWRnZXQ6IGluaXQgZWVtCi9rZXJuZWwvaTM4Ni1yYW5kY29uZmlnLXgxNS0wNjI1LzFjMWQ4
NmExZWEwNzUwNmMwNzBjZmIyMTdhMDA5ZDUzOTkwYmRlYjAvZG1lc2cta3ZtLWxrcC1zYngw
NC0yMzYxNS0yMDEzMDYyNjAxNTk1Ny0zLjEwLjAtcmM3LTAwNTUwLWdkYzczMDVmLTgKL2tl
cm5lbC9pMzg2LXJhbmRjb25maWcteDE1LTA2MjUvMWMxZDg2YTFlYTA3NTA2YzA3MGNmYjIx
N2EwMDlkNTM5OTBiZGViMC9kbWVzZy1rdm0tbGtwLXNieDA0LTc4MTctMjAxMzA2MjYwMjAw
MjMtLQoKQmlzZWN0aW5nOiAzIHJldmlzaW9ucyBsZWZ0IHRvIHRlc3QgYWZ0ZXIgdGhpcyAo
cm91Z2hseSAyIHN0ZXBzKQpbYTI4ZmJkMDRmYWNiZmZlOTM3NGYyNWMzYTE5YzU0Y2U0ZjE4
NjM2MV0gW21lZGlhXSBwdnJ1c2IyOiB1c2UgdjRsMl9kZXYgaW5zdGVhZCBvZiB0aGUgZGVw
cmVjYXRlZCBwYXJlbnQgZmllbGQKcnVubmluZyAvYy9rZXJuZWwtdGVzdHMvYmlzZWN0LXRl
c3QtYm9vdC1mYWlsdXJlLnNoIC9ob21lL3dmZy9uZXQvb2JqLWJpc2VjdApscyAtYSAva2Vy
bmVsLXRlc3RzL3J1bi1xdWV1ZS9rdm0vaTM4Ni1yYW5kY29uZmlnLXgxNS0wNjI1L2xpbnV4
LWRldmVsOmRldmVsLXhpYW4taTM4Ni0yMDEzMDYyNTE5MDU6YTI4ZmJkMDRmYWNiZmZlOTM3
NGYyNWMzYTE5YzU0Y2U0ZjE4NjM2MTpiaXNlY3QtbmV0CgoyMDEzLTA2LTI1LTIxOjU2OjI3
IGEyOGZiZDA0ZmFjYmZmZTkzNzRmMjVjM2ExOWM1NGNlNGYxODYzNjEgY29tcGlsaW5nCjEz
MyByZWFsICAyMTEgdXNlciAgMTcgc3lzICAxNzEuNzQlIGNwdSAJaTM4Ni1yYW5kY29uZmln
LXgxNS0wNjI1CgoyMDEzLTA2LTI1LTIyOjAxOjI2IGRldGVjdGluZyBib290IHN0YXRlIDMu
MTAuMC1yYzYtMDAzNDItZ2EyOGZiZDAuLgkyCTExCTE5CTI3CTI4CTMwIFNVQ0NFU1MKCkJp
c2VjdGluZzogMSByZXZpc2lvbiBsZWZ0IHRvIHRlc3QgYWZ0ZXIgdGhpcyAocm91Z2hseSAx
IHN0ZXApCls3YTg2OTY5YmQ2NWViN2YxOWVhMWMyODFjNjg2YTc1NDI5YmU5NTBhXSBbbWVk
aWFdIG9tYXAyNHh4Y2FtOiBhZGQgdjRsMl9kZXZpY2UgYW5kIHJlcGxhY2UgcGFyZW50IHdp
dGggdjRsMl9kZXYKcnVubmluZyAvYy9rZXJuZWwtdGVzdHMvYmlzZWN0LXRlc3QtYm9vdC1m
YWlsdXJlLnNoIC9ob21lL3dmZy9uZXQvb2JqLWJpc2VjdApscyAtYSAva2VybmVsLXRlc3Rz
L3J1bi1xdWV1ZS9rdm0vaTM4Ni1yYW5kY29uZmlnLXgxNS0wNjI1L2xpbnV4LWRldmVsOmRl
dmVsLXhpYW4taTM4Ni0yMDEzMDYyNTE5MDU6N2E4Njk2OWJkNjVlYjdmMTllYTFjMjgxYzY4
NmE3NTQyOWJlOTUwYTpiaXNlY3QtbmV0CgoyMDEzLTA2LTI1LTIyOjA1OjI5IDdhODY5Njli
ZDY1ZWI3ZjE5ZWExYzI4MWM2ODZhNzU0MjliZTk1MGEgY29tcGlsaW5nCjExNyByZWFsICA5
MyB1c2VyICAxMSBzeXMgIDg5LjIxJSBjcHUgCWkzODYtcmFuZGNvbmZpZy14MTUtMDYyNQoK
MjAxMy0wNi0yNS0yMjowODoxNiBkZXRlY3RpbmcgYm9vdCBzdGF0ZSAzLjEwLjAtcmM2LTAw
MzQ0LWc3YTg2OTY5Li4uCTcJMTEJMjUJMjgJMjkuLgkzMCBTVUNDRVNTCgpCaXNlY3Rpbmc6
IDAgcmV2aXNpb25zIGxlZnQgdG8gdGVzdCBhZnRlciB0aGlzIChyb3VnaGx5IDAgc3RlcHMp
CltkNDgxYzU4MWRmZTQzYmUxMWExNzcyOGI1Yzg0YzJkNGI1YmVlY2IyXSBbbWVkaWFdIHNh
YTcxMzQ6IHVzZSB2NGwyX2RldiBpbnN0ZWFkIG9mIHRoZSBkZXByZWNhdGVkIHBhcmVudCBm
aWVsZApydW5uaW5nIC9jL2tlcm5lbC10ZXN0cy9iaXNlY3QtdGVzdC1ib290LWZhaWx1cmUu
c2ggL2hvbWUvd2ZnL25ldC9vYmotYmlzZWN0CmxzIC1hIC9rZXJuZWwtdGVzdHMvcnVuLXF1
ZXVlL2t2bS9pMzg2LXJhbmRjb25maWcteDE1LTA2MjUvbGludXgtZGV2ZWw6ZGV2ZWwteGlh
bi1pMzg2LTIwMTMwNjI1MTkwNTpkNDgxYzU4MWRmZTQzYmUxMWExNzcyOGI1Yzg0YzJkNGI1
YmVlY2IyOmJpc2VjdC1uZXQKCjIwMTMtMDYtMjUtMjI6MTM6NTEgZDQ4MWM1ODFkZmU0M2Jl
MTFhMTc3MjhiNWM4NGMyZDRiNWJlZWNiMiBjb21waWxpbmcKNjAgcmVhbCAgODQgdXNlciAg
MTAgc3lzICAxNTguOTYlIGNwdSAJaTM4Ni1yYW5kY29uZmlnLXgxNS0wNjI1CgoyMDEzLTA2
LTI1LTIyOjE1OjAyIGRldGVjdGluZyBib290IHN0YXRlIDMuMTAuMC1yYzYtMDAzNDUtZ2Q0
ODFjNTguLgkyCTUJOAkxMgkyMAkyNAkzMCBTVUNDRVNTCgoxYzFkODZhMWVhMDc1MDZjMDcw
Y2ZiMjE3YTAwOWQ1Mzk5MGJkZWIwIGlzIHRoZSBmaXJzdCBiYWQgY29tbWl0CmNvbW1pdCAx
YzFkODZhMWVhMDc1MDZjMDcwY2ZiMjE3YTAwOWQ1Mzk5MGJkZWIwCkF1dGhvcjogSGFucyBW
ZXJrdWlsIDxoYW5zLnZlcmt1aWxAY2lzY28uY29tPgpEYXRlOiAgIFdlZCBKdW4gMTIgMTE6
MTU6MTIgMjAxMyAtMDMwMAoKICAgIFttZWRpYV0gdjRsMjogYWx3YXlzIHJlcXVpcmUgdjRs
Ml9kZXYsIHJlbmFtZSBwYXJlbnQgdG8gZGV2X3BhcmVudAogICAgCiAgICBUaGUgbGFzdCBz
ZXQgb2YgZHJpdmVycyBzdGlsbCB1c2luZyB0aGUgcGFyZW50IGZpZWxkIG9mIHZpZGVvX2Rl
dmljZSBpbnN0ZWFkCiAgICBvZiB0aGUgdjRsMl9kZXYgZmllbGQgaGF2ZSBiZWVuIGNvbnZl
cnRlZCwgc28gdjRsMl9kZXYgaXMgbm93IGFsd2F5cyBzZXQuCiAgICBBIHByb3BlciBwb2lu
dGVyIHRvIHY0bDJfZGV2IGlzIG5lY2Vzc2FyeSB0aGVzZSBkYXlzIG90aGVyd2lzZSB0aGUg
YWR2YW5jZWQKICAgIGRlYnVnZ2luZyBpb2N0bHMgd2lsbCBub3Qgd29yayB3aGVuIGFkZHJl
c3Npbmcgc3ViLWRldmljZXMuIEl0IGFsc28gZW5zdXJlcwogICAgdGhhdCB0aGUgY29yZSBj
YW4gYWx3YXlzIGdvIGZyb20gYSB2aWRlb19kZXZpY2Ugc3RydWN0IHRvIHRoZSB0b3AtbGV2
ZWwKICAgIHY0bDJfZGV2aWNlIHN0cnVjdC4KICAgIFRoZXJlIGlzIHN0aWxsIG9uZSBzaW5n
bGUgdXNlIGNhc2UgZm9yIHRoZSBwYXJlbnQgcG9pbnRlcjogaWYgdGhlcmUgYXJlCiAgICBt
dWx0aXBsZSBidXNzZXMsIGVhY2ggYmVpbmcgdGhlIHBhcmVudCBvZiBvbmUgb3IgbW9yZSB2
aWRlbyBub2RlcywgYW5kIGlmCiAgICB0aGV5IGFsbCBzaGFyZSB0aGUgc2FtZSB2NGwyX2Rl
dmljZSBzdHJ1Y3QuIEluIHRoYXQgY2FzZSBvbmUgc3RpbGwgbmVlZHMgYQogICAgcGFyZW50
IHBvaW50ZXIgc2luY2UgdGhlIHY0bDJfZGV2aWNlIHN0cnVjdCBjYW4gb25seSByZWZlciB0
byBhIHNpbmdsZQogICAgcGFyZW50IGRldmljZS4gVGhlIGN4ODggZHJpdmVyIGlzIG9uZSBz
dWNoIGNhc2UuIFVuZm9ydHVuYXRlbHksIHRoZSBjeDg4CiAgICBmYWlsZWQgdG8gc2V0IHRo
ZSBwYXJlbnQgcG9pbnRlciBzaW5jZSAzLjYuIFRoZSBuZXh0IHBhdGNoIHdpbGwgY29ycmVj
dCB0aGlzLgogICAgSW4gb3JkZXIgdG8gc3VwcG9ydCB0aGlzIHVzZS1jYXNlIHRoZSBwYXJl
bnQgcG9pbnRlciBpcyBvbmx5IHJlbmFtZWQgdG8KICAgIGRldl9wYXJlbnQsIG5vdCByZW1v
dmVkIGFsdG9nZXRoZXIuIEl0IGhhcyBiZWVuIHJlbmFtZWQgdG8gZW5zdXJlIHRoYXQgdGhl
CiAgICBjb21waWxlciB3aWxsIGNhdGNoIGFueSAocG9zc2libHkgb3V0LW9mLXRyZWUpIGRy
aXZlcnMgdGhhdCB3ZXJlIG1pc3NlZCBkdXJpbmcKICAgIHRoZSBjb252ZXJzaW9uLgogICAg
CiAgICBTaWduZWQtb2ZmLWJ5OiBIYW5zIFZlcmt1aWwgPGhhbnMudmVya3VpbEBjaXNjby5j
b20+CiAgICBBY2tlZC1ieTogU2FrYXJpIEFpbHVzIDxzYWthcmkuYWlsdXNAaWtpLmZpPgog
ICAgQWNrZWQtYnk6IExhdXJlbnQgUGluY2hhcnQgPGxhdXJlbnQucGluY2hhcnRAaWRlYXNv
bmJvYXJkLmNvbT4KICAgIFNpZ25lZC1vZmYtYnk6IE1hdXJvIENhcnZhbGhvIENoZWhhYiA8
bWNoZWhhYkByZWRoYXQuY29tPgoKOjA0MDAwMCAwNDAwMDAgZGU0YzNlYjA4YjVlYTUyY2Nj
ZGQ5MmMwNWMzMzczNTgzY2E0MTgwNyAxNTVhOTRjYjI0NjUzMTgxYWY5NzgyZTUyMjZhYTAx
NjNjYjZiNjk1IE0JZHJpdmVycwo6MDQwMDAwIDA0MDAwMCA2YmNiNjFkMjk3NThiNGUzYTlk
ODA0N2E2YzY2NGVjZjBiOTEyOWE5IDhlMmM2NDMxMDg5MzgzMDRjNTYxMGQwNmMyNzViMzJl
ZmEwY2JmOWYgTQlpbmNsdWRlCmJpc2VjdCBydW4gc3VjY2VzcwpscyAtYSAva2VybmVsLXRl
c3RzL3J1bi1xdWV1ZS9rdm0vaTM4Ni1yYW5kY29uZmlnLXgxNS0wNjI1L2xpbnV4LWRldmVs
OmRldmVsLXhpYW4taTM4Ni0yMDEzMDYyNTE5MDU6ZDQ4MWM1ODFkZmU0M2JlMTFhMTc3Mjhi
NWM4NGMyZDRiNWJlZWNiMjpiaXNlY3QtbmV0CgoyMDEzLTA2LTI1LTIyOjE5OjM1IGQ0ODFj
NTgxZGZlNDNiZTExYTE3NzI4YjVjODRjMmQ0YjViZWVjYjIgcmV1c2UgL2tlcm5lbC9pMzg2
LXJhbmRjb25maWcteDE1LTA2MjUvZDQ4MWM1ODFkZmU0M2JlMTFhMTc3MjhiNWM4NGMyZDRi
NWJlZWNiMi92bWxpbnV6LTMuMTAuMC1yYzYtMDAzNDUtZ2Q0ODFjNTgKCjIwMTMtMDYtMjUt
MjI6MTk6MzUgZGV0ZWN0aW5nIGJvb3Qgc3RhdGUgLi4uCTMyLgkzMwk0Mgk0Mwk0NQk1Mgk3
Mgk4Mgk5MCBTVUNDRVNTCgpscyAtYSAva2VybmVsLXRlc3RzL3J1bi1xdWV1ZS9rdm0vaTM4
Ni1yYW5kY29uZmlnLXgxNS0wNjI1L2xpbnV4LWRldmVsOmRldmVsLXhpYW4taTM4Ni0yMDEz
MDYyNTE5MDU6NGM1YzZmYzExZWUzMGRkZjQ3YzM3NzJmM2IxZWMzZjc2ZjBlMjQzNzpiaXNl
Y3QtbmV0CiBURVNUIEZBSUxVUkUKWyAgIDExLjE2OTMwM10gYjJjMi1mbGV4Y29wOiBCMkMy
IEZsZXhjb3BJSS9JSShiKS9JSUkgZGlnaXRhbCBUViByZWNlaXZlciBjaGlwIGxvYWRlZCBz
dWNjZXNzZnVsbHkKWyAgIDExLjE3MDkyOV0gLS0tLS0tLS0tLS0tWyBjdXQgaGVyZSBdLS0t
LS0tLS0tLS0tClsgICAxMS4xNzE2MDhdIFdBUk5JTkc6IGF0IC9jL2tlcm5lbC10ZXN0cy9z
cmMvbGludXgvZHJpdmVycy9tZWRpYS92NGwyLWNvcmUvdjRsMi1kZXYuYzo3NzUgX192aWRl
b19yZWdpc3Rlcl9kZXZpY2UrMHg2YTMvMHgxMGQwKCkKWyAgIDExLjE3MzEyNl0gQ1BVOiAw
IFBJRDogMSBDb21tOiBzd2FwcGVyIE5vdCB0YWludGVkIDMuMTAuMC1yYzctMDA5MjUtZzRj
NWM2ZmMgIzYKWyAgIDExLjE3NDExMl0gSGFyZHdhcmUgbmFtZTogQm9jaHMgQm9jaHMsIEJJ
T1MgQm9jaHMgMDEvMDEvMjAxMQpbICAgMTEuMTc0ODg1XSAgMDAwMDAwMDAgNGQ0ODVkYzAg
NDMzM2ZmMjEgNGQ0ODVkZTggNDEwNzcyZjcgNDNkNmUzYTUgNDNlZTU5ZDQgMDAwMDAzMDcK
WyAgIDExLjE3NjA5Nl0gIDQyYTk4MjczIDQyYTk4MjczIDQ2MjAwYmQ4IDAwMDAwMDAxIDAw
MDAwMDAwIDRkNDg1ZGY4IDQxMDc3NDllIDAwMDAwMDA5ClsgICAxMS4xNzc0MTddICAwMDAw
MDAwMCA0ZDQ4NWUzMCA0MmE5ODI3MyA0M2UyNWNjYSA0ZDQ4NWUxYyAwMDAwMDJiOCA0NjIw
MGJkOCA0MmE5Nzg1YQpbICAgMTEuMTc4NjMzXSBDYWxsIFRyYWNlOgpbICAgMTEuMTc4OTg5
XSAgWzw0MzMzZmYyMT5dIGR1bXBfc3RhY2srMHgzMi8weDQyClsgICAxMS4xNzk2MDldICBb
PDQxMDc3MmY3Pl0gd2Fybl9zbG93cGF0aF9jb21tb24rMHhiNy8weDEwMApbICAgMTEuMTgw
MzMzXSAgWzw0MmE5ODI3Mz5dID8gX192aWRlb19yZWdpc3Rlcl9kZXZpY2UrMHg2YTMvMHgx
MGQwClsgICAxMS4xODExMzhdICBbPDQyYTk4MjczPl0gPyBfX3ZpZGVvX3JlZ2lzdGVyX2Rl
dmljZSsweDZhMy8weDEwZDAKWyAgIDExLjE4MTk0Nl0gIFs8NDEwNzc0OWU+XSB3YXJuX3Ns
b3dwYXRoX251bGwrMHgzZS8weDUwClsgICAxMS4xODI2NDVdICBbPDQyYTk4MjczPl0gX192
aWRlb19yZWdpc3Rlcl9kZXZpY2UrMHg2YTMvMHgxMGQwClsgICAxMS4xODM0MjFdICBbPDQy
YTk3ODVhPl0gPyB2aWRlb19kZXZpY2VfYWxsb2MrMHgyYS8weDQwClsgICAxMS4xODQxNDRd
ICBbPDQyYjM1MTE3Pl0gbTJtdGVzdF9wcm9iZSsweDE5Ny8weDQzMApbICAgMTEuMTg0ODIw
XSAgWzw0MTM4OWQxMD5dID8gc3lzZnNfZG9fY3JlYXRlX2xpbmsrMHhhMC8weGQwClsgICAx
MS4xODU1NzBdICBbPDQyMGE1NDlmPl0gcGxhdGZvcm1fZHJ2X3Byb2JlKzB4NGYvMHgxNTAK
WyAgIDExLjE4NjI3MV0gIFs8NDIwYTFkMTI+XSBkcml2ZXJfcHJvYmVfZGV2aWNlKzB4MjUy
LzB4NWIwClsgICAxMS4xODcxMjddICBbPDQzMzk1MDE4Pl0gPyBtdXRleF9sb2NrX25lc3Rl
ZCsweDY4LzB4ODAKWyAgIDExLjE4NzgzOF0gIFs8NDIwYTIxZGY+XSBfX2RyaXZlcl9hdHRh
Y2grMHgxNmYvMHgxYzAKWyAgIDExLjE4ODUyMl0gIFs8NDIwYTIwNzA+XSA/IGRyaXZlcl9w
cm9iZV9kZXZpY2UrMHg1YjAvMHg1YjAKWyAgIDExLjE4OTI2OV0gIFs8NDIwOWQ3YTQ+XSBi
dXNfZm9yX2VhY2hfZGV2KzB4ZTQvMHgxNzAKWyAgIDExLjE4OTk1Ml0gIFs8NDIwYTE0MmM+
XSBkcml2ZXJfYXR0YWNoKzB4MmMvMHg0MApbICAgMTEuMTkwNTkyXSAgWzw0MjBhMjA3MD5d
ID8gZHJpdmVyX3Byb2JlX2RldmljZSsweDViMC8weDViMApbICAgMTEuMTkxMzQ0XSAgWzw0
MjA5ZjAyOD5dIGJ1c19hZGRfZHJpdmVyKzB4M2Y4LzB4NjYwClsgICAxMS4xOTIwMTZdICBb
PDQyMGEzNTc1Pl0gZHJpdmVyX3JlZ2lzdGVyKzB4MTI1LzB4NDkwClsgICAxMS4xOTI3MDBd
ICBbPDQyMGE2YmMwPl0gcGxhdGZvcm1fZHJpdmVyX3JlZ2lzdGVyKzB4YzAvMHhkMApbICAg
MTEuMTkzNDg5XSAgWzw0NDkyOGQzOT5dIG0ybXRlc3RfaW5pdCsweDVmLzB4YjUKWyAgIDEx
LjE5NDExNF0gIFs8NDQ5MjhjZGE+XSA/IHNtc2R2Yl9tb2R1bGVfaW5pdCsweGJkLzB4YmQK
WyAgIDExLjE5NDgzN10gIFs8NDQ4ODJhOTM+XSBkb19vbmVfaW5pdGNhbGwrMHgxMGEvMHgy
Y2UKWyAgIDExLjE5NTUxOV0gIFs8NDQ4ODJlOWE+XSBrZXJuZWxfaW5pdF9mcmVlYWJsZSsw
eDI0My8weDQwYQpbICAgMTEuMTk2MjUzXSAgWzw0NDg4MTdmMz5dID8gZG9fZWFybHlfcGFy
YW0rMHgxNmYvMHgxNmYKWyAgIDExLjE5NzAwMl0gZHVtbXlfdWRjIGR1bW15X3VkYy4wOiBz
ZXRfYWRkcmVzcyA9IDIKWyAgIDExLjE5NzcyN10gIFs8NDMyZTVkN2U+XSBrZXJuZWxfaW5p
dCsweDFlLzB4MzIwClsgICAxMS4xOTgzNTddICBbPDQzMzllZGQ3Pl0gcmV0X2Zyb21fa2Vy
bmVsX3RocmVhZCsweDFiLzB4MjgKWyAgIDExLjE5OTEwMV0gIFs8NDMyZTVkNjA+XSA/IHJl
c3RfaW5pdCsweDMzMC8weDMzMApbICAgMTEuMTk5ODAyXSAtLS1bIGVuZCB0cmFjZSA0YmYy
YTk5MTNmNmY0Yzk0IF0tLS0KL2tlcm5lbC9pMzg2LXJhbmRjb25maWcteDE1LTA2MjUvNGM1
YzZmYzExZWUzMGRkZjQ3YzM3NzJmM2IxZWMzZjc2ZjBlMjQzNy9kbWVzZy1rdm0tYmF5LTE3
NDE1LTIwMTMwNjI1MjA1NzUxLTMuMTAuMC1yYzctMDA5MjUtZzRjNWM2ZmMtNgova2VybmVs
L2kzODYtcmFuZGNvbmZpZy14MTUtMDYyNS80YzVjNmZjMTFlZTMwZGRmNDdjMzc3MmYzYjFl
YzNmNzZmMGUyNDM3L2RtZXNnLWt2bS1jYWlyby0xNzAxNy0yMDEzMDYyNTIwMjMzNi0tCi9r
ZXJuZWwvaTM4Ni1yYW5kY29uZmlnLXgxNS0wNjI1LzRjNWM2ZmMxMWVlMzBkZGY0N2MzNzcy
ZjNiMWVjM2Y3NmYwZTI0MzcvZG1lc2cta3ZtLWNhaXJvLTE5NDQ5LTIwMTMwNjI1MjAyMzQ2
LTMuMTAuMC1yYzctMDA5MjUtZzRjNWM2ZmMtNgova2VybmVsL2kzODYtcmFuZGNvbmZpZy14
MTUtMDYyNS80YzVjNmZjMTFlZTMwZGRmNDdjMzc3MmYzYjFlYzNmNzZmMGUyNDM3L2RtZXNn
LWt2bS1jYWlyby0yMTMxNC0yMDEzMDYyNTIwMjMzNi0zLjEwLjAtcmM3LTAwOTI1LWc0YzVj
NmZjLTYKL2tlcm5lbC9pMzg2LXJhbmRjb25maWcteDE1LTA2MjUvNGM1YzZmYzExZWUzMGRk
ZjQ3YzM3NzJmM2IxZWMzZjc2ZjBlMjQzNy9kbWVzZy1rdm0tY2Fpcm8tMjcxMjMtMjAxMzA2
MjUyMDIzNTAtMy4xMC4wLXJjNy0wMDkyNS1nNGM1YzZmYy02Ci9rZXJuZWwvaTM4Ni1yYW5k
Y29uZmlnLXgxNS0wNjI1LzRjNWM2ZmMxMWVlMzBkZGY0N2MzNzcyZjNiMWVjM2Y3NmYwZTI0
MzcvZG1lc2cta3ZtLWNhaXJvLTI3ODAyLTIwMTMwNjI1MjAyMzUwLTMuMTAuMC1yYzctMDAz
NjctZ2IyZTBiM2MtOAova2VybmVsL2kzODYtcmFuZGNvbmZpZy14MTUtMDYyNS80YzVjNmZj
MTFlZTMwZGRmNDdjMzc3MmYzYjFlYzNmNzZmMGUyNDM3L2RtZXNnLWt2bS1jYWlyby0zNjE0
OS0yMDEzMDYyNTIwMjMzNi0zLjEwLjAtcmM3LTAwMzY3LWdiMmUwYjNjLTgKL2tlcm5lbC9p
Mzg2LXJhbmRjb25maWcteDE1LTA2MjUvNGM1YzZmYzExZWUzMGRkZjQ3YzM3NzJmM2IxZWMz
Zjc2ZjBlMjQzNy9kbWVzZy1rdm0tbGtwLXNieDA0LTEwOTY1LTIwMTMwNjI2MDA1OTM1LTMu
MTAuMC1yYzUtMDAwNzctZ2FkNDJmYzYtMTgKL2tlcm5lbC9pMzg2LXJhbmRjb25maWcteDE1
LTA2MjUvNGM1YzZmYzExZWUzMGRkZjQ3YzM3NzJmM2IxZWMzZjc2ZjBlMjQzNy9kbWVzZy1r
dm0tbGtwLXNieDA0LTExNDQ5LTIwMTMwNjI2MDA1OTM5LTMuMTAuMC1yYzUtMDAwNzctZ2Fk
NDJmYzYtMTcKL2tlcm5lbC9pMzg2LXJhbmRjb25maWcteDE1LTA2MjUvNGM1YzZmYzExZWUz
MGRkZjQ3YzM3NzJmM2IxZWMzZjc2ZjBlMjQzNy9kbWVzZy1rdm0tbGtwLXNieDA0LTExNDQ5
LTIwMTMwNjI2MDEwMDM1LTMuMTAuMC1yYzUtMDAwNzctZ2FkNDJmYzYtMTcKL2tlcm5lbC9p
Mzg2LXJhbmRjb25maWcteDE1LTA2MjUvNGM1YzZmYzExZWUzMGRkZjQ3YzM3NzJmM2IxZWMz
Zjc2ZjBlMjQzNy9kbWVzZy1rdm0tbGtwLXNieDA0LTExNjctMjAxMzA2MjYwMDU5NDgtLQov
a2VybmVsL2kzODYtcmFuZGNvbmZpZy14MTUtMDYyNS80YzVjNmZjMTFlZTMwZGRmNDdjMzc3
MmYzYjFlYzNmNzZmMGUyNDM3L2RtZXNnLWt2bS1sa3Atc2J4MDQtMTE4MzgtMjAxMzA2MjYw
MTAwNDctLQova2VybmVsL2kzODYtcmFuZGNvbmZpZy14MTUtMDYyNS80YzVjNmZjMTFlZTMw
ZGRmNDdjMzc3MmYzYjFlYzNmNzZmMGUyNDM3L2RtZXNnLWt2bS1sa3Atc2J4MDQtMTQ2MTct
MjAxMzA2MjYwMDU5NDgtLQova2VybmVsL2kzODYtcmFuZGNvbmZpZy14MTUtMDYyNS80YzVj
NmZjMTFlZTMwZGRmNDdjMzc3MmYzYjFlYzNmNzZmMGUyNDM3L2RtZXNnLWt2bS1sa3Atc2J4
MDQtMjkxNjQtMjAxMzA2MjYwMDU5NDktLQova2VybmVsL2kzODYtcmFuZGNvbmZpZy14MTUt
MDYyNS80YzVjNmZjMTFlZTMwZGRmNDdjMzc3MmYzYjFlYzNmNzZmMGUyNDM3L2RtZXNnLWt2
bS1sa3Atc2J4MDQtMzcwNjYtMjAxMzA2MjYwMTAwMjYtLQova2VybmVsL2kzODYtcmFuZGNv
bmZpZy14MTUtMDYyNS80YzVjNmZjMTFlZTMwZGRmNDdjMzc3MmYzYjFlYzNmNzZmMGUyNDM3
L2RtZXNnLWt2bS1sa3Atc2J4MDQtMzkyMTQtMjAxMzA2MjYwMTAwMjgtLQova2VybmVsL2kz
ODYtcmFuZGNvbmZpZy14MTUtMDYyNS80YzVjNmZjMTFlZTMwZGRmNDdjMzc3MmYzYjFlYzNm
NzZmMGUyNDM3L2RtZXNnLWt2bS1sa3Atc2J4MDQtNDE5MzktMjAxMzA2MjYwMDU5MjQtMy4x
MC4wLXJjNy0wMDkyNS1nNGM1YzZmYy02Ci9rZXJuZWwvaTM4Ni1yYW5kY29uZmlnLXgxNS0w
NjI1LzRjNWM2ZmMxMWVlMzBkZGY0N2MzNzcyZjNiMWVjM2Y3NmYwZTI0MzcvZG1lc2cta3Zt
LWxrcC1zYngwNC00NDUwOC0yMDEzMDYyNjAxMDAzNS0tCi9rZXJuZWwvaTM4Ni1yYW5kY29u
ZmlnLXgxNS0wNjI1LzRjNWM2ZmMxMWVlMzBkZGY0N2MzNzcyZjNiMWVjM2Y3NmYwZTI0Mzcv
ZG1lc2cta3ZtLWxrcC1zYngwNC00NTAxMy0yMDEzMDYyNjAxMDA0MC0tCi9rZXJuZWwvaTM4
Ni1yYW5kY29uZmlnLXgxNS0wNjI1LzRjNWM2ZmMxMWVlMzBkZGY0N2MzNzcyZjNiMWVjM2Y3
NmYwZTI0MzcvZG1lc2cta3ZtLWxrcC1zYngwNC01MTIzNy0yMDEzMDYyNjAxMDA0Mi0tCi9r
ZXJuZWwvaTM4Ni1yYW5kY29uZmlnLXgxNS0wNjI1LzRjNWM2ZmMxMWVlMzBkZGY0N2MzNzcy
ZjNiMWVjM2Y3NmYwZTI0MzcvZG1lc2cta3ZtLWxrcC1zYngwNC01MjI2LTIwMTMwNjI2MDAy
NzAxLTMuMTAuMC1yYzctMDA1NjgtZ2U5ZTRmYjEtMTQKL2tlcm5lbC9pMzg2LXJhbmRjb25m
aWcteDE1LTA2MjUvNGM1YzZmYzExZWUzMGRkZjQ3YzM3NzJmM2IxZWMzZjc2ZjBlMjQzNy9k
bWVzZy1rdm0tbGtwLXNieDA0LTU0MTYyLTIwMTMwNjI2MDA1OTMyLS0KL2tlcm5lbC9pMzg2
LXJhbmRjb25maWcteDE1LTA2MjUvNGM1YzZmYzExZWUzMGRkZjQ3YzM3NzJmM2IxZWMzZjc2
ZjBlMjQzNy9kbWVzZy1rdm0tbGtwLXNieDA0LTU3NjU5LTIwMTMwNjI2MDAyNjU2LTMuMTAu
MC1yYzctMDA5MjUtZzRjNWM2ZmMtNgova2VybmVsL2kzODYtcmFuZGNvbmZpZy14MTUtMDYy
NS80YzVjNmZjMTFlZTMwZGRmNDdjMzc3MmYzYjFlYzNmNzZmMGUyNDM3L2RtZXNnLWt2bS1s
a3Atc2J4MDQtNjA3NjEtMjAxMzA2MjYwMDU5MzEtLQova2VybmVsL2kzODYtcmFuZGNvbmZp
Zy14MTUtMDYyNS80YzVjNmZjMTFlZTMwZGRmNDdjMzc3MmYzYjFlYzNmNzZmMGUyNDM3L2Rt
ZXNnLWt2bS1sa3Atc2J4MDQtNjIyNy0yMDEzMDYyNjAxMDAzMi0tCi9rZXJuZWwvaTM4Ni1y
YW5kY29uZmlnLXgxNS0wNjI1LzRjNWM2ZmMxMWVlMzBkZGY0N2MzNzcyZjNiMWVjM2Y3NmYw
ZTI0MzcvZG1lc2cta3ZtLWxrcC1zYngwNC02OTcwLTIwMTMwNjI2MDEwMDQxLS0KL2tlcm5l
bC9pMzg2LXJhbmRjb25maWcteDE1LTA2MjUvNGM1YzZmYzExZWUzMGRkZjQ3YzM3NzJmM2Ix
ZWMzZjc2ZjBlMjQzNy9kbWVzZy1rdm0tbGtwLXNieDA0LTkyMTItMjAxMzA2MjYwMDI2NTYt
My4xMC4wLXJjNy0wMDU3NS1nZTliZDdkMC04Ci9rZXJuZWwvaTM4Ni1yYW5kY29uZmlnLXgx
NS0wNjI1LzRjNWM2ZmMxMWVlMzBkZGY0N2MzNzcyZjNiMWVjM2Y3NmYwZTI0MzcvZG1lc2ct
a3ZtLXJvYW0tMTk0MjgtMjAxMzA2MjUyMDU0MTAtMy4xMC4wLXJjNy0wMDkyNS1nNGM1YzZm
Yy02Ci9rZXJuZWwvaTM4Ni1yYW5kY29uZmlnLXgxNS0wNjI1LzRjNWM2ZmMxMWVlMzBkZGY0
N2MzNzcyZjNiMWVjM2Y3NmYwZTI0MzcvZG1lc2cta3ZtLXJvYW0tNjA4LTIwMTMwNjI1MjA1
NDIxLTMuOS4wLXJjNC0wMDIyNy1nNjdlMTdjMS02MgoKW2RldGFjaGVkIEhFQUQgM2YwMjk2
Ml0gUmV2ZXJ0ICJbbWVkaWFdIHY0bDI6IGFsd2F5cyByZXF1aXJlIHY0bDJfZGV2LCByZW5h
bWUgcGFyZW50IHRvIGRldl9wYXJlbnQiCiAzIGZpbGVzIGNoYW5nZWQsIDI3IGluc2VydGlv
bnMoKyksIDE4IGRlbGV0aW9ucygtKQpscyAtYSAva2VybmVsLXRlc3RzL3J1bi1xdWV1ZS9r
dm0vaTM4Ni1yYW5kY29uZmlnLXgxNS0wNjI1L2xpbnV4LWRldmVsOmRldmVsLXhpYW4taTM4
Ni0yMDEzMDYyNTE5MDU6M2YwMjk2Mjk1MWQxYTY3ZGNjYWU2OWJkYjM2NDUzMjU5OTk1ODc0
YjpiaXNlY3QtbmV0CgoyMDEzLTA2LTI1LTIyOjI2OjE1IDNmMDI5NjI5NTFkMWE2N2RjY2Fl
NjliZGIzNjQ1MzI1OTk5NTg3NGIgY29tcGlsaW5nCjIwMTMtMDYtMjUtMjI6MzE6MjQgM2Yw
Mjk2Mjk1MWQxYTY3ZGNjYWU2OWJkYjM2NDUzMjU5OTk1ODc0YiBTS0lQIEJST0tFTiBCVUlM
RApDaGVjayBlcnJvcyBpbiAvY2Mvd2ZnL25ldC1iaXNlY3QgYW5kIC90bXAva2VybmVsL2kz
ODYtcmFuZGNvbmZpZy14MTUtMDYyNS8zZjAyOTYyOTUxZDFhNjdkY2NhZTY5YmRiMzY0NTMy
NTk5OTU4NzRiCgo9PT09PT09PT0gdXBzdHJlYW0gPT09PT09PT09CkZldGNoaW5nIGxpbnVz
CmxzIC1hIC9rZXJuZWwtdGVzdHMvcnVuLXF1ZXVlL2t2bS9pMzg2LXJhbmRjb25maWcteDE1
LTA2MjUvbGludXgtZGV2ZWw6ZGV2ZWwteGlhbi1pMzg2LTIwMTMwNjI1MTkwNTpmOTdmN2Qy
ZDI3YmYwOTJiNDBiYWJkYTlkZWQyOWNjODVjZjc3ZWVjOmJpc2VjdC1uZXQKCjIwMTMtMDYt
MjUtMjI6MzE6MzUgZjk3ZjdkMmQyN2JmMDkyYjQwYmFiZGE5ZGVkMjljYzg1Y2Y3N2VlYyBj
b21waWxpbmcKCjIwMTMtMDYtMjUtMjI6MzM6NTAgZGV0ZWN0aW5nIGJvb3Qgc3RhdGUgMy4x
MC4wLXJjNy0wMDAxNC1nZjk3ZjdkMi4uCTEJMTUJMjEJMjcJMzMJMzkJNDMJNTAJNTYJNjEJ
NjcuCTc2CTgxCTg1CTg5Li4uLi4uLi4uLi4uLi4uLi4uLi4uLi4uLi4uLi4uLi4uLi4uLi4u
Li4uLi4uLi4uLi4uLi4uLi4JOTAgU1VDQ0VTUwoKCj09PT09PT09PSBsaW51eC1uZXh0ID09
PT09PT09PQpGZXRjaGluZyBuZXh0CmxzIC1hIC9rZXJuZWwtdGVzdHMvcnVuLXF1ZXVlL2t2
bS9pMzg2LXJhbmRjb25maWcteDE1LTA2MjUvbGludXgtZGV2ZWw6ZGV2ZWwteGlhbi1pMzg2
LTIwMTMwNjI1MTkwNTpjMGE0YjkzM2FhNmZiOGJkYzIxY2I4NTQ2MzNlYTA3Nzc5Y2RhMmIx
OmJpc2VjdC1uZXQKCjIwMTMtMDYtMjUtMjM6MTE6MzMgYzBhNGI5MzNhYTZmYjhiZGMyMWNi
ODU0NjMzZWEwNzc3OWNkYTJiMSBjb21waWxpbmcKCjIwMTMtMDYtMjUtMjM6MjE6MjQgZGV0
ZWN0aW5nIGJvb3Qgc3RhdGUgMy4xMC4wLXJjNy1uZXh0LTIwMTMwNjI1LTA4NTk0LWdjMGE0
YjkzLi4uCTIJNQkxMQkyMAkyNgkzMwkzNQk0NQk0OAk1Nwk2MQk2Nwk2OAk2OQk3Mgk3NAk3
Ngk3Nwk4Mgk4NQk4Ny4uLi4uLi4uLi4uLi4uLi4uLi4uLi4uLi4uLi4uLi4uLi4uLi4uLi4u
Li4uLi4uLi4uLi4uLi4uLi4uLi4uLi4uLi4uLi4uLi4uLi4uLi4uLi4uLi4uLi4uLi4uLi4u
Li4uLi4uLi4uLi4uLi4uLi4uLi4uLi4uLi4uLi4uLi4uLi4uLi4uLi4uLi4uLi4uLi4uLi4u
Li4uLi4uLi4uLi4uLi4uLi4uLi4uLi4uLi4uLi4uLi4uLi4uLi4uLi4uLi4uLi4uLi4uLi4u
Li4uLi4uLi4uLi4uLi4uLi4uLi4uLi4uLi4uLi4uLi4uLi4uLi4uLi4uLi4uLi4uLi4uLi4u
Li4uLi4uLi4uLi4uLi4uLi4uLi4uLi4uLi4uLi4uLi4uLi4uLi4uLi4uLi4bWzE7MzVtYWRk
X3RvX3J1bl9xdWV1ZSAzG1swbQouLgk4OC4JODkJOTAgU1VDQ0VTUwoK

--i0/AhcQY5QxfSsSZ
Content-Type: text/plain; charset=us-ascii
Content-Disposition: attachment; filename=".config-bisect"

#
# Automatically generated file; DO NOT EDIT.
# Linux/i386 3.10.0-rc7 Kernel Configuration
#
# CONFIG_64BIT is not set
CONFIG_X86_32=y
CONFIG_X86=y
CONFIG_INSTRUCTION_DECODER=y
CONFIG_OUTPUT_FORMAT="elf32-i386"
CONFIG_ARCH_DEFCONFIG="arch/x86/configs/i386_defconfig"
CONFIG_LOCKDEP_SUPPORT=y
CONFIG_STACKTRACE_SUPPORT=y
CONFIG_HAVE_LATENCYTOP_SUPPORT=y
CONFIG_MMU=y
CONFIG_NEED_SG_DMA_LENGTH=y
CONFIG_GENERIC_ISA_DMA=y
CONFIG_GENERIC_BUG=y
CONFIG_GENERIC_HWEIGHT=y
CONFIG_ARCH_MAY_HAVE_PC_FDC=y
CONFIG_RWSEM_XCHGADD_ALGORITHM=y
CONFIG_GENERIC_CALIBRATE_DELAY=y
CONFIG_ARCH_HAS_CPU_RELAX=y
CONFIG_ARCH_HAS_CACHE_LINE_SIZE=y
CONFIG_ARCH_HAS_CPU_AUTOPROBE=y
CONFIG_HAVE_SETUP_PER_CPU_AREA=y
CONFIG_NEED_PER_CPU_EMBED_FIRST_CHUNK=y
CONFIG_NEED_PER_CPU_PAGE_FIRST_CHUNK=y
CONFIG_ARCH_HIBERNATION_POSSIBLE=y
CONFIG_ARCH_SUSPEND_POSSIBLE=y
# CONFIG_ZONE_DMA32 is not set
# CONFIG_AUDIT_ARCH is not set
CONFIG_ARCH_SUPPORTS_OPTIMIZED_INLINING=y
CONFIG_ARCH_SUPPORTS_DEBUG_PAGEALLOC=y
CONFIG_ARCH_HWEIGHT_CFLAGS="-fcall-saved-ecx -fcall-saved-edx"
CONFIG_ARCH_SUPPORTS_UPROBES=y
CONFIG_DEFCONFIG_LIST="/lib/modules/$UNAME_RELEASE/.config"
CONFIG_CONSTRUCTORS=y
CONFIG_IRQ_WORK=y
CONFIG_BUILDTIME_EXTABLE_SORT=y

#
# General setup
#
CONFIG_BROKEN_ON_SMP=y
CONFIG_INIT_ENV_ARG_LIMIT=32
CONFIG_CROSS_COMPILE=""
CONFIG_LOCALVERSION=""
CONFIG_LOCALVERSION_AUTO=y
CONFIG_HAVE_KERNEL_GZIP=y
CONFIG_HAVE_KERNEL_BZIP2=y
CONFIG_HAVE_KERNEL_LZMA=y
CONFIG_HAVE_KERNEL_XZ=y
CONFIG_HAVE_KERNEL_LZO=y
# CONFIG_KERNEL_GZIP is not set
CONFIG_KERNEL_BZIP2=y
# CONFIG_KERNEL_LZMA is not set
# CONFIG_KERNEL_XZ is not set
# CONFIG_KERNEL_LZO is not set
CONFIG_DEFAULT_HOSTNAME="(none)"
# CONFIG_SWAP is not set
# CONFIG_SYSVIPC is not set
# CONFIG_POSIX_MQUEUE is not set
# CONFIG_FHANDLE is not set
CONFIG_AUDIT=y
# CONFIG_AUDITSYSCALL is not set
# CONFIG_AUDIT_LOGINUID_IMMUTABLE is not set
CONFIG_HAVE_GENERIC_HARDIRQS=y

#
# IRQ subsystem
#
CONFIG_GENERIC_HARDIRQS=y
CONFIG_GENERIC_IRQ_PROBE=y
CONFIG_GENERIC_IRQ_SHOW=y
CONFIG_GENERIC_IRQ_CHIP=y
CONFIG_IRQ_DOMAIN=y
# CONFIG_IRQ_DOMAIN_DEBUG is not set
CONFIG_IRQ_FORCED_THREADING=y
CONFIG_SPARSE_IRQ=y
CONFIG_CLOCKSOURCE_WATCHDOG=y
CONFIG_KTIME_SCALAR=y
CONFIG_GENERIC_CLOCKEVENTS=y
CONFIG_GENERIC_CLOCKEVENTS_BUILD=y
CONFIG_GENERIC_CLOCKEVENTS_MIN_ADJUST=y
CONFIG_GENERIC_CMOS_UPDATE=y

#
# Timers subsystem
#
CONFIG_HZ_PERIODIC=y
# CONFIG_NO_HZ_IDLE is not set
# CONFIG_NO_HZ is not set
# CONFIG_HIGH_RES_TIMERS is not set

#
# CPU/Task time and stats accounting
#
CONFIG_TICK_CPU_ACCOUNTING=y
# CONFIG_IRQ_TIME_ACCOUNTING is not set
CONFIG_BSD_PROCESS_ACCT=y
CONFIG_BSD_PROCESS_ACCT_V3=y
CONFIG_TASKSTATS=y
CONFIG_TASK_DELAY_ACCT=y
CONFIG_TASK_XACCT=y
CONFIG_TASK_IO_ACCOUNTING=y

#
# RCU Subsystem
#
# CONFIG_TREE_PREEMPT_RCU is not set
CONFIG_TINY_PREEMPT_RCU=y
CONFIG_PREEMPT_RCU=y
CONFIG_RCU_STALL_COMMON=y
# CONFIG_TREE_RCU_TRACE is not set
CONFIG_RCU_BOOST=y
CONFIG_RCU_BOOST_PRIO=1
CONFIG_RCU_BOOST_DELAY=500
CONFIG_IKCONFIG=y
# CONFIG_IKCONFIG_PROC is not set
CONFIG_LOG_BUF_SHIFT=17
CONFIG_HAVE_UNSTABLE_SCHED_CLOCK=y
CONFIG_ARCH_SUPPORTS_NUMA_BALANCING=y
CONFIG_ARCH_WANTS_PROT_NUMA_PROT_NONE=y
# CONFIG_CHECKPOINT_RESTORE is not set
# CONFIG_NAMESPACES is not set
# CONFIG_SCHED_AUTOGROUP is not set
# CONFIG_SYSFS_DEPRECATED is not set
CONFIG_RELAY=y
CONFIG_BLK_DEV_INITRD=y
CONFIG_INITRAMFS_SOURCE=""
CONFIG_RD_GZIP=y
# CONFIG_RD_BZIP2 is not set
# CONFIG_RD_LZMA is not set
# CONFIG_RD_XZ is not set
# CONFIG_RD_LZO is not set
# CONFIG_CC_OPTIMIZE_FOR_SIZE is not set
CONFIG_ANON_INODES=y
CONFIG_HAVE_UID16=y
CONFIG_SYSCTL_EXCEPTION_TRACE=y
CONFIG_HOTPLUG=y
CONFIG_HAVE_PCSPKR_PLATFORM=y
CONFIG_EXPERT=y
# CONFIG_UID16 is not set
CONFIG_KALLSYMS=y
CONFIG_KALLSYMS_ALL=y
CONFIG_PRINTK=y
CONFIG_BUG=y
# CONFIG_ELF_CORE is not set
# CONFIG_PCSPKR_PLATFORM is not set
CONFIG_BASE_FULL=y
CONFIG_FUTEX=y
# CONFIG_EPOLL is not set
CONFIG_SIGNALFD=y
CONFIG_TIMERFD=y
# CONFIG_EVENTFD is not set
CONFIG_SHMEM=y
# CONFIG_AIO is not set
CONFIG_PCI_QUIRKS=y
CONFIG_EMBEDDED=y
CONFIG_HAVE_PERF_EVENTS=y
CONFIG_PERF_USE_VMALLOC=y

#
# Kernel Performance Events And Counters
#
CONFIG_PERF_EVENTS=y
CONFIG_DEBUG_PERF_USE_VMALLOC=y
# CONFIG_VM_EVENT_COUNTERS is not set
# CONFIG_COMPAT_BRK is not set
# CONFIG_SLAB is not set
# CONFIG_SLUB is not set
CONFIG_SLOB=y
CONFIG_PROFILING=y
CONFIG_TRACEPOINTS=y
CONFIG_OPROFILE=y
CONFIG_OPROFILE_EVENT_MULTIPLEX=y
CONFIG_HAVE_OPROFILE=y
CONFIG_OPROFILE_NMI_TIMER=y
# CONFIG_JUMP_LABEL is not set
CONFIG_UPROBES=y
# CONFIG_HAVE_64BIT_ALIGNED_ACCESS is not set
CONFIG_HAVE_EFFICIENT_UNALIGNED_ACCESS=y
CONFIG_ARCH_USE_BUILTIN_BSWAP=y
CONFIG_HAVE_IOREMAP_PROT=y
CONFIG_HAVE_KPROBES=y
CONFIG_HAVE_KRETPROBES=y
CONFIG_HAVE_OPTPROBES=y
CONFIG_HAVE_KPROBES_ON_FTRACE=y
CONFIG_HAVE_ARCH_TRACEHOOK=y
CONFIG_HAVE_DMA_ATTRS=y
CONFIG_HAVE_DMA_CONTIGUOUS=y
CONFIG_GENERIC_SMP_IDLE_THREAD=y
CONFIG_HAVE_REGS_AND_STACK_ACCESS_API=y
CONFIG_HAVE_DMA_API_DEBUG=y
CONFIG_HAVE_HW_BREAKPOINT=y
CONFIG_HAVE_MIXED_BREAKPOINTS_REGS=y
CONFIG_HAVE_USER_RETURN_NOTIFIER=y
CONFIG_HAVE_PERF_EVENTS_NMI=y
CONFIG_HAVE_PERF_REGS=y
CONFIG_HAVE_PERF_USER_STACK_DUMP=y
CONFIG_HAVE_ARCH_JUMP_LABEL=y
CONFIG_ARCH_HAVE_NMI_SAFE_CMPXCHG=y
CONFIG_HAVE_CMPXCHG_LOCAL=y
CONFIG_HAVE_CMPXCHG_DOUBLE=y
CONFIG_ARCH_WANT_IPC_PARSE_VERSION=y
CONFIG_HAVE_ARCH_SECCOMP_FILTER=y
CONFIG_HAVE_IRQ_TIME_ACCOUNTING=y
CONFIG_HAVE_ARCH_TRANSPARENT_HUGEPAGE=y
CONFIG_MODULES_USE_ELF_REL=y
CONFIG_CLONE_BACKWARDS=y
CONFIG_OLD_SIGSUSPEND3=y
