Return-path: <linux-media-owner@vger.kernel.org>
Received: from mga02.intel.com ([134.134.136.20]:57581 "EHLO mga02.intel.com"
	rhost-flags-OK-OK-OK-OK) by vger.kernel.org with ESMTP
	id S1750866AbaCWAK2 (ORCPT <rfc822;linux-media@vger.kernel.org>);
	Sat, 22 Mar 2014 20:10:28 -0400
Date: Sun, 23 Mar 2014 08:10:18 +0800
From: Fengguang Wu <fengguang.wu@intel.com>
To: Laurent Pinchart <laurent.pinchart@ideasonboard.com>
Cc: Sebastian Andrzej Siewior <bigeasy@linutronix.de>,
	Roland Scheidegger <rscheidegger_lists@hispeed.ch>,
	linux-media@vger.kernel.org, linux-kernel@vger.kernel.org
Subject: [webcam] WARNING: CPU: 0 PID: 1 at
 drivers/media/v4l2-core/videobuf2-core.c:2207 vb2_queue_init()
Message-ID: <20140323001018.GA11963@localhost>
MIME-Version: 1.0
Content-Type: multipart/mixed; boundary="3MwIy2ne0vdjdPXF"
Content-Disposition: inline
Sender: linux-media-owner@vger.kernel.org
List-ID: <linux-media.vger.kernel.org>


--3MwIy2ne0vdjdPXF
Content-Type: text/plain; charset=us-ascii
Content-Disposition: inline

FYI, the below WARNING has existed for 1 year and the first bad commit
is 240c3c3424366c8109babd2a0fe80855de511b35 ("Merge branch 'v4l_for_linus' of
git://git.kernel.org/pub/scm/linux/kernel/git/mchehab/linux-media").
    
[    2.104371] g_webcam gadget: uvc_function_bind
[    2.105567] ------------[ cut here ]------------
[    2.105567] ------------[ cut here ]------------
[    2.106779] WARNING: CPU: 0 PID: 1 at drivers/media/v4l2-core/videobuf2-core.c:2207 vb2_queue_init+0xa3/0x113()

git bisect start v3.10 v3.9 --
git bisect  bad ff89acc563a0bd49965674f56552ad6620415fe2  # 13:02      0-     15  Merge branch 'rcu/urgent' of git://git.kernel.org/pub/scm/linux/kernel/git/paulmck/linux-rcu
git bisect  bad 24d0c2542b38963ae4d5171ecc0a2c1326c656bc  # 14:41      0-      1  Merge branch 'for-linus' of git://git.kernel.org/pub/scm/linux/kernel/git/viro/vfs
git bisect  bad 151173e8ce9b95bbbbd7eedb9035cfaffbdb7cb2  # 15:16      0-      4  Merge tag 'for-v3.10' of git://git.infradead.org/battery-2.6
git bisect good 6c24499f40d96bf07a85b709fb1bee5cea611a1d  # 15:51     20+     20  tracing: Fix small merge bug
git bisect good 5a5a1bf099d6942399ea0b34a62e5f0bc4c5c36e  # 16:13     20+     20  Merge branch 'x86-ras-for-linus' of git://git.kernel.org/pub/scm/linux/kernel/git/tip/tip
git bisect  bad c9ef713993ba168b38d1a97ea0ab00874f1da022  # 16:46      0-      2  Merge tag 'arm64-for-linus' of git://git.kernel.org/pub/scm/linux/kernel/git/cmarinas/linux-aarch64
git bisect  bad 240c3c3424366c8109babd2a0fe80855de511b35  # 17:06      0-     18  Merge branch 'v4l_for_linus' of git://git.kernel.org/pub/scm/linux/kernel/git/mchehab/linux-media
git bisect good 5d434fcb255dec99189f1c58a06e4f56e12bf77d  # 17:18     20+     20  Merge branch 'for-linus' of git://git.kernel.org/pub/scm/linux/kernel/git/jikos/trivial
git bisect good 19b344efa35dbc253e2d10403dafe6aafda73c56  # 17:28     20+     20  Merge branch 'for-linus' of git://git.kernel.org/pub/scm/linux/kernel/git/jikos/hid
git bisect good bae7432060960dd0ffdc4bd67986ac3d1f5733b0  # 19:25     20+     16  [media] go7007: add prio and control event support
git bisect good 82456708389d6d9eb81a4479d54efa0bf7dd8bf3  # 19:53     20+      1  [media] saa7134: v4l2-compliance: don't report invalid audio modes for radio
git bisect good b34f51fad396484e2bc102dcf95807b9990c3265  # 20:27     20+      1  [media] exynos4-is: Fix runtime PM handling on fimc-is probe error path
git bisect good 966a1601877c3d29065ab2dde838cdae16ccc099  # 20:53     20+      1  Merge branch 'topic/si476x' into patchwork
git bisect good 1f1988706d77083040113094a4bee2e9e1bdc34f  # 21:12     20+      3  [media] cx25821: setup output nodes correctly
git bisect good c82056d0b4ac7b805ac4e7d3870c42bb19e3b3d5  # 21:32     20+      0  [media] dib8000: store dtv_property_cache in a temp var
git bisect good a3f17af2d97a2a51af37e7b1dab5de5562c9b66d  # 22:36     20+      3  [media] cx25821-video: declare cx25821_vidioc_s_std as static
git bisect good 02615ed5e1b2283db2495af3cf8f4ee172c77d80  # 22:49     20+      1  [media] cx88: make core less verbose
git bisect good aad797c89903d570c17f6affc770eb98afd74e62  # 23:37     20+      0  Merge tag 'v3.9' into v4l_for_linus
git bisect good df90e2258950fd631cdbf322c1ee1f22068391aa  # 00:39     20+      0  Merge branch 'devel-for-v3.10' into v4l_for_linus
# first bad commit: [240c3c3424366c8109babd2a0fe80855de511b35] Merge branch 'v4l_for_linus' of git://git.kernel.org/pub/scm/linux/kernel/git/mchehab/linux-media
git bisect good 19b344efa35dbc253e2d10403dafe6aafda73c56  # 00:41     60+     80  Merge branch 'for-linus' of git://git.kernel.org/pub/scm/linux/kernel/git/jikos/hid
git bisect good df90e2258950fd631cdbf322c1ee1f22068391aa  # 00:44     60+      0  Merge branch 'devel-for-v3.10' into v4l_for_linus
git bisect  bad 0f2691c0856f6caa1825f2b307b0d786990c300b  # 00:44      0-     19  0day head guard for 'devel-hourly-2014032001'
git bisect  bad 887843961c4b4681ee993c36d4997bf4b4aa8253  # 01:19      0-     36  mm: fix bad rss-counter if remap_file_pages raced migration
git bisect  bad a654dc797f3ea1cb5719a71a17af35f57fddb2d8  # 01:30      0-      6  Add linux-next specific files for 20140320

Thanks,
Fengguang

--3MwIy2ne0vdjdPXF
Content-Type: text/plain; charset=us-ascii
Content-Disposition: attachment; filename="dmesg-yocto-cairo-47:20140320033513:x86_64-randconfig-wa1-03200201:3.14.0-rc7-wl-ath-04452-g0f2691c:3"
Content-Transfer-Encoding: quoted-printable

early console in setup code
early console in decompress_kernel

Decompressing Linux... Parsing ELF... done.
Booting the kernel.
[    0.000000] Linux version 3.14.0-rc7-wl-ath-04452-g0f2691c (kbuild@waime=
a) (gcc version 4.8.2 (Debian 4.8.2-16) ) #3 Thu Mar 20 03:31:40 CST 2014
[    0.000000] Command line: hung_task_panic=3D1 earlyprintk=3DttyS0,115200=
 debug apic=3Ddebug sysrq_always_enabled rcupdate.rcu_cpu_stall_timeout=3D1=
00 panic=3D10 softlockup_panic=3D1 nmi_watchdog=3Dpanic  prompt_ramdisk=3D0=
 console=3DttyS0,115200 console=3Dtty0 vga=3Dnormal  root=3D/dev/ram0 rw li=
nk=3D/kernel-tests/run-queue/kvm/x86_64-randconfig-wa1-03200201/linux-devel=
:devel-hourly-2014032001/.vmlinuz-0f2691c0856f6caa1825f2b307b0d786990c300b-=
20140320033332-6-cairo branch=3Dlinux-devel/devel-hourly-2014032001 BOOT_IM=
AGE=3D/kernel/x86_64-randconfig-wa1-03200201/0f2691c0856f6caa1825f2b307b0d7=
86990c300b/vmlinuz-3.14.0-rc7-wl-ath-04452-g0f2691c drbd.minor_count=3D8
[    0.000000] KERNEL supported cpus:
[    0.000000]   AMD AuthenticAMD
[    0.000000]   Centaur CentaurHauls
[    0.000000] CPU: vendor_id 'GenuineIntel' unknown, using generic init.
[    0.000000] CPU: Your system may be unstable.
[    0.000000] e820: BIOS-provided physical RAM map:
[    0.000000] BIOS-e820: [mem 0x0000000000000000-0x000000000009fbff] usable
[    0.000000] BIOS-e820: [mem 0x000000000009fc00-0x000000000009ffff] reser=
ved
[    0.000000] BIOS-e820: [mem 0x00000000000f0000-0x00000000000fffff] reser=
ved
[    0.000000] BIOS-e820: [mem 0x0000000000100000-0x000000000fffdfff] usable
[    0.000000] BIOS-e820: [mem 0x000000000fffe000-0x000000000fffffff] reser=
ved
[    0.000000] BIOS-e820: [mem 0x00000000feffc000-0x00000000feffffff] reser=
ved
[    0.000000] BIOS-e820: [mem 0x00000000fffc0000-0x00000000ffffffff] reser=
ved
[    0.000000] bootconsole [earlyser0] enabled
[    0.000000] NX (Execute Disable) protection: active
[    0.000000] Hypervisor detected: KVM
[    0.000000] e820: update [mem 0x00000000-0x00000fff] usable =3D=3D> rese=
rved
[    0.000000] e820: remove [mem 0x000a0000-0x000fffff] usable
[    0.000000] e820: last_pfn =3D 0xfffe max_arch_pfn =3D 0x400000000
[    0.000000] MTRR default type: write-back
[    0.000000] MTRR fixed ranges enabled:
[    0.000000]   00000-9FFFF write-back
[    0.000000]   A0000-BFFFF uncachable
[    0.000000]   C0000-FFFFF write-protect
[    0.000000] MTRR variable ranges enabled:
[    0.000000]   0 base 0080000000 mask FF80000000 uncachable
[    0.000000]   1 disabled
[    0.000000]   2 disabled
[    0.000000]   3 disabled
[    0.000000]   4 disabled
[    0.000000]   5 disabled
[    0.000000]   6 disabled
[    0.000000]   7 disabled
[    0.000000] Scan for SMP in [mem 0x00000000-0x000003ff]
[    0.000000] Scan for SMP in [mem 0x0009fc00-0x0009ffff]
[    0.000000] Scan for SMP in [mem 0x000f0000-0x000fffff]
[    0.000000] found SMP MP-table at [mem 0x000fdac0-0x000fdacf] mapped at =
[ffff8800000fdac0]
[    0.000000]   mpc: fdad0-fdbec
[    0.000000] Base memory trampoline at [ffff880000099000] 99000 size 24576
[    0.000000] init_memory_mapping: [mem 0x00000000-0x000fffff]
[    0.000000]  [mem 0x00000000-0x000fffff] page 4k
[    0.000000] BRK [0x024ea000, 0x024eafff] PGTABLE
[    0.000000] BRK [0x024eb000, 0x024ebfff] PGTABLE
[    0.000000] BRK [0x024ec000, 0x024ecfff] PGTABLE
[    0.000000] init_memory_mapping: [mem 0x0fa00000-0x0fbfffff]
[    0.000000]  [mem 0x0fa00000-0x0fbfffff] page 2M
[    0.000000] init_memory_mapping: [mem 0x0c000000-0x0f9fffff]
[    0.000000]  [mem 0x0c000000-0x0f9fffff] page 2M
[    0.000000] init_memory_mapping: [mem 0x00100000-0x0bffffff]
[    0.000000]  [mem 0x00100000-0x001fffff] page 4k
[    0.000000]  [mem 0x00200000-0x0bffffff] page 2M
[    0.000000] init_memory_mapping: [mem 0x0fc00000-0x0fffdfff]
[    0.000000]  [mem 0x0fc00000-0x0fdfffff] page 2M
[    0.000000]  [mem 0x0fe00000-0x0fffdfff] page 4k
[    0.000000] BRK [0x024ed000, 0x024edfff] PGTABLE
[    0.000000] RAMDISK: [mem 0x0fce6000-0x0ffeffff]
[    0.000000] ACPI: RSDP 0x00000000000FD930 000014 (v00 BOCHS )
[    0.000000] ACPI: RSDT 0x000000000FFFE450 000034 (v01 BOCHS  BXPCRSDT 00=
000001 BXPC 00000001)
[    0.000000] ACPI: FACP 0x000000000FFFFF80 000074 (v01 BOCHS  BXPCFACP 00=
000001 BXPC 00000001)
[    0.000000] ACPI: DSDT 0x000000000FFFE490 0011A9 (v01 BXPC   BXDSDT   00=
000001 INTL 20100528)
[    0.000000] ACPI: FACS 0x000000000FFFFF40 000040
[    0.000000] ACPI: SSDT 0x000000000FFFF7A0 000796 (v01 BOCHS  BXPCSSDT 00=
000001 BXPC 00000001)
[    0.000000] ACPI: APIC 0x000000000FFFF680 000080 (v01 BOCHS  BXPCAPIC 00=
000001 BXPC 00000001)
[    0.000000] ACPI: HPET 0x000000000FFFF640 000038 (v01 BOCHS  BXPCHPET 00=
000001 BXPC 00000001)
[    0.000000] ACPI: Local APIC address 0xfee00000
[    0.000000] mapped APIC to ffffffffff5f9000 (        fee00000)
[    0.000000] kvm-clock: Using msrs 4b564d01 and 4b564d00
[    0.000000] kvm-clock: cpu 0, msr 0:fffd001, primary cpu clock
[    0.000000] Zone ranges:
[    0.000000]   DMA      [mem 0x00001000-0x00ffffff]
[    0.000000]   DMA32    [mem 0x01000000-0xffffffff]
[    0.000000]   Normal   empty
[    0.000000] Movable zone start for each node
[    0.000000] Early memory node ranges
[    0.000000]   node   0: [mem 0x00001000-0x0009efff]
[    0.000000]   node   0: [mem 0x00100000-0x0fffdfff]
[    0.000000] On node 0 totalpages: 65436
[    0.000000]   DMA zone: 56 pages used for memmap
[    0.000000]   DMA zone: 21 pages reserved
[    0.000000]   DMA zone: 3998 pages, LIFO batch:0
[    0.000000]   DMA32 zone: 840 pages used for memmap
[    0.000000]   DMA32 zone: 61438 pages, LIFO batch:15
[    0.000000] ACPI: PM-Timer IO Port: 0xb008
[    0.000000] ACPI: Local APIC address 0xfee00000
[    0.000000] mapped APIC to ffffffffff5f9000 (        fee00000)
[    0.000000] ACPI: LAPIC (acpi_id[0x00] lapic_id[0x00] enabled)
[    0.000000] ACPI: LAPIC (acpi_id[0x01] lapic_id[0x01] enabled)
[    0.000000] ACPI: NR_CPUS/possible_cpus limit of 1 reached.  Processor 1=
/0x1 ignored.
[    0.000000] ACPI: LAPIC_NMI (acpi_id[0xff] dfl dfl lint[0x1])
[    0.000000] ACPI: IOAPIC (id[0x00] address[0xfec00000] gsi_base[0])
[    0.000000] IOAPIC[0]: apic_id 0, version 17, address 0xfec00000, GSI 0-=
23
[    0.000000] ACPI: INT_SRC_OVR (bus 0 bus_irq 0 global_irq 2 dfl dfl)
[    0.000000] Int: type 0, pol 0, trig 0, bus 00, IRQ 00, APIC ID 0, APIC =
INT 02
[    0.000000] ACPI: INT_SRC_OVR (bus 0 bus_irq 5 global_irq 5 high level)
[    0.000000] Int: type 0, pol 1, trig 3, bus 00, IRQ 05, APIC ID 0, APIC =
INT 05
[    0.000000] ACPI: INT_SRC_OVR (bus 0 bus_irq 9 global_irq 9 high level)
[    0.000000] Int: type 0, pol 1, trig 3, bus 00, IRQ 09, APIC ID 0, APIC =
INT 09
[    0.000000] ACPI: INT_SRC_OVR (bus 0 bus_irq 10 global_irq 10 high level)
[    0.000000] Int: type 0, pol 1, trig 3, bus 00, IRQ 0a, APIC ID 0, APIC =
INT 0a
[    0.000000] ACPI: INT_SRC_OVR (bus 0 bus_irq 11 global_irq 11 high level)
[    0.000000] Int: type 0, pol 1, trig 3, bus 00, IRQ 0b, APIC ID 0, APIC =
INT 0b
[    0.000000] ACPI: IRQ0 used by override.
[    0.000000] Int: type 0, pol 0, trig 0, bus 00, IRQ 01, APIC ID 0, APIC =
INT 01
[    0.000000] ACPI: IRQ2 used by override.
[    0.000000] Int: type 0, pol 0, trig 0, bus 00, IRQ 03, APIC ID 0, APIC =
INT 03
[    0.000000] Int: type 0, pol 0, trig 0, bus 00, IRQ 04, APIC ID 0, APIC =
INT 04
[    0.000000] ACPI: IRQ5 used by override.
[    0.000000] Int: type 0, pol 0, trig 0, bus 00, IRQ 06, APIC ID 0, APIC =
INT 06
[    0.000000] Int: type 0, pol 0, trig 0, bus 00, IRQ 07, APIC ID 0, APIC =
INT 07
[    0.000000] Int: type 0, pol 0, trig 0, bus 00, IRQ 08, APIC ID 0, APIC =
INT 08
[    0.000000] ACPI: IRQ9 used by override.
[    0.000000] ACPI: IRQ10 used by override.
[    0.000000] ACPI: IRQ11 used by override.
[    0.000000] Int: type 0, pol 0, trig 0, bus 00, IRQ 0c, APIC ID 0, APIC =
INT 0c
[    0.000000] Int: type 0, pol 0, trig 0, bus 00, IRQ 0d, APIC ID 0, APIC =
INT 0d
[    0.000000] Int: type 0, pol 0, trig 0, bus 00, IRQ 0e, APIC ID 0, APIC =
INT 0e
[    0.000000] Int: type 0, pol 0, trig 0, bus 00, IRQ 0f, APIC ID 0, APIC =
INT 0f
[    0.000000] Using ACPI (MADT) for SMP configuration information
[    0.000000] ACPI: HPET id: 0x8086a201 base: 0xfed00000
[    0.000000] mapped IOAPIC to ffffffffff5f8000 (fec00000)
[    0.000000] nr_irqs_gsi: 40
[    0.000000] KVM setup async PF for cpu 0
[    0.000000] kvm-stealtime: cpu 0, msr 1aa5440
[    0.000000] e820: [mem 0x10000000-0xfeffbfff] available for PCI devices
[    0.000000] Booting paravirtualized kernel on KVM
[    0.000000] pcpu-alloc: s0 r0 d32768 u32768 alloc=3D1*32768
[    0.000000] pcpu-alloc: [0] 0=20
[    0.000000] Built 1 zonelists in Zone order, mobility grouping on.  Tota=
l pages: 64519
[    0.000000] Kernel command line: hung_task_panic=3D1 earlyprintk=3DttyS0=
,115200 debug apic=3Ddebug sysrq_always_enabled rcupdate.rcu_cpu_stall_time=
out=3D100 panic=3D10 softlockup_panic=3D1 nmi_watchdog=3Dpanic  prompt_ramd=
isk=3D0 console=3DttyS0,115200 console=3Dtty0 vga=3Dnormal  root=3D/dev/ram=
0 rw link=3D/kernel-tests/run-queue/kvm/x86_64-randconfig-wa1-03200201/linu=
x-devel:devel-hourly-2014032001/.vmlinuz-0f2691c0856f6caa1825f2b307b0d78699=
0c300b-20140320033332-6-cairo branch=3Dlinux-devel/devel-hourly-2014032001 =
BOOT_IMAGE=3D/kernel/x86_64-randconfig-wa1-03200201/0f2691c0856f6caa1825f2b=
307b0d786990c300b/vmlinuz-3.14.0-rc7-wl-ath-04452-g0f2691c drbd.minor_count=
=3D8
[    0.000000] PID hash table entries: 1024 (order: 1, 8192 bytes)
[    0.000000] Dentry cache hash table entries: 32768 (order: 6, 262144 byt=
es)
[    0.000000] Inode-cache hash table entries: 16384 (order: 5, 131072 byte=
s)
[    0.000000] Memory: 233060K/261744K available (7217K kernel code, 1386K =
rwdata, 3504K rodata, 776K init, 8516K bss, 28684K reserved)
[    0.000000] NR_IRQS:4352 nr_irqs:48 16
[    0.000000] Linux version 3.14.0-rc7-wl-ath-04452-g0f2691c (kbuild@waime=
a) (gcc version 4.8.2 (Debian 4.8.2-16) ) #3 Thu Mar 20 03:31:40 CST 2014
[    0.000000] Command line: hung_task_panic=3D1 earlyprintk=3DttyS0,115200=
 debug apic=3Ddebug sysrq_always_enabled rcupdate.rcu_cpu_stall_timeout=3D1=
00 panic=3D10 softlockup_panic=3D1 nmi_watchdog=3Dpanic  prompt_ramdisk=3D0=
 console=3DttyS0,115200 console=3Dtty0 vga=3Dnormal  root=3D/dev/ram0 rw li=
nk=3D/kernel-tests/run-queue/kvm/x86_64-randconfig-wa1-03200201/linux-devel=
:devel-hourly-2014032001/.vmlinuz-0f2691c0856f6caa1825f2b307b0d786990c300b-=
20140320033332-6-cairo branch=3Dlinux-devel/devel-hourly-2014032001 BOOT_IM=
AGE=3D/kernel/x86_64-randconfig-wa1-03200201/0f2691c0856f6caa1825f2b307b0d7=
86990c300b/vmlinuz-3.14.0-rc7-wl-ath-04452-g0f2691c drbd.minor_count=3D8
[    0.000000] KERNEL supported cpus:
[    0.000000]   AMD AuthenticAMD
[    0.000000]   Centaur CentaurHauls
[    0.000000] CPU: vendor_id 'GenuineIntel' unknown, using generic init.
[    0.000000] CPU: Your system may be unstable.
[    0.000000] e820: BIOS-provided physical RAM map:
[    0.000000] BIOS-e820: [mem 0x0000000000000000-0x000000000009fbff] usable
[    0.000000] BIOS-e820: [mem 0x000000000009fc00-0x000000000009ffff] reser=
ved
[    0.000000] BIOS-e820: [mem 0x00000000000f0000-0x00000000000fffff] reser=
ved
[    0.000000] BIOS-e820: [mem 0x0000000000100000-0x000000000fffdfff] usable
[    0.000000] BIOS-e820: [mem 0x000000000fffe000-0x000000000fffffff] reser=
ved
[    0.000000] BIOS-e820: [mem 0x00000000feffc000-0x00000000feffffff] reser=
ved
[    0.000000] BIOS-e820: [mem 0x00000000fffc0000-0x00000000ffffffff] reser=
ved
[    0.000000] bootconsole [earlyser0] enabled
[    0.000000] NX (Execute Disable) protection: active
[    0.000000] Hypervisor detected: KVM
[    0.000000] e820: update [mem 0x00000000-0x00000fff] usable =3D=3D> rese=
rved
[    0.000000] e820: remove [mem 0x000a0000-0x000fffff] usable
[    0.000000] e820: last_pfn =3D 0xfffe max_arch_pfn =3D 0x400000000
[    0.000000] MTRR default type: write-back
[    0.000000] MTRR fixed ranges enabled:
[    0.000000]   00000-9FFFF write-back
[    0.000000]   A0000-BFFFF uncachable
[    0.000000]   C0000-FFFFF write-protect
[    0.000000] MTRR variable ranges enabled:
[    0.000000]   0 base 0080000000 mask FF80000000 uncachable
[    0.000000]   1 disabled
[    0.000000]   2 disabled
[    0.000000]   3 disabled
[    0.000000]   4 disabled
[    0.000000]   5 disabled
[    0.000000]   6 disabled
[    0.000000]   7 disabled
[    0.000000] Scan for SMP in [mem 0x00000000-0x000003ff]
[    0.000000] Scan for SMP in [mem 0x0009fc00-0x0009ffff]
[    0.000000] Scan for SMP in [mem 0x000f0000-0x000fffff]
[    0.000000] found SMP MP-table at [mem 0x000fdac0-0x000fdacf] mapped at =
[ffff8800000fdac0]
[    0.000000]   mpc: fdad0-fdbec
[    0.000000] Base memory trampoline at [ffff880000099000] 99000 size 24576
[    0.000000] init_memory_mapping: [mem 0x00000000-0x000fffff]
[    0.000000]  [mem 0x00000000-0x000fffff] page 4k
[    0.000000] BRK [0x024ea000, 0x024eafff] PGTABLE
[    0.000000] BRK [0x024eb000, 0x024ebfff] PGTABLE
[    0.000000] BRK [0x024ec000, 0x024ecfff] PGTABLE
[    0.000000] init_memory_mapping: [mem 0x0fa00000-0x0fbfffff]
[    0.000000]  [mem 0x0fa00000-0x0fbfffff] page 2M
[    0.000000] init_memory_mapping: [mem 0x0c000000-0x0f9fffff]
[    0.000000]  [mem 0x0c000000-0x0f9fffff] page 2M
[    0.000000] init_memory_mapping: [mem 0x00100000-0x0bffffff]
[    0.000000]  [mem 0x00100000-0x001fffff] page 4k
[    0.000000]  [mem 0x00200000-0x0bffffff] page 2M
[    0.000000] init_memory_mapping: [mem 0x0fc00000-0x0fffdfff]
[    0.000000]  [mem 0x0fc00000-0x0fdfffff] page 2M
[    0.000000]  [mem 0x0fe00000-0x0fffdfff] page 4k
[    0.000000] BRK [0x024ed000, 0x024edfff] PGTABLE
[    0.000000] RAMDISK: [mem 0x0fce6000-0x0ffeffff]
[    0.000000] ACPI: RSDP 0x00000000000FD930 000014 (v00 BOCHS )
[    0.000000] ACPI: RSDT 0x000000000FFFE450 000034 (v01 BOCHS  BXPCRSDT 00=
000001 BXPC 00000001)
[    0.000000] ACPI: FACP 0x000000000FFFFF80 000074 (v01 BOCHS  BXPCFACP 00=
000001 BXPC 00000001)
[    0.000000] ACPI: DSDT 0x000000000FFFE490 0011A9 (v01 BXPC   BXDSDT   00=
000001 INTL 20100528)
[    0.000000] ACPI: FACS 0x000000000FFFFF40 000040
[    0.000000] ACPI: SSDT 0x000000000FFFF7A0 000796 (v01 BOCHS  BXPCSSDT 00=
000001 BXPC 00000001)
[    0.000000] ACPI: APIC 0x000000000FFFF680 000080 (v01 BOCHS  BXPCAPIC 00=
000001 BXPC 00000001)
[    0.000000] ACPI: HPET 0x000000000FFFF640 000038 (v01 BOCHS  BXPCHPET 00=
000001 BXPC 00000001)
[    0.000000] ACPI: Local APIC address 0xfee00000
[    0.000000] mapped APIC to ffffffffff5f9000 (        fee00000)
[    0.000000] kvm-clock: Using msrs 4b564d01 and 4b564d00
[    0.000000] kvm-clock: cpu 0, msr 0:fffd001, primary cpu clock
[    0.000000] Zone ranges:
[    0.000000]   DMA      [mem 0x00001000-0x00ffffff]
[    0.000000]   DMA32    [mem 0x01000000-0xffffffff]
[    0.000000]   Normal   empty
[    0.000000] Movable zone start for each node
[    0.000000] Early memory node ranges
[    0.000000]   node   0: [mem 0x00001000-0x0009efff]
[    0.000000]   node   0: [mem 0x00100000-0x0fffdfff]
[    0.000000] On node 0 totalpages: 65436
[    0.000000]   DMA zone: 56 pages used for memmap
[    0.000000]   DMA zone: 21 pages reserved
[    0.000000]   DMA zone: 3998 pages, LIFO batch:0
[    0.000000]   DMA32 zone: 840 pages used for memmap
[    0.000000]   DMA32 zone: 61438 pages, LIFO batch:15
[    0.000000] ACPI: PM-Timer IO Port: 0xb008
[    0.000000] ACPI: Local APIC address 0xfee00000
[    0.000000] mapped APIC to ffffffffff5f9000 (        fee00000)
[    0.000000] ACPI: LAPIC (acpi_id[0x00] lapic_id[0x00] enabled)
[    0.000000] ACPI: LAPIC (acpi_id[0x01] lapic_id[0x01] enabled)
[    0.000000] ACPI: NR_CPUS/possible_cpus limit of 1 reached.  Processor 1=
/0x1 ignored.
[    0.000000] ACPI: LAPIC_NMI (acpi_id[0xff] dfl dfl lint[0x1])
[    0.000000] ACPI: IOAPIC (id[0x00] address[0xfec00000] gsi_base[0])
[    0.000000] IOAPIC[0]: apic_id 0, version 17, address 0xfec00000, GSI 0-=
23
[    0.000000] ACPI: INT_SRC_OVR (bus 0 bus_irq 0 global_irq 2 dfl dfl)
[    0.000000] Int: type 0, pol 0, trig 0, bus 00, IRQ 00, APIC ID 0, APIC =
INT 02
[    0.000000] ACPI: INT_SRC_OVR (bus 0 bus_irq 5 global_irq 5 high level)
[    0.000000] Int: type 0, pol 1, trig 3, bus 00, IRQ 05, APIC ID 0, APIC =
INT 05
[    0.000000] ACPI: INT_SRC_OVR (bus 0 bus_irq 9 global_irq 9 high level)
[    0.000000] Int: type 0, pol 1, trig 3, bus 00, IRQ 09, APIC ID 0, APIC =
INT 09
[    0.000000] ACPI: INT_SRC_OVR (bus 0 bus_irq 10 global_irq 10 high level)
[    0.000000] Int: type 0, pol 1, trig 3, bus 00, IRQ 0a, APIC ID 0, APIC =
INT 0a
[    0.000000] ACPI: INT_SRC_OVR (bus 0 bus_irq 11 global_irq 11 high level)
[    0.000000] Int: type 0, pol 1, trig 3, bus 00, IRQ 0b, APIC ID 0, APIC =
INT 0b
[    0.000000] ACPI: IRQ0 used by override.
[    0.000000] Int: type 0, pol 0, trig 0, bus 00, IRQ 01, APIC ID 0, APIC =
INT 01
[    0.000000] ACPI: IRQ2 used by override.
[    0.000000] Int: type 0, pol 0, trig 0, bus 00, IRQ 03, APIC ID 0, APIC =
INT 03
[    0.000000] Int: type 0, pol 0, trig 0, bus 00, IRQ 04, APIC ID 0, APIC =
INT 04
[    0.000000] ACPI: IRQ5 used by override.
[    0.000000] Int: type 0, pol 0, trig 0, bus 00, IRQ 06, APIC ID 0, APIC =
INT 06
[    0.000000] Int: type 0, pol 0, trig 0, bus 00, IRQ 07, APIC ID 0, APIC =
INT 07
[    0.000000] Int: type 0, pol 0, trig 0, bus 00, IRQ 08, APIC ID 0, APIC =
INT 08
[    0.000000] ACPI: IRQ9 used by override.
[    0.000000] ACPI: IRQ10 used by override.
[    0.000000] ACPI: IRQ11 used by override.
[    0.000000] Int: type 0, pol 0, trig 0, bus 00, IRQ 0c, APIC ID 0, APIC =
INT 0c
[    0.000000] Int: type 0, pol 0, trig 0, bus 00, IRQ 0d, APIC ID 0, APIC =
INT 0d
[    0.000000] Int: type 0, pol 0, trig 0, bus 00, IRQ 0e, APIC ID 0, APIC =
INT 0e
[    0.000000] Int: type 0, pol 0, trig 0, bus 00, IRQ 0f, APIC ID 0, APIC =
INT 0f
[    0.000000] Using ACPI (MADT) for SMP configuration information
[    0.000000] ACPI: HPET id: 0x8086a201 base: 0xfed00000
[    0.000000] mapped IOAPIC to ffffffffff5f8000 (fec00000)
[    0.000000] nr_irqs_gsi: 40
[    0.000000] KVM setup async PF for cpu 0
[    0.000000] kvm-stealtime: cpu 0, msr 1aa5440
[    0.000000] e820: [mem 0x10000000-0xfeffbfff] available for PCI devices
[    0.000000] Booting paravirtualized kernel on KVM
[    0.000000] pcpu-alloc: s0 r0 d32768 u32768 alloc=3D1*32768
[    0.000000] pcpu-alloc: [0] 0=20
[    0.000000] Built 1 zonelists in Zone order, mobility grouping on.  Tota=
l pages: 64519
[    0.000000] Kernel command line: hung_task_panic=3D1 earlyprintk=3DttyS0=
,115200 debug apic=3Ddebug sysrq_always_enabled rcupdate.rcu_cpu_stall_time=
out=3D100 panic=3D10 softlockup_panic=3D1 nmi_watchdog=3Dpanic  prompt_ramd=
isk=3D0 console=3DttyS0,115200 console=3Dtty0 vga=3Dnormal  root=3D/dev/ram=
0 rw link=3D/kernel-tests/run-queue/kvm/x86_64-randconfig-wa1-03200201/linu=
x-devel:devel-hourly-2014032001/.vmlinuz-0f2691c0856f6caa1825f2b307b0d78699=
0c300b-20140320033332-6-cairo branch=3Dlinux-devel/devel-hourly-2014032001 =
BOOT_IMAGE=3D/kernel/x86_64-randconfig-wa1-03200201/0f2691c0856f6caa1825f2b=
307b0d786990c300b/vmlinuz-3.14.0-rc7-wl-ath-04452-g0f2691c drbd.minor_count=
=3D8
[    0.000000] PID hash table entries: 1024 (order: 1, 8192 bytes)
[    0.000000] Dentry cache hash table entries: 32768 (order: 6, 262144 byt=
es)
[    0.000000] Inode-cache hash table entries: 16384 (order: 5, 131072 byte=
s)
[    0.000000] Memory: 233060K/261744K available (7217K kernel code, 1386K =
rwdata, 3504K rodata, 776K init, 8516K bss, 28684K reserved)
[    0.000000] NR_IRQS:4352 nr_irqs:48 16
[    0.000000] console [ttyS0] enabled
[    0.000000] console [ttyS0] enabled
[    0.000000] Lock dependency validator: Copyright (c) 2006 Red Hat, Inc.,=
 Ingo Molnar
[    0.000000] Lock dependency validator: Copyright (c) 2006 Red Hat, Inc.,=
 Ingo Molnar
[    0.000000] ... MAX_LOCKDEP_SUBCLASSES:  8
[    0.000000] ... MAX_LOCKDEP_SUBCLASSES:  8
[    0.000000] ... MAX_LOCK_DEPTH:          48
[    0.000000] ... MAX_LOCK_DEPTH:          48
[    0.000000] ... MAX_LOCKDEP_KEYS:        8191
[    0.000000] ... MAX_LOCKDEP_KEYS:        8191
[    0.000000] ... CLASSHASH_SIZE:          4096
[    0.000000] ... CLASSHASH_SIZE:          4096
[    0.000000] ... MAX_LOCKDEP_ENTRIES:     16384
[    0.000000] ... MAX_LOCKDEP_ENTRIES:     16384
[    0.000000] ... MAX_LOCKDEP_CHAINS:      32768
[    0.000000] ... MAX_LOCKDEP_CHAINS:      32768
[    0.000000] ... CHAINHASH_SIZE:          16384
[    0.000000] ... CHAINHASH_SIZE:          16384
[    0.000000]  memory used by lock dependency info: 5823 kB
[    0.000000]  memory used by lock dependency info: 5823 kB
[    0.000000]  per task-struct memory footprint: 1920 bytes
[    0.000000]  per task-struct memory footprint: 1920 bytes
[    0.000000] ODEBUG: 10 of 10 active objects replaced
[    0.000000] ODEBUG: 10 of 10 active objects replaced
[    0.000000] ODEBUG: selftest passed
[    0.000000] ODEBUG: selftest passed
[    0.000000] hpet clockevent registered
[    0.000000] hpet clockevent registered
[    0.000000] tsc: Detected 2892.990 MHz processor
[    0.000000] tsc: Detected 2892.990 MHz processor
[    0.003000] Calibrating delay loop (skipped) preset value..=20
[    0.003000] Calibrating delay loop (skipped) preset value.. 5785.98 Bogo=
MIPS (lpj=3D2892990)
5785.98 BogoMIPS (lpj=3D2892990)
[    0.004007] pid_max: default: 32768 minimum: 301
[    0.004007] pid_max: default: 32768 minimum: 301
[    0.005054] ACPI: Core revision 20140214
[    0.005054] ACPI: Core revision 20140214
[    0.012155] ACPI:=20
[    0.012155] ACPI: All ACPI Tables successfully acquiredAll ACPI Tables s=
uccessfully acquired

[    0.013180] Security Framework initialized
[    0.013180] Security Framework initialized
[    0.015007] Yama: becoming mindful.
[    0.015007] Yama: becoming mindful.
[    0.016042] Mount-cache hash table entries: 256
[    0.016042] Mount-cache hash table entries: 256
[    0.017418] mce: CPU supports 10 MCE banks
[    0.017418] mce: CPU supports 10 MCE banks
[    0.018011] mce: unknown CPU type - not enabling MCE support
[    0.018011] mce: unknown CPU type - not enabling MCE support
[    0.019010] Last level iTLB entries: 4KB 0, 2MB 0, 4MB 0
[    0.019010] Last level dTLB entries: 4KB 0, 2MB 0, 4MB 0, 1GB 0
[    0.019010] tlb_flushall_shift: -1
[    0.019010] Last level iTLB entries: 4KB 0, 2MB 0, 4MB 0
[    0.019010] Last level dTLB entries: 4KB 0, 2MB 0, 4MB 0, 1GB 0
[    0.019010] tlb_flushall_shift: -1
[    0.020009] CPU:=20
[    0.020009] CPU: GenuineIntel GenuineIntel Common KVM processorCommon KV=
M processor (fam: 0f, model: 06 (fam: 0f, model: 06, stepping: 01)
, stepping: 01)
[    0.027127] Performance Events:=20
[    0.027127] Performance Events: no PMU driver, software events only.
no PMU driver, software events only.
[    0.029588] Getting VERSION: 50014
[    0.029588] Getting VERSION: 50014
[    0.030016] Getting VERSION: 50014
[    0.030016] Getting VERSION: 50014
[    0.031015] Getting ID: 0
[    0.031015] Getting ID: 0
[    0.032021] Getting ID: ff000000
[    0.032021] Getting ID: ff000000
[    0.033019] Getting LVT0: 8700
[    0.033019] Getting LVT0: 8700
[    0.034012] Getting LVT1: 8400
[    0.034012] Getting LVT1: 8400
[    0.035087] enabled ExtINT on CPU#0
[    0.035087] enabled ExtINT on CPU#0
[    0.037610] ENABLING IO-APIC IRQs
[    0.037610] ENABLING IO-APIC IRQs
[    0.038011] init IO_APIC IRQs
[    0.038011] init IO_APIC IRQs
[    0.039021]  apic 0 pin 0 not connected
[    0.039021]  apic 0 pin 0 not connected
[    0.040020] IOAPIC[0]: Set routing entry (0-1 -> 0x31 -> IRQ 1 Mode:0 Ac=
tive:0 Dest:1)
[    0.040020] IOAPIC[0]: Set routing entry (0-1 -> 0x31 -> IRQ 1 Mode:0 Ac=
tive:0 Dest:1)
[    0.041036] IOAPIC[0]: Set routing entry (0-2 -> 0x30 -> IRQ 0 Mode:0 Ac=
tive:0 Dest:1)
[    0.041036] IOAPIC[0]: Set routing entry (0-2 -> 0x30 -> IRQ 0 Mode:0 Ac=
tive:0 Dest:1)
[    0.042034] IOAPIC[0]: Set routing entry (0-3 -> 0x33 -> IRQ 3 Mode:0 Ac=
tive:0 Dest:1)
[    0.042034] IOAPIC[0]: Set routing entry (0-3 -> 0x33 -> IRQ 3 Mode:0 Ac=
tive:0 Dest:1)
[    0.043033] IOAPIC[0]: Set routing entry (0-4 -> 0x34 -> IRQ 4 Mode:0 Ac=
tive:0 Dest:1)
[    0.043033] IOAPIC[0]: Set routing entry (0-4 -> 0x34 -> IRQ 4 Mode:0 Ac=
tive:0 Dest:1)
[    0.044030] IOAPIC[0]: Set routing entry (0-5 -> 0x35 -> IRQ 5 Mode:1 Ac=
tive:0 Dest:1)
[    0.044030] IOAPIC[0]: Set routing entry (0-5 -> 0x35 -> IRQ 5 Mode:1 Ac=
tive:0 Dest:1)
[    0.045032] IOAPIC[0]: Set routing entry (0-6 -> 0x36 -> IRQ 6 Mode:0 Ac=
tive:0 Dest:1)
[    0.045032] IOAPIC[0]: Set routing entry (0-6 -> 0x36 -> IRQ 6 Mode:0 Ac=
tive:0 Dest:1)
[    0.046043] IOAPIC[0]: Set routing entry (0-7 -> 0x37 -> IRQ 7 Mode:0 Ac=
tive:0 Dest:1)
[    0.046043] IOAPIC[0]: Set routing entry (0-7 -> 0x37 -> IRQ 7 Mode:0 Ac=
tive:0 Dest:1)
[    0.047033] IOAPIC[0]: Set routing entry (0-8 -> 0x38 -> IRQ 8 Mode:0 Ac=
tive:0 Dest:1)
[    0.047033] IOAPIC[0]: Set routing entry (0-8 -> 0x38 -> IRQ 8 Mode:0 Ac=
tive:0 Dest:1)
[    0.048032] IOAPIC[0]: Set routing entry (0-9 -> 0x39 -> IRQ 9 Mode:1 Ac=
tive:0 Dest:1)
[    0.048032] IOAPIC[0]: Set routing entry (0-9 -> 0x39 -> IRQ 9 Mode:1 Ac=
tive:0 Dest:1)
[    0.049033] IOAPIC[0]: Set routing entry (0-10 -> 0x3a -> IRQ 10 Mode:1 =
Active:0 Dest:1)
[    0.049033] IOAPIC[0]: Set routing entry (0-10 -> 0x3a -> IRQ 10 Mode:1 =
Active:0 Dest:1)
[    0.050033] IOAPIC[0]: Set routing entry (0-11 -> 0x3b -> IRQ 11 Mode:1 =
Active:0 Dest:1)
[    0.050033] IOAPIC[0]: Set routing entry (0-11 -> 0x3b -> IRQ 11 Mode:1 =
Active:0 Dest:1)
[    0.051033] IOAPIC[0]: Set routing entry (0-12 -> 0x3c -> IRQ 12 Mode:0 =
Active:0 Dest:1)
[    0.051033] IOAPIC[0]: Set routing entry (0-12 -> 0x3c -> IRQ 12 Mode:0 =
Active:0 Dest:1)
[    0.052033] IOAPIC[0]: Set routing entry (0-13 -> 0x3d -> IRQ 13 Mode:0 =
Active:0 Dest:1)
[    0.052033] IOAPIC[0]: Set routing entry (0-13 -> 0x3d -> IRQ 13 Mode:0 =
Active:0 Dest:1)
[    0.053033] IOAPIC[0]: Set routing entry (0-14 -> 0x3e -> IRQ 14 Mode:0 =
Active:0 Dest:1)
[    0.053033] IOAPIC[0]: Set routing entry (0-14 -> 0x3e -> IRQ 14 Mode:0 =
Active:0 Dest:1)
[    0.054032] IOAPIC[0]: Set routing entry (0-15 -> 0x3f -> IRQ 15 Mode:0 =
Active:0 Dest:1)
[    0.054032] IOAPIC[0]: Set routing entry (0-15 -> 0x3f -> IRQ 15 Mode:0 =
Active:0 Dest:1)
[    0.055026]  apic 0 pin 16 not connected
[    0.055026]  apic 0 pin 16 not connected
[    0.056006]  apic 0 pin 17 not connected
[    0.056006]  apic 0 pin 17 not connected
[    0.057005]  apic 0 pin 18 not connected
[    0.057005]  apic 0 pin 18 not connected
[    0.058006]  apic 0 pin 19 not connected
[    0.058006]  apic 0 pin 19 not connected
[    0.059005]  apic 0 pin 20 not connected
[    0.059005]  apic 0 pin 20 not connected
[    0.060005]  apic 0 pin 21 not connected
[    0.060005]  apic 0 pin 21 not connected
[    0.061005]  apic 0 pin 22 not connected
[    0.061005]  apic 0 pin 22 not connected
[    0.062005]  apic 0 pin 23 not connected
[    0.062005]  apic 0 pin 23 not connected
[    0.063160] ..TIMER: vector=3D0x30 apic1=3D0 pin1=3D2 apic2=3D-1 pin2=3D=
-1
[    0.063160] ..TIMER: vector=3D0x30 apic1=3D0 pin1=3D2 apic2=3D-1 pin2=3D=
-1
[    0.064006] Using local APIC timer interrupts.
[    0.064006] calibrating APIC timer ...
[    0.064006] Using local APIC timer interrupts.
[    0.064006] calibrating APIC timer ...
[    0.066000] ... lapic delta =3D 6249481
[    0.066000] ... lapic delta =3D 6249481
[    0.066000] ... PM-Timer delta =3D 357908
[    0.066000] ... PM-Timer delta =3D 357908
[    0.066000] ... PM-Timer result ok
[    0.066000] ... PM-Timer result ok
[    0.066000] ..... delta 6249481
[    0.066000] ..... delta 6249481
[    0.066000] ..... mult: 268413165
[    0.066000] ..... mult: 268413165
[    0.066000] ..... calibration result: 999916
[    0.066000] ..... calibration result: 999916
[    0.066000] ..... CPU clock speed is 2892.0563 MHz.
[    0.066000] ..... CPU clock speed is 2892.0563 MHz.
[    0.066000] ..... host bus clock speed is 999.0916 MHz.
[    0.066000] ..... host bus clock speed is 999.0916 MHz.
[    0.068702] prandom: seed boundary self test passed
[    0.068702] prandom: seed boundary self test passed
[    0.070146] prandom: 100 self tests passed
[    0.070146] prandom: 100 self tests passed
[    0.072111] regulator-dummy: no parameters
[    0.072111] regulator-dummy: no parameters
[    0.073300] NET: Registered protocol family 16
[    0.073300] NET: Registered protocol family 16
[    0.075854] cpuidle: using governor ladder
[    0.075854] cpuidle: using governor ladder
[    0.076005] cpuidle: using governor menu
[    0.076005] cpuidle: using governor menu
[    0.078138] ACPI: bus type PCI registered
[    0.078138] ACPI: bus type PCI registered
[    0.079106] PCI: Using configuration type 1 for base access
[    0.079106] PCI: Using configuration type 1 for base access
[    0.102315] ACPI: Added _OSI(Module Device)
[    0.102315] ACPI: Added _OSI(Module Device)
[    0.103005] ACPI: Added _OSI(Processor Device)
[    0.103005] ACPI: Added _OSI(Processor Device)
[    0.104004] ACPI: Added _OSI(3.0 _SCP Extensions)
[    0.104004] ACPI: Added _OSI(3.0 _SCP Extensions)
[    0.105004] ACPI: Added _OSI(Processor Aggregator Device)
[    0.105004] ACPI: Added _OSI(Processor Aggregator Device)
[    0.118166] ACPI: Interpreter enabled
[    0.118166] ACPI: Interpreter enabled
[    0.119019] ACPI: (supports S0 S5)
[    0.119019] ACPI: (supports S0 S5)
[    0.120004] ACPI: Using IOAPIC for interrupt routing
[    0.120004] ACPI: Using IOAPIC for interrupt routing
[    0.121100] PCI: Using host bridge windows from ACPI; if necessary, use =
"pci=3Dnocrs" and report a bug
[    0.121100] PCI: Using host bridge windows from ACPI; if necessary, use =
"pci=3Dnocrs" and report a bug
[    0.141021] ACPI: PCI Root Bridge [PCI0] (domain 0000 [bus 00-ff])
[    0.141021] ACPI: PCI Root Bridge [PCI0] (domain 0000 [bus 00-ff])
[    0.142014] acpi PNP0A03:00: _OSC: OS supports [Segments]
[    0.142014] acpi PNP0A03:00: _OSC: OS supports [Segments]
[    0.143032] acpi PNP0A03:00: _OSC failed (AE_NOT_FOUND); disabling ASPM
[    0.143032] acpi PNP0A03:00: _OSC failed (AE_NOT_FOUND); disabling ASPM
[    0.144772] acpi PNP0A03:00: fail to add MMCONFIG information, can't acc=
ess extended PCI configuration space under this bridge.
[    0.144772] acpi PNP0A03:00: fail to add MMCONFIG information, can't acc=
ess extended PCI configuration space under this bridge.
[    0.147641] PCI host bridge to bus 0000:00
[    0.147641] PCI host bridge to bus 0000:00
[    0.149008] pci_bus 0000:00: root bus resource [bus 00-ff]
[    0.149008] pci_bus 0000:00: root bus resource [bus 00-ff]
[    0.150007] pci_bus 0000:00: root bus resource [io  0x0000-0x0cf7]
[    0.150007] pci_bus 0000:00: root bus resource [io  0x0000-0x0cf7]
[    0.151006] pci_bus 0000:00: root bus resource [io  0x0d00-0xffff]
[    0.151006] pci_bus 0000:00: root bus resource [io  0x0d00-0xffff]
[    0.152006] pci_bus 0000:00: root bus resource [mem 0x000a0000-0x000bfff=
f]
[    0.152006] pci_bus 0000:00: root bus resource [mem 0x000a0000-0x000bfff=
f]
[    0.153006] pci_bus 0000:00: root bus resource [mem 0x80000000-0xfebffff=
f]
[    0.153006] pci_bus 0000:00: root bus resource [mem 0x80000000-0xfebffff=
f]
[    0.154078] pci 0000:00:00.0: [8086:1237] type 00 class 0x060000
[    0.154078] pci 0000:00:00.0: [8086:1237] type 00 class 0x060000
[    0.156617] pci 0000:00:01.0: [8086:7000] type 00 class 0x060100
[    0.156617] pci 0000:00:01.0: [8086:7000] type 00 class 0x060100
[    0.158729] pci 0000:00:01.1: [8086:7010] type 00 class 0x010180
[    0.158729] pci 0000:00:01.1: [8086:7010] type 00 class 0x010180
[    0.164006] pci 0000:00:01.1: reg 0x20: [io  0xc1c0-0xc1cf]
[    0.164006] pci 0000:00:01.1: reg 0x20: [io  0xc1c0-0xc1cf]
[    0.166486] pci 0000:00:01.1: legacy IDE quirk: reg 0x10: [io  0x01f0-0x=
01f7]
[    0.166486] pci 0000:00:01.1: legacy IDE quirk: reg 0x10: [io  0x01f0-0x=
01f7]
[    0.167006] pci 0000:00:01.1: legacy IDE quirk: reg 0x14: [io  0x03f6]
[    0.167006] pci 0000:00:01.1: legacy IDE quirk: reg 0x14: [io  0x03f6]
[    0.168005] pci 0000:00:01.1: legacy IDE quirk: reg 0x18: [io  0x0170-0x=
0177]
[    0.168005] pci 0000:00:01.1: legacy IDE quirk: reg 0x18: [io  0x0170-0x=
0177]
[    0.169005] pci 0000:00:01.1: legacy IDE quirk: reg 0x1c: [io  0x0376]
[    0.169005] pci 0000:00:01.1: legacy IDE quirk: reg 0x1c: [io  0x0376]
[    0.171589] pci 0000:00:01.3: [8086:7113] type 00 class 0x068000
[    0.171589] pci 0000:00:01.3: [8086:7113] type 00 class 0x068000
[    0.173090] pci 0000:00:01.3: quirk: [io  0xb000-0xb03f] claimed by PIIX=
4 ACPI
[    0.173090] pci 0000:00:01.3: quirk: [io  0xb000-0xb03f] claimed by PIIX=
4 ACPI
[    0.174019] pci 0000:00:01.3: quirk: [io  0xb100-0xb10f] claimed by PIIX=
4 SMB
[    0.174019] pci 0000:00:01.3: quirk: [io  0xb100-0xb10f] claimed by PIIX=
4 SMB
[    0.176577] pci 0000:00:02.0: [1013:00b8] type 00 class 0x030000
[    0.176577] pci 0000:00:02.0: [1013:00b8] type 00 class 0x030000
[    0.179050] pci 0000:00:02.0: reg 0x10: [mem 0xfc000000-0xfdffffff pref]
[    0.179050] pci 0000:00:02.0: reg 0x10: [mem 0xfc000000-0xfdffffff pref]
[    0.183046] pci 0000:00:02.0: reg 0x14: [mem 0xfebf0000-0xfebf0fff]
[    0.183046] pci 0000:00:02.0: reg 0x14: [mem 0xfebf0000-0xfebf0fff]
[    0.194048] pci 0000:00:02.0: reg 0x30: [mem 0xfebe0000-0xfebeffff pref]
[    0.194048] pci 0000:00:02.0: reg 0x30: [mem 0xfebe0000-0xfebeffff pref]
[    0.196536] pci 0000:00:03.0: [8086:100e] type 00 class 0x020000
[    0.196536] pci 0000:00:03.0: [8086:100e] type 00 class 0x020000
[    0.199006] pci 0000:00:03.0: reg 0x10: [mem 0xfeba0000-0xfebbffff]
[    0.199006] pci 0000:00:03.0: reg 0x10: [mem 0xfeba0000-0xfebbffff]
[    0.202010] pci 0000:00:03.0: reg 0x14: [io  0xc000-0xc03f]
[    0.202010] pci 0000:00:03.0: reg 0x14: [io  0xc000-0xc03f]
[    0.212006] pci 0000:00:03.0: reg 0x30: [mem 0xfebc0000-0xfebdffff pref]
[    0.212006] pci 0000:00:03.0: reg 0x30: [mem 0xfebc0000-0xfebdffff pref]
[    0.214315] pci 0000:00:04.0: [1af4:1001] type 00 class 0x010000
[    0.214315] pci 0000:00:04.0: [1af4:1001] type 00 class 0x010000
[    0.217006] pci 0000:00:04.0: reg 0x10: [io  0xc040-0xc07f]
[    0.217006] pci 0000:00:04.0: reg 0x10: [io  0xc040-0xc07f]
[    0.220006] pci 0000:00:04.0: reg 0x14: [mem 0xfebf1000-0xfebf1fff]
[    0.220006] pci 0000:00:04.0: reg 0x14: [mem 0xfebf1000-0xfebf1fff]
[    0.231021] pci 0000:00:05.0: [1af4:1001] type 00 class 0x010000
[    0.231021] pci 0000:00:05.0: [1af4:1001] type 00 class 0x010000
[    0.233006] pci 0000:00:05.0: reg 0x10: [io  0xc080-0xc0bf]
[    0.233006] pci 0000:00:05.0: reg 0x10: [io  0xc080-0xc0bf]
[    0.236006] pci 0000:00:05.0: reg 0x14: [mem 0xfebf2000-0xfebf2fff]
[    0.236006] pci 0000:00:05.0: reg 0x14: [mem 0xfebf2000-0xfebf2fff]
[    0.246698] pci 0000:00:06.0: [1af4:1001] type 00 class 0x010000
[    0.246698] pci 0000:00:06.0: [1af4:1001] type 00 class 0x010000
[    0.249006] pci 0000:00:06.0: reg 0x10: [io  0xc0c0-0xc0ff]
[    0.249006] pci 0000:00:06.0: reg 0x10: [io  0xc0c0-0xc0ff]
[    0.252006] pci 0000:00:06.0: reg 0x14: [mem 0xfebf3000-0xfebf3fff]
[    0.252006] pci 0000:00:06.0: reg 0x14: [mem 0xfebf3000-0xfebf3fff]
[    0.262375] pci 0000:00:07.0: [1af4:1001] type 00 class 0x010000
[    0.262375] pci 0000:00:07.0: [1af4:1001] type 00 class 0x010000
[    0.265006] pci 0000:00:07.0: reg 0x10: [io  0xc100-0xc13f]
[    0.265006] pci 0000:00:07.0: reg 0x10: [io  0xc100-0xc13f]
[    0.267006] pci 0000:00:07.0: reg 0x14: [mem 0xfebf4000-0xfebf4fff]
[    0.267006] pci 0000:00:07.0: reg 0x14: [mem 0xfebf4000-0xfebf4fff]
[    0.278039] pci 0000:00:08.0: [1af4:1001] type 00 class 0x010000
[    0.278039] pci 0000:00:08.0: [1af4:1001] type 00 class 0x010000
[    0.280006] pci 0000:00:08.0: reg 0x10: [io  0xc140-0xc17f]
[    0.280006] pci 0000:00:08.0: reg 0x10: [io  0xc140-0xc17f]
[    0.283006] pci 0000:00:08.0: reg 0x14: [mem 0xfebf5000-0xfebf5fff]
[    0.283006] pci 0000:00:08.0: reg 0x14: [mem 0xfebf5000-0xfebf5fff]
[    0.293740] pci 0000:00:09.0: [1af4:1001] type 00 class 0x010000
[    0.293740] pci 0000:00:09.0: [1af4:1001] type 00 class 0x010000
[    0.296006] pci 0000:00:09.0: reg 0x10: [io  0xc180-0xc1bf]
[    0.296006] pci 0000:00:09.0: reg 0x10: [io  0xc180-0xc1bf]
[    0.299006] pci 0000:00:09.0: reg 0x14: [mem 0xfebf6000-0xfebf6fff]
[    0.299006] pci 0000:00:09.0: reg 0x14: [mem 0xfebf6000-0xfebf6fff]
[    0.309402] pci 0000:00:0a.0: [8086:25ab] type 00 class 0x088000
[    0.309402] pci 0000:00:0a.0: [8086:25ab] type 00 class 0x088000
[    0.311006] pci 0000:00:0a.0: reg 0x10: [mem 0xfebf7000-0xfebf700f]
[    0.311006] pci 0000:00:0a.0: reg 0x10: [mem 0xfebf7000-0xfebf700f]
[    0.318448] pci_bus 0000:00: on NUMA node 0
[    0.318448] pci_bus 0000:00: on NUMA node 0
[    0.321428] ACPI: PCI Interrupt Link [LNKA] (IRQs
[    0.321428] ACPI: PCI Interrupt Link [LNKA] (IRQs 5 5 *10 *10 11 11))

[    0.323792] ACPI: PCI Interrupt Link [LNKB] (IRQs
[    0.323792] ACPI: PCI Interrupt Link [LNKB] (IRQs 5 5 *10 *10 11 11))

[    0.325234] ACPI: PCI Interrupt Link [LNKC] (IRQs
[    0.325234] ACPI: PCI Interrupt Link [LNKC] (IRQs 5 5 10 10 *11 *11))

[    0.327540] ACPI: PCI Interrupt Link [LNKD] (IRQs
[    0.327540] ACPI: PCI Interrupt Link [LNKD] (IRQs 5 5 10 10 *11 *11))

[    0.328666] ACPI: PCI Interrupt Link [LNKS] (IRQs
[    0.328666] ACPI: PCI Interrupt Link [LNKS] (IRQs *9 *9))

[    0.330941] ACPI:=20
[    0.330941] ACPI: Enabled 16 GPEs in block 00 to 0FEnabled 16 GPEs in bl=
ock 00 to 0F

[    0.333616] vgaarb: device added: PCI:0000:00:02.0,decodes=3Dio+mem,owns=
=3Dio+mem,locks=3Dnone
[    0.333616] vgaarb: device added: PCI:0000:00:02.0,decodes=3Dio+mem,owns=
=3Dio+mem,locks=3Dnone
[    0.334008] vgaarb: loaded
[    0.334008] vgaarb: loaded
[    0.335003] vgaarb: bridge control possible 0000:00:02.0
[    0.335003] vgaarb: bridge control possible 0000:00:02.0
[    0.338331] ACPI: bus type USB registered
[    0.338331] ACPI: bus type USB registered
[    0.339188] usbcore: registered new interface driver usbfs
[    0.339188] usbcore: registered new interface driver usbfs
[    0.340088] usbcore: registered new interface driver hub
[    0.340088] usbcore: registered new interface driver hub
[    0.341132] usbcore: registered new device driver usb
[    0.341132] usbcore: registered new device driver usb
[    0.342312] Linux video capture interface: v2.00
[    0.342312] Linux video capture interface: v2.00
[    0.343082] pps_core: LinuxPPS API ver. 1 registered
[    0.343082] pps_core: LinuxPPS API ver. 1 registered
[    0.344007] pps_core: Software ver. 5.3.6 - Copyright 2005-2007 Rodolfo =
Giometti <giometti@linux.it>
[    0.344007] pps_core: Software ver. 5.3.6 - Copyright 2005-2007 Rodolfo =
Giometti <giometti@linux.it>
[    0.345038] PTP clock support registered
[    0.345038] PTP clock support registered
[    0.346095] EDAC MC: Ver: 3.0.0
[    0.346095] EDAC MC: Ver: 3.0.0
[    0.348468] wmi: Mapper loaded
[    0.348468] wmi: Mapper loaded
[    0.349238] PCI: Using ACPI for IRQ routing
[    0.349238] PCI: Using ACPI for IRQ routing
[    0.350008] PCI: pci_cache_line_size set to 64 bytes
[    0.350008] PCI: pci_cache_line_size set to 64 bytes
[    0.352098] e820: reserve RAM buffer [mem 0x0009fc00-0x0009ffff]
[    0.352098] e820: reserve RAM buffer [mem 0x0009fc00-0x0009ffff]
[    0.353011] e820: reserve RAM buffer [mem 0x0fffe000-0x0fffffff]
[    0.353011] e820: reserve RAM buffer [mem 0x0fffe000-0x0fffffff]
[    0.355904] hpet0: at MMIO 0xfed00000, IRQs
[    0.355904] hpet0: at MMIO 0xfed00000, IRQs 2 2, 8, 8, 0, 0

[    0.356407] hpet0: 3 comparators, 64-bit 100.000000 MHz counter
[    0.356407] hpet0: 3 comparators, 64-bit 100.000000 MHz counter
[    0.362020] Switched to clocksource kvm-clock
[    0.362020] Switched to clocksource kvm-clock
[    0.380008] pnp: PnP ACPI init
[    0.380008] pnp: PnP ACPI init
[    0.381172] ACPI: bus type PNP registered
[    0.381172] ACPI: bus type PNP registered
[    0.382659] IOAPIC[0]: Set routing entry (0-8 -> 0x38 -> IRQ 8 Mode:0 Ac=
tive:0 Dest:1)
[    0.382659] IOAPIC[0]: Set routing entry (0-8 -> 0x38 -> IRQ 8 Mode:0 Ac=
tive:0 Dest:1)
[    0.385628] pnp 00:00: Plug and Play ACPI device, IDs PNP0b00 (active)
[    0.385628] pnp 00:00: Plug and Play ACPI device, IDs PNP0b00 (active)
[    0.387918] IOAPIC[0]: Set routing entry (0-1 -> 0x31 -> IRQ 1 Mode:0 Ac=
tive:0 Dest:1)
[    0.387918] IOAPIC[0]: Set routing entry (0-1 -> 0x31 -> IRQ 1 Mode:0 Ac=
tive:0 Dest:1)
[    0.390763] pnp 00:01: Plug and Play ACPI device, IDs PNP0303 (active)
[    0.390763] pnp 00:01: Plug and Play ACPI device, IDs PNP0303 (active)
[    0.393051] IOAPIC[0]: Set routing entry (0-12 -> 0x3c -> IRQ 12 Mode:0 =
Active:0 Dest:1)
[    0.393051] IOAPIC[0]: Set routing entry (0-12 -> 0x3c -> IRQ 12 Mode:0 =
Active:0 Dest:1)
[    0.395944] pnp 00:02: Plug and Play ACPI device, IDs PNP0f13 (active)
[    0.395944] pnp 00:02: Plug and Play ACPI device, IDs PNP0f13 (active)
[    0.398267] IOAPIC[0]: Set routing entry (0-6 -> 0x36 -> IRQ 6 Mode:0 Ac=
tive:0 Dest:1)
[    0.398267] IOAPIC[0]: Set routing entry (0-6 -> 0x36 -> IRQ 6 Mode:0 Ac=
tive:0 Dest:1)
[    0.400903] pnp 00:03: [dma 2]
[    0.400903] pnp 00:03: [dma 2]
[    0.402133] pnp 00:03: Plug and Play ACPI device, IDs PNP0700 (active)
[    0.402133] pnp 00:03: Plug and Play ACPI device, IDs PNP0700 (active)
[    0.404442] IOAPIC[0]: Set routing entry (0-7 -> 0x37 -> IRQ 7 Mode:0 Ac=
tive:0 Dest:1)
[    0.404442] IOAPIC[0]: Set routing entry (0-7 -> 0x37 -> IRQ 7 Mode:0 Ac=
tive:0 Dest:1)
[    0.407222] pnp 00:04: Plug and Play ACPI device, IDs PNP0400 (active)
[    0.407222] pnp 00:04: Plug and Play ACPI device, IDs PNP0400 (active)
[    0.409527] IOAPIC[0]: Set routing entry (0-4 -> 0x34 -> IRQ 4 Mode:0 Ac=
tive:0 Dest:1)
[    0.409527] IOAPIC[0]: Set routing entry (0-4 -> 0x34 -> IRQ 4 Mode:0 Ac=
tive:0 Dest:1)
[    0.412342] pnp 00:05: Plug and Play ACPI device, IDs PNP0501 (active)
[    0.412342] pnp 00:05: Plug and Play ACPI device, IDs PNP0501 (active)
[    0.415292] pnp 00:06: Plug and Play ACPI device, IDs PNP0103 (active)
[    0.415292] pnp 00:06: Plug and Play ACPI device, IDs PNP0103 (active)
[    0.417952] pnp: PnP ACPI: found 7 devices
[    0.417952] pnp: PnP ACPI: found 7 devices
[    0.419315] ACPI: bus type PNP unregistered
[    0.419315] ACPI: bus type PNP unregistered
[    0.427318] pci_bus 0000:00: resource 4 [io  0x0000-0x0cf7]
[    0.427318] pci_bus 0000:00: resource 4 [io  0x0000-0x0cf7]
[    0.429182] pci_bus 0000:00: resource 5 [io  0x0d00-0xffff]
[    0.429182] pci_bus 0000:00: resource 5 [io  0x0d00-0xffff]
[    0.431025] pci_bus 0000:00: resource 6 [mem 0x000a0000-0x000bffff]
[    0.431025] pci_bus 0000:00: resource 6 [mem 0x000a0000-0x000bffff]
[    0.433096] pci_bus 0000:00: resource 7 [mem 0x80000000-0xfebfffff]
[    0.433096] pci_bus 0000:00: resource 7 [mem 0x80000000-0xfebfffff]
[    0.435470] NET: Registered protocol family 1
[    0.435470] NET: Registered protocol family 1
[    0.436982] pci 0000:00:00.0: Limiting direct PCI/PCI transfers
[    0.436982] pci 0000:00:00.0: Limiting direct PCI/PCI transfers
[    0.439000] pci 0000:00:01.0: PIIX3: Enabling Passive Release
[    0.439000] pci 0000:00:01.0: PIIX3: Enabling Passive Release
[    0.440976] pci 0000:00:01.0: Activating ISA DMA hang workarounds
[    0.440976] pci 0000:00:01.0: Activating ISA DMA hang workarounds
[    0.443089] pci 0000:00:02.0: Boot video device
[    0.443089] pci 0000:00:02.0: Boot video device
[    0.444725] PCI: CLS 0 bytes, default 64
[    0.444725] PCI: CLS 0 bytes, default 64
[    0.446935] Unpacking initramfs...
[    0.446935] Unpacking initramfs...
[    0.579646] Freeing initrd memory: 3112K (ffff88000fce6000 - ffff88000ff=
f0000)
[    0.579646] Freeing initrd memory: 3112K (ffff88000fce6000 - ffff88000ff=
f0000)
[    0.582827] microcode: no support for this CPU vendor
[    0.582827] microcode: no support for this CPU vendor
[    0.585185] cryptomgr_test (14) used greatest stack depth: 6672 bytes le=
ft
[    0.585185] cryptomgr_test (14) used greatest stack depth: 6672 bytes le=
ft
[    0.587936] cryptomgr_test (15) used greatest stack depth: 5792 bytes le=
ft
[    0.587936] cryptomgr_test (15) used greatest stack depth: 5792 bytes le=
ft
[    0.595917] cryptomgr_test (36) used greatest stack depth: 5624 bytes le=
ft
[    0.595917] cryptomgr_test (36) used greatest stack depth: 5624 bytes le=
ft
[    0.598616] sha1_ssse3: Neither AVX nor SSSE3 is available/usable.
[    0.598616] sha1_ssse3: Neither AVX nor SSSE3 is available/usable.
[    0.600763] PCLMULQDQ-NI instructions are not detected.
[    0.600763] PCLMULQDQ-NI instructions are not detected.
[    0.602591] sha512_ssse3: Neither AVX nor SSSE3 is available/usable.
[    0.602591] sha512_ssse3: Neither AVX nor SSSE3 is available/usable.
[    0.604752] AVX or AES-NI instructions are not detected.
[    0.604752] AVX or AES-NI instructions are not detected.
[    0.606572] AVX instructions are not detected.
[    0.606572] AVX instructions are not detected.
[    0.608089] AVX instructions are not detected.
[    0.608089] AVX instructions are not detected.
[    0.609617] AVX instructions are not detected.
[    0.609617] AVX instructions are not detected.
[    0.611154] AVX2 or AES-NI instructions are not detected.
[    0.611154] AVX2 or AES-NI instructions are not detected.
[    0.613012] AVX2 instructions are not detected.
[    0.613012] AVX2 instructions are not detected.
[    0.616216] Initializing RT-Tester: OK
[    0.616216] Initializing RT-Tester: OK
[    0.618550] futex hash table entries: 256 (order: 2, 18432 bytes)
[    0.618550] futex hash table entries: 256 (order: 2, 18432 bytes)
[    0.623720] ROMFS MTD (C) 2007 Red Hat, Inc.
[    0.623720] ROMFS MTD (C) 2007 Red Hat, Inc.
[    0.625342] fuse init (API version 7.22)
[    0.625342] fuse init (API version 7.22)
[    0.626900] msgmni has been set to 461
[    0.626900] msgmni has been set to 461
[    0.634413] alg: No test for crc32 (crc32-table)
[    0.634413] alg: No test for crc32 (crc32-table)
[    0.636303] alg: No test for lz4 (lz4-generic)
[    0.636303] alg: No test for lz4 (lz4-generic)
[    0.637933] alg: No test for stdrng (krng)
[    0.637933] alg: No test for stdrng (krng)
[    0.639357] list_sort_test: start testing list_sort()
[    0.639357] list_sort_test: start testing list_sort()
[    0.642278] xz_dec_test: module loaded
[    0.642278] xz_dec_test: module loaded
[    0.643613] xz_dec_test: Create a device node with 'mknod xz_dec_test c =
250 0' and write .xz files to it.
[    0.643613] xz_dec_test: Create a device node with 'mknod xz_dec_test c =
250 0' and write .xz files to it.
[    0.646875] rbtree testing
[    0.646875] rbtree testing -> 15219 cycles
 -> 15219 cycles
[    1.220377] augmented rbtree testing
[    1.220377] augmented rbtree testing -> 17878 cycles
 -> 17878 cycles
[    1.885876] nvidiafb_setup START
[    1.885876] nvidiafb_setup START
[    1.886998] VIA Graphics Integration Chipset framebuffer 2.4 initializing
[    1.886998] VIA Graphics Integration Chipset framebuffer 2.4 initializing
[    1.889607] cirrusfb 0000:00:02.0: Cirrus Logic chipset on PCI bus, RAM =
(4096 kB) at 0xfc000000
[    1.889607] cirrusfb 0000:00:02.0: Cirrus Logic chipset on PCI bus, RAM =
(4096 kB) at 0xfc000000
[    1.892269] usbcore: registered new interface driver udlfb
[    1.892269] usbcore: registered new interface driver udlfb
[    1.893732] usbcore: registered new interface driver smscufx
[    1.893732] usbcore: registered new interface driver smscufx
[    1.895537] input: Power Button as /devices/LNXSYSTM:00/LNXPWRBN:00/inpu=
t/input0
[    1.895537] input: Power Button as /devices/LNXSYSTM:00/LNXPWRBN:00/inpu=
t/input0
[    1.897469] ACPI: Power Button [PWRF]
[    1.897469] ACPI: Power Button [PWRF]
[    1.900027] ACPI: PCI Interrupt Link [LNKD] enabled at IRQ 11
[    1.900027] ACPI: PCI Interrupt Link [LNKD] enabled at IRQ 11
[    1.901546] IOAPIC[0]: Set routing entry (0-11 -> 0x3b -> IRQ 11 Mode:1 =
Active:0 Dest:1)
[    1.901546] IOAPIC[0]: Set routing entry (0-11 -> 0x3b -> IRQ 11 Mode:1 =
Active:0 Dest:1)
[    1.905999] ACPI: PCI Interrupt Link [LNKA] enabled at IRQ 10
[    1.905999] ACPI: PCI Interrupt Link [LNKA] enabled at IRQ 10
[    1.907428] IOAPIC[0]: Set routing entry (0-10 -> 0x3a -> IRQ 10 Mode:1 =
Active:0 Dest:1)
[    1.907428] IOAPIC[0]: Set routing entry (0-10 -> 0x3a -> IRQ 10 Mode:1 =
Active:0 Dest:1)
[    1.912076] ACPI: PCI Interrupt Link [LNKB] enabled at IRQ 10
[    1.912076] ACPI: PCI Interrupt Link [LNKB] enabled at IRQ 10
[    1.916501] ACPI: PCI Interrupt Link [LNKC] enabled at IRQ 11
[    1.916501] ACPI: PCI Interrupt Link [LNKC] enabled at IRQ 11
[    1.975294] Serial: 8250/16550 driver, 4 ports, IRQ sharing disabled
[    1.975294] Serial: 8250/16550 driver, 4 ports, IRQ sharing disabled
[    1.999543] 00:05: ttyS0 at I/O 0x3f8 (irq =3D 4, base_baud =3D 115200) =
is a 16550A
[    1.999543] 00:05: ttyS0 at I/O 0x3f8 (irq =3D 4, base_baud =3D 115200) =
is a 16550A
[    2.002581] Non-volatile memory driver v1.3
[    2.002581] Non-volatile memory driver v1.3
[    2.004316] Linux agpgart interface v0.103
[    2.004316] Linux agpgart interface v0.103
[    2.006188] [drm] Initialized drm 1.1.0 20060810
[    2.006188] [drm] Initialized drm 1.1.0 20060810
[    2.007773] usbcore: registered new interface driver udl
[    2.007773] usbcore: registered new interface driver udl
[    2.009690] intelfb: Framebuffer driver for Intel(R) 830M/845G/852GM/855=
GM/865G/915G/915GM/945G/945GM/945GME/965G/965GM chipsets
[    2.009690] intelfb: Framebuffer driver for Intel(R) 830M/845G/852GM/855=
GM/865G/915G/915GM/945G/945GM/945GME/965G/965GM chipsets
[    2.013638] intelfb: Version 0.9.6
[    2.013638] intelfb: Version 0.9.6
[    2.015263] ibmasm: IBM ASM Service Processor Driver version 1.0 loaded
[    2.015263] ibmasm: IBM ASM Service Processor Driver version 1.0 loaded
[    2.017975] dummy-irq: no IRQ given.  Use irq=3DN
[    2.017975] dummy-irq: no IRQ given.  Use irq=3DN
[    2.020057] Phantom Linux Driver, version n0.9.8, init OK
[    2.020057] Phantom Linux Driver, version n0.9.8, init OK
[    2.022701] Silicon Labs C2 port support v. 0.51.0 - (C) 2007 Rodolfo Gi=
ometti
[    2.022701] Silicon Labs C2 port support v. 0.51.0 - (C) 2007 Rodolfo Gi=
ometti
[    2.026064] mic_init not running on X100 ret -19
[    2.026064] mic_init not running on X100 ret -19
[    2.027984] usbcore: registered new interface driver rtsx_usb
[    2.027984] usbcore: registered new interface driver rtsx_usb
[    2.030037] usbcore: registered new interface driver viperboard
[    2.030037] usbcore: registered new interface driver viperboard
[    2.031842] device id =3D 2440
[    2.031842] device id =3D 2440
[    2.032600] device id =3D 2480
[    2.032600] device id =3D 2480
[    2.033267] device id =3D 24c0
[    2.033267] device id =3D 24c0
[    2.033911] device id =3D 24d0
[    2.033911] device id =3D 24d0
[    2.034582] device id =3D 25a1
[    2.034582] device id =3D 25a1
[    2.035247] device id =3D 2670
[    2.035247] device id =3D 2670
[    2.035972] platform physmap-flash.0: failed to claim resource 0
[    2.035972] platform physmap-flash.0: failed to claim resource 0
[    2.037617] slram: not enough parameters.
[    2.037617] slram: not enough parameters.
[    2.038595] tsc: Refined TSC clocksource calibration: 2892.981 MHz
[    2.038595] tsc: Refined TSC clocksource calibration: 2892.981 MHz
[    2.040760] usbcore: registered new interface driver hwa-rc
[    2.040760] usbcore: registered new interface driver hwa-rc
[    2.042085] usbcore: registered new interface driver i1480-dfu-usb
[    2.042085] usbcore: registered new interface driver i1480-dfu-usb
[    2.043758] ohci_hcd: USB 1.1 'Open' Host Controller (OHCI) Driver
[    2.043758] ohci_hcd: USB 1.1 'Open' Host Controller (OHCI) Driver
[    2.045310] ohci-pci: OHCI PCI platform driver
[    2.045310] ohci-pci: OHCI PCI platform driver
[    2.046404] uhci_hcd: USB Universal Host Controller Interface driver
[    2.046404] uhci_hcd: USB Universal Host Controller Interface driver
[    2.047955] driver u132_hcd
[    2.047955] driver u132_hcd
[    2.048817] usbcore: registered new interface driver hwa-hc
[    2.048817] usbcore: registered new interface driver hwa-hc
[    2.050262] usbcore: registered new interface driver wusb-cbaf
[    2.050262] usbcore: registered new interface driver wusb-cbaf
[    2.051826] usbcore: registered new interface driver cdc_wdm
[    2.051826] usbcore: registered new interface driver cdc_wdm
[    2.053252] usbcore: registered new interface driver mdc800
[    2.053252] usbcore: registered new interface driver mdc800
[    2.054604] mdc800: v0.7.5 (30/10/2000):USB Driver for Mustek MDC800 Dig=
ital Camera
[    2.054604] mdc800: v0.7.5 (30/10/2000):USB Driver for Mustek MDC800 Dig=
ital Camera
[    2.056554] usbcore: registered new interface driver appledisplay
[    2.056554] usbcore: registered new interface driver appledisplay
[    2.058116] usbcore: registered new interface driver cypress_cy7c63
[    2.058116] usbcore: registered new interface driver cypress_cy7c63
[    2.059713] usbcore: registered new interface driver emi26 - firmware lo=
ader
[    2.059713] usbcore: registered new interface driver emi26 - firmware lo=
ader
[    2.061487] usbcore: registered new interface driver emi62 - firmware lo=
ader
[    2.061487] usbcore: registered new interface driver emi62 - firmware lo=
ader
[    2.063172] driver ftdi-elan
[    2.063172] driver ftdi-elan
[    2.064142] usbcore: registered new interface driver ftdi-elan
[    2.064142] usbcore: registered new interface driver ftdi-elan
[    2.065712] usbcore: registered new interface driver iowarrior
[    2.065712] usbcore: registered new interface driver iowarrior
[    2.067260] usbcore: registered new interface driver isight_firmware
[    2.067260] usbcore: registered new interface driver isight_firmware
[    2.068947] usbcore: registered new interface driver usblcd
[    2.068947] usbcore: registered new interface driver usblcd
[    2.070453] usbcore: registered new interface driver usbled
[    2.070453] usbcore: registered new interface driver usbled
[    2.071946] usbcore: registered new interface driver legousbtower
[    2.071946] usbcore: registered new interface driver legousbtower
[    2.073578] usbcore: registered new interface driver rio500
[    2.073578] usbcore: registered new interface driver rio500
[    2.075069] usbcore: registered new interface driver usbtest
[    2.075069] usbcore: registered new interface driver usbtest
[    2.076580] usbcore: registered new interface driver usb_ehset_test
[    2.076580] usbcore: registered new interface driver usb_ehset_test
[    2.078235] usbcore: registered new interface driver usbsevseg
[    2.078235] usbcore: registered new interface driver usbsevseg
[    2.079807] usbcore: registered new interface driver yurex
[    2.079807] usbcore: registered new interface driver yurex
[    2.081332] usbcore: registered new interface driver sisusb
[    2.081332] usbcore: registered new interface driver sisusb
[    2.083303] dummy_hcd dummy_hcd.0: USB Host+Gadget Emulator, driver 02 M=
ay 2005
[    2.083303] dummy_hcd dummy_hcd.0: USB Host+Gadget Emulator, driver 02 M=
ay 2005
[    2.085104] dummy_hcd dummy_hcd.0: Dummy host controller
[    2.085104] dummy_hcd dummy_hcd.0: Dummy host controller
[    2.086347] dummy_hcd dummy_hcd.0: new USB bus registered, assigned bus =
number 1
[    2.086347] dummy_hcd dummy_hcd.0: new USB bus registered, assigned bus =
number 1
[    2.088199] usb usb1: New USB device found, idVendor=3D1d6b, idProduct=
=3D0002
[    2.088199] usb usb1: New USB device found, idVendor=3D1d6b, idProduct=
=3D0002
[    2.089876] usb usb1: New USB device strings: Mfr=3D3, Product=3D2, Seri=
alNumber=3D1
[    2.089876] usb usb1: New USB device strings: Mfr=3D3, Product=3D2, Seri=
alNumber=3D1
[    2.091601] usb usb1: Product: Dummy host controller
[    2.091601] usb usb1: Product: Dummy host controller
[    2.092831] usb usb1: Manufacturer: Linux 3.14.0-rc7-wl-ath-04452-g0f269=
1c dummy_hcd
[    2.092831] usb usb1: Manufacturer: Linux 3.14.0-rc7-wl-ath-04452-g0f269=
1c dummy_hcd
[    2.094685] usb usb1: SerialNumber: dummy_hcd.0
[    2.094685] usb usb1: SerialNumber: dummy_hcd.0
[    2.096261] hub 1-0:1.0: USB hub found
[    2.096261] hub 1-0:1.0: USB hub found
[    2.097249] hub 1-0:1.0: 1 port detected
[    2.097249] hub 1-0:1.0: 1 port detected
[    2.099248] udc dummy_udc.0: registering UDC driver [g_webcam]
[    2.099248] udc dummy_udc.0: registering UDC driver [g_webcam]
[    2.100648] g_webcam gadget: adding config #1 'Video'/ffffffff81b5be70
[    2.100648] g_webcam gadget: adding config #1 'Video'/ffffffff81b5be70
[    2.102309] g_webcam gadget: adding 'uvc'/ffff88000e2b5140 to config 'Vi=
deo'/ffffffff81b5be70
[    2.102309] g_webcam gadget: adding 'uvc'/ffff88000e2b5140 to config 'Vi=
deo'/ffffffff81b5be70
[    2.104371] g_webcam gadget: uvc_function_bind
[    2.104371] g_webcam gadget: uvc_function_bind
[    2.105567] ------------[ cut here ]------------
[    2.105567] ------------[ cut here ]------------
[    2.106779] WARNING: CPU: 0 PID: 1 at drivers/media/v4l2-core/videobuf2-=
core.c:2207 vb2_queue_init+0xa3/0x113()
[    2.106779] WARNING: CPU: 0 PID: 1 at drivers/media/v4l2-core/videobuf2-=
core.c:2207 vb2_queue_init+0xa3/0x113()
[    2.109891] CPU: 0 PID: 1 Comm: swapper Not tainted 3.14.0-rc7-wl-ath-04=
452-g0f2691c #3
[    2.109891] CPU: 0 PID: 1 Comm: swapper Not tainted 3.14.0-rc7-wl-ath-04=
452-g0f2691c #3
[    2.111879]  0000000000000000
[    2.111879]  0000000000000000 ffff88000f857c58 ffff88000f857c58 ffffffff=
816ff5b7 ffffffff816ff5b7 ffff88000f857c90 ffff88000f857c90

[    2.113819]  ffffffff81078769
[    2.113819]  ffffffff81078769 ffffffff815c294f ffffffff815c294f ffff8800=
0e2b52a8 ffff88000e2b52a8 ffff88000e297780 ffff88000e297780

[    2.115757]  ffff88000e2b5000
[    2.115757]  ffff88000e2b5000 0000000000000000 0000000000000000 ffff8800=
0f857ca0 ffff88000f857ca0 ffffffff81078858 ffffffff81078858

[    2.117660] Call Trace:
[    2.117660] Call Trace:
[    2.118313]  [<ffffffff816ff5b7>] dump_stack+0x19/0x1b
[    2.118313]  [<ffffffff816ff5b7>] dump_stack+0x19/0x1b
[    2.119629]  [<ffffffff81078769>] warn_slowpath_common+0x73/0x8c
[    2.119629]  [<ffffffff81078769>] warn_slowpath_common+0x73/0x8c
[    2.121150]  [<ffffffff815c294f>] ? vb2_queue_init+0xa3/0x113
[    2.121150]  [<ffffffff815c294f>] ? vb2_queue_init+0xa3/0x113
[    2.122606]  [<ffffffff81078858>] warn_slowpath_null+0x1a/0x1c
[    2.122606]  [<ffffffff81078858>] warn_slowpath_null+0x1a/0x1c
[    2.124074]  [<ffffffff815c294f>] vb2_queue_init+0xa3/0x113
[    2.124074]  [<ffffffff815c294f>] vb2_queue_init+0xa3/0x113
[    2.125666]  [<ffffffff81c0c223>] uvc_function_bind+0x3cc/0x54b
[    2.125666]  [<ffffffff81c0c223>] uvc_function_bind+0x3cc/0x54b
[    2.127176]  [<ffffffff81512924>] usb_add_function+0x94/0x169
[    2.127176]  [<ffffffff81512924>] usb_add_function+0x94/0x169
[    2.128584]  [<ffffffff81c0c581>] uvc_bind_config+0x1df/0x221
[    2.128584]  [<ffffffff81c0c581>] uvc_bind_config+0x1df/0x221
[    2.130046]  [<ffffffff81c0c5c3>] ? uvc_bind_config+0x221/0x221
[    2.130046]  [<ffffffff81c0c5c3>] ? uvc_bind_config+0x221/0x221
[    2.131544]  [<ffffffff81c0c5ef>] webcam_config_bind+0x2c/0x2e
[    2.131544]  [<ffffffff81c0c5ef>] webcam_config_bind+0x2c/0x2e
[    2.133042]  [<ffffffff81512c71>] usb_add_config+0x6a/0x22f
[    2.133042]  [<ffffffff81512c71>] usb_add_config+0x6a/0x22f
[    2.134451]  [<ffffffff8114400c>] ? sysfs_create_file_ns+0x2c/0x2e
[    2.134451]  [<ffffffff8114400c>] ? sysfs_create_file_ns+0x2c/0x2e
[    2.136029]  [<ffffffff8140deac>] ? device_create_file+0x42/0x8b
[    2.136029]  [<ffffffff8140deac>] ? device_create_file+0x42/0x8b
[    2.137537]  [<ffffffff81c0be2a>] webcam_bind+0x52/0x7f
[    2.137537]  [<ffffffff81c0be2a>] webcam_bind+0x52/0x7f
[    2.138881]  [<ffffffff8151337b>] composite_bind+0x96/0x167
[    2.138881]  [<ffffffff8151337b>] composite_bind+0x96/0x167
[    2.140282]  [<ffffffff81510580>] udc_bind_to_driver+0x5b/0xf5
[    2.140282]  [<ffffffff81510580>] udc_bind_to_driver+0x5b/0xf5
[    2.141750]  [<ffffffff81510dbc>] usb_gadget_probe_driver+0x92/0xac
[    2.141750]  [<ffffffff81510dbc>] usb_gadget_probe_driver+0x92/0xac
[    2.143342]  [<ffffffff81c0bdc6>] ? uvc_copy_descriptors+0x2d3/0x2d3
[    2.143342]  [<ffffffff81c0bdc6>] ? uvc_copy_descriptors+0x2d3/0x2d3
[    2.144914]  [<ffffffff815134d5>] usb_composite_probe+0x89/0x91
[    2.144914]  [<ffffffff815134d5>] usb_composite_probe+0x89/0x91
[    2.146414]  [<ffffffff81c0bdd6>] webcam_init+0x10/0x12
[    2.146414]  [<ffffffff81c0bdd6>] webcam_init+0x10/0x12
[    2.147758]  [<ffffffff81bd7eca>] do_one_initcall+0x7d/0x111
[    2.147758]  [<ffffffff81bd7eca>] do_one_initcall+0x7d/0x111
[    2.149172]  [<ffffffff81090e91>] ? parse_args+0x189/0x249
[    2.149172]  [<ffffffff81090e91>] ? parse_args+0x189/0x249
[    2.150536]  [<ffffffff81bd8056>] kernel_init_freeable+0xf8/0x178
[    2.150536]  [<ffffffff81bd8056>] kernel_init_freeable+0xf8/0x178
[    2.152028]  [<ffffffff81bd7763>] ? do_early_param+0x88/0x88
[    2.152028]  [<ffffffff81bd7763>] ? do_early_param+0x88/0x88
[    2.153412]  [<ffffffff816fa741>] ? rest_init+0xc5/0xc5
[    2.153412]  [<ffffffff816fa741>] ? rest_init+0xc5/0xc5
[    2.154714]  [<ffffffff816fa74f>] kernel_init+0xe/0xd5
[    2.154714]  [<ffffffff816fa74f>] kernel_init+0xe/0xd5
[    2.155996]  [<ffffffff81708c4a>] ret_from_fork+0x7a/0xb0
[    2.155996]  [<ffffffff81708c4a>] ret_from_fork+0x7a/0xb0
[    2.157342]  [<ffffffff816fa741>] ? rest_init+0xc5/0xc5
[    2.157342]  [<ffffffff816fa741>] ? rest_init+0xc5/0xc5
[    2.158635] ---[ end trace 9ef58d8930b0e80a ]---
[    2.158635] ---[ end trace 9ef58d8930b0e80a ]---
[    2.159932] g_webcam gadget: cfg 1/ffffffff81b5be70 speeds: super high f=
ull
[    2.159932] g_webcam gadget: cfg 1/ffffffff81b5be70 speeds: super high f=
ull
[    2.161639] g_webcam gadget:   interface 0 =3D uvc/ffff88000e2b5140
[    2.161639] g_webcam gadget:   interface 0 =3D uvc/ffff88000e2b5140
[    2.163125] g_webcam gadget:   interface 1 =3D uvc/ffff88000e2b5140
[    2.163125] g_webcam gadget:   interface 1 =3D uvc/ffff88000e2b5140
[    2.164648] g_webcam gadget: Webcam Video Gadget
[    2.164648] g_webcam gadget: Webcam Video Gadget
[    2.165752] g_webcam gadget: g_webcam ready
[    2.165752] g_webcam gadget: g_webcam ready
[    2.166783] dummy_udc dummy_udc.0: binding gadget driver 'g_webcam'
[    2.166783] dummy_udc dummy_udc.0: binding gadget driver 'g_webcam'
[    2.168305] dummy_udc dummy_udc.0: This device can perform faster if you=
 connect it to a super-speed port...
[    2.168305] dummy_udc dummy_udc.0: This device can perform faster if you=
 connect it to a super-speed port...
[    2.170704] dummy_hcd dummy_hcd.0: port status 0x00010101 has changes
[    2.170704] dummy_hcd dummy_hcd.0: port status 0x00010101 has changes
[    2.172403] i8042: PNP: PS/2 Controller [PNP0303:KBD,PNP0f13:MOU] at 0x6=
0,0x64 irq 1,12
[    2.172403] i8042: PNP: PS/2 Controller [PNP0303:KBD,PNP0f13:MOU] at 0x6=
0,0x64 irq 1,12
[    2.175169] serio: i8042 KBD port at 0x60,0x64 irq 1
[    2.175169] serio: i8042 KBD port at 0x60,0x64 irq 1
[    2.176444] serio: i8042 AUX port at 0x60,0x64 irq 12
[    2.176444] serio: i8042 AUX port at 0x60,0x64 irq 12
[    2.178077] mousedev: PS/2 mouse device common for all mice
[    2.178077] mousedev: PS/2 mouse device common for all mice
[    2.179603] evbug: Connected device: input0 (Power Button at LNXPWRBN/bu=
tton/input0)
[    2.179603] evbug: Connected device: input0 (Power Button at LNXPWRBN/bu=
tton/input0)
[    2.181598] usbcore: registered new interface driver appletouch
[    2.181598] usbcore: registered new interface driver appletouch
[    2.183106] usbcore: registered new interface driver bcm5974
[    2.183106] usbcore: registered new interface driver bcm5974
[    2.184664] usbcore: registered new interface driver usb_acecad
[    2.184664] usbcore: registered new interface driver usb_acecad
[    2.186120] usbcore: registered new interface driver gtco
[    2.186120] usbcore: registered new interface driver gtco
[    2.187476] usbcore: registered new interface driver hanwang
[    2.187476] usbcore: registered new interface driver hanwang
[    2.188946] usbcore: registered new interface driver wacom
[    2.188946] usbcore: registered new interface driver wacom
[    2.190912] mk712: device not present
[    2.190912] mk712: device not present
[    2.191889] usbcore: registered new interface driver usbtouchscreen
[    2.191889] usbcore: registered new interface driver usbtouchscreen
[    2.193580] usbcore: registered new interface driver sur40
[    2.193580] usbcore: registered new interface driver sur40
[    2.195395] apanel: Fujitsu BIOS signature 'FJKEYINF' not found...
[    2.195395] apanel: Fujitsu BIOS signature 'FJKEYINF' not found...
[    2.196995] usbcore: registered new interface driver ati_remote2
[    2.196995] usbcore: registered new interface driver ati_remote2
[    2.198705] usbcore: registered new interface driver keyspan_remote
[    2.198705] usbcore: registered new interface driver keyspan_remote
[    2.200384] usbcore: registered new interface driver powermate
[    2.200384] usbcore: registered new interface driver powermate
[    2.202113] usbcore: registered new interface driver yealink
[    2.202113] usbcore: registered new interface driver yealink
[    2.203505] I2O subsystem v1.325
[    2.203505] I2O subsystem v1.325
[    2.204314] i2o: max drivers =3D 8
[    2.204314] i2o: max drivers =3D 8
[    2.205904] input: AT Translated Set 2 keyboard as /devices/platform/i80=
42/serio0/input/input1
[    2.205904] input: AT Translated Set 2 keyboard as /devices/platform/i80=
42/serio0/input/input1
[    2.208162] evbug: Connected device: input1 (AT Translated Set 2 keyboar=
d at isa0060/serio0/input0)
[    2.208162] evbug: Connected device: input1 (AT Translated Set 2 keyboar=
d at isa0060/serio0/input0)
[    2.211106] I2O Configuration OSM v1.323
[    2.211106] I2O Configuration OSM v1.323
[    2.212130] I2O Bus Adapter OSM v1.317
[    2.212130] I2O Bus Adapter OSM v1.317
[    2.213127] I2O ProcFS OSM v1.316
[    2.213127] I2O ProcFS OSM v1.316
[    2.215246] rtc-test rtc-test.0: rtc core: registered test as rtc0
[    2.215246] rtc-test rtc-test.0: rtc core: registered test as rtc0
[    2.217062] rtc-test rtc-test.1: rtc core: registered test as rtc1
[    2.217062] rtc-test rtc-test.1: rtc core: registered test as rtc1
[    2.218790] i2c /dev entries driver
[    2.218790] i2c /dev entries driver
[    2.220069] piix4_smbus 0000:00:01.3: SMBus Host Controller at 0xb100, r=
evision 0
[    2.220069] piix4_smbus 0000:00:01.3: SMBus Host Controller at 0xb100, r=
evision 0
[    2.222294] dummy_hcd dummy_hcd.0: port status 0x00010101 has changes
[    2.222294] dummy_hcd dummy_hcd.0: port status 0x00010101 has changes
[    2.250583] usbcore: registered new interface driver i2c-diolan-u2c
[    2.250583] usbcore: registered new interface driver i2c-diolan-u2c
[    2.252533] usbcore: registered new interface driver i2c-tiny-usb
[    2.252533] usbcore: registered new interface driver i2c-tiny-usb
[    2.255833] usbcore: registered new interface driver radioshark
[    2.255833] usbcore: registered new interface driver radioshark
[    2.257678] usbcore: registered new interface driver dsbr100
[    2.257678] usbcore: registered new interface driver dsbr100
[    2.259464] usbcore: registered new interface driver radio-mr800
[    2.259464] usbcore: registered new interface driver radio-mr800
[    2.261295] usbcore: registered new interface driver radio-keene
[    2.261295] usbcore: registered new interface driver radio-keene
[    2.262782] usbcore: registered new interface driver radio-ma901
[    2.262782] usbcore: registered new interface driver radio-ma901
[    2.264396] usbcore: registered new interface driver radio-raremono
[    2.264396] usbcore: registered new interface driver radio-raremono
[    2.266050] pps pps0: new PPS source ktimer
[    2.266050] pps pps0: new PPS source ktimer
[    2.267050] pps pps0: ktimer PPS source registered
[    2.267050] pps pps0: ktimer PPS source registered
[    2.268336] Driver for 1-wire Dallas network protocol.
[    2.268336] Driver for 1-wire Dallas network protocol.
[    2.269721] usbcore: registered new interface driver DS9490R
[    2.269721] usbcore: registered new interface driver DS9490R
[    2.374044] g_webcam gadget: resume
[    2.374044] g_webcam gadget: resume
[    2.375000] dummy_hcd dummy_hcd.0: port status 0x00100503 has changes
[    2.375000] dummy_hcd dummy_hcd.0: port status 0x00100503 has changes
[    2.427041] usb 1-1: new high-speed USB device number 2 using dummy_hcd
[    2.427041] usb 1-1: new high-speed USB device number 2 using dummy_hcd
[    2.481050] g_webcam gadget: resume
[    2.481050] g_webcam gadget: resume
[    2.481949] dummy_hcd dummy_hcd.0: port status 0x00100503 has changes
[    2.481949] dummy_hcd dummy_hcd.0: port status 0x00100503 has changes
[    2.535026] dummy_udc dummy_udc.0: set_address =3D 2
[    2.535026] dummy_udc dummy_udc.0: set_address =3D 2
[    2.555053] usb 1-1: device v1d6b p0102 is not supported
[    2.555053] usb 1-1: device v1d6b p0102 is not supported
[    2.556471] g_webcam gadget: suspend
[    2.556471] g_webcam gadget: suspend
[    2.557445] hub 1-0:1.0: unable to enumerate USB device on port 1
[    2.557445] hub 1-0:1.0: unable to enumerate USB device on port 1
[    2.559153] usb usb1: dummy_bus_suspend
[    2.559153] usb usb1: dummy_bus_suspend
[    2.573046] i2c i2c-0: detect fail: address match, 0x2c
[    2.573046] i2c i2c-0: detect fail: address match, 0x2c
[    2.578066] i2c i2c-0: detect fail: address match, 0x2d
[    2.578066] i2c i2c-0: detect fail: address match, 0x2d
[    2.583066] i2c i2c-0: detect fail: address match, 0x2e
[    2.583066] i2c i2c-0: detect fail: address match, 0x2e
[    2.588066] i2c i2c-0: detect fail: address match, 0x2f
[    2.588066] i2c i2c-0: detect fail: address match, 0x2f
[    2.609056] applesmc: supported laptop not found!
[    2.609056] applesmc: supported laptop not found!
[    2.610150] applesmc: driver init failed (ret=3D-19)!
[    2.610150] applesmc: driver init failed (ret=3D-19)!
[    3.207188] pc87360: PC8736x not detected, module not inserted
[    3.207188] pc87360: PC8736x not detected, module not inserted
[    3.296369] sdhci: Secure Digital Host Controller Interface driver
[    3.296369] sdhci: Secure Digital Host Controller Interface driver
[    3.298461] sdhci: Copyright(c) Pierre Ossman
[    3.298461] sdhci: Copyright(c) Pierre Ossman
[    3.300259] VUB300 Driver rom wait states =3D 1C irqpoll timeout =3D 0400
[    3.300259] VUB300 Driver rom wait states =3D 1C irqpoll timeout =3D 0400

[    3.302151] usbcore: registered new interface driver vub300
[    3.302151] usbcore: registered new interface driver vub300
[    3.303663] usbcore: registered new interface driver ushc
[    3.303663] usbcore: registered new interface driver ushc
[    3.305124] sdhci-pltfm: SDHCI platform and OF driver helper
[    3.305124] sdhci-pltfm: SDHCI platform and OF driver helper
[    5.719065]  (null): enodev DEV ADDR =3D 0xFF
[    5.719065]  (null): enodev DEV ADDR =3D 0xFF
[    5.720306] cs5535-clockevt: Could not allocate MFGPT timer
[    5.720306] cs5535-clockevt: Could not allocate MFGPT timer
[    5.723183] usbcore: registered new interface driver usbkbd
[    5.723183] usbcore: registered new interface driver usbkbd
[    5.724633] usbcore: registered new interface driver usbmouse
[    5.724633] usbcore: registered new interface driver usbmouse
[    5.726073] vme_pio2: No cards, skipping registration
[    5.726073] vme_pio2: No cards, skipping registration
[    5.727942] Loading crystalhd 0.9.27
[    5.727942] Loading crystalhd 0.9.27
[    5.729066] usbcore: registered new interface driver cedusb
[    5.729066] usbcore: registered new interface driver cedusb
[    5.730624] dell_wmi_aio: No known WMI GUID found
[    5.730624] dell_wmi_aio: No known WMI GUID found
[    5.731974] msi_wmi: This machine doesn't have neither MSI-hotkeys nor b=
acklight through WMI
[    5.731974] msi_wmi: This machine doesn't have neither MSI-hotkeys nor b=
acklight through WMI
[    5.735778] oprofile: using timer interrupt.
[    5.735778] oprofile: using timer interrupt.
[    5.737431]=20
[    5.737431] printing PIC contents
[    5.737431]=20
[    5.737431] printing PIC contents
[    5.738651] ... PIC  IMR: ffff
[    5.738651] ... PIC  IMR: ffff
[    5.739415] ... PIC  IRR: 1013
[    5.739415] ... PIC  IRR: 1013
[    5.740196] ... PIC  ISR: 0000
[    5.740196] ... PIC  ISR: 0000
[    5.740965] ... PIC ELCR: 0c00
[    5.740965] ... PIC ELCR: 0c00
[    5.741731] printing local APIC contents on CPU#0/0:
[    5.741731] printing local APIC contents on CPU#0/0:
[    5.742716] ... APIC ID:      00000000 (0)
[    5.742716] ... APIC ID:      00000000 (0)
[    5.742716] ... APIC VERSION: 00050014
[    5.742716] ... APIC VERSION: 00050014
[    5.742716] ... APIC TASKPRI: 00000000 (00)
[    5.742716] ... APIC TASKPRI: 00000000 (00)
[    5.742716] ... APIC PROCPRI: 00000000
[    5.742716] ... APIC PROCPRI: 00000000
[    5.742716] ... APIC LDR: 01000000
[    5.742716] ... APIC LDR: 01000000
[    5.742716] ... APIC DFR: ffffffff
[    5.742716] ... APIC DFR: ffffffff
[    5.742716] ... APIC SPIV: 000001ff
[    5.742716] ... APIC SPIV: 000001ff
[    5.742716] ... APIC ISR field:
[    5.742716] ... APIC ISR field:
[    5.742716] 00000000
[    5.742716] 000000000000000000000000000000000000000000000000000000000000=
000000000000000000000000000000000000000000000000000000000000

[    5.742716] ... APIC TMR field:
[    5.742716] ... APIC TMR field:
[    5.742716] 00000000
[    5.742716] 000000000200000002000000000000000000000000000000000000000000=
000000000000000000000000000000000000000000000000000000000000

[    5.742716] ... APIC IRR field:
[    5.742716] ... APIC IRR field:
[    5.742716] 00000000
[    5.742716] 000000000000000000000000000000000000000000000000000000000000=
000000000000000000000000000000000000000000000000800000008000

[    5.742716] ... APIC ESR: 00000000
[    5.742716] ... APIC ESR: 00000000
[    5.742716] ... APIC ICR: 00000831
[    5.742716] ... APIC ICR: 00000831
[    5.742716] ... APIC ICR2: 01000000
[    5.742716] ... APIC ICR2: 01000000
[    5.742716] ... APIC LVTT: 000000ef
[    5.742716] ... APIC LVTT: 000000ef
[    5.742716] ... APIC LVTPC: 00010000
[    5.742716] ... APIC LVTPC: 00010000
[    5.742716] ... APIC LVT0: 00010700
[    5.742716] ... APIC LVT0: 00010700
[    5.742716] ... APIC LVT1: 00000400
[    5.742716] ... APIC LVT1: 00000400
[    5.742716] ... APIC LVTERR: 000000fe
[    5.742716] ... APIC LVTERR: 000000fe
[    5.742716] ... APIC TMICT: 000044d8
[    5.742716] ... APIC TMICT: 000044d8
[    5.742716] ... APIC TMCCT: 00000000
[    5.742716] ... APIC TMCCT: 00000000
[    5.742716] ... APIC TDCR: 00000003
[    5.742716] ... APIC TDCR: 00000003
[    5.742716]=20
[    5.742716]=20
[    5.767850] number of MP IRQ sources: 15.
[    5.767850] number of MP IRQ sources: 15.
[    5.768876] number of IO-APIC #0 registers: 24.
[    5.768876] number of IO-APIC #0 registers: 24.
[    5.770034] testing the IO APIC.......................
[    5.770034] testing the IO APIC.......................
[    5.771356] IO APIC #0......
[    5.771356] IO APIC #0......
[    5.772105] .... register #00: 00000000
[    5.772105] .... register #00: 00000000
[    5.773089] .......    : physical APIC id: 00
[    5.773089] .......    : physical APIC id: 00
[    5.774189] .......    : Delivery Type: 0
[    5.774189] .......    : Delivery Type: 0
[    5.775182] .......    : LTS          : 0
[    5.775182] .......    : LTS          : 0
[    5.776253] .... register #01: 00170011
[    5.776253] .... register #01: 00170011
[    5.777229] .......     : max redirection entries: 17
[    5.777229] .......     : max redirection entries: 17
[    5.778499] .......     : PRQ implemented: 0
[    5.778499] .......     : PRQ implemented: 0
[    5.779580] .......     : IO APIC version: 11
[    5.779580] .......     : IO APIC version: 11
[    5.780675] .... register #02: 00000000
[    5.780675] .... register #02: 00000000
[    5.781655] .......     : arbitration: 00
[    5.781655] .......     : arbitration: 00
[    5.782672] .... IRQ redirection table:
[    5.782672] .... IRQ redirection table:
[    5.783658] 1    0    0   0   0    0    0    00
[    5.783658] 1    0    0   0   0    0    0    00
[    5.784809] 0    0    0   0   0    1    1    31
[    5.784809] 0    0    0   0   0    1    1    31
[    5.785970] 0    0    0   0   0    1    1    30
[    5.785970] 0    0    0   0   0    1    1    30
[    5.787159] 0    0    0   0   0    1    1    33
[    5.787159] 0    0    0   0   0    1    1    33
[    5.788301] 1    0    0   0   0    1    1    34
[    5.788301] 1    0    0   0   0    1    1    34
[    5.789418] 1    1    0   0   0    1    1    35
[    5.789418] 1    1    0   0   0    1    1    35
[    5.790581] 0    0    0   0   0    1    1    36
[    5.790581] 0    0    0   0   0    1    1    36
[    5.791744] 0    0    0   0   0    1    1    37
[    5.791744] 0    0    0   0   0    1    1    37
[    5.792888] 0    0    0   0   0    1    1    38
[    5.792888] 0    0    0   0   0    1    1    38
[    5.794021] 0    1    0   0   0    1    1    39
[    5.794021] 0    1    0   0   0    1    1    39
[    5.795161] 1    1    0   0   0    1    1    3A
[    5.795161] 1    1    0   0   0    1    1    3A
[    5.796349] 1    1    0   0   0    1    1    3B
[    5.796349] 1    1    0   0   0    1    1    3B
[    5.797470] 0    0    0   0   0    1    1    3C
[    5.797470] 0    0    0   0   0    1    1    3C
[    5.798623] 0    0    0   0   0    1    1    3D
[    5.798623] 0    0    0   0   0    1    1    3D
[    5.799771] 0    0    0   0   0    1    1    3E
[    5.799771] 0    0    0   0   0    1    1    3E
[    5.800931] 0    0    0   0   0    1    1    3F
[    5.800931] 0    0    0   0   0    1    1    3F
[    5.802099] 1    0    0   0   0    0    0    00
[    5.802099] 1    0    0   0   0    0    0    00
[    5.803266] 1    0    0   0   0    0    0    00
[    5.803266] 1    0    0   0   0    0    0    00
[    5.804416] 1    0    0   0   0    0    0    00
[    5.804416] 1    0    0   0   0    0    0    00
[    5.805587] 1    0    0   0   0    0    0    00
[    5.805587] 1    0    0   0   0    0    0    00
[    5.806809] 1    0    0   0   0    0    0    00
[    5.806809] 1    0    0   0   0    0    0    00
[    5.807959] 1    0    0   0   0    0    0    00
[    5.807959] 1    0    0   0   0    0    0    00
[    5.809105] 1    0    0   0   0    0    0    00
[    5.809105] 1    0    0   0   0    0    0    00
[    5.810224] 1    0    0   0   0    0    0    00
[    5.810224] 1    0    0   0   0    0    0    00
[    5.811342] IRQ to pin mappings:
[    5.811342] IRQ to pin mappings:
[    5.812160] IRQ0=20
[    5.812160] IRQ0 -> 0:2-> 0:2

[    5.812816] IRQ1=20
[    5.812816] IRQ1 -> 0:1-> 0:1

[    5.813484] IRQ3=20
[    5.813484] IRQ3 -> 0:3-> 0:3

[    5.814143] IRQ4=20
[    5.814143] IRQ4 -> 0:4-> 0:4

[    5.814803] IRQ5=20
[    5.814803] IRQ5 -> 0:5-> 0:5

[    5.815480] IRQ6=20
[    5.815480] IRQ6 -> 0:6-> 0:6

[    5.816204] IRQ7=20
[    5.816204] IRQ7 -> 0:7-> 0:7

[    5.816875] IRQ8=20
[    5.816875] IRQ8 -> 0:8-> 0:8

[    5.817549] IRQ9=20
[    5.817549] IRQ9 -> 0:9-> 0:9

[    5.818209] IRQ10=20
[    5.818209] IRQ10 -> 0:10-> 0:10

[    5.818912] IRQ11=20
[    5.818912] IRQ11 -> 0:11-> 0:11

[    5.819622] IRQ12=20
[    5.819622] IRQ12 -> 0:12-> 0:12

[    5.820335] IRQ13=20
[    5.820335] IRQ13 -> 0:13-> 0:13

[    5.821043] IRQ14=20
[    5.821043] IRQ14 -> 0:14-> 0:14

[    5.821745] IRQ15=20
[    5.821745] IRQ15 -> 0:15-> 0:15

[    5.822460] .................................... done.
[    5.822460] .................................... done.
[    5.823963] bootconsole [earlyser0] disabled
[    5.823963] bootconsole [earlyser0] disabled
[    5.825744] RIO: rio_register_scan for mport_id=3D-1
[    5.826741] rtc-test rtc-test.0: setting system clock to 2014-03-19 19:3=
4:05 UTC (1395257645)
[    5.827913] BIOS EDD facility v0.16 2004-Jun-25, 0 devices found
[    5.828710] EDD information not available.
[    5.831517] Freeing unused kernel memory: 776K (ffffffff81bd7000 - fffff=
fff81c99000)
mount: mounting proc on /proc failed: No such device
/etc/rcS.d/S00fbsetup: line 3: /sbin/modprobe: not found

Please wait: booting...
mount: mounting proc on /proc failed: No such device
grep: /proc/filesystems: No such file or directory
Starting Bootlog daemon: bootlogd: cannot allocate pseudo tty: No such file=
 or directory
bootlogd.
mount: can't read '/proc/mounts': No such file or directory
/etc/init.d/rc: /etc/rcS.d/S37populate-volatile.sh: line 172: can't open /p=
roc/cmdline: no such file
grep: /proc/filesystems: No such file or directory
Configuring network interfaces... ifconfig: socket: Address family not supp=
orted by protocol
done.
hwclock: can't open '/dev/misc/rtc': No such file or directory
Running postinst /etc/rpm-postinsts/100...
mount: no /proc/mounts
wfg: skip syslogd
Kernel tests: Boot OK!
Kernel tests: Boot OK!
mount: mounting proc on /proc failed: No such device
/etc/rc5.d/S99-rc.local: line 19: can't create /proc/189/oom_score_adj: non=
existent directory
sed: /lib/modules/3.14.0-rc7-wl-ath-04452-g0f2691c/modules.dep: No such fil=
e or directory
xargs: modprobe: No such file or directory
run-parts: /etc/kernel-tests/01-modprobe exited with code 127
grep: /proc/cmdline: No such file or directory
grep: /proc/cmdline: No such file or directory
/etc/kernel-tests/90-trinity: line 18: /usr/sbin/chroot: not found
/etc/kernel-tests/90-trinity: line 17: /usr/sbin/chroot: not found
/etc/kernel-tests/90-trinity: line 16: /trinity: not found
/etc/kernel-tests/90-trinity: line 15: /trinity: not found
lsmod: can't open '/proc/modules': No such file or directory
BusyBox v1.19.4 (2012-04-22 08:49:11 PDT) multi-call binary.

Usage: rmmod [-wfa] [MODULE]...

lsmod: can't open '/proc/modules': No such file or directory
BusyBox v1.19.4 (2012-04-22 08:49:11 PDT) multi-call binary.

Usage: rmmod [-wfa] [MODULE]...

lsmod: can't open '/proc/modules': No such file or directory
BusyBox v1.19.4 (2012-04-22 08:49:11 PDT) multi-call binary.

Usage: rmmod [-wfa] [MODULE]...

run-parts: /etc/kernel-tests/99-rmmod exited with code 123
mount: no /proc/mounts
wfg: skip syslogd
sed: /proc/mounts: No such file or directory
sed: /proc/mounts: No such file or directory
sed: /proc/mounts: No such file or directory
Deconfiguring network interfaces... ifconfig: socket: Address family not su=
pported by protocol
done.
Sending all processes the TERM signal...
mount: mounting proc on /proc failed: No such device
Sending all processes the KILL signal...
mount: mounting proc on /proc failed: No such device
Unmounting remote filesystems...
Deactivating swap...
Unmounting local filesystems...
grep: /proc/mounts: No such file or directory
mount: can't read '/proc/mounts': No such file or directory
Rebooting...=20
[   72.990437] Unregister pv shared memory for cpu 0
[   72.992391] reboot: Restarting system
[   72.993141] reboot: machine restart
Elapsed time: 75
qemu-system-x86_64 -cpu kvm64 -enable-kvm -kernel /kernel/x86_64-randconfig=
-wa1-03200201/0f2691c0856f6caa1825f2b307b0d786990c300b/vmlinuz-3.14.0-rc7-w=
l-ath-04452-g0f2691c -append 'hung_task_panic=3D1 earlyprintk=3DttyS0,11520=
0 debug apic=3Ddebug sysrq_always_enabled rcupdate.rcu_cpu_stall_timeout=3D=
100 panic=3D10 softlockup_panic=3D1 nmi_watchdog=3Dpanic  prompt_ramdisk=3D=
0 console=3DttyS0,115200 console=3Dtty0 vga=3Dnormal  root=3D/dev/ram0 rw l=
ink=3D/kernel-tests/run-queue/kvm/x86_64-randconfig-wa1-03200201/linux-deve=
l:devel-hourly-2014032001/.vmlinuz-0f2691c0856f6caa1825f2b307b0d786990c300b=
-20140320033332-6-cairo branch=3Dlinux-devel/devel-hourly-2014032001 BOOT_I=
MAGE=3D/kernel/x86_64-randconfig-wa1-03200201/0f2691c0856f6caa1825f2b307b0d=
786990c300b/vmlinuz-3.14.0-rc7-wl-ath-04452-g0f2691c drbd.minor_count=3D8' =
 -initrd /kernel-tests/initrd/yocto-minimal-x86_64.cgz -m 256 -smp 2 -net n=
ic,vlan=3D1,model=3De1000 -net user,vlan=3D1,hostfwd=3Dtcp::13552-:22 -boot=
 order=3Dnc -no-reboot -watchdog i6300esb -rtc base=3Dlocaltime -drive file=
=3D/fs/LABEL=3DKVM/disk0-yocto-cairo-47,media=3Ddisk,if=3Dvirtio -drive fil=
e=3D/fs/LABEL=3DKVM/disk1-yocto-cairo-47,media=3Ddisk,if=3Dvirtio -drive fi=
le=3D/fs/LABEL=3DKVM/disk2-yocto-cairo-47,media=3Ddisk,if=3Dvirtio -drive f=
ile=3D/fs/LABEL=3DKVM/disk3-yocto-cairo-47,media=3Ddisk,if=3Dvirtio -drive =
file=3D/fs/LABEL=3DKVM/disk4-yocto-cairo-47,media=3Ddisk,if=3Dvirtio -drive=
 file=3D/fs/LABEL=3DKVM/disk5-yocto-cairo-47,media=3Ddisk,if=3Dvirtio -pidf=
ile /dev/shm/kboot/pid-yocto-cairo-47 -serial file:/dev/shm/kboot/serial-yo=
cto-cairo-47 -daemonize -display none -monitor null=20

--3MwIy2ne0vdjdPXF
Content-Type: application/octet-stream
Content-Disposition: attachment; filename="x86_64-randconfig-wa1-03200201-0f2691c0856f6caa1825f2b307b0d786990c300b-WARNING:---at----vb-_queue_init+-x-123735.log"
Content-Transfer-Encoding: base64

Z2l0IGNoZWNrb3V0IGRjYjk5ZmQ5YjA4Y2ZlMWFmZTQyNmFmNGQ4ZDNjYmM0MjkxOTBmMTUK
bHMgLWEgL2tlcm5lbC10ZXN0cy9ydW4tcXVldWUva3ZtL3g4Nl82NC1yYW5kY29uZmlnLXdh
MS0wMzIwMDIwMS9saW51eC1kZXZlbDpkZXZlbC1ob3VybHktMjAxNDAzMjAwMTpkY2I5OWZk
OWIwOGNmZTFhZmU0MjZhZjRkOGQzY2JjNDI5MTkwZjE1OmJpc2VjdC1saW51eDQKCjIwMTQt
MDMtMjAtMDM6NDk6MzYgZGNiOTlmZDliMDhjZmUxYWZlNDI2YWY0ZDhkM2NiYzQyOTE5MGYx
NSBjb21waWxpbmcKUXVldWVkIGJ1aWxkIHRhc2sgdG8gL2tlcm5lbC10ZXN0cy9idWlsZC1x
dWV1ZS94ODZfNjQtcmFuZGNvbmZpZy13YTEtMDMyMDAyMDEtZGNiOTlmZDliMDhjZmUxYWZl
NDI2YWY0ZDhkM2NiYzQyOTE5MGYxNQpDaGVjayBmb3Iga2VybmVsIGluIC9rZXJuZWwveDg2
XzY0LXJhbmRjb25maWctd2ExLTAzMjAwMjAxL2RjYjk5ZmQ5YjA4Y2ZlMWFmZTQyNmFmNGQ4
ZDNjYmM0MjkxOTBmMTUKd2FpdGluZyBmb3IgY29tcGxldGlvbiBvZiAva2VybmVsLXRlc3Rz
L2J1aWxkLXF1ZXVlL3g4Nl82NC1yYW5kY29uZmlnLXdhMS0wMzIwMDIwMS1kY2I5OWZkOWIw
OGNmZTFhZmU0MjZhZjRkOGQzY2JjNDI5MTkwZjE1CndhaXRpbmcgZm9yIGNvbXBsZXRpb24g
b2YgL2tlcm5lbC10ZXN0cy9idWlsZC1xdWV1ZS8ueDg2XzY0LXJhbmRjb25maWctd2ExLTAz
MjAwMjAxLWRjYjk5ZmQ5YjA4Y2ZlMWFmZTQyNmFmNGQ4ZDNjYmM0MjkxOTBmMTUKa2VybmVs
OiAva2VybmVsL3g4Nl82NC1yYW5kY29uZmlnLXdhMS0wMzIwMDIwMS9kY2I5OWZkOWIwOGNm
ZTFhZmU0MjZhZjRkOGQzY2JjNDI5MTkwZjE1L3ZtbGludXotMy4xNC4wLXJjNwoKMjAxNC0w
My0yMC0wNjoxNjozNyBkZXRlY3RpbmcgYm9vdCBzdGF0ZSAuLiBURVNUIEZBSUxVUkUKWyAg
ICA0LjA4MDY5OV0gZ193ZWJjYW0gZ2FkZ2V0OiB1dmNfZnVuY3Rpb25fYmluZApbICAgIDQu
MDgyNDQzXSAtLS0tLS0tLS0tLS1bIGN1dCBoZXJlIF0tLS0tLS0tLS0tLS0KWyAgICA0LjA4
MjQ0M10gLS0tLS0tLS0tLS0tWyBjdXQgaGVyZSBdLS0tLS0tLS0tLS0tClsgICAgNC4wODQ0
NzBdIFdBUk5JTkc6IENQVTogMCBQSUQ6IDEgYXQgZHJpdmVycy9tZWRpYS92NGwyLWNvcmUv
dmlkZW9idWYyLWNvcmUuYzoyMjA3IHZiMl9xdWV1ZV9pbml0KzB4YTMvMHgxMTMoKQova2Vy
bmVsL3g4Nl82NC1yYW5kY29uZmlnLXdhMS0wMzIwMDIwMS9kY2I5OWZkOWIwOGNmZTFhZmU0
MjZhZjRkOGQzY2JjNDI5MTkwZjE1L2RtZXNnLXF1YW50YWwtaXZ5dG93bjItMzE6MjAxNDAz
MjAwNjE3MTQ6eDg2XzY0LXJhbmRjb25maWctd2ExLTAzMjAwMjAxOjMuMTQuMC1yYzc6MQov
a2VybmVsL3g4Nl82NC1yYW5kY29uZmlnLXdhMS0wMzIwMDIwMS9kY2I5OWZkOWIwOGNmZTFh
ZmU0MjZhZjRkOGQzY2JjNDI5MTkwZjE1L2RtZXNnLXlvY3RvLWNhaXJvLTg6MjAxNDAzMjAw
NjE3MTI6eDg2XzY0LXJhbmRjb25maWctd2ExLTAzMjAwMjAxOjMuMTQuMC1yYzc6MQova2Vy
bmVsL3g4Nl82NC1yYW5kY29uZmlnLXdhMS0wMzIwMDIwMS9kY2I5OWZkOWIwOGNmZTFhZmU0
MjZhZjRkOGQzY2JjNDI5MTkwZjE1L2RtZXNnLXlvY3RvLWl2eXRvd24yLTI3OjIwMTQwMzIw
MDYxNzEyOng4Nl82NC1yYW5kY29uZmlnLXdhMS0wMzIwMDIwMTozLjE0LjAtcmM3OjEKL2tl
cm5lbC94ODZfNjQtcmFuZGNvbmZpZy13YTEtMDMyMDAyMDEvZGNiOTlmZDliMDhjZmUxYWZl
NDI2YWY0ZDhkM2NiYzQyOTE5MGYxNS9kbWVzZy1xdWFudGFsLWl2eXRvd24yLTMwOjIwMTQw
MzIwMDYxNzE2Ong4Nl82NC1yYW5kY29uZmlnLXdhMS0wMzIwMDIwMTozLjE0LjAtcmM3OjEK
L2tlcm5lbC94ODZfNjQtcmFuZGNvbmZpZy13YTEtMDMyMDAyMDEvZGNiOTlmZDliMDhjZmUx
YWZlNDI2YWY0ZDhkM2NiYzQyOTE5MGYxNS9kbWVzZy15b2N0by1pdnl0b3duMi0xMDoyMDE0
MDMyMDA2MTcxNzp4ODZfNjQtcmFuZGNvbmZpZy13YTEtMDMyMDAyMDE6My4xNC4wLXJjNzox
Ci9rZXJuZWwveDg2XzY0LXJhbmRjb25maWctd2ExLTAzMjAwMjAxL2RjYjk5ZmQ5YjA4Y2Zl
MWFmZTQyNmFmNGQ4ZDNjYmM0MjkxOTBmMTUvZG1lc2ctcXVhbnRhbC1jYWlyby0xOjIwMTQw
MzIwMDYxNzIxOng4Nl82NC1yYW5kY29uZmlnLXdhMS0wMzIwMDIwMTozLjE0LjAtcmM3OjEK
L2tlcm5lbC94ODZfNjQtcmFuZGNvbmZpZy13YTEtMDMyMDAyMDEvZGNiOTlmZDliMDhjZmUx
YWZlNDI2YWY0ZDhkM2NiYzQyOTE5MGYxNS9kbWVzZy1xdWFudGFsLWNhaXJvLTQ0OjIwMTQw
MzIwMDYxNzI0Ong4Nl82NC1yYW5kY29uZmlnLXdhMS0wMzIwMDIwMTozLjE0LjAtcmM3OjEK
L2tlcm5lbC94ODZfNjQtcmFuZGNvbmZpZy13YTEtMDMyMDAyMDEvZGNiOTlmZDliMDhjZmUx
YWZlNDI2YWY0ZDhkM2NiYzQyOTE5MGYxNS9kbWVzZy1xdWFudGFsLWl2eXRvd24yLTIyOjIw
MTQwMzIwMDYxNzIzOng4Nl82NC1yYW5kY29uZmlnLXdhMS0wMzIwMDIwMTozLjE0LjAtcmM3
OjEKL2tlcm5lbC94ODZfNjQtcmFuZGNvbmZpZy13YTEtMDMyMDAyMDEvZGNiOTlmZDliMDhj
ZmUxYWZlNDI2YWY0ZDhkM2NiYzQyOTE5MGYxNS9kbWVzZy15b2N0by1jYWlyby0yNDoyMDE0
MDMyMDA2MTcxOTp4ODZfNjQtcmFuZGNvbmZpZy13YTEtMDMyMDAyMDE6My4xNC4wLXJjNzox
CjA6OTo5IGFsbF9nb29kOmJhZDphbGxfYmFkIGJvb3RzChtbMTszNW0yMDE0LTAzLTIwIDA2
OjE3OjM5IFJFUEVBVCBDT1VOVDogMjAgICMgL2tlcm5lbC10ZXN0cy9saW51eDQvb2JqLWJp
c2VjdC8ucmVwZWF0G1swbQoKYmlzZWN0OiBiYWQgY29tbWl0IGRjYjk5ZmQ5YjA4Y2ZlMWFm
ZTQyNmFmNGQ4ZDNjYmM0MjkxOTBmMTUKZ2l0IGNoZWNrb3V0IHYzLjEzCmxzIC1hIC9rZXJu
ZWwtdGVzdHMvcnVuLXF1ZXVlL2t2bS94ODZfNjQtcmFuZGNvbmZpZy13YTEtMDMyMDAyMDEv
bGludXgtZGV2ZWw6ZGV2ZWwtaG91cmx5LTIwMTQwMzIwMDE6ZDhlYzI2ZDdmODI4N2Y1Nzg4
YTQ5NGY1NmU4ODE0MjEwZjBlNjRiZTpiaXNlY3QtbGludXg0CgoyMDE0LTAzLTIwLTA2OjE3
OjQyIGQ4ZWMyNmQ3ZjgyODdmNTc4OGE0OTRmNTZlODgxNDIxMGYwZTY0YmUgY29tcGlsaW5n
ClF1ZXVlZCBidWlsZCB0YXNrIHRvIC9rZXJuZWwtdGVzdHMvYnVpbGQtcXVldWUveDg2XzY0
LXJhbmRjb25maWctd2ExLTAzMjAwMjAxLWQ4ZWMyNmQ3ZjgyODdmNTc4OGE0OTRmNTZlODgx
NDIxMGYwZTY0YmUKQ2hlY2sgZm9yIGtlcm5lbCBpbiAva2VybmVsL3g4Nl82NC1yYW5kY29u
ZmlnLXdhMS0wMzIwMDIwMS9kOGVjMjZkN2Y4Mjg3ZjU3ODhhNDk0ZjU2ZTg4MTQyMTBmMGU2
NGJlCndhaXRpbmcgZm9yIGNvbXBsZXRpb24gb2YgL2tlcm5lbC10ZXN0cy9idWlsZC1xdWV1
ZS94ODZfNjQtcmFuZGNvbmZpZy13YTEtMDMyMDAyMDEtZDhlYzI2ZDdmODI4N2Y1Nzg4YTQ5
NGY1NmU4ODE0MjEwZjBlNjRiZQp3YWl0aW5nIGZvciBjb21wbGV0aW9uIG9mIC9rZXJuZWwt
dGVzdHMvYnVpbGQtcXVldWUvLng4Nl82NC1yYW5kY29uZmlnLXdhMS0wMzIwMDIwMS1kOGVj
MjZkN2Y4Mjg3ZjU3ODhhNDk0ZjU2ZTg4MTQyMTBmMGU2NGJlCmtlcm5lbDogL2tlcm5lbC94
ODZfNjQtcmFuZGNvbmZpZy13YTEtMDMyMDAyMDEvZDhlYzI2ZDdmODI4N2Y1Nzg4YTQ5NGY1
NmU4ODE0MjEwZjBlNjRiZS92bWxpbnV6LTMuMTMuMAoKMjAxNC0wMy0yMC0wNzo0Mjo0MyBk
ZXRlY3RpbmcgYm9vdCBzdGF0ZSAuIFRFU1QgRkFJTFVSRQpbICAgIDIuNTI0OTEzXSBnX3dl
YmNhbSBnYWRnZXQ6IHV2Y19mdW5jdGlvbl9iaW5kClsgICAgMi41MjcwMjddIC0tLS0tLS0t
LS0tLVsgY3V0IGhlcmUgXS0tLS0tLS0tLS0tLQpbICAgIDIuNTI3MDI3XSAtLS0tLS0tLS0t
LS1bIGN1dCBoZXJlIF0tLS0tLS0tLS0tLS0KWyAgICAyLjUyOTExMV0gV0FSTklORzogQ1BV
OiAwIFBJRDogMSBhdCBkcml2ZXJzL21lZGlhL3Y0bDItY29yZS92aWRlb2J1ZjItY29yZS5j
OjIxMjQgdmIyX3F1ZXVlX2luaXQrMHhhMy8weDExMygpCi9rZXJuZWwveDg2XzY0LXJhbmRj
b25maWctd2ExLTAzMjAwMjAxL2Q4ZWMyNmQ3ZjgyODdmNTc4OGE0OTRmNTZlODgxNDIxMGYw
ZTY0YmUvZG1lc2cteW9jdG8taXZ5dG93bjItMTk6MjAxNDAzMjAwNzQzMDk6eDg2XzY0LXJh
bmRjb25maWctd2ExLTAzMjAwMjAxOjMuMTMuMDoxCi9rZXJuZWwveDg2XzY0LXJhbmRjb25m
aWctd2ExLTAzMjAwMjAxL2Q4ZWMyNmQ3ZjgyODdmNTc4OGE0OTRmNTZlODgxNDIxMGYwZTY0
YmUvZG1lc2cteW9jdG8tY2Fpcm8tMTM6MjAxNDAzMjAwNzQzMDk6eDg2XzY0LXJhbmRjb25m
aWctd2ExLTAzMjAwMjAxOjMuMTMuMDoxCjA6MjoyIGFsbF9nb29kOmJhZDphbGxfYmFkIGJv
b3RzChtbMTszNW0yMDE0LTAzLTIwIDA3OjQzOjE0IFJFUEVBVCBDT1VOVDogMjAgICMgL2tl
cm5lbC10ZXN0cy9saW51eDQvb2JqLWJpc2VjdC8ucmVwZWF0G1swbQoKYmlzZWN0OiBiYWQg
Y29tbWl0IHYzLjEzCmdpdCBjaGVja291dCB2My4xMgpscyAtYSAva2VybmVsLXRlc3RzL3J1
bi1xdWV1ZS9rdm0veDg2XzY0LXJhbmRjb25maWctd2ExLTAzMjAwMjAxL2xpbnV4LWRldmVs
OmRldmVsLWhvdXJseS0yMDE0MDMyMDAxOjVlMDFkYzdiMjZkOWYyNGYzOWFiYWNlNWRhOThj
Y2JkNmE1Y2ViNTI6YmlzZWN0LWxpbnV4NAoKMjAxNC0wMy0yMC0wNzo0MzoxNyA1ZTAxZGM3
YjI2ZDlmMjRmMzlhYmFjZTVkYTk4Y2NiZDZhNWNlYjUyIGNvbXBpbGluZwpRdWV1ZWQgYnVp
bGQgdGFzayB0byAva2VybmVsLXRlc3RzL2J1aWxkLXF1ZXVlL3g4Nl82NC1yYW5kY29uZmln
LXdhMS0wMzIwMDIwMS01ZTAxZGM3YjI2ZDlmMjRmMzlhYmFjZTVkYTk4Y2NiZDZhNWNlYjUy
CkNoZWNrIGZvciBrZXJuZWwgaW4gL2tlcm5lbC94ODZfNjQtcmFuZGNvbmZpZy13YTEtMDMy
MDAyMDEvNWUwMWRjN2IyNmQ5ZjI0ZjM5YWJhY2U1ZGE5OGNjYmQ2YTVjZWI1Mgp3YWl0aW5n
IGZvciBjb21wbGV0aW9uIG9mIC9rZXJuZWwtdGVzdHMvYnVpbGQtcXVldWUveDg2XzY0LXJh
bmRjb25maWctd2ExLTAzMjAwMjAxLTVlMDFkYzdiMjZkOWYyNGYzOWFiYWNlNWRhOThjY2Jk
NmE1Y2ViNTIKd2FpdGluZyBmb3IgY29tcGxldGlvbiBvZiAva2VybmVsLXRlc3RzL2J1aWxk
LXF1ZXVlLy54ODZfNjQtcmFuZGNvbmZpZy13YTEtMDMyMDAyMDEtNWUwMWRjN2IyNmQ5ZjI0
ZjM5YWJhY2U1ZGE5OGNjYmQ2YTVjZWI1MgprZXJuZWw6IC9rZXJuZWwveDg2XzY0LXJhbmRj
b25maWctd2ExLTAzMjAwMjAxLzVlMDFkYzdiMjZkOWYyNGYzOWFiYWNlNWRhOThjY2JkNmE1
Y2ViNTIvdm1saW51ei0zLjEyLjAKCjIwMTQtMDMtMjAtMDk6NDc6MTcgZGV0ZWN0aW5nIGJv
b3Qgc3RhdGUgLi4uLi4uLi4uLi4uLi4uLi4uLi4uLi4uLi4uLi4uLi4uLi4uLi4uLi4uLi4u
Li4uLi4uLi4uLi4uLi4uLi4uLi4uLi4uLi4uLi4uLi4uLi4uLi4uLi4uLi4uLi4uLi4uLi4u
Li4uLi4uLi4uLi4uLi4uLi4uLi4uLi4uLi4uLi4uLi4uLi4uLi4uLi4uIFRFU1QgRkFJTFVS
RQpbICAgIDkuMTAyNzk0XSBnX3dlYmNhbSBnYWRnZXQ6IHV2Y19mdW5jdGlvbl9iaW5kClsg
ICAgOS4xMTE4OTRdIC0tLS0tLS0tLS0tLVsgY3V0IGhlcmUgXS0tLS0tLS0tLS0tLQpbICAg
IDkuMTExODk0XSAtLS0tLS0tLS0tLS1bIGN1dCBoZXJlIF0tLS0tLS0tLS0tLS0KWyAgICA5
LjExOTgyOV0gV0FSTklORzogQ1BVOiAwIFBJRDogMSBhdCBkcml2ZXJzL21lZGlhL3Y0bDIt
Y29yZS92aWRlb2J1ZjItY29yZS5jOjIwOTcgdmIyX3F1ZXVlX2luaXQrMHhhMy8weDExMygp
Ci9rZXJuZWwveDg2XzY0LXJhbmRjb25maWctd2ExLTAzMjAwMjAxLzVlMDFkYzdiMjZkOWYy
NGYzOWFiYWNlNWRhOThjY2JkNmE1Y2ViNTIvZG1lc2ctcXVhbnRhbC1pbm4tMzA6MjAxNDAz
MjAxMDU3MjE6eDg2XzY0LXJhbmRjb25maWctd2ExLTAzMjAwMjAxOjoKL2tlcm5lbC94ODZf
NjQtcmFuZGNvbmZpZy13YTEtMDMyMDAyMDEvNWUwMWRjN2IyNmQ5ZjI0ZjM5YWJhY2U1ZGE5
OGNjYmQ2YTVjZWI1Mi9kbWVzZy15b2N0by1zdG9ha2xleS0zOjIwMTQwMzIwMTA1NzE1Ong4
Nl82NC1yYW5kY29uZmlnLXdhMS0wMzIwMDIwMTozLjEyLjA6MQova2VybmVsL3g4Nl82NC1y
YW5kY29uZmlnLXdhMS0wMzIwMDIwMS81ZTAxZGM3YjI2ZDlmMjRmMzlhYmFjZTVkYTk4Y2Ni
ZDZhNWNlYjUyL2RtZXNnLXlvY3RvLWlubi0xOToyMDE0MDMyMDEwNTcyMjp4ODZfNjQtcmFu
ZGNvbmZpZy13YTEtMDMyMDAyMDE6Ogova2VybmVsL3g4Nl82NC1yYW5kY29uZmlnLXdhMS0w
MzIwMDIwMS81ZTAxZGM3YjI2ZDlmMjRmMzlhYmFjZTVkYTk4Y2NiZDZhNWNlYjUyL2RtZXNn
LXlvY3RvLXN0b2FrbGV5LTU6MjAxNDAzMjAxMDU3MjU6eDg2XzY0LXJhbmRjb25maWctd2Ex
LTAzMjAwMjAxOjMuMTIuMDoxCi9rZXJuZWwveDg2XzY0LXJhbmRjb25maWctd2ExLTAzMjAw
MjAxLzVlMDFkYzdiMjZkOWYyNGYzOWFiYWNlNWRhOThjY2JkNmE1Y2ViNTIvZG1lc2cteW9j
dG8tc3RvYWtsZXktNjoyMDE0MDMyMDEwNTcyNjp4ODZfNjQtcmFuZGNvbmZpZy13YTEtMDMy
MDAyMDE6My4xMi4wOjEKL2tlcm5lbC94ODZfNjQtcmFuZGNvbmZpZy13YTEtMDMyMDAyMDEv
NWUwMWRjN2IyNmQ5ZjI0ZjM5YWJhY2U1ZGE5OGNjYmQ2YTVjZWI1Mi9kbWVzZy1xdWFudGFs
LXN0b2FrbGV5LTQ6MjAxNDAzMjAxMDU3Mjg6eDg2XzY0LXJhbmRjb25maWctd2ExLTAzMjAw
