Return-path: <linux-media-owner@vger.kernel.org>
Received: from mga02.intel.com ([134.134.136.20]:43447 "EHLO mga02.intel.com"
	rhost-flags-OK-OK-OK-OK) by vger.kernel.org with ESMTP
	id S1750738Ab3FVEvH (ORCPT <rfc822;linux-media@vger.kernel.org>);
	Sat, 22 Jun 2013 00:51:07 -0400
Date: Sat, 22 Jun 2013 12:50:59 +0800
From: Fengguang Wu <fengguang.wu@intel.com>
To: fengguang.wu@intel.com, Hans Verkuil <hans.verkuil@cisco.com>
Cc: Mauro Carvalho Chehab <mchehab@redhat.com>,
	linux-media@vger.kernel.org, linux-kernel@vger.kernel.org
Subject: WARNING: at drivers/media/v4l2-core/v4l2-dev.c:775
 __video_register_device()
Message-ID: <20130622045059.GA21294@localhost>
MIME-Version: 1.0
Content-Type: multipart/mixed; boundary="pWyiEgJYm5f9v55/"
Content-Disposition: inline
Sender: linux-media-owner@vger.kernel.org
List-ID: <linux-media.vger.kernel.org>


--pWyiEgJYm5f9v55/
Content-Type: text/plain; charset=us-ascii
Content-Disposition: inline

Greetings,

I got the below dmesg and the first bad commit is

commit 1c1d86a1ea07506c070cfb217a009d53990bdeb0
Author: Hans Verkuil <hans.verkuil@cisco.com>
Date:   Wed Jun 12 11:15:12 2013 -0300

    [media] v4l2: always require v4l2_dev, rename parent to dev_parent
    
    The last set of drivers still using the parent field of video_device instead
    of the v4l2_dev field have been converted, so v4l2_dev is now always set.
    A proper pointer to v4l2_dev is necessary these days otherwise the advanced
    debugging ioctls will not work when addressing sub-devices. It also ensures
    that the core can always go from a video_device struct to the top-level
    v4l2_device struct.
    There is still one single use case for the parent pointer: if there are
    multiple busses, each being the parent of one or more video nodes, and if
    they all share the same v4l2_device struct. In that case one still needs a
    parent pointer since the v4l2_device struct can only refer to a single
    parent device. The cx88 driver is one such case. Unfortunately, the cx88
    failed to set the parent pointer since 3.6. The next patch will correct this.
    In order to support this use-case the parent pointer is only renamed to
    dev_parent, not removed altogether. It has been renamed to ensure that the
    compiler will catch any (possibly out-of-tree) drivers that were missed during
    the conversion.
    
    Signed-off-by: Hans Verkuil <hans.verkuil@cisco.com>
    Acked-by: Sakari Ailus <sakari.ailus@iki.fi>
    Acked-by: Laurent Pinchart <laurent.pinchart@ideasonboard.com>
    Signed-off-by: Mauro Carvalho Chehab <mchehab@redhat.com>

[    1.957979] saa7164 driver loaded
[    1.958709] ------------[ cut here ]------------
[    1.959906] WARNING: at /c/kernel-tests/src/linux/drivers/media/v4l2-core/v4l2-dev.c:775 __video_register_device+0x3e/0xa52()
[    1.961759] Modules linked in:
[    1.962425] CPU: 0 PID: 1 Comm: swapper Not tainted 3.10.0-rc6-00397-gee17608 #195
[    1.963644] Hardware name: Bochs Bochs, BIOS Bochs 01/01/2011
[    1.964500]  00000000 00000000 cbc41e7c c188483c cbc41ea4 c102730d c1b44f8b c1c4b838
[    1.966278]  00000307 c16b4e93 c16b4e93 cfa7d000 c1d431fc cfa6cfbc cbc41eb4 c10273a0
[    1.968715]  00000009 00000000 cbc41f00 c16b4e93 c1042067 c13b2096 cbc40000 000080d0
[    1.970530] Call Trace:
[    1.971024]  [<c188483c>] dump_stack+0x16/0x18
[    1.971744]  [<c102730d>] warn_slowpath_common+0x59/0x70
[    1.972549]  [<c16b4e93>] ? __video_register_device+0x3e/0xa52
[    1.973420]  [<c16b4e93>] ? __video_register_device+0x3e/0xa52
[    1.974288]  [<c10273a0>] warn_slowpath_null+0x1d/0x1f
[    1.975074]  [<c16b4e93>] __video_register_device+0x3e/0xa52
[    1.975923]  [<c1042067>] ? should_resched+0x8/0x22
[    1.976695]  [<c13b2096>] ? kzalloc.constprop.20+0xd/0xf
[    1.977510]  [<c13b2096>] ? kzalloc.constprop.20+0xd/0xf
[    1.978309]  [<c13b272c>] ? device_private_init+0x2c/0x44
[    1.979116]  [<c16f0930>] fm_v4l2_init_video_device+0x7f/0x1e6
[    1.979983]  [<c1d9e6f5>] fm_drv_init+0x65/0xa8
[    1.980724]  [<c1d9e690>] ? tea5764_i2c_driver_init+0x11/0x11
[    1.981574]  [<c1d9e690>] ? tea5764_i2c_driver_init+0x11/0x11
[    1.982430]  [<c10001ba>] do_one_initcall+0xab/0x13c
[    1.983188]  [<c1d6fa60>] kernel_init_freeable+0x11c/0x1ae
[    1.984038]  [<c1d6f416>] ? do_early_param+0x78/0x78
[    1.984811]  [<c187dc7a>] kernel_init+0xb/0xc3
[    1.985717]  [<c188f457>] ret_from_kernel_thread+0x1b/0x28
[    1.987043]  [<c187dc6f>] ? rest_init+0x6e/0x6e
[    1.988220] ---[ end trace 188c81b2775d51cc ]---

git bisect start ee17608d6aa04a86e253a9130d6c6d00892f132b 756e6e14484b3249dad9663ed1398711b62676a3 --
git bisect good 20b4fb485227404329e41ad15588afad3df23050  # 10:45     20+  Merge branch 'for-linus' of git://git.kernel.org/pub/scm/linux/kernel/git/viro/vfs
git bisect good a8c4b90e670be3b01e9395c7310639c8109fc77e  # 10:52     20+  Merge tag 'soc-for-linus-2' of git://git.kernel.org/pub/scm/linux/kernel/git/arm/arm-soc
git bisect good 2c5f81d29c946165ae01c15e70b1bf2e16929009  # 10:59     20+  [media] drivers/media/pci/dm1105/dm1105: Convert to module_pci_driver
git bisect good 11e7064f35bb87da8f427d1aa4bbd8b7473a3993  # 11:20     20+  ALSA: usb-audio - Fix invalid volume resolution on Logitech HD webcam c270
git bisect good 17d8dfcda6ce570ddc4844f490104fed4af215aa  # 11:32     20+  Merge branch 'for-linus' of git://git.kernel.org/pub/scm/linux/kernel/git/gerg/m68knommu
git bisect good 509768f751986f171710319f44170e7dbab37394  # 11:38     20+  Merge tag 'asoc-v3.10-rc5' of git://git.kernel.org/pub/scm/linux/kernel/git/broonie/sound
git bisect good f93f0b9cf7c6056ebeb844ed68a8e44888fffa05  # 11:43     20+  Merge tag 'clk-fixes-for-linus' of git://git.linaro.org/people/mturquette/linux
git bisect good 12869145718571ffa4f6e650a6f759934eeca0d9  # 11:47     20+  [media] v4l2-int-device: remove unused chip_ident reference
git bisect  bad d9ec089ef248064ec9b3d027ed707ac6e0a3f2aa  # 11:49      0-  [media] radio-sf16fmi: Set frequency during init
git bisect  bad e5715cfb2802cb5988f856f84454645772f4e2f5  # 11:50      0-  [media] cx88: set dev_parent to the correct parent PCI bus
git bisect good 9592bd0a9e74c344f674663137e5ccff7a39f7d0  # 11:59     20+  [media] zoran: use v4l2_dev instead of the deprecated parent field
git bisect good b60f9aa1a9fcf69df963c1f06ee0594d836f6760  # 12:01     20+  [media] f_uvc: add v4l2_device and replace parent with v4l2_dev
git bisect good d481c581dfe43be11a17728b5c84c2d4b5beecb2  # 12:03     20+  [media] saa7134: use v4l2_dev instead of the deprecated parent field
git bisect  bad 1c1d86a1ea07506c070cfb217a009d53990bdeb0  # 12:05      0-  [media] v4l2: always require v4l2_dev, rename parent to dev_parent
git bisect good d481c581dfe43be11a17728b5c84c2d4b5beecb2  # 12:06     60+  [media] saa7134: use v4l2_dev instead of the deprecated parent field
git bisect  bad ee17608d6aa04a86e253a9130d6c6d00892f132b  # 12:06      0-  [media] imx074: support asynchronous probing
git bisect good 73a8bd91a4401df1be4b044f89629ac06e2d6e36  # 12:08     60+  Revert "[media] v4l2: always require v4l2_dev, rename parent to dev_parent"
git bisect good f71194a7d47c1da787555d27aac63973ca72323b  # 12:10     60+  Merge branch 'x86/urgent' of git://git.kernel.org/pub/scm/linux/kernel/git/tip/tip
git bisect good e1a86578747376f08985627c84df088a5d0d1e92  # 12:12     60+  Add linux-next specific files for 20130621

Thanks,
Fengguang

--pWyiEgJYm5f9v55/
Content-Type: text/plain; charset=us-ascii
Content-Disposition: attachment; filename="dmesg-kvm-cairo-13988-20130622035009-3.10.0-rc6-00397-gee17608-195"

[    0.000000] Initializing cgroup subsys cpuset
[    0.000000] Initializing cgroup subsys cpu
[    0.000000] Linux version 3.10.0-rc6-00397-gee17608 (kbuild@roam) (gcc version 4.8.1 (Debian 4.8.1-3) ) #195 Sat Jun 22 03:43:37 CST 2013
[    0.000000] e820: BIOS-provided physical RAM map:
[    0.000000] BIOS-e820: [mem 0x0000000000000000-0x000000000009fbff] usable
[    0.000000] BIOS-e820: [mem 0x000000000009fc00-0x000000000009ffff] reserved
[    0.000000] BIOS-e820: [mem 0x00000000000f0000-0x00000000000fffff] reserved
[    0.000000] BIOS-e820: [mem 0x0000000000100000-0x000000000fffdfff] usable
[    0.000000] BIOS-e820: [mem 0x000000000fffe000-0x000000000fffffff] reserved
[    0.000000] BIOS-e820: [mem 0x00000000feffc000-0x00000000feffffff] reserved
[    0.000000] BIOS-e820: [mem 0x00000000fffc0000-0x00000000ffffffff] reserved
[    0.000000] debug: ignoring loglevel setting.
[    0.000000] Notice: NX (Execute Disable) protection cannot be enabled: non-PAE kernel!
[    0.000000] SMBIOS 2.4 present.
[    0.000000] DMI: Bochs Bochs, BIOS Bochs 01/01/2011
[    0.000000] Hypervisor detected: KVM
[    0.000000] e820: update [mem 0x00000000-0x00000fff] usable ==> reserved
[    0.000000] e820: remove [mem 0x000a0000-0x000fffff] usable
[    0.000000] e820: last_pfn = 0xfffe max_arch_pfn = 0x100000
[    0.000000] MTRR default type: write-back
[    0.000000] MTRR fixed ranges enabled:
[    0.000000]   00000-9FFFF write-back
[    0.000000]   A0000-BFFFF uncachable
[    0.000000]   C0000-FFFFF write-protect
[    0.000000] MTRR variable ranges enabled:
[    0.000000]   0 base 0080000000 mask FF80000000 uncachable
[    0.000000]   1 disabled
[    0.000000]   2 disabled
[    0.000000]   3 disabled
[    0.000000]   4 disabled
[    0.000000]   5 disabled
[    0.000000]   6 disabled
[    0.000000]   7 disabled
[    0.000000] x86 PAT enabled: cpu 0, old 0x70406, new 0x7010600070106
[    0.000000] Scanning 1 areas for low memory corruption
[    0.000000] initial memory mapped: [mem 0x00000000-0x023fffff]
[    0.000000] Base memory trampoline at [c009b000] 9b000 size 16384
[    0.000000] init_memory_mapping: [mem 0x00000000-0x000fffff]
[    0.000000]  [mem 0x00000000-0x000fffff] page 4k
[    0.000000] init_memory_mapping: [mem 0x0e000000-0x0e3fffff]
[    0.000000]  [mem 0x0e000000-0x0e3fffff] page 2M
[    0.000000] init_memory_mapping: [mem 0x08000000-0x0dffffff]
[    0.000000]  [mem 0x08000000-0x0dffffff] page 2M
[    0.000000] init_memory_mapping: [mem 0x00100000-0x07ffffff]
[    0.000000]  [mem 0x00100000-0x003fffff] page 4k
[    0.000000]  [mem 0x00400000-0x07ffffff] page 2M
[    0.000000] init_memory_mapping: [mem 0x0e400000-0x0fffdfff]
[    0.000000]  [mem 0x0e400000-0x0fbfffff] page 2M
[    0.000000]  [mem 0x0fc00000-0x0fffdfff] page 4k
[    0.000000] BRK [0x01e7a000, 0x01e7afff] PGTABLE
[    0.000000] cma: CMA: reserved 28 MiB at 0c800000
[    0.000000] log_buf_len: 8388608
[    0.000000] early log buf free: 128144(97%)
[    0.000000] RAMDISK: [mem 0x0e73f000-0x0ffeffff]
[    0.000000] ACPI: RSDP 000fd920 00014 (v00 BOCHS )
[    0.000000] ACPI: RSDT 0fffe450 00034 (v01 BOCHS  BXPCRSDT 00000001 BXPC 00000001)
[    0.000000] ACPI: FACP 0fffff80 00074 (v01 BOCHS  BXPCFACP 00000001 BXPC 00000001)
[    0.000000] ACPI: DSDT 0fffe490 011A9 (v01   BXPC   BXDSDT 00000001 INTL 20100528)
[    0.000000] ACPI: FACS 0fffff40 00040
[    0.000000] ACPI: SSDT 0ffff7a0 00796 (v01 BOCHS  BXPCSSDT 00000001 BXPC 00000001)
[    0.000000] ACPI: APIC 0ffff680 00080 (v01 BOCHS  BXPCAPIC 00000001 BXPC 00000001)
[    0.000000] ACPI: HPET 0ffff640 00038 (v01 BOCHS  BXPCHPET 00000001 BXPC 00000001)
[    0.000000] ACPI: Local APIC address 0xfee00000
[    0.000000] mapped APIC to         ffffa000 (        fee00000)
[    0.000000] 0MB HIGHMEM available.
[    0.000000] 255MB LOWMEM available.
[    0.000000]   mapped low ram: 0 - 0fffe000
[    0.000000]   low ram: 0 - 0fffe000
[    0.000000] kvm-clock: Using msrs 4b564d01 and 4b564d00
[    0.000000] kvm-clock: cpu 0, msr 0:fffd001, boot clock
[    0.000000] BRK [0x01e7b000, 0x01e7bfff] PGTABLE
[    0.000000] Zone ranges:
[    0.000000]   DMA      [mem 0x00001000-0x00ffffff]
[    0.000000]   Normal   [mem 0x01000000-0x0fffdfff]
[    0.000000]   HighMem  empty
[    0.000000] Movable zone start for each node
[    0.000000] Early memory node ranges
[    0.000000]   node   0: [mem 0x00001000-0x0009efff]
[    0.000000]   node   0: [mem 0x00100000-0x0fffdfff]
[    0.000000] On node 0 totalpages: 65436
[    0.000000] free_area_init_node: node 0, pgdat c1d573e0, node_mem_map ce53f020
[    0.000000]   DMA zone: 32 pages used for memmap
[    0.000000]   DMA zone: 0 pages reserved
[    0.000000]   DMA zone: 3998 pages, LIFO batch:0
[    0.000000]   Normal zone: 480 pages used for memmap
[    0.000000]   Normal zone: 61438 pages, LIFO batch:15
[    0.000000] Using APIC driver default
[    0.000000] ACPI: PM-Timer IO Port: 0xb008
[    0.000000] ACPI: Local APIC address 0xfee00000
[    0.000000] mapped APIC to         ffffa000 (        fee00000)
[    0.000000] ACPI: LAPIC (acpi_id[0x00] lapic_id[0x00] enabled)
[    0.000000] ACPI: LAPIC (acpi_id[0x01] lapic_id[0x01] enabled)
[    0.000000] ACPI: NR_CPUS/possible_cpus limit of 1 reached.  Processor 1/0x1 ignored.
[    0.000000] ACPI: LAPIC_NMI (acpi_id[0xff] dfl dfl lint[0x1])
[    0.000000] Using ACPI for processor (LAPIC) configuration information
[    0.000000] ACPI: HPET id: 0x8086a201 base: 0xfed00000
[    0.000000] KVM setup async PF for cpu 0
[    0.000000] kvm-stealtime: cpu 0, msr 1cde4c0
[    0.000000] PM: Registered nosave memory: 000000000009f000 - 00000000000a0000
[    0.000000] PM: Registered nosave memory: 00000000000a0000 - 00000000000f0000
[    0.000000] PM: Registered nosave memory: 00000000000f0000 - 0000000000100000
[    0.000000] e820: [mem 0x10000000-0xfeffbfff] available for PCI devices
[    0.000000] Booting paravirtualized kernel on KVM
[    0.000000] pcpu-alloc: s0 r0 d32768 u32768 alloc=1*32768
[    0.000000] pcpu-alloc: [0] 0 
[    0.000000] Built 1 zonelists in Zone order, mobility grouping on.  Total pages: 64924
[    0.000000] Kernel command line: hung_task_panic=1 rcutree.rcu_cpu_stall_timeout=100 log_buf_len=8M ignore_loglevel debug sched_debug apic=debug dynamic_printk sysrq_always_enabled panic=10  prompt_ramdisk=0 console=ttyS0,115200 console=tty0 vga=normal  root=/dev/ram0 rw link=/kernel-tests/run-queue/kvm/i386-randconfig-r07-0621/linuxtv-media:master/.vmlinuz-ee17608d6aa04a86e253a9130d6c6d00892f132b-20130622034405-5-cairo branch=linuxtv-media/master  BOOT_IMAGE=/kernel/i386-randconfig-r07-0621/ee17608d6aa04a86e253a9130d6c6d00892f132b/vmlinuz-3.10.0-rc6-00397-gee17608
[    0.000000] sysrq: sysrq always enabled.
[    0.000000] PID hash table entries: 1024 (order: 0, 4096 bytes)
[    0.000000] Dentry cache hash table entries: 32768 (order: 5, 131072 bytes)
[    0.000000] Inode-cache hash table entries: 16384 (order: 4, 65536 bytes)
[    0.000000] Initializing CPU#0
[    0.000000] allocated 524264 bytes of page_cgroup
[    0.000000] please try 'cgroup_disable=memory' option if you don't want memory cgroups
[    0.000000] Initializing HighMem for node 0 (00000000:00000000)
[    0.000000] Memory: 181872k/262136k available (8768k kernel code, 79872k reserved, 4985k data, 484k init, 0k highmem)
[    0.000000] virtual kernel memory layout:
[    0.000000]     fixmap  : 0xfffe0000 - 0xfffff000   ( 124 kB)
[    0.000000]     pkmap   : 0xff800000 - 0xffc00000   (4096 kB)
[    0.000000]     vmalloc : 0xd07fe000 - 0xff7fe000   ( 752 MB)
[    0.000000]     lowmem  : 0xc0000000 - 0xcfffe000   ( 255 MB)
[    0.000000]       .init : 0xc1d6f000 - 0xc1de8000   ( 484 kB)
[    0.000000]       .data : 0xc18903bc - 0xc1d6e940   (4985 kB)
[    0.000000]       .text : 0xc1000000 - 0xc18903bc   (8768 kB)
[    0.000000] Checking if this processor honours the WP bit even in supervisor mode...Ok.
[    0.000000] SLUB: HWalign=128, Order=0-3, MinObjects=0, CPUs=1, Nodes=1
[    0.000000] NR_IRQS:16 nr_irqs:16 16
[    0.000000] CPU 0 irqstacks, hard=cbc08000 soft=cbc0a000
[    0.000000] Console: colour VGA+ 80x25
[    0.000000] console [tty0] enabled
[    0.000000] console [ttyS0] enabled
[    0.000000] hpet clockevent registered
[    0.000000] tsc: Detected 2893.048 MHz processor
[    0.006666] Calibrating delay loop (skipped) preset value.. 5788.18 BogoMIPS (lpj=9643493)
[    0.006674] pid_max: default: 32768 minimum: 301
[    0.007558] Security Framework initialized
[    0.008341] SELinux:  Initializing.
[    0.009090] SELinux:  Starting in enforcing mode
[    0.009931] AppArmor: AppArmor disabled by boot time parameter
[    0.010005] Yama: becoming mindful.
[    0.010721] Mount-cache hash table entries: 512
[    0.011717] Initializing cgroup subsys memory
[    0.013346] Initializing cgroup subsys devices
[    0.014177] Initializing cgroup subsys blkio
[    0.015023] Initializing cgroup subsys perf_event
[    0.015947] Initializing cgroup subsys net_prio
[    0.016783] Last level iTLB entries: 4KB 0, 2MB 0, 4MB 0
[    0.016783] Last level dTLB entries: 4KB 0, 2MB 0, 4MB 0
[    0.016783] tlb_flushall_shift: 6
[    0.019153] CPU: Intel Common KVM processor (fam: 0f, model: 06, stepping: 01)
[    0.024206] ACPI: Core revision 20130328
[    0.026129] ACPI: All ACPI Tables successfully acquired
[    0.026978] ACPI: setting ELCR to 0200 (from 0c00)
[    0.027959] Performance Events: unsupported Netburst CPU model 6 no PMU driver, software events only.
[    0.030835] Getting VERSION: 50014
[    0.031549] Getting VERSION: 50014
[    0.032242] Getting ID: 0
[    0.032921] Getting ID: f000000
[    0.033346] Getting LVT0: 8700
[    0.034013] Getting LVT1: 8400
[    0.034710] enabled ExtINT on CPU#0
[    0.035459] Using local APIC timer interrupts.
[    0.035459] calibrating APIC timer ...
[    0.039999] ... lapic delta = 6249903
[    0.039999] ... PM-Timer delta = 357908
[    0.039999] ... PM-Timer result ok
[    0.039999] ..... delta 6249903
[    0.039999] ..... mult: 268431316
[    0.039999] ..... calibration result: 3333281
[    0.039999] ..... CPU clock speed is 2892.3141 MHz.
[    0.039999] ..... host bus clock speed is 1000.0281 MHz.
[    0.040218] devtmpfs: initialized
[    0.042189] atomic64 test passed for i586+ platform with CX8 and with SSE
[    0.043375] regulator-dummy: no parameters
[    0.044238] NET: Registered protocol family 16
[    0.046076] ACPI: bus type PCI registered
[    0.046839] PCI: PCI BIOS revision 2.10 entry at 0xfc6d5, last bus=0
[    0.047770] PCI: Using configuration type 1 for base access
[    0.052136] bio: create slab <bio-0> at 0
[    0.052930] ACPI: Added _OSI(Module Device)
[    0.053336] ACPI: Added _OSI(Processor Device)
[    0.054058] ACPI: Added _OSI(3.0 _SCP Extensions)
[    0.054838] ACPI: Added _OSI(Processor Aggregator Device)
[    0.056330] ACPI: EC: Look up EC in DSDT
[    0.058698] ACPI: Interpreter enabled
[    0.060015] ACPI: (supports S0 S4 S5)
[    0.060639] ACPI: Using PIC for interrupt routing
[    0.061403] PCI: Using host bridge windows from ACPI; if necessary, use "pci=nocrs" and report a bug
[    0.066473] ACPI: PCI Root Bridge [PCI0] (domain 0000 [bus 00-ff])
[    0.066943] acpi PNP0A03:00: fail to add MMCONFIG information, can't access extended PCI configuration space under this bridge.
[    0.070061] PCI host bridge to bus 0000:00
[    0.070988] pci_bus 0000:00: root bus resource [bus 00-ff]
[    0.072070] pci_bus 0000:00: root bus resource [io  0x0000-0x0cf7]
[    0.073338] pci_bus 0000:00: root bus resource [io  0x0d00-0xffff]
[    0.074299] pci_bus 0000:00: root bus resource [mem 0x000a0000-0x000bffff]
[    0.075471] pci_bus 0000:00: root bus resource [mem 0x80000000-0xfebfffff]
[    0.076723] pci 0000:00:00.0: [8086:1237] type 00 class 0x060000
[    0.078662] pci 0000:00:01.0: [8086:7000] type 00 class 0x060100
[    0.080562] pci 0000:00:01.1: [8086:7010] type 00 class 0x010180
[    0.087539] pci 0000:00:01.1: reg 20: [io  0xc1e0-0xc1ef]
[    0.090749] pci 0000:00:01.3: [8086:7113] type 00 class 0x068000
[    0.092653] pci 0000:00:01.3: quirk: [io  0xb000-0xb03f] claimed by PIIX4 ACPI
[    0.093351] pci 0000:00:01.3: quirk: [io  0xb100-0xb10f] claimed by PIIX4 SMB
[    0.096902] pci 0000:00:02.0: [1013:00b8] type 00 class 0x030000
[    0.100010] pci 0000:00:02.0: reg 10: [mem 0xfc000000-0xfdffffff pref]
[    0.103343] pci 0000:00:02.0: reg 14: [mem 0xfebe0000-0xfebe0fff]
[    0.112732] pci 0000:00:02.0: reg 30: [mem 0xfebc0000-0xfebcffff pref]
[    0.113503] pci 0000:00:03.0: [1af4:1000] type 00 class 0x020000
[    0.115685] pci 0000:00:03.0: reg 10: [io  0xc1c0-0xc1df]
[    0.118249] pci 0000:00:03.0: reg 14: [mem 0xfebe1000-0xfebe1fff]
[    0.128344] pci 0000:00:03.0: reg 30: [mem 0xfebd0000-0xfebdffff pref]
[    0.130348] pci 0000:00:04.0: [8086:100e] type 00 class 0x020000
[    0.133339] pci 0000:00:04.0: reg 10: [mem 0xfeb80000-0xfeb9ffff]
[    0.136672] pci 0000:00:04.0: reg 14: [io  0xc000-0xc03f]
[    0.145657] pci 0000:00:04.0: reg 30: [mem 0xfeba0000-0xfebbffff pref]
[    0.146875] pci 0000:00:05.0: [1af4:1001] type 00 class 0x010000
[    0.150005] pci 0000:00:05.0: reg 10: [io  0xc040-0xc07f]
[    0.152706] pci 0000:00:05.0: reg 14: [mem 0xfebe2000-0xfebe2fff]
[    0.160159] pci 0000:00:06.0: [1af4:1001] type 00 class 0x010000
[    0.162290] pci 0000:00:06.0: reg 10: [io  0xc080-0xc0bf]
[    0.164144] pci 0000:00:06.0: reg 14: [mem 0xfebe3000-0xfebe3fff]
[    0.172072] pci 0000:00:07.0: [1af4:1001] type 00 class 0x010000
[    0.173974] pci 0000:00:07.0: reg 10: [io  0xc0c0-0xc0ff]
[    0.176243] pci 0000:00:07.0: reg 14: [mem 0xfebe4000-0xfebe4fff]
[    0.185174] pci 0000:00:08.0: [1af4:1001] type 00 class 0x010000
[    0.188388] pci 0000:00:08.0: reg 10: [io  0xc100-0xc13f]
[    0.191663] pci 0000:00:08.0: reg 14: [mem 0xfebe5000-0xfebe5fff]
[    0.201220] pci 0000:00:09.0: [1af4:1001] type 00 class 0x010000
[    0.205036] pci 0000:00:09.0: reg 10: [io  0xc140-0xc17f]
[    0.207507] pci 0000:00:09.0: reg 14: [mem 0xfebe6000-0xfebe6fff]
[    0.217884] pci 0000:00:0a.0: [1af4:1001] type 00 class 0x010000
[    0.220798] pci 0000:00:0a.0: reg 10: [io  0xc180-0xc1bf]
[    0.224149] pci 0000:00:0a.0: reg 14: [mem 0xfebe7000-0xfebe7fff]
[    0.233709] pci 0000:00:0b.0: [8086:25ab] type 00 class 0x088000
[    0.236672] pci 0000:00:0b.0: reg 10: [mem 0xfebe8000-0xfebe800f]
[    0.243712] pci_bus 0000:00: on NUMA node 0
[    0.244887] acpi PNP0A03:00: Unable to request _OSC control (_OSC support mask: 0x08)
[    0.247269] ACPI: PCI Interrupt Link [LNKA] (IRQs 5 *10 11)
[    0.249392] ACPI: PCI Interrupt Link [LNKB] (IRQs 5 *10 11)
[    0.251124] ACPI: PCI Interrupt Link [LNKC] (IRQs 5 10 *11)
[    0.254057] ACPI: PCI Interrupt Link [LNKD] (IRQs 5 10 *11)
[    0.256107] ACPI: PCI Interrupt Link [LNKS] (IRQs *9)
[    0.257805] ACPI: Enabled 16 GPEs in block 00 to 0F
[    0.259282] acpi root: \_SB_.PCI0 notify handler is installed
[    0.260033] Found 1 acpi root devices
[    0.261375] vgaarb: device added: PCI:0000:00:02.0,decodes=io+mem,owns=io+mem,locks=none
[    0.263340] vgaarb: loaded
[    0.264169] vgaarb: bridge control possible 0000:00:02.0
[    0.266977] SCSI subsystem initialized
[    0.268111] libata version 3.00 loaded.
[    0.269247] Linux video capture interface: v2.00
[    0.270022] pps_core: LinuxPPS API ver. 1 registered
[    0.271303] pps_core: Software ver. 5.3.6 - Copyright 2005-2007 Rodolfo Giometti <giometti@linux.it>
[    0.273353] PTP clock support registered
[    0.274091] PCI: Using ACPI for IRQ routing
[    0.274903] PCI: pci_cache_line_size set to 64 bytes
[    0.276803] e820: reserve RAM buffer [mem 0x0009fc00-0x0009ffff]
[    0.278267] e820: reserve RAM buffer [mem 0x0fffe000-0x0fffffff]
[    0.279883] NET: Registered protocol family 23
[    0.280026] NET: Registered protocol family 8
[    0.281120] NET: Registered protocol family 20
[    0.281938] NetLabel: Initializing
[    0.283335] NetLabel:  domain hash size = 128
[    0.284314] NetLabel:  protocols = UNLABELED CIPSOv4
[    0.285600] NetLabel:  unlabeled traffic allowed by default
[    0.286768] nfc: nfc_init: NFC Core ver 0.1
[    0.287955] NET: Registered protocol family 39
[    0.290728] hpet0: at MMIO 0xfed00000, IRQs 2, 8, 0
[    0.291983] hpet0: 3 comparators, 64-bit 100.000000 MHz counter
[    0.294377] Switching to clocksource kvm-clock
[    0.295801] FS-Cache: Loaded
[    0.295801] pnp: PnP ACPI init
[    0.295801] ACPI: bus type PNP registered
[    0.296807] pnp 00:00: Plug and Play ACPI device, IDs PNP0b00 (active)
[    0.298612] pnp 00:01: Plug and Play ACPI device, IDs PNP0303 (active)
[    0.300392] pnp 00:02: Plug and Play ACPI device, IDs PNP0f13 (active)
[    0.301467] pnp 00:03: [dma 2]
[    0.302188] pnp 00:03: Plug and Play ACPI device, IDs PNP0700 (active)
[    0.303852] pnp 00:04: Plug and Play ACPI device, IDs PNP0400 (active)
[    0.305536] pnp 00:05: Plug and Play ACPI device, IDs PNP0501 (active)
[    0.307227] pnp 00:06: Plug and Play ACPI device, IDs PNP0103 (active)
[    0.308484] pnp: PnP ACPI: found 7 devices
[    0.309593] ACPI: bus type PNP unregistered
[    0.310737] PnPBIOS: Disabled
[    0.348305] pci_bus 0000:00: resource 4 [io  0x0000-0x0cf7]
[    0.349661] pci_bus 0000:00: resource 5 [io  0x0d00-0xffff]
[    0.350810] pci_bus 0000:00: resource 6 [mem 0x000a0000-0x000bffff]
[    0.351723] pci_bus 0000:00: resource 7 [mem 0x80000000-0xfebfffff]
[    0.352675] NET: Registered protocol family 2
[    0.353893] TCP established hash table entries: 2048 (order: 2, 16384 bytes)
[    0.355603] TCP bind hash table entries: 2048 (order: 1, 8192 bytes)
[    0.357150] TCP: Hash tables configured (established 2048 bind 2048)
[    0.358721] TCP: reno registered
[    0.359625] UDP hash table entries: 256 (order: 0, 4096 bytes)
[    0.360979] UDP-Lite hash table entries: 256 (order: 0, 4096 bytes)
[    0.361983] NET: Registered protocol family 1
[    0.362935] pci 0000:00:00.0: Limiting direct PCI/PCI transfers
[    0.364431] pci 0000:00:01.0: PIIX3: Enabling Passive Release
[    0.365440] pci 0000:00:01.0: Activating ISA DMA hang workarounds
[    0.366758] pci 0000:00:02.0: Boot video device
[    0.367555] PCI: CLS 0 bytes, default 64
[    0.368465] Unpacking initramfs...
[    1.163607] Freeing initrd memory: 25284k freed
[    1.182721] DMA-API: preallocated 65536 debug entries
[    1.183994] DMA-API: debugging enabled by kernel config
[    1.186117] microcode: CPU0 sig=0xf61, pf=0x1, revision=0x1
[    1.187638] microcode: Microcode Update Driver: v2.00 <tigran@aivazian.fsnet.co.uk>, Peter Oruba
[    1.189711] Scanning for low memory corruption every 60 seconds
[    1.191364] The force parameter has not been set to 1. The Iris poweroff handler will not be installed.
[    1.193809] audit: initializing netlink socket (disabled)
[    1.195088] type=2000 audit(1371844202.193:1): initialized
[    1.239988] squashfs: version 4.0 (2009/01/31) Phillip Lougher
[    1.241860] FS-Cache: Netfs 'cifs' registered for caching
[    1.243146] NTFS driver 2.1.30 [Flags: R/W DEBUG].
[    1.244419] EFS: 1.0a - http://aeschi.ch.eu.org/efs/
[    1.245625] JFS: nTxBlock = 1842, nTxLock = 14739
[    1.247179] SGI XFS with ACLs, security attributes, realtime, large block/inode numbers, no debug enabled
[    1.249897] NILFS version 2 loaded
[    1.251258] GFS2 installed
[    1.252033] SELinux:  Registering netfilter hooks
[    1.253881] Block layer SCSI generic (bsg) driver version 0.4 loaded (major 252)
[    1.255716] io scheduler noop registered (default)
[    1.257159] nvidiafb_setup START
[    1.258183] hgafb: HGA card not detected.
[    1.259263] hgafb: probe of hgafb.0 failed with error -22
[    1.260665] uvesafb: failed to execute /sbin/v86d
[    1.261880] uvesafb: make sure that the v86d helper is installed and executable
[    1.263694] uvesafb: Getting VBE info block failed (eax=0x4f00, err=-2)
[    1.265103] uvesafb: vbe_init() failed with -22
[    1.266197] uvesafb: probe of uvesafb.0 failed with error -22
[    1.267807] input: Power Button as /devices/LNXSYSTM:00/LNXPWRBN:00/input/input0
[    1.269626] ACPI: Power Button [PWRF]
[    1.270828] GHES: HEST is not enabled!
[    1.272007] ERST DBG: ERST support is disabled.
[    1.273127] isapnp: Scanning for PnP cards...
[    1.651781] isapnp: No Plug & Play device found
[    1.652669] HDLC line discipline maxframe=4096
[    1.653406] N_HDLC line discipline registered.
[    1.654111] Serial: 8250/16550 driver, 4 ports, IRQ sharing disabled
[    1.676499] 00:05: ttyS0 at I/O 0x3f8 (irq = 4) is a 16550A
[    1.677992] Initializing Nozomi driver 2.1d
[    1.679377] Non-volatile memory driver v1.3
[    1.680557] smapi::smapi_init, ERROR invalid usSmapiID
[    1.681828] mwave: tp3780i::tp3780I_InitializeBoardData: Error: SMAPI is not available on this machine
[    1.684212] mwave: mwavedd::mwave_init: Error: Failed to initialize board data
[    1.685892] mwave: mwavedd::mwave_init: Error: Failed to initialize
[    1.686820] Linux agpgart interface v0.103
[    1.689402] [drm] Initialized drm 1.1.0 20060810
[    1.690942] loop: module loaded
[    1.691876] Compaq SMART2 Driver (v 2.6.0)
[    1.693137] nbd: registered device at major 43
[    1.695695] rbd: loaded rbd (rados block device)
[    1.696934] mtip32xx Version 1.2.6os3
[    1.698051] ibmasm: IBM ASM Service Processor Driver version 1.0 loaded
[    1.699432] Phantom Linux Driver, version n0.9.8, init OK
[    1.700563] Guest personality initialized and is inactive
[    1.701944] VMCI host device registered (name=vmci, major=10, minor=61)
[    1.703537] Initialized host personality
[    1.704788] Uniform Multi-Platform E-IDE driver
[    1.705776] ide-gd driver 1.18
[    1.706380] Loading iSCSI transport class v2.0-870.
[    1.707708] bnx2fc: Broadcom NetXtreme II FCoE Driver bnx2fc v1.0.14 (Mar 08, 2013)
[    1.709789] iscsi: registered transport (tcp)
[    1.711388] Adaptec aacraid driver 1.2-0[30200]-ms
[    1.712663] isci: Intel(R) C600 SAS Controller Driver - version 1.1.0
[    1.713922] scsi: <fdomain> Detection failed (no card)
[    1.714803] NCR53c406a: no available ports found
[    1.715820] qla2xxx [0000:00:00.0]-0005: : QLogic Fibre Channel HBA Driver: 8.05.00.03-k.
[    1.717916] Brocade BFA FC/FCOE SCSI driver - version: 3.1.2.1
[    1.719896] ACPI: PCI Interrupt Link [LNKA] enabled at IRQ 10
[    1.721308] PCI: setting IRQ 10 as level-triggered
[    1.722979] ACPI: PCI Interrupt Link [LNKB] enabled at IRQ 10
[    1.724868] ACPI: PCI Interrupt Link [LNKC] enabled at IRQ 11
[    1.726312] PCI: setting IRQ 11 as level-triggered
[    1.727957] ACPI: PCI Interrupt Link [LNKD] enabled at IRQ 11
[    1.843763] DC390: clustering now enabled by default. If you get problems load
[    1.845795]        with "disable_clustering=1" and report to maintainers
[    1.847561] megaraid cmm: 2.20.2.7 (Release Date: Sun Jul 16 00:01:03 EST 2006)
[    1.849553] megasas: 06.506.00.00-rc1 Sat. Feb. 9 17:00:00 PDT 2013
[    1.850884] mpt2sas version 14.100.00.00 loaded
[    1.852177] 3ware Storage Controller device driver for Linux v1.26.02.003.
[    1.853877] LSI 3ware SAS/SATA-RAID Controller device driver for Linux v3.26.02.000.
[    1.855962] ipr: IBM Power RAID SCSI Device Driver version: 2.6.0 (November 16, 2012)
[    1.858021] RocketRAID 3xxx/4xxx Controller driver v1.8
[    1.859243] stex: Promise SuperTrak EX Driver version: 4.6.0000.4
[    1.860666] iscsi: registered transport (be2iscsi)
[    1.861807] In beiscsi_module_init, tt=c1d195ec
[    1.862787] SCSI Media Changer driver v0.25 
[    1.864473] bonding: Ethernet Channel Bonding Driver: v3.7.1 (April 27, 2011)
[    1.866546] libphy: Fixed MDIO Bus: probed
[    1.867544] spi_ks8995: Micrel KS8995 Ethernet switch SPI driver version 0.1.1
[    1.869582] tun: Universal TUN/TAP device driver, 1.6
[    1.870949] tun: (C) 1999-2004 Max Krasnyansky <maxk@qualcomm.com>
[    1.872603] arcnet loaded.
[    1.873535] arcnet: RFC1201 "standard" (`a') encapsulation support loaded.
[    1.875283] cnic: Broadcom NetXtreme II CNIC Driver cnic v2.5.16 (Dec 05, 2012)
[    1.877152] bnx2x: Broadcom NetXtreme II 5771x/578xx 10/20-Gigabit Ethernet Driver bnx2x 1.78.17-0 (2013/04/11)
[    1.879065] QLogic 1/10 GbE Converged/Intelligent Ethernet Driver v5.2.42
[    1.880208] Solarflare NET driver v3.2
[    1.881332] fore200e: FORE Systems 200E-series ATM driver - version 0.3e
[    1.882338] idt77252_init: at c1d9c7ae
[    1.883308] i8042: PNP: PS/2 Controller [PNP0303:KBD,PNP0f13:MOU] at 0x60,0x64 irq 1,12
[    1.885791] serio: i8042 KBD port at 0x60,0x64 irq 1
[    1.887042] serio: i8042 AUX port at 0x60,0x64 irq 12
[    1.950688] mousedev: PS/2 mouse device common for all mice
[    1.952552] input: AT Translated Set 2 keyboard as /devices/platform/i8042/serio0/input/input1
[    1.954718] nGene PCIE bridge driver, Copyright (C) 2005-2007 Micronas
[    1.955769] Digital Devices PCIE bridge driver, Copyright (C) 2010-11 Digital Devices GmbH
[    1.957100] saa7130/34: v4l2 driver version 0, 2, 17 loaded
[    1.957979] saa7164 driver loaded
[    1.958709] ------------[ cut here ]------------
[    1.959906] WARNING: at /c/kernel-tests/src/linux/drivers/media/v4l2-core/v4l2-dev.c:775 __video_register_device+0x3e/0xa52()
[    1.961759] Modules linked in:
[    1.962425] CPU: 0 PID: 1 Comm: swapper Not tainted 3.10.0-rc6-00397-gee17608 #195
[    1.963644] Hardware name: Bochs Bochs, BIOS Bochs 01/01/2011
[    1.964500]  00000000 00000000 cbc41e7c c188483c cbc41ea4 c102730d c1b44f8b c1c4b838
[    1.966278]  00000307 c16b4e93 c16b4e93 cfa7d000 c1d431fc cfa6cfbc cbc41eb4 c10273a0
[    1.968715]  00000009 00000000 cbc41f00 c16b4e93 c1042067 c13b2096 cbc40000 000080d0
[    1.970530] Call Trace:
[    1.971024]  [<c188483c>] dump_stack+0x16/0x18
[    1.971744]  [<c102730d>] warn_slowpath_common+0x59/0x70
[    1.972549]  [<c16b4e93>] ? __video_register_device+0x3e/0xa52
[    1.973420]  [<c16b4e93>] ? __video_register_device+0x3e/0xa52
[    1.974288]  [<c10273a0>] warn_slowpath_null+0x1d/0x1f
[    1.975074]  [<c16b4e93>] __video_register_device+0x3e/0xa52
[    1.975923]  [<c1042067>] ? should_resched+0x8/0x22
[    1.976695]  [<c13b2096>] ? kzalloc.constprop.20+0xd/0xf
[    1.977510]  [<c13b2096>] ? kzalloc.constprop.20+0xd/0xf
[    1.978309]  [<c13b272c>] ? device_private_init+0x2c/0x44
[    1.979116]  [<c16f0930>] fm_v4l2_init_video_device+0x7f/0x1e6
[    1.979983]  [<c1d9e6f5>] fm_drv_init+0x65/0xa8
[    1.980724]  [<c1d9e690>] ? tea5764_i2c_driver_init+0x11/0x11
[    1.981574]  [<c1d9e690>] ? tea5764_i2c_driver_init+0x11/0x11
[    1.982430]  [<c10001ba>] do_one_initcall+0xab/0x13c
[    1.983188]  [<c1d6fa60>] kernel_init_freeable+0x11c/0x1ae
[    1.984038]  [<c1d6f416>] ? do_early_param+0x78/0x78
[    1.984811]  [<c187dc7a>] kernel_init+0xb/0xc3
[    1.985717]  [<c188f457>] ret_from_kernel_thread+0x1b/0x28
[    1.987043]  [<c187dc6f>] ? rest_init+0x6e/0x6e
[    1.988220] ---[ end trace 188c81b2775d51cc ]---
[    1.989439] fmdrv: Could not register video device
[    1.990775] pps pps0: new PPS source ktimer
[    1.991889] pps pps0: ktimer PPS source registered
[    1.993177] Driver for 1-wire Dallas network protocol.
[    1.994550] device-mapper: uevent: version 1.0.3
[    1.995859] device-mapper: ioctl: 4.24.0-ioctl (2013-01-15) initialised: dm-devel@redhat.com
[    1.997842] device-mapper: dm-log-userspace: version 1.1.0 loaded
[    1.998821] CAPI 2.0 started up with major 68 (no middleware)
[    1.999697] sdhci: Secure Digital Host Controller Interface driver
[    2.000779] sdhci: Copyright(c) Pierre Ossman
[    2.001956] sdhci-pltfm: SDHCI platform and OF driver helper
[    2.003048] Loading crystalhd 0.9.27
[    2.003904] hdaps: supported laptop not found!
[    2.004630] hdaps: driver init failed (ret=-19)!
[    2.005621] fujitsu_tablet: Unknown (using defaults)
[    2.006957] goldfish_pdev_bus goldfish_pdev_bus: unable to reserve Goldfish MMIO.
[    2.008756] goldfish_pdev_bus: probe of goldfish_pdev_bus failed with error -16
[    2.018053] tcp_probe: probe registered (port=0) bufsize=4096
[    2.019383] TCP: cubic registered
[    2.020112] NET: Registered protocol family 10
[    2.021071] ip6_tables: (C) 2000-2006 Netfilter Core Team
[    2.022056] ip6_gre: GRE over IPv6 tunneling driver
[    2.022977] NET: Registered protocol family 15
[    2.023785] NET: Registered protocol family 4
[    2.024560] IrCOMM protocol (Dag Brattli)
[    2.025727] lec:lane_module_init: lec.c: initialized
[    2.026531] NET4: DECnet for Linux: V.2.5.68s (C) 1995-2003 Linux DECnet Project Team
[    2.027871] DECnet: Routing cache hash table of 1024 buckets, 4Kbytes
[    2.028829] NET: Registered protocol family 12
[    2.029675] DCCP: Activated CCID 2 (TCP-like)
[    2.031013] DCCP: Activated CCID 3 (TCP-Friendly Rate Control)
[    2.032731] tipc: Activated (version 2.0.0)
[    2.033921] NET: Registered protocol family 30
[    2.035074] tipc: Started in single node mode
[    2.036259] NET: Registered protocol family 36
[    2.037300] Key type dns_resolver registered
[    2.038004] Key type ceph registered
[    2.038774] libceph: loaded (mon/osd proto 15/24)
[    2.039654] batman_adv: B.A.T.M.A.N. advanced 2013.2.0 (compatibility version 14) loaded
[    2.041009] openvswitch: Open vSwitch switching datapath
[    2.042497] Using IPI Shortcut mode
[    2.043294] PM: Hibernation image not present or could not be loaded.
[    2.044550] registered taskstats version 1
[    2.050149] Key type encrypted registered
[    2.062694] IMA: No TPM chip found, activating TPM-bypass!
[    2.064056] hd: no drives specified - use hd=cyl,head,sectors on kernel command line
[    2.065483] Freeing unused kernel memory: 484k freed
[    2.066431] Write protecting the kernel text: 8772k
[    2.067334] Write protecting the kernel read-only data: 4324k
[    2.125239] init: Failed to create pty - disabling logging for job
[    2.126304] init: Temporary process spawn error: No space left on device
[    2.155541] init: mounted-tmp main process (142) terminated with status 32
[    2.184842] udevd[160]: starting version 175
[    2.186715] tsc: Refined TSC clocksource calibration: 2893.018 MHz
[    2.190386] init: udev main process (160) terminated with status 4
[    2.191914] init: udev main process ended, respawning
[    2.208796] udevd[171]: starting version 175
[    2.212562] init: udev main process (171) terminated with status 4
[    2.214252] init: udev main process ended, respawning
[    2.222621] init: upstart-udev-bridge main process ended, respawning
[    2.227611] udevd[175]: starting version 175
[    2.232671] init: udev main process (175) terminated with status 4
[    2.234105] init: udev main process ended, respawning
[    2.246318] udevd[184]: starting version 175
[    2.250032] init: udev main process (184) terminated with status 4
[    2.251487] init: udev main process ended, respawning
[    2.262698] udevd[188]: starting version 175
[    2.266531] init: udev main process (188) terminated with status 4
[    2.268050] init: udev main process ended, respawning
[    2.282337] udevd[194]: starting version 175
[    2.286247] init: udev main process (194) terminated with status 4
[    2.287894] init: udev main process ended, respawning
[    2.289619] init: plymouth-log main process (191) terminated with status 1
[    2.297716] udevd[196]: starting version 175
[    2.301613] init: udev main process (196) terminated with status 4
[    2.303404] init: udev main process ended, respawning
[    2.310098] udevd[198]: starting version 175
[    2.315066] init: udev main process (198) terminated with status 4
[    2.316531] init: udev main process ended, respawning
[    2.322399] udevd[200]: starting version 175
[    2.326220] init: udev main process (200) terminated with status 4
[    2.327740] init: udev main process ended, respawning
[    2.333677] udevd[202]: starting version 175
[    2.338014] init: udev main process (202) terminated with status 4
[    2.339528] init: udev main process ended, respawning
[    2.345344] udevd[204]: starting version 175
[    2.349078] init: udev main process (204) terminated with status 4
[    2.350853] init: udev respawning too fast, stopped
[    2.462358] init: Re-executing /init
[    3.497286] Unregister pv shared memory for cpu 0
[    3.499407] Restarting system.
[    3.500349] reboot: machine restart
Elapsed time: 10

--pWyiEgJYm5f9v55/
Content-Type: text/plain; charset=us-ascii
Content-Disposition: attachment; filename="bisect-ee17608d6aa04a86e253a9130d6c6d00892f132b-i386-randconfig-r07-0621-__video_register_device-37904.log"

git checkout 756e6e14484b3249dad9663ed1398711b62676a3
Previous HEAD position was ee17608... [media] imx074: support asynchronous probing
HEAD is now at 756e6e1... [media] exynos4-is: Make fimc-lite independent of the pipeline->subdevs array
ls -a /kernel-tests/run-queue/kvm/i386-randconfig-r07-0621/linuxtv-media:master:756e6e14484b3249dad9663ed1398711b62676a3:bisect-mm

2013-06-22-10:34:53 756e6e14484b3249dad9663ed1398711b62676a3 reuse /kernel/i386-randconfig-r07-0621/756e6e14484b3249dad9663ed1398711b62676a3/vmlinuz-3.9.0-rc5-00618-g756e6e1

2013-06-22-10:34:53 detecting boot state ....	20 SUCCESS

bisect: good commit 756e6e14484b3249dad9663ed1398711b62676a3
git bisect start ee17608d6aa04a86e253a9130d6c6d00892f132b 756e6e14484b3249dad9663ed1398711b62676a3 --
Previous HEAD position was 756e6e1... [media] exynos4-is: Make fimc-lite independent of the pipeline->subdevs array
HEAD is now at 3c0eee3... Linux 2.6.37
Bisecting: 7412 revisions left to test after this (roughly 13 steps)
[20b4fb485227404329e41ad15588afad3df23050] Merge branch 'for-linus' of git://git.kernel.org/pub/scm/linux/kernel/git/viro/vfs
git bisect run /c/kernel-tests/bisect-test-boot-failure.sh /home/wfg/mm/obj-bisect
running /c/kernel-tests/bisect-test-boot-failure.sh /home/wfg/mm/obj-bisect
ls -a /kernel-tests/run-queue/kvm/i386-randconfig-r07-0621/linuxtv-media:master:20b4fb485227404329e41ad15588afad3df23050:bisect-mm

2013-06-22-10:37:53 20b4fb485227404329e41ad15588afad3df23050 compiling
320 real  2483 user  225 sys  845.74% cpu 	i386-randconfig-r07-0621
32267 blocks

2013-06-22-10:43:48 detecting boot state 3.9.0-02224-g20b4fb4.	15	20 SUCCESS

Bisecting: 3663 revisions left to test after this (roughly 12 steps)
[a8c4b90e670be3b01e9395c7310639c8109fc77e] Merge tag 'soc-for-linus-2' of git://git.kernel.org/pub/scm/linux/kernel/git/arm/arm-soc
running /c/kernel-tests/bisect-test-boot-failure.sh /home/wfg/mm/obj-bisect
ls -a /kernel-tests/run-queue/kvm/i386-randconfig-r07-0621/linuxtv-media:master:a8c4b90e670be3b01e9395c7310639c8109fc77e:bisect-mm

2013-06-22-10:45:21 a8c4b90e670be3b01e9395c7310639c8109fc77e compiling
272 real  2557 user  233 sys  1023.49% cpu 	i386-randconfig-r07-0621
32459 blocks

2013-06-22-10:50:18 detecting boot state 3.9.0-05973-ga8c4b90.	9	16	19	20 SUCCESS

Bisecting: 1831 revisions left to test after this (roughly 11 steps)
[2c5f81d29c946165ae01c15e70b1bf2e16929009] [media] drivers/media/pci/dm1105/dm1105: Convert to module_pci_driver
running /c/kernel-tests/bisect-test-boot-failure.sh /home/wfg/mm/obj-bisect
ls -a /kernel-tests/run-queue/kvm/i386-randconfig-r07-0621/linuxtv-media:master:2c5f81d29c946165ae01c15e70b1bf2e16929009:bisect-mm

2013-06-22-10:52:50 2c5f81d29c946165ae01c15e70b1bf2e16929009 compiling
272 real  2529 user  227 sys  1010.28% cpu 	i386-randconfig-r07-0621
32612 blocks

2013-06-22-10:57:39 detecting boot state 3.10.0-rc1-00257-g2c5f81d.	10	20 SUCCESS

Bisecting: 922 revisions left to test after this (roughly 10 steps)
[11e7064f35bb87da8f427d1aa4bbd8b7473a3993] ALSA: usb-audio - Fix invalid volume resolution on Logitech HD webcam c270
running /c/kernel-tests/bisect-test-boot-failure.sh /home/wfg/mm/obj-bisect
ls -a /kernel-tests/run-queue/kvm/i386-randconfig-r07-0621/linuxtv-media:master:11e7064f35bb87da8f427d1aa4bbd8b7473a3993:bisect-mm

2013-06-22-10:59:10 11e7064f35bb87da8f427d1aa4bbd8b7473a3993 compiling
269 real  2547 user  236 sys  1032.51% cpu 	i386-randconfig-r07-0621
32639 blocks

2013-06-22-11:04:05 detecting boot state 3.10.0-rc3-00013-g11e7064..	9	18.	19.........................	20 SUCCESS

Bisecting: 463 revisions left to test after this (roughly 9 steps)
[17d8dfcda6ce570ddc4844f490104fed4af215aa] Merge branch 'for-linus' of git://git.kernel.org/pub/scm/linux/kernel/git/gerg/m68knommu
running /c/kernel-tests/bisect-test-boot-failure.sh /home/wfg/mm/obj-bisect
ls -a /kernel-tests/run-queue/kvm/i386-randconfig-r07-0621/linuxtv-media:master:17d8dfcda6ce570ddc4844f490104fed4af215aa:bisect-mm

2013-06-22-11:20:09 17d8dfcda6ce570ddc4844f490104fed4af215aa compiling
280 real  2547 user  238 sys  994.27% cpu 	i386-randconfig-r07-0621
32642 blocks

2013-06-22-11:25:10 detecting boot state 3.10.0-rc4-00271-g17d8dfc.	14	18	19..........	20 SUCCESS

Bisecting: 234 revisions left to test after this (roughly 8 steps)
[509768f751986f171710319f44170e7dbab37394] Merge tag 'asoc-v3.10-rc5' of git://git.kernel.org/pub/scm/linux/kernel/git/broonie/sound
running /c/kernel-tests/bisect-test-boot-failure.sh /home/wfg/mm/obj-bisect
ls -a /kernel-tests/run-queue/kvm/i386-randconfig-r07-0621/linuxtv-media:master:509768f751986f171710319f44170e7dbab37394:bisect-mm

2013-06-22-11:32:41 509768f751986f171710319f44170e7dbab37394 compiling
262 real  2551 user  221 sys  1054.92% cpu 	i386-randconfig-r07-0621
32643 blocks

2013-06-22-11:37:34 detecting boot state 3.10.0-rc5-00022-g509768f	20 SUCCESS

Bisecting: 130 revisions left to test after this (roughly 7 steps)
[f93f0b9cf7c6056ebeb844ed68a8e44888fffa05] Merge tag 'clk-fixes-for-linus' of git://git.linaro.org/people/mturquette/linux
running /c/kernel-tests/bisect-test-boot-failure.sh /home/wfg/mm/obj-bisect
ls -a /kernel-tests/run-queue/kvm/i386-randconfig-r07-0621/linuxtv-media:master:f93f0b9cf7c6056ebeb844ed68a8e44888fffa05:bisect-mm

2013-06-22-11:38:05 f93f0b9cf7c6056ebeb844ed68a8e44888fffa05 compiling
271 real  2546 user  219 sys  1019.19% cpu 	i386-randconfig-r07-0621
32644 blocks

2013-06-22-11:42:59 detecting boot state 3.10.0-rc6-00009-gf93f0b9	7	20 SUCCESS

Bisecting: 65 revisions left to test after this (roughly 6 steps)
[12869145718571ffa4f6e650a6f759934eeca0d9] [media] v4l2-int-device: remove unused chip_ident reference
running /c/kernel-tests/bisect-test-boot-failure.sh /home/wfg/mm/obj-bisect
ls -a /kernel-tests/run-queue/kvm/i386-randconfig-r07-0621/linuxtv-media:master:12869145718571ffa4f6e650a6f759934eeca0d9:bisect-mm

2013-06-22-11:44:00 12869145718571ffa4f6e650a6f759934eeca0d9 compiling
67 real  232 user  33 sys  391.87% cpu 	i386-randconfig-r07-0621
32634 blocks

2013-06-22-11:45:32 detecting boot state 3.10.0-rc6-00331-g1286914	3	19.	20 SUCCESS

Bisecting: 32 revisions left to test after this (roughly 5 steps)
[d9ec089ef248064ec9b3d027ed707ac6e0a3f2aa] [media] radio-sf16fmi: Set frequency during init
running /c/kernel-tests/bisect-test-boot-failure.sh /home/wfg/mm/obj-bisect
ls -a /kernel-tests/run-queue/kvm/i386-randconfig-r07-0621/linuxtv-media:master:d9ec089ef248064ec9b3d027ed707ac6e0a3f2aa:bisect-mm

2013-06-22-11:47:33 d9ec089ef248064ec9b3d027ed707ac6e0a3f2aa compiling
63 real  222 user  30 sys  401.27% cpu 	i386-randconfig-r07-0621
32634 blocks

2013-06-22-11:48:56 detecting boot state 3.10.0-rc6-00364-gd9ec089. TEST FAILURE
dmesg-kvm-athens-15213-20130622114918-3.10.0-rc6-00364-gd9ec089-47
dmesg-kvm-bens-3338-20130622114816-3.10.0-rc6-00364-gd9ec089-47
dmesg-kvm-bens-3886-20130622114816-3.10.0-rc6-00364-gd9ec089-47
dmesg-kvm-inn-31127-20130622114908-3.10.0-rc6-00364-gd9ec089-47
dmesg-kvm-inn-35123-20130622114908-3.10.0-rc6-00364-gd9ec089-47
dmesg-kvm-lkp-nex04-10414-20130622115039-3.10.0-rc6-00364-gd9ec089-47
dmesg-kvm-lkp-sbx04-28685-20130622155317-3.10.0-rc6-00364-gd9ec089-47
dmesg-kvm-stoakley-4146-20130622114855-3.10.0-rc6-00364-gd9ec089-47
dmesg-kvm-vp-10660-20130622115048-3.10.0-rc6-00364-gd9ec089-47
dmesg-kvm-vp-11264-20130622115048-3.10.0-rc6-00364-gd9ec089-47
dmesg-kvm-vp-15345-20130622115047-3.10.0-rc6-00364-gd9ec089-47
dmesg-kvm-vp-16217-20130622115047-3.10.0-rc6-00364-gd9ec089-47
dmesg-kvm-vp-17172-20130622115047-3.10.0-rc6-00364-gd9ec089-47
dmesg-kvm-vp-20494-20130622115048-3.10.0-rc6-00364-gd9ec089-47
dmesg-kvm-vp-22633-20130622115047-3.10.0-rc6-00364-gd9ec089-47
dmesg-kvm-vp-5112-20130622115047-3.10.0-rc6-00364-gd9ec089-47
dmesg-kvm-vp-5226-20130622115048-3.10.0-rc6-00364-gd9ec089-47
dmesg-kvm-vp-6710-20130622115048-3.10.0-rc6-00364-gd9ec089-47
dmesg-kvm-vp-6864-20130622115048-3.10.0-rc6-00364-gd9ec089-47
dmesg-kvm-xgwo-18410-20130622114841-3.10.0-rc6-00364-gd9ec089-47

Bisecting: 16 revisions left to test after this (roughly 4 steps)
[e5715cfb2802cb5988f856f84454645772f4e2f5] [media] cx88: set dev_parent to the correct parent PCI bus
running /c/kernel-tests/bisect-test-boot-failure.sh /home/wfg/mm/obj-bisect
ls -a /kernel-tests/run-queue/kvm/i386-randconfig-r07-0621/linuxtv-media:master:e5715cfb2802cb5988f856f84454645772f4e2f5:bisect-mm

2013-06-22-11:49:27 e5715cfb2802cb5988f856f84454645772f4e2f5 compiling
44 real  163 user  25 sys  427.36% cpu 	i386-randconfig-r07-0621
32634 blocks

2013-06-22-11:50:29 detecting boot state 3.10.0-rc6-00347-ge5715cf. TEST FAILURE
dmesg-kvm-lkp-nex04-13250-20130622115212-3.10.0-rc6-00347-ge5715cf-48
dmesg-kvm-lkp-nex04-16682-20130622115213-3.10.0-rc6-00347-ge5715cf-48

Bisecting: 7 revisions left to test after this (roughly 3 steps)
[9592bd0a9e74c344f674663137e5ccff7a39f7d0] [media] zoran: use v4l2_dev instead of the deprecated parent field
running /c/kernel-tests/bisect-test-boot-failure.sh /home/wfg/mm/obj-bisect
ls -a /kernel-tests/run-queue/kvm/i386-randconfig-r07-0621/linuxtv-media:master:9592bd0a9e74c344f674663137e5ccff7a39f7d0:bisect-mm

2013-06-22-11:51:00 9592bd0a9e74c344f674663137e5ccff7a39f7d0 compiling
50 real  209 user  29 sys  470.53% cpu 	i386-randconfig-r07-0621
32634 blocks

2013-06-22-11:52:07 detecting boot state 3.10.0-rc6-00339-g9592bd0	19............	20 SUCCESS

Bisecting: 3 revisions left to test after this (roughly 2 steps)
[b60f9aa1a9fcf69df963c1f06ee0594d836f6760] [media] f_uvc: add v4l2_device and replace parent with v4l2_dev
running /c/kernel-tests/bisect-test-boot-failure.sh /home/wfg/mm/obj-bisect
ls -a /kernel-tests/run-queue/kvm/i386-randconfig-r07-0621/linuxtv-media:master:b60f9aa1a9fcf69df963c1f06ee0594d836f6760:bisect-mm

2013-06-22-11:59:08 b60f9aa1a9fcf69df963c1f06ee0594d836f6760 compiling
42 real  167 user  25 sys  456.84% cpu 	i386-randconfig-r07-0621
32634 blocks

2013-06-22-12:00:06 detecting boot state 3.10.0-rc6-00343-gb60f9aa	9	20 SUCCESS

Bisecting: 1 revision left to test after this (roughly 1 step)
[d481c581dfe43be11a17728b5c84c2d4b5beecb2] [media] saa7134: use v4l2_dev instead of the deprecated parent field
running /c/kernel-tests/bisect-test-boot-failure.sh /home/wfg/mm/obj-bisect
ls -a /kernel-tests/run-queue/kvm/i386-randconfig-r07-0621/linuxtv-media:master:d481c581dfe43be11a17728b5c84c2d4b5beecb2:bisect-mm

2013-06-22-12:01:07 d481c581dfe43be11a17728b5c84c2d4b5beecb2 compiling
45 real  157 user  25 sys  405.44% cpu 	i386-randconfig-r07-0621
32634 blocks

2013-06-22-12:02:08 detecting boot state 3.10.0-rc6-00345-gd481c58	2	11	20 SUCCESS

Bisecting: 0 revisions left to test after this (roughly 0 steps)
[1c1d86a1ea07506c070cfb217a009d53990bdeb0] [media] v4l2: always require v4l2_dev, rename parent to dev_parent
running /c/kernel-tests/bisect-test-boot-failure.sh /home/wfg/mm/obj-bisect
ls -a /kernel-tests/run-queue/kvm/i386-randconfig-r07-0621/linuxtv-media:master:1c1d86a1ea07506c070cfb217a009d53990bdeb0:bisect-mm

2013-06-22-12:03:39 1c1d86a1ea07506c070cfb217a009d53990bdeb0 compiling
42 real  213 user  32 sys  574.69% cpu 	i386-randconfig-r07-0621
32634 blocks

2013-06-22-12:04:38 detecting boot state 3.10.0-rc6-00346-g1c1d86a.. TEST FAILURE
dmesg-kvm-bens-3636-20130622120359-3.10.0-rc6-00346-g1c1d86a-52
dmesg-kvm-lkp-nex04-10078-20130622120621-3.10.0-rc6-00346-g1c1d86a-52
dmesg-kvm-lkp-nex04-20919-20130622120622-3.10.0-rc6-00346-g1c1d86a-52
dmesg-kvm-vp-24180-20130622120630-3.10.0-rc6-00346-g1c1d86a-52
dmesg-kvm-lkp-nex04-24301-20130622120623-3.10.0-rc6-00346-g1c1d86a-52
dmesg-kvm-lkp-nex04-35185-20130622120621-3.10.0-rc6-00346-g1c1d86a-52
dmesg-kvm-lkp-nex04-39056-20130622120621-3.10.0-rc6-00346-g1c1d86a-52
dmesg-kvm-lkp-nex04-40177-20130622120623-3.10.0-rc6-00346-g1c1d86a-52
dmesg-kvm-lkp-nex04-48949-20130622120623-3.10.0-rc6-00346-g1c1d86a-52
dmesg-kvm-lkp-nex04-51173-20130622120623-3.10.0-rc6-00346-g1c1d86a-52
dmesg-kvm-lkp-nex04-61751-20130622120623-3.10.0-rc6-00346-g1c1d86a-52
dmesg-kvm-lkp-nex04-62436-20130622120622-3.10.0-rc6-00346-g1c1d86a-52
dmesg-kvm-lkp-nex04-64443-20130622120623-3.10.0-rc6-00346-g1c1d86a-52
dmesg-kvm-lkp-nex04-7152-20130622120621-3.10.0-rc6-00346-g1c1d86a-52
dmesg-kvm-lkp-sbx04-1167-20130622160901-3.10.0-rc6-00346-g1c1d86a-52
dmesg-kvm-lkp-sbx04-26818-20130622160901-3.10.0-rc6-00346-g1c1d86a-52
dmesg-kvm-lkp-sbx04-41939-20130622160901-3.10.0-rc6-00346-g1c1d86a-52
dmesg-kvm-lkp-sbx04-6582-20130622160901-3.10.0-rc6-00346-g1c1d86a-52
dmesg-kvm-lkp-sbx04-7205-20130622160901-3.10.0-rc6-00346-g1c1d86a-52
dmesg-kvm-lkp-sbx04-8353-20130622160901-3.10.0-rc6-00346-g1c1d86a-52

1c1d86a1ea07506c070cfb217a009d53990bdeb0 is the first bad commit
commit 1c1d86a1ea07506c070cfb217a009d53990bdeb0
Author: Hans Verkuil <hans.verkuil@cisco.com>
Date:   Wed Jun 12 11:15:12 2013 -0300

    [media] v4l2: always require v4l2_dev, rename parent to dev_parent
    
    The last set of drivers still using the parent field of video_device instead
    of the v4l2_dev field have been converted, so v4l2_dev is now always set.
    A proper pointer to v4l2_dev is necessary these days otherwise the advanced
    debugging ioctls will not work when addressing sub-devices. It also ensures
    that the core can always go from a video_device struct to the top-level
    v4l2_device struct.
    There is still one single use case for the parent pointer: if there are
    multiple busses, each being the parent of one or more video nodes, and if
    they all share the same v4l2_device struct. In that case one still needs a
    parent pointer since the v4l2_device struct can only refer to a single
    parent device. The cx88 driver is one such case. Unfortunately, the cx88
    failed to set the parent pointer since 3.6. The next patch will correct this.
    In order to support this use-case the parent pointer is only renamed to
    dev_parent, not removed altogether. It has been renamed to ensure that the
    compiler will catch any (possibly out-of-tree) drivers that were missed during
    the conversion.
    
    Signed-off-by: Hans Verkuil <hans.verkuil@cisco.com>
    Acked-by: Sakari Ailus <sakari.ailus@iki.fi>
    Acked-by: Laurent Pinchart <laurent.pinchart@ideasonboard.com>
    Signed-off-by: Mauro Carvalho Chehab <mchehab@redhat.com>

:040000 040000 de4c3eb08b5ea52cccdd92c05c3373583ca41807 155a94cb24653181af9782e5226aa0163cb6b695 M	drivers
:040000 040000 6bcb61d29758b4e3a9d8047a6c664ecf0b9129a9 8e2c643108938304c5610d06c275b32efa0cbf9f M	include
bisect run success
ls -a /kernel-tests/run-queue/kvm/i386-randconfig-r07-0621/linuxtv-media:master:d481c581dfe43be11a17728b5c84c2d4b5beecb2:bisect-mm

2013-06-22-12:05:40 d481c581dfe43be11a17728b5c84c2d4b5beecb2 reuse /kernel/i386-randconfig-r07-0621/d481c581dfe43be11a17728b5c84c2d4b5beecb2/vmlinuz-3.10.0-rc6-00345-gd481c58

2013-06-22-12:05:40 detecting boot state 	33	60 SUCCESS

ls -a /kernel-tests/run-queue/kvm/i386-randconfig-r07-0621/linuxtv-media:master:ee17608d6aa04a86e253a9130d6c6d00892f132b:bisect-mm
 TEST FAILURE
/kernel/i386-randconfig-r07-0621/ee17608d6aa04a86e253a9130d6c6d00892f132b/dmesg-kvm-bay-23388-20130622103543-3.10.0-rc6-00397-gee17608-195
/kernel/i386-randconfig-r07-0621/ee17608d6aa04a86e253a9130d6c6d00892f132b/dmesg-kvm-cairo-13988-20130622035009-3.10.0-rc6-00397-gee17608-195
/kernel/i386-randconfig-r07-0621/ee17608d6aa04a86e253a9130d6c6d00892f132b/dmesg-kvm-cairo-18226-20130622034959-3.10.0-rc6-00397-gee17608-195
/kernel/i386-randconfig-r07-0621/ee17608d6aa04a86e253a9130d6c6d00892f132b/dmesg-kvm-cairo-18992-20130622034954-3.10.0-rc6-00397-gee17608-195
/kernel/i386-randconfig-r07-0621/ee17608d6aa04a86e253a9130d6c6d00892f132b/dmesg-kvm-cairo-37331-20130622035028-3.10.0-rc6-00397-gee17608-195
/kernel/i386-randconfig-r07-0621/ee17608d6aa04a86e253a9130d6c6d00892f132b/dmesg-kvm-lkp-nex04-1015-20130622103415-3.10.0-rc6-00397-gee17608-195
/kernel/i386-randconfig-r07-0621/ee17608d6aa04a86e253a9130d6c6d00892f132b/dmesg-kvm-lkp-nex04-14995-20130622103422-3.10.0-rc6-00397-gee17608-195
/kernel/i386-randconfig-r07-0621/ee17608d6aa04a86e253a9130d6c6d00892f132b/dmesg-kvm-lkp-nex04-24012-20130622103412-3.10.0-rc6-00397-gee17608-195
/kernel/i386-randconfig-r07-0621/ee17608d6aa04a86e253a9130d6c6d00892f132b/dmesg-kvm-lkp-nex04-33419-20130622103426-3.10.0-rc6-00397-gee17608-195
/kernel/i386-randconfig-r07-0621/ee17608d6aa04a86e253a9130d6c6d00892f132b/dmesg-kvm-lkp-nex04-39624-20130622103455-3.10.0-rc6-00397-gee17608-195
/kernel/i386-randconfig-r07-0621/ee17608d6aa04a86e253a9130d6c6d00892f132b/dmesg-kvm-lkp-nex04-63758-20130622103411-3.10.0-rc6-00397-gee17608-195
/kernel/i386-randconfig-r07-0621/ee17608d6aa04a86e253a9130d6c6d00892f132b/dmesg-kvm-lkp-nex04-8523-20130622103410-3.10.0-rc6-00397-gee17608-195
/kernel/i386-randconfig-r07-0621/ee17608d6aa04a86e253a9130d6c6d00892f132b/dmesg-kvm-lkp-sbx04-11449-20130622143800-3.10.0-rc6-00397-gee17608-195
/kernel/i386-randconfig-r07-0621/ee17608d6aa04a86e253a9130d6c6d00892f132b/dmesg-kvm-lkp-sbx04-11838-20130622143731-3.10.0-rc6-00397-gee17608-195
/kernel/i386-randconfig-r07-0621/ee17608d6aa04a86e253a9130d6c6d00892f132b/dmesg-kvm-lkp-sbx04-14583-20130622143724-3.10.0-rc6-00397-gee17608-195
/kernel/i386-randconfig-r07-0621/ee17608d6aa04a86e253a9130d6c6d00892f132b/dmesg-kvm-lkp-sbx04-18846-20130622143726-3.10.0-rc6-00397-gee17608-195
/kernel/i386-randconfig-r07-0621/ee17608d6aa04a86e253a9130d6c6d00892f132b/dmesg-kvm-lkp-sbx04-23998-20130622143738-3.10.0-rc6-00397-gee17608-195
/kernel/i386-randconfig-r07-0621/ee17608d6aa04a86e253a9130d6c6d00892f132b/dmesg-kvm-lkp-sbx04-58262-20130622143736-3.10.0-rc6-00397-gee17608-195
/kernel/i386-randconfig-r07-0621/ee17608d6aa04a86e253a9130d6c6d00892f132b/dmesg-kvm-lkp-sbx04-58262-20130622143756-3.10.0-rc6-00397-gee17608-195
/kernel/i386-randconfig-r07-0621/ee17608d6aa04a86e253a9130d6c6d00892f132b/dmesg-kvm-lkp-sbx04-58854-20130622143646-3.10.0-rc6-00397-gee17608-195
/kernel/i386-randconfig-r07-0621/ee17608d6aa04a86e253a9130d6c6d00892f132b/dmesg-kvm-lkp-sbx04-64378-20130622143754-3.10.0-rc6-00397-gee17608-195
/kernel/i386-randconfig-r07-0621/ee17608d6aa04a86e253a9130d6c6d00892f132b/dmesg-kvm-lkp-sbx04-8087-20130622143734-3.10.0-rc6-00397-gee17608-195
/kernel/i386-randconfig-r07-0621/ee17608d6aa04a86e253a9130d6c6d00892f132b/dmesg-kvm-snb-22111-20130622035003-3.10.0-rc6-00397-gee17608-195
/kernel/i386-randconfig-r07-0621/ee17608d6aa04a86e253a9130d6c6d00892f132b/dmesg-kvm-snb-9110-20130622103617-3.10.0-rc6-00397-gee17608-195
/kernel/i386-randconfig-r07-0621/ee17608d6aa04a86e253a9130d6c6d00892f132b/dmesg-kvm-vp-12896-20130622035051-3.10.0-rc6-00397-gee17608-195
/kernel/i386-randconfig-r07-0621/ee17608d6aa04a86e253a9130d6c6d00892f132b/dmesg-kvm-vp-18780-20130622035110-3.10.0-rc6-00397-gee17608-195
/kernel/i386-randconfig-r07-0621/ee17608d6aa04a86e253a9130d6c6d00892f132b/dmesg-kvm-vp-4753-20130622034729-3.10.0-rc6-00397-gee17608-195
/kernel/i386-randconfig-r07-0621/ee17608d6aa04a86e253a9130d6c6d00892f132b/dmesg-kvm-waimea-4364-20130622103623-3.10.0-rc6-00397-gee17608-195
/kernel/i386-randconfig-r07-0621/ee17608d6aa04a86e253a9130d6c6d00892f132b/dmesg-kvm-xgwo-18410-20130622034522-3.10.0-rc6-00397-gee17608-195

[detached HEAD 73a8bd9] Revert "[media] v4l2: always require v4l2_dev, rename parent to dev_parent"
 3 files changed, 27 insertions(+), 18 deletions(-)
ls -a /kernel-tests/run-queue/kvm/i386-randconfig-r07-0621/linuxtv-media:master:73a8bd91a4401df1be4b044f89629ac06e2d6e36:bisect-mm

2013-06-22-12:06:43 73a8bd91a4401df1be4b044f89629ac06e2d6e36 compiling

2013-06-22-12:07:43 detecting boot state 3.10.0-rc6-00398-g73a8bd9	36	60 SUCCESS


========= upstream =========
Fetching linus
ls -a /kernel-tests/run-queue/kvm/i386-randconfig-r07-0621/linuxtv-media:master:f71194a7d47c1da787555d27aac63973ca72323b:bisect-mm

2013-06-22-12:08:50 f71194a7d47c1da787555d27aac63973ca72323b reuse /kernel/i386-randconfig-r07-0621/f71194a7d47c1da787555d27aac63973ca72323b/vmlinuz-3.10.0-rc6-00132-gf71194a

2013-06-22-12:08:50 detecting boot state 	25	52	57	60 SUCCESS


========= linux-next =========
Fetching next
ls -a /kernel-tests/run-queue/kvm/i386-randconfig-r07-0621/linuxtv-media:master:e1a86578747376f08985627c84df088a5d0d1e92:bisect-mm

2013-06-22-12:10:58 e1a86578747376f08985627c84df088a5d0d1e92 reuse /kernel/i386-randconfig-r07-0621/e1a86578747376f08985627c84df088a5d0d1e92/vmlinuz-3.10.0-rc6-next-20130621

2013-06-22-12:10:58 detecting boot state .	29	60 SUCCESS


--pWyiEgJYm5f9v55/
Content-Type: text/plain; charset=us-ascii
Content-Disposition: attachment; filename=".config-bisect"

#
# Automatically generated file; DO NOT EDIT.
# Linux/i386 3.10.0-rc6 Kernel Configuration
#
# CONFIG_64BIT is not set
CONFIG_X86_32=y
CONFIG_X86=y
CONFIG_INSTRUCTION_DECODER=y
CONFIG_OUTPUT_FORMAT="elf32-i386"
CONFIG_ARCH_DEFCONFIG="arch/x86/configs/i386_defconfig"
CONFIG_LOCKDEP_SUPPORT=y
CONFIG_STACKTRACE_SUPPORT=y
CONFIG_HAVE_LATENCYTOP_SUPPORT=y
CONFIG_MMU=y
CONFIG_NEED_DMA_MAP_STATE=y
CONFIG_NEED_SG_DMA_LENGTH=y
CONFIG_GENERIC_ISA_DMA=y
CONFIG_GENERIC_BUG=y
CONFIG_GENERIC_HWEIGHT=y
CONFIG_ARCH_MAY_HAVE_PC_FDC=y
CONFIG_RWSEM_XCHGADD_ALGORITHM=y
CONFIG_GENERIC_CALIBRATE_DELAY=y
CONFIG_ARCH_HAS_CPU_RELAX=y
CONFIG_ARCH_HAS_CACHE_LINE_SIZE=y
CONFIG_ARCH_HAS_CPU_AUTOPROBE=y
CONFIG_HAVE_SETUP_PER_CPU_AREA=y
CONFIG_NEED_PER_CPU_EMBED_FIRST_CHUNK=y
CONFIG_NEED_PER_CPU_PAGE_FIRST_CHUNK=y
CONFIG_ARCH_HIBERNATION_POSSIBLE=y
CONFIG_ARCH_SUSPEND_POSSIBLE=y
# CONFIG_ZONE_DMA32 is not set
# CONFIG_AUDIT_ARCH is not set
CONFIG_ARCH_SUPPORTS_OPTIMIZED_INLINING=y
CONFIG_ARCH_SUPPORTS_DEBUG_PAGEALLOC=y
CONFIG_X86_32_LAZY_GS=y
CONFIG_ARCH_HWEIGHT_CFLAGS="-fcall-saved-ecx -fcall-saved-edx"
CONFIG_ARCH_SUPPORTS_UPROBES=y
CONFIG_DEFCONFIG_LIST="/lib/modules/$UNAME_RELEASE/.config"
CONFIG_IRQ_WORK=y
CONFIG_BUILDTIME_EXTABLE_SORT=y

#
# General setup
#
CONFIG_BROKEN_ON_SMP=y
CONFIG_INIT_ENV_ARG_LIMIT=32
CONFIG_CROSS_COMPILE=""
CONFIG_LOCALVERSION=""
CONFIG_LOCALVERSION_AUTO=y
CONFIG_HAVE_KERNEL_GZIP=y
CONFIG_HAVE_KERNEL_BZIP2=y
CONFIG_HAVE_KERNEL_LZMA=y
CONFIG_HAVE_KERNEL_XZ=y
CONFIG_HAVE_KERNEL_LZO=y
# CONFIG_KERNEL_GZIP is not set
# CONFIG_KERNEL_BZIP2 is not set
# CONFIG_KERNEL_LZMA is not set
CONFIG_KERNEL_XZ=y
# CONFIG_KERNEL_LZO is not set
CONFIG_DEFAULT_HOSTNAME="(none)"
CONFIG_SWAP=y
# CONFIG_SYSVIPC is not set
# CONFIG_POSIX_MQUEUE is not set
# CONFIG_FHANDLE is not set
CONFIG_AUDIT=y
CONFIG_AUDITSYSCALL=y
CONFIG_AUDIT_WATCH=y
CONFIG_AUDIT_TREE=y
# CONFIG_AUDIT_LOGINUID_IMMUTABLE is not set
CONFIG_HAVE_GENERIC_HARDIRQS=y

#
# IRQ subsystem
#
CONFIG_GENERIC_HARDIRQS=y
CONFIG_GENERIC_IRQ_PROBE=y
CONFIG_GENERIC_IRQ_SHOW=y
CONFIG_GENERIC_IRQ_CHIP=y
CONFIG_IRQ_DOMAIN=y
# CONFIG_IRQ_DOMAIN_DEBUG is not set
CONFIG_IRQ_FORCED_THREADING=y
CONFIG_SPARSE_IRQ=y
CONFIG_CLOCKSOURCE_WATCHDOG=y
CONFIG_KTIME_SCALAR=y
CONFIG_GENERIC_CLOCKEVENTS=y
CONFIG_GENERIC_CLOCKEVENTS_BUILD=y
CONFIG_GENERIC_CLOCKEVENTS_BROADCAST=y
CONFIG_GENERIC_CLOCKEVENTS_MIN_ADJUST=y
CONFIG_GENERIC_CMOS_UPDATE=y

#
# Timers subsystem
#
CONFIG_TICK_ONESHOT=y
CONFIG_NO_HZ_COMMON=y
# CONFIG_HZ_PERIODIC is not set
CONFIG_NO_HZ_IDLE=y
CONFIG_NO_HZ=y
# CONFIG_HIGH_RES_TIMERS is not set

#
# CPU/Task time and stats accounting
#
CONFIG_TICK_CPU_ACCOUNTING=y
# CONFIG_IRQ_TIME_ACCOUNTING is not set
# CONFIG_BSD_PROCESS_ACCT is not set
CONFIG_TASKSTATS=y
# CONFIG_TASK_DELAY_ACCT is not set
# CONFIG_TASK_XACCT is not set

#
# RCU Subsystem
#
CONFIG_TINY_RCU=y
# CONFIG_PREEMPT_RCU is not set
# CONFIG_RCU_STALL_COMMON is not set
# CONFIG_TREE_RCU_TRACE is not set
CONFIG_IKCONFIG=y
# CONFIG_IKCONFIG_PROC is not set
CONFIG_LOG_BUF_SHIFT=17
CONFIG_HAVE_UNSTABLE_SCHED_CLOCK=y
CONFIG_ARCH_SUPPORTS_NUMA_BALANCING=y
CONFIG_ARCH_WANTS_PROT_NUMA_PROT_NONE=y
CONFIG_CGROUPS=y
# CONFIG_CGROUP_DEBUG is not set
# CONFIG_CGROUP_FREEZER is not set
CONFIG_CGROUP_DEVICE=y
CONFIG_CPUSETS=y
# CONFIG_PROC_PID_CPUSET is not set
# CONFIG_CGROUP_CPUACCT is not set
CONFIG_RESOURCE_COUNTERS=y
CONFIG_MEMCG=y
CONFIG_MEMCG_SWAP=y
# CONFIG_MEMCG_SWAP_ENABLED is not set
# CONFIG_MEMCG_KMEM is not set
CONFIG_CGROUP_PERF=y
CONFIG_CGROUP_SCHED=y
CONFIG_FAIR_GROUP_SCHED=y
CONFIG_CFS_BANDWIDTH=y
# CONFIG_RT_GROUP_SCHED is not set
CONFIG_BLK_CGROUP=y
CONFIG_DEBUG_BLK_CGROUP=y
# CONFIG_CHECKPOINT_RESTORE is not set
CONFIG_NAMESPACES=y
CONFIG_UTS_NS=y
CONFIG_PID_NS=y
CONFIG_NET_NS=y
CONFIG_SCHED_AUTOGROUP=y
CONFIG_MM_OWNER=y
# CONFIG_SYSFS_DEPRECATED is not set
CONFIG_RELAY=y
CONFIG_BLK_DEV_INITRD=y
CONFIG_INITRAMFS_SOURCE=""
CONFIG_RD_GZIP=y
CONFIG_RD_BZIP2=y
CONFIG_RD_LZMA=y
CONFIG_RD_XZ=y
CONFIG_RD_LZO=y
CONFIG_CC_OPTIMIZE_FOR_SIZE=y
CONFIG_SYSCTL=y
CONFIG_ANON_INODES=y
CONFIG_HAVE_UID16=y
CONFIG_SYSCTL_EXCEPTION_TRACE=y
CONFIG_HOTPLUG=y
CONFIG_HAVE_PCSPKR_PLATFORM=y
# CONFIG_EXPERT is not set
CONFIG_UID16=y
# CONFIG_SYSCTL_SYSCALL is not set
CONFIG_KALLSYMS=y
# CONFIG_KALLSYMS_ALL is not set
CONFIG_PRINTK=y
CONFIG_BUG=y
CONFIG_ELF_CORE=y
CONFIG_PCSPKR_PLATFORM=y
CONFIG_BASE_FULL=y
CONFIG_FUTEX=y
CONFIG_EPOLL=y
CONFIG_SIGNALFD=y
CONFIG_TIMERFD=y
CONFIG_EVENTFD=y
CONFIG_SHMEM=y
CONFIG_AIO=y
CONFIG_PCI_QUIRKS=y
# CONFIG_EMBEDDED is not set
CONFIG_HAVE_PERF_EVENTS=y

#
# Kernel Performance Events And Counters
#
CONFIG_PERF_EVENTS=y
# CONFIG_DEBUG_PERF_USE_VMALLOC is not set
CONFIG_VM_EVENT_COUNTERS=y
CONFIG_SLUB_DEBUG=y
# CONFIG_COMPAT_BRK is not set
# CONFIG_SLAB is not set
CONFIG_SLUB=y
CONFIG_PROFILING=y
# CONFIG_OPROFILE is not set
CONFIG_HAVE_OPROFILE=y
CONFIG_OPROFILE_NMI_TIMER=y
CONFIG_KPROBES=y
CONFIG_JUMP_LABEL=y
CONFIG_OPTPROBES=y
# CONFIG_HAVE_64BIT_ALIGNED_ACCESS is not set
CONFIG_HAVE_EFFICIENT_UNALIGNED_ACCESS=y
CONFIG_ARCH_USE_BUILTIN_BSWAP=y
CONFIG_KRETPROBES=y
CONFIG_HAVE_IOREMAP_PROT=y
CONFIG_HAVE_KPROBES=y
CONFIG_HAVE_KRETPROBES=y
CONFIG_HAVE_OPTPROBES=y
CONFIG_HAVE_KPROBES_ON_FTRACE=y
CONFIG_HAVE_ARCH_TRACEHOOK=y
CONFIG_HAVE_DMA_ATTRS=y
CONFIG_HAVE_DMA_CONTIGUOUS=y
CONFIG_GENERIC_SMP_IDLE_THREAD=y
CONFIG_HAVE_REGS_AND_STACK_ACCESS_API=y
CONFIG_HAVE_CLK=y
CONFIG_HAVE_DMA_API_DEBUG=y
CONFIG_HAVE_HW_BREAKPOINT=y
CONFIG_HAVE_MIXED_BREAKPOINTS_REGS=y
CONFIG_HAVE_USER_RETURN_NOTIFIER=y
CONFIG_HAVE_PERF_EVENTS_NMI=y
CONFIG_HAVE_PERF_REGS=y
CONFIG_HAVE_PERF_USER_STACK_DUMP=y
CONFIG_HAVE_ARCH_JUMP_LABEL=y
CONFIG_ARCH_HAVE_NMI_SAFE_CMPXCHG=y
CONFIG_HAVE_ALIGNED_STRUCT_PAGE=y
CONFIG_HAVE_CMPXCHG_LOCAL=y
CONFIG_HAVE_CMPXCHG_DOUBLE=y
CONFIG_ARCH_WANT_IPC_PARSE_VERSION=y
CONFIG_HAVE_ARCH_SECCOMP_FILTER=y
CONFIG_SECCOMP_FILTER=y
CONFIG_HAVE_IRQ_TIME_ACCOUNTING=y
CONFIG_HAVE_ARCH_TRANSPARENT_HUGEPAGE=y
CONFIG_MODULES_USE_ELF_REL=y
CONFIG_CLONE_BACKWARDS=y
CONFIG_OLD_SIGSUSPEND3=y
CONFIG_OLD_SIGACTION=y

#
# GCOV-based kernel profiling
#
# CONFIG_GCOV_KERNEL is not set
CONFIG_HAVE_GENERIC_DMA_COHERENT=y
CONFIG_SLABINFO=y
CONFIG_RT_MUTEXES=y
CONFIG_BASE_SMALL=0
CONFIG_MODULES=y
# CONFIG_MODULE_FORCE_LOAD is not set
# CONFIG_MODULE_UNLOAD is not set
# CONFIG_MODVERSIONS is not set
# CONFIG_MODULE_SRCVERSION_ALL is not set
# CONFIG_MODULE_SIG is not set
CONFIG_BLOCK=y
CONFIG_LBDAF=y
CONFIG_BLK_DEV_BSG=y
CONFIG_BLK_DEV_BSGLIB=y
# CONFIG_BLK_DEV_INTEGRITY is not set
# CONFIG_BLK_DEV_THROTTLING is not set

#
# Partition Types
#
CONFIG_PARTITION_ADVANCED=y
# CONFIG_ACORN_PARTITION is not set
CONFIG_OSF_PARTITION=y
# CONFIG_AMIGA_PARTITION is not set
CONFIG_ATARI_PARTITION=y
# CONFIG_MAC_PARTITION is not set
CONFIG_MSDOS_PARTITION=y
# CONFIG_BSD_DISKLABEL is not set
# CONFIG_MINIX_SUBPARTITION is not set
CONFIG_SOLARIS_X86_PARTITION=y
CONFIG_UNIXWARE_DISKLABEL=y
# CONFIG_LDM_PARTITION is not set
# CONFIG_SGI_PARTITION is not set
CONFIG_ULTRIX_PARTITION=y
CONFIG_SUN_PARTITION=y
CONFIG_KARMA_PARTITION=y
CONFIG_EFI_PARTITION=y
# CONFIG_SYSV68_PARTITION is not set

#
# IO Schedulers
#
CONFIG_IOSCHED_NOOP=y
CONFIG_IOSCHED_DEADLINE=m
# CONFIG_IOSCHED_CFQ is not set
CONFIG_DEFAULT_NOOP=y
CONFIG_DEFAULT_IOSCHED="noop"
CONFIG_INLINE_SPIN_UNLOCK_IRQ=y
CONFIG_INLINE_READ_UNLOCK=y
CONFIG_INLINE_READ_UNLOCK_IRQ=y
CONFIG_INLINE_WRITE_UNLOCK=y
CONFIG_INLINE_WRITE_UNLOCK_IRQ=y
CONFIG_FREEZER=y

#
# Processor type and features
#
CONFIG_ZONE_DMA=y
# CONFIG_SMP is not set
# CONFIG_X86_MPPARSE is not set
CONFIG_GOLDFISH=y
# CONFIG_X86_EXTENDED_PLATFORM is not set
CONFIG_X86_GOLDFISH=y
CONFIG_X86_INTEL_LPSS=y
CONFIG_X86_32_IRIS=y
# CONFIG_SCHED_OMIT_FRAME_POINTER is not set
CONFIG_HYPERVISOR_GUEST=y
CONFIG_PARAVIRT=y
# CONFIG_PARAVIRT_DEBUG is not set
# CONFIG_XEN_PRIVILEGED_GUEST is not set
CONFIG_KVM_GUEST=y
CONFIG_LGUEST_GUEST=y
CONFIG_PARAVIRT_TIME_ACCOUNTING=y
CONFIG_PARAVIRT_CLOCK=y
CONFIG_NO_BOOTMEM=y
# CONFIG_MEMTEST is not set
# CONFIG_M486 is not set
# CONFIG_M586 is not set
# CONFIG_M586TSC is not set
# CONFIG_M586MMX is not set
CONFIG_M686=y
# CONFIG_MPENTIUMII is not set
# CONFIG_MPENTIUMIII is not set
# CONFIG_MPENTIUMM is not set
# CONFIG_MPENTIUM4 is not set
# CONFIG_MK6 is not set
# CONFIG_MK7 is not set
# CONFIG_MK8 is not set
# CONFIG_MCRUSOE is not set
# CONFIG_MEFFICEON is not set
# CONFIG_MWINCHIPC6 is not set
# CONFIG_MWINCHIP3D is not set
# CONFIG_MELAN is not set
# CONFIG_MGEODEGX1 is not set
# CONFIG_MGEODE_LX is not set
# CONFIG_MCYRIXIII is not set
# CONFIG_MVIAC3_2 is not set
# CONFIG_MVIAC7 is not set
# CONFIG_MCORE2 is not set
# CONFIG_MATOM is not set
# CONFIG_X86_GENERIC is not set
CONFIG_X86_INTERNODE_CACHE_SHIFT=5
CONFIG_X86_L1_CACHE_SHIFT=5
# CONFIG_X86_PPRO_FENCE is not set
CONFIG_X86_USE_PPRO_CHECKSUM=y
CONFIG_X86_TSC=y
CONFIG_X86_CMPXCHG64=y
CONFIG_X86_CMOV=y
CONFIG_X86_MINIMUM_CPU_FAMILY=5
CONFIG_X86_DEBUGCTLMSR=y
CONFIG_CPU_SUP_INTEL=y
CONFIG_CPU_SUP_AMD=y
CONFIG_CPU_SUP_CENTAUR=y
CONFIG_CPU_SUP_TRANSMETA_32=y
CONFIG_HPET_TIMER=y
CONFIG_DMI=y
CONFIG_NR_CPUS=1
# CONFIG_PREEMPT_NONE is not set
CONFIG_PREEMPT_VOLUNTARY=y
# CONFIG_PREEMPT is not set
CONFIG_PREEMPT_COUNT=y
CONFIG_X86_UP_APIC=y
# CONFIG_X86_UP_IOAPIC is not set
CONFIG_X86_LOCAL_APIC=y
# CONFIG_X86_MCE is not set
CONFIG_VM86=y
CONFIG_TOSHIBA=m
# CONFIG_I8K is not set
# CONFIG_X86_REBOOTFIXUPS is not set
CONFIG_MICROCODE=y
CONFIG_MICROCODE_INTEL=y
CONFIG_MICROCODE_AMD=y
CONFIG_MICROCODE_OLD_INTERFACE=y
CONFIG_MICROCODE_INTEL_LIB=y
# CONFIG_MICROCODE_INTEL_EARLY is not set
# CONFIG_X86_MSR is not set
CONFIG_X86_CPUID=m
# CONFIG_NOHIGHMEM is not set
CONFIG_HIGHMEM4G=y
# CONFIG_HIGHMEM64G is not set
CONFIG_PAGE_OFFSET=0xC0000000
CONFIG_HIGHMEM=y
CONFIG_ARCH_FLATMEM_ENABLE=y
CONFIG_ARCH_SPARSEMEM_ENABLE=y
CONFIG_ARCH_SELECT_MEMORY_MODEL=y
CONFIG_ILLEGAL_POINTER_VALUE=0
CONFIG_SELECT_MEMORY_MODEL=y
CONFIG_FLATMEM_MANUAL=y
# CONFIG_SPARSEMEM_MANUAL is not set
CONFIG_FLATMEM=y
CONFIG_FLAT_NODE_MEM_MAP=y
CONFIG_SPARSEMEM_STATIC=y
CONFIG_HAVE_MEMBLOCK=y
CONFIG_HAVE_MEMBLOCK_NODE_MAP=y
CONFIG_ARCH_DISCARD_MEMBLOCK=y
CONFIG_MEMORY_ISOLATION=y
# CONFIG_HAVE_BOOTMEM_INFO_NODE is not set
CONFIG_PAGEFLAGS_EXTENDED=y
CONFIG_SPLIT_PTLOCK_CPUS=4
CONFIG_COMPACTION=y
CONFIG_MIGRATION=y
# CONFIG_PHYS_ADDR_T_64BIT is not set
CONFIG_ZONE_DMA_FLAG=1
# CONFIG_BOUNCE is not set
CONFIG_VIRT_TO_BUS=y
# CONFIG_KSM is not set
CONFIG_DEFAULT_MMAP_MIN_ADDR=4096
CONFIG_TRANSPARENT_HUGEPAGE=y
# CONFIG_TRANSPARENT_HUGEPAGE_ALWAYS is not set
CONFIG_TRANSPARENT_HUGEPAGE_MADVISE=y
CONFIG_CROSS_MEMORY_ATTACH=y
CONFIG_NEED_PER_CPU_KM=y
CONFIG_CLEANCACHE=y
CONFIG_FRONTSWAP=y
# CONFIG_HIGHPTE is not set
CONFIG_X86_CHECK_BIOS_CORRUPTION=y
CONFIG_X86_BOOTPARAM_MEMORY_CORRUPTION_CHECK=y
CONFIG_X86_RESERVE_LOW=64
CONFIG_MATH_EMULATION=y
CONFIG_MTRR=y
# CONFIG_MTRR_SANITIZER is not set
CONFIG_X86_PAT=y
CONFIG_ARCH_USES_PG_UNCACHED=y
CONFIG_ARCH_RANDOM=y
CONFIG_X86_SMAP=y
# CONFIG_EFI is not set
CONFIG_SECCOMP=y
# CONFIG_CC_STACKPROTECTOR is not set
# CONFIG_HZ_100 is not set
# CONFIG_HZ_250 is not set
CONFIG_HZ_300=y
# CONFIG_HZ_1000 is not set
CONFIG_HZ=300
# CONFIG_SCHED_HRTICK is not set
# CONFIG_KEXEC is not set
# CONFIG_CRASH_DUMP is not set
CONFIG_PHYSICAL_START=0x1000000
CONFIG_RELOCATABLE=y
CONFIG_X86_NEED_RELOCS=y
CONFIG_PHYSICAL_ALIGN=0x1000000
# CONFIG_COMPAT_VDSO is not set
# CONFIG_CMDLINE_BOOL is not set
CONFIG_ARCH_ENABLE_MEMORY_HOTPLUG=y

#
# Power management and ACPI options
#
# CONFIG_SUSPEND is not set
CONFIG_HIBERNATE_CALLBACKS=y
CONFIG_HIBERNATION=y
CONFIG_PM_STD_PARTITION=""
CONFIG_PM_SLEEP=y
# CONFIG_PM_AUTOSLEEP is not set
CONFIG_PM_WAKELOCKS=y
CONFIG_PM_WAKELOCKS_LIMIT=100
CONFIG_PM_WAKELOCKS_GC=y
CONFIG_PM_RUNTIME=y
CONFIG_PM=y
CONFIG_PM_DEBUG=y
# CONFIG_PM_ADVANCED_DEBUG is not set
CONFIG_PM_SLEEP_DEBUG=y
# CONFIG_PM_TRACE_RTC is not set
CONFIG_PM_CLK=y
CONFIG_ACPI=y
CONFIG_ACPI_SLEEP=y
CONFIG_ACPI_PROCFS=y
CONFIG_ACPI_PROCFS_POWER=y
CONFIG_ACPI_EC_DEBUGFS=y
# CONFIG_ACPI_PROC_EVENT is not set
# CONFIG_ACPI_AC is not set
CONFIG_ACPI_BATTERY=m
CONFIG_ACPI_BUTTON=y
CONFIG_ACPI_VIDEO=y
CONFIG_ACPI_FAN=y
# CONFIG_ACPI_DOCK is not set
CONFIG_ACPI_I2C=y
# CONFIG_ACPI_PROCESSOR is not set
# CONFIG_ACPI_CUSTOM_DSDT is not set
CONFIG_ACPI_INITRD_TABLE_OVERRIDE=y
CONFIG_ACPI_BLACKLIST_YEAR=0
CONFIG_ACPI_DEBUG=y
# CONFIG_ACPI_PCI_SLOT is not set
CONFIG_X86_PM_TIMER=y
# CONFIG_ACPI_CONTAINER is not set
CONFIG_ACPI_SBS=y
CONFIG_ACPI_HED=y
CONFIG_ACPI_CUSTOM_METHOD=m
CONFIG_ACPI_APEI=y
CONFIG_ACPI_APEI_GHES=y
# CONFIG_ACPI_APEI_EINJ is not set
CONFIG_ACPI_APEI_ERST_DEBUG=y
CONFIG_SFI=y
# CONFIG_APM is not set

#
# CPU Frequency scaling
#
# CONFIG_CPU_FREQ is not set
# CONFIG_CPU_IDLE is not set
# CONFIG_ARCH_NEEDS_CPU_IDLE_COUPLED is not set

#
# Bus options (PCI etc.)
#
CONFIG_PCI=y
# CONFIG_PCI_GOBIOS is not set
# CONFIG_PCI_GOMMCONFIG is not set
# CONFIG_PCI_GODIRECT is not set
CONFIG_PCI_GOANY=y
CONFIG_PCI_BIOS=y
CONFIG_PCI_DIRECT=y
CONFIG_PCI_MMCONFIG=y
CONFIG_PCI_DOMAINS=y
# CONFIG_PCIEPORTBUS is not set
# CONFIG_PCI_DEBUG is not set
# CONFIG_PCI_REALLOC_ENABLE_AUTO is not set
CONFIG_PCI_STUB=y
# CONFIG_PCI_ATS is not set
# CONFIG_PCI_IOV is not set
# CONFIG_PCI_PRI is not set
# CONFIG_PCI_PASID is not set
# CONFIG_PCI_IOAPIC is not set
CONFIG_PCI_LABEL=y
CONFIG_ISA_DMA_API=y
CONFIG_ISA=y
# CONFIG_EISA is not set
CONFIG_SCx200=m
CONFIG_SCx200HR_TIMER=m
# CONFIG_OLPC is not set
CONFIG_ALIX=y
# CONFIG_NET5501 is not set
# CONFIG_GEOS is not set
CONFIG_AMD_NB=y
CONFIG_PCCARD=y
# CONFIG_PCMCIA is not set
CONFIG_CARDBUS=y

#
# PC-card bridges
#
CONFIG_YENTA=y
CONFIG_YENTA_O2=y
CONFIG_YENTA_RICOH=y
CONFIG_YENTA_TI=y
CONFIG_YENTA_ENE_TUNE=y
CONFIG_YENTA_TOSHIBA=y
CONFIG_PCMCIA_PROBE=y
# CONFIG_HOTPLUG_PCI is not set
# CONFIG_RAPIDIO is not set

#
# Executable file formats / Emulations
#
CONFIG_BINFMT_ELF=y
CONFIG_ARCH_BINFMT_ELF_RANDOMIZE_PIE=y
CONFIG_CORE_DUMP_DEFAULT_ELF_HEADERS=y
# CONFIG_BINFMT_SCRIPT is not set
CONFIG_HAVE_AOUT=y
CONFIG_BINFMT_AOUT=y
CONFIG_BINFMT_MISC=y
CONFIG_COREDUMP=y
CONFIG_HAVE_ATOMIC_IOMAP=y
CONFIG_HAVE_TEXT_POKE_SMP=y
CONFIG_NET=y

#
# Networking options
#
# CONFIG_PACKET is not set
CONFIG_UNIX=y
# CONFIG_UNIX_DIAG is not set
CONFIG_XFRM=y
CONFIG_XFRM_ALGO=y
# CONFIG_XFRM_USER is not set
CONFIG_XFRM_SUB_POLICY=y
CONFIG_XFRM_MIGRATE=y
# CONFIG_XFRM_STATISTICS is not set
CONFIG_XFRM_IPCOMP=y
CONFIG_NET_KEY=y
CONFIG_NET_KEY_MIGRATE=y
CONFIG_INET=y
# CONFIG_IP_MULTICAST is not set
CONFIG_IP_ADVANCED_ROUTER=y
# CONFIG_IP_FIB_TRIE_STATS is not set
CONFIG_IP_MULTIPLE_TABLES=y
# CONFIG_IP_ROUTE_MULTIPATH is not set
CONFIG_IP_ROUTE_VERBOSE=y
CONFIG_IP_PNP=y
CONFIG_IP_PNP_DHCP=y
CONFIG_IP_PNP_BOOTP=y
CONFIG_IP_PNP_RARP=y
# CONFIG_NET_IPIP is not set
CONFIG_NET_IPGRE_DEMUX=m
CONFIG_NET_IP_TUNNEL=y
CONFIG_NET_IPGRE=m
CONFIG_ARPD=y
CONFIG_SYN_COOKIES=y
CONFIG_NET_IPVTI=m
# CONFIG_INET_AH is not set
# CONFIG_INET_ESP is not set
CONFIG_INET_IPCOMP=m
CONFIG_INET_XFRM_TUNNEL=m
CONFIG_INET_TUNNEL=m
CONFIG_INET_XFRM_MODE_TRANSPORT=m
CONFIG_INET_XFRM_MODE_TUNNEL=m
CONFIG_INET_XFRM_MODE_BEET=y
# CONFIG_INET_LRO is not set
# CONFIG_INET_DIAG is not set
# CONFIG_TCP_CONG_ADVANCED is not set
CONFIG_TCP_CONG_CUBIC=y
CONFIG_DEFAULT_TCP_CONG="cubic"
CONFIG_TCP_MD5SIG=y
CONFIG_IPV6=y
# CONFIG_IPV6_PRIVACY is not set
# CONFIG_IPV6_ROUTER_PREF is not set
# CONFIG_IPV6_OPTIMISTIC_DAD is not set
CONFIG_INET6_AH=y
# CONFIG_INET6_ESP is not set
CONFIG_INET6_IPCOMP=y
CONFIG_IPV6_MIP6=m
CONFIG_INET6_XFRM_TUNNEL=y
CONFIG_INET6_TUNNEL=y
# CONFIG_INET6_XFRM_MODE_TRANSPORT is not set
# CONFIG_INET6_XFRM_MODE_TUNNEL is not set
CONFIG_INET6_XFRM_MODE_BEET=y
CONFIG_INET6_XFRM_MODE_ROUTEOPTIMIZATION=y
CONFIG_IPV6_SIT=m
# CONFIG_IPV6_SIT_6RD is not set
CONFIG_IPV6_NDISC_NODETYPE=y
CONFIG_IPV6_TUNNEL=y
CONFIG_IPV6_GRE=y
# CONFIG_IPV6_MULTIPLE_TABLES is not set
CONFIG_IPV6_MROUTE=y
# CONFIG_IPV6_MROUTE_MULTIPLE_TABLES is not set
# CONFIG_IPV6_PIMSM_V2 is not set
CONFIG_NETLABEL=y
CONFIG_NETWORK_SECMARK=y
# CONFIG_NETWORK_PHY_TIMESTAMPING is not set
CONFIG_NETFILTER=y
CONFIG_NETFILTER_DEBUG=y
# CONFIG_NETFILTER_ADVANCED is not set

#
# Core Netfilter Configuration
#
CONFIG_NETFILTER_NETLINK=m
CONFIG_NETFILTER_NETLINK_LOG=m
CONFIG_NF_CONNTRACK=m
# CONFIG_NF_CONNTRACK_SECMARK is not set
CONFIG_NF_CONNTRACK_PROCFS=y
CONFIG_NF_CONNTRACK_FTP=m
CONFIG_NF_CONNTRACK_IRC=m
CONFIG_NF_CONNTRACK_BROADCAST=m
CONFIG_NF_CONNTRACK_NETBIOS_NS=m
# CONFIG_NF_CONNTRACK_SIP is not set
CONFIG_NF_CT_NETLINK=m
CONFIG_NETFILTER_XTABLES=y

#
# Xtables combined modules
#
# CONFIG_NETFILTER_XT_MARK is not set

#
# Xtables targets
#
# CONFIG_NETFILTER_XT_TARGET_LOG is not set
# CONFIG_NETFILTER_XT_TARGET_NFLOG is not set
# CONFIG_NETFILTER_XT_TARGET_SECMARK is not set
# CONFIG_NETFILTER_XT_TARGET_TCPMSS is not set

#
# Xtables matches
#
CONFIG_NETFILTER_XT_MATCH_CONNTRACK=m
# CONFIG_NETFILTER_XT_MATCH_POLICY is not set
CONFIG_NETFILTER_XT_MATCH_STATE=m
# CONFIG_IP_SET is not set
# CONFIG_IP_VS is not set

#
# IP: Netfilter Configuration
#
CONFIG_NF_DEFRAG_IPV4=m
CONFIG_NF_CONNTRACK_IPV4=m
CONFIG_NF_CONNTRACK_PROC_COMPAT=y
CONFIG_IP_NF_IPTABLES=m
# CONFIG_IP_NF_FILTER is not set
CONFIG_IP_NF_TARGET_ULOG=m
# CONFIG_NF_NAT_IPV4 is not set
CONFIG_IP_NF_MANGLE=m
CONFIG_IP_NF_RAW=m

#
# IPv6: Netfilter Configuration
#
CONFIG_NF_DEFRAG_IPV6=m
CONFIG_NF_CONNTRACK_IPV6=m
CONFIG_IP6_NF_IPTABLES=y
CONFIG_IP6_NF_MATCH_IPV6HEADER=y
CONFIG_IP6_NF_FILTER=m
# CONFIG_IP6_NF_TARGET_REJECT is not set
CONFIG_IP6_NF_MANGLE=m
# CONFIG_IP6_NF_RAW is not set
CONFIG_IP_DCCP=y

#
# DCCP CCIDs Configuration
#
# CONFIG_IP_DCCP_CCID2_DEBUG is not set
CONFIG_IP_DCCP_CCID3=y
CONFIG_IP_DCCP_CCID3_DEBUG=y
CONFIG_IP_DCCP_TFRC_LIB=y
CONFIG_IP_DCCP_TFRC_DEBUG=y

#
# DCCP Kernel Hacking
#
# CONFIG_IP_DCCP_DEBUG is not set
# CONFIG_NET_DCCPPROBE is not set
# CONFIG_IP_SCTP is not set
CONFIG_RDS=m
CONFIG_RDS_TCP=m
# CONFIG_RDS_DEBUG is not set
CONFIG_TIPC=y
CONFIG_TIPC_PORTS=8191
CONFIG_ATM=y
CONFIG_ATM_CLIP=y
# CONFIG_ATM_CLIP_NO_ICMP is not set
CONFIG_ATM_LANE=y
# CONFIG_ATM_MPOA is not set
CONFIG_ATM_BR2684=y
CONFIG_ATM_BR2684_IPFILTER=y
CONFIG_L2TP=m
CONFIG_L2TP_DEBUGFS=m
CONFIG_L2TP_V3=y
# CONFIG_L2TP_IP is not set
# CONFIG_L2TP_ETH is not set
CONFIG_MRP=m
# CONFIG_BRIDGE is not set
CONFIG_HAVE_NET_DSA=y
CONFIG_NET_DSA=y
CONFIG_NET_DSA_TAG_DSA=y
CONFIG_NET_DSA_TAG_EDSA=y
CONFIG_NET_DSA_TAG_TRAILER=y
CONFIG_VLAN_8021Q=m
# CONFIG_VLAN_8021Q_GVRP is not set
CONFIG_VLAN_8021Q_MVRP=y
CONFIG_DECNET=y
# CONFIG_DECNET_ROUTER is not set
CONFIG_LLC=y
# CONFIG_LLC2 is not set
CONFIG_IPX=y
# CONFIG_IPX_INTERN is not set
CONFIG_ATALK=m
# CONFIG_DEV_APPLETALK is not set
# CONFIG_X25 is not set
CONFIG_LAPB=m
CONFIG_PHONET=m
CONFIG_IEEE802154=y
CONFIG_IEEE802154_6LOWPAN=y
# CONFIG_MAC802154 is not set
# CONFIG_NET_SCHED is not set
CONFIG_DCB=y
CONFIG_DNS_RESOLVER=y
CONFIG_BATMAN_ADV=y
# CONFIG_BATMAN_ADV_BLA is not set
CONFIG_BATMAN_ADV_DAT=y
# CONFIG_BATMAN_ADV_NC is not set
# CONFIG_BATMAN_ADV_DEBUG is not set
CONFIG_OPENVSWITCH=y
# CONFIG_VSOCKETS is not set
CONFIG_NETLINK_MMAP=y
# CONFIG_NETLINK_DIAG is not set
CONFIG_NETPRIO_CGROUP=y
CONFIG_BQL=y

#
# Network testing
#
CONFIG_NET_PKTGEN=m
CONFIG_NET_TCPPROBE=y
CONFIG_HAMRADIO=y

#
# Packet Radio protocols
#
# CONFIG_AX25 is not set
# CONFIG_CAN is not set
CONFIG_IRDA=y

#
# IrDA protocols
#
# CONFIG_IRLAN is not set
CONFIG_IRCOMM=y
CONFIG_IRDA_ULTRA=y

#
# IrDA options
#
# CONFIG_IRDA_CACHE_LAST_LSAP is not set
# CONFIG_IRDA_FAST_RR is not set
# CONFIG_IRDA_DEBUG is not set

#
# Infrared-port device drivers
#

#
# SIR device drivers
#
CONFIG_IRTTY_SIR=y

#
# Dongle support
#
# CONFIG_DONGLE is not set

#
# FIR device drivers
#
# CONFIG_NSC_FIR is not set
CONFIG_WINBOND_FIR=m
CONFIG_TOSHIBA_FIR=m
CONFIG_SMC_IRCC_FIR=m
CONFIG_ALI_FIR=m
# CONFIG_VLSI_FIR is not set
CONFIG_VIA_FIR=y
CONFIG_BT=m
CONFIG_BT_RFCOMM=m
# CONFIG_BT_RFCOMM_TTY is not set
CONFIG_BT_BNEP=m
CONFIG_BT_BNEP_MC_FILTER=y
CONFIG_BT_BNEP_PROTO_FILTER=y
CONFIG_BT_CMTP=m
# CONFIG_BT_HIDP is not set

#
# Bluetooth device drivers
#
# CONFIG_BT_HCIBTSDIO is not set
# CONFIG_BT_HCIUART is not set
# CONFIG_BT_HCIVHCI is not set
# CONFIG_BT_MRVL is not set
CONFIG_BT_WILINK=m
CONFIG_AF_RXRPC=m
# CONFIG_AF_RXRPC_DEBUG is not set
CONFIG_RXKAD=m
CONFIG_FIB_RULES=y
CONFIG_WIRELESS=y
# CONFIG_CFG80211 is not set
# CONFIG_LIB80211 is not set

#
# CFG80211 needs to be enabled for MAC80211
#
CONFIG_WIMAX=y
CONFIG_WIMAX_DEBUG_LEVEL=8
CONFIG_RFKILL=y
CONFIG_RFKILL_INPUT=y
CONFIG_RFKILL_REGULATOR=y
# CONFIG_RFKILL_GPIO is not set
CONFIG_NET_9P=m
# CONFIG_NET_9P_VIRTIO is not set
# CONFIG_NET_9P_DEBUG is not set
CONFIG_CAIF=m
# CONFIG_CAIF_DEBUG is not set
# CONFIG_CAIF_NETDEV is not set
CONFIG_CAIF_USB=m
CONFIG_CEPH_LIB=y
# CONFIG_CEPH_LIB_PRETTYDEBUG is not set
# CONFIG_CEPH_LIB_USE_DNS_RESOLVER is not set
CONFIG_NFC=y
# CONFIG_NFC_NCI is not set
CONFIG_NFC_HCI=y
CONFIG_NFC_SHDLC=y

#
# Near Field Communication (NFC) devices
#
CONFIG_NFC_PN544=y
CONFIG_NFC_PN544_I2C=m
CONFIG_NFC_MICROREAD=m
CONFIG_NFC_MICROREAD_I2C=m

#
# Device Drivers
#

#
# Generic Driver Options
#
CONFIG_UEVENT_HELPER_PATH=""
CONFIG_DEVTMPFS=y
# CONFIG_DEVTMPFS_MOUNT is not set
CONFIG_STANDALONE=y
CONFIG_PREVENT_FIRMWARE_BUILD=y
CONFIG_FW_LOADER=y
CONFIG_FIRMWARE_IN_KERNEL=y
CONFIG_EXTRA_FIRMWARE=""
# CONFIG_FW_LOADER_USER_HELPER is not set
# CONFIG_DEBUG_DRIVER is not set
# CONFIG_DEBUG_DEVRES is not set
# CONFIG_SYS_HYPERVISOR is not set
# CONFIG_GENERIC_CPU_DEVICES is not set
CONFIG_REGMAP=y
CONFIG_REGMAP_I2C=y
CONFIG_REGMAP_SPI=y
CONFIG_REGMAP_MMIO=y
CONFIG_REGMAP_IRQ=y
CONFIG_DMA_SHARED_BUFFER=y
CONFIG_CMA=y
# CONFIG_CMA_DEBUG is not set

#
# Default contiguous memory area size:
#
CONFIG_CMA_SIZE_MBYTES=16
CONFIG_CMA_SIZE_PERCENTAGE=10
# CONFIG_CMA_SIZE_SEL_MBYTES is not set
# CONFIG_CMA_SIZE_SEL_PERCENTAGE is not set
# CONFIG_CMA_SIZE_SEL_MIN is not set
CONFIG_CMA_SIZE_SEL_MAX=y
CONFIG_CMA_ALIGNMENT=8
CONFIG_CMA_AREAS=7

#
# Bus devices
#
CONFIG_CONNECTOR=y
# CONFIG_PROC_EVENTS is not set
# CONFIG_MTD is not set
# CONFIG_PARPORT is not set
CONFIG_PNP=y
# CONFIG_PNP_DEBUG_MESSAGES is not set

#
# Protocols
#
CONFIG_ISAPNP=y
CONFIG_PNPBIOS=y
CONFIG_PNPBIOS_PROC_FS=y
CONFIG_PNPACPI=y
CONFIG_BLK_DEV=y
# CONFIG_BLK_DEV_FD is not set
CONFIG_BLK_DEV_PCIESSD_MTIP32XX=y
CONFIG_BLK_CPQ_DA=y
CONFIG_BLK_CPQ_CISS_DA=m
CONFIG_CISS_SCSI_TAPE=y
# CONFIG_BLK_DEV_DAC960 is not set
# CONFIG_BLK_DEV_UMEM is not set
# CONFIG_BLK_DEV_COW_COMMON is not set
CONFIG_BLK_DEV_LOOP=y
CONFIG_BLK_DEV_LOOP_MIN_COUNT=8
# CONFIG_BLK_DEV_CRYPTOLOOP is not set
# CONFIG_BLK_DEV_DRBD is not set
CONFIG_BLK_DEV_NBD=y
CONFIG_BLK_DEV_NVME=y
CONFIG_BLK_DEV_OSD=m
CONFIG_BLK_DEV_SX8=y
CONFIG_BLK_DEV_RAM=m
CONFIG_BLK_DEV_RAM_COUNT=16
CONFIG_BLK_DEV_RAM_SIZE=4096
CONFIG_BLK_DEV_XIP=y
CONFIG_CDROM_PKTCDVD=m
CONFIG_CDROM_PKTCDVD_BUFFERS=8
CONFIG_CDROM_PKTCDVD_WCACHE=y
# CONFIG_ATA_OVER_ETH is not set
# CONFIG_VIRTIO_BLK is not set
CONFIG_BLK_DEV_HD=y
CONFIG_BLK_DEV_RBD=y
# CONFIG_BLK_DEV_RSXX is not set

#
# Misc devices
#
CONFIG_SENSORS_LIS3LV02D=m
# CONFIG_AD525X_DPOT is not set
# CONFIG_ATMEL_PWM is not set
CONFIG_DUMMY_IRQ=m
CONFIG_IBM_ASM=y
CONFIG_PHANTOM=y
# CONFIG_INTEL_MID_PTI is not set
CONFIG_SGI_IOC4=y
CONFIG_TIFM_CORE=y
CONFIG_TIFM_7XX1=y
# CONFIG_ICS932S401 is not set
CONFIG_ATMEL_SSC=y
# CONFIG_ENCLOSURE_SERVICES is not set
CONFIG_CS5535_MFGPT=m
CONFIG_CS5535_MFGPT_DEFAULT_IRQ=7
# CONFIG_CS5535_CLOCK_EVENT_SRC is not set
# CONFIG_HP_ILO is not set
# CONFIG_APDS9802ALS is not set
# CONFIG_ISL29003 is not set
CONFIG_ISL29020=m
CONFIG_SENSORS_TSL2550=m
CONFIG_SENSORS_BH1780=m
CONFIG_SENSORS_BH1770=y
# CONFIG_SENSORS_APDS990X is not set
CONFIG_HMC6352=y
CONFIG_DS1682=y
CONFIG_TI_DAC7512=y
CONFIG_VMWARE_BALLOON=y
CONFIG_BMP085=y
CONFIG_BMP085_I2C=y
# CONFIG_BMP085_SPI is not set
# CONFIG_PCH_PHUB is not set
CONFIG_USB_SWITCH_FSA9480=m
# CONFIG_LATTICE_ECP3_CONFIG is not set
# CONFIG_SRAM is not set
CONFIG_C2PORT=m
CONFIG_C2PORT_DURAMAR_2150=m

#
# EEPROM support
#
# CONFIG_EEPROM_AT24 is not set
CONFIG_EEPROM_AT25=y
# CONFIG_EEPROM_LEGACY is not set
CONFIG_EEPROM_MAX6875=y
CONFIG_EEPROM_93CX6=m
CONFIG_EEPROM_93XX46=m
CONFIG_CB710_CORE=y
CONFIG_CB710_DEBUG=y
CONFIG_CB710_DEBUG_ASSUMPTIONS=y

#
# Texas Instruments shared transport line discipline
#
CONFIG_TI_ST=y
CONFIG_SENSORS_LIS3_I2C=m

#
# Altera FPGA firmware download module
#
CONFIG_ALTERA_STAPL=m
CONFIG_VMWARE_VMCI=y
CONFIG_HAVE_IDE=y
CONFIG_IDE=y

#
# Please see Documentation/ide/ide.txt for help/info on IDE drives
#
CONFIG_IDE_XFER_MODE=y
CONFIG_IDE_TIMINGS=y
CONFIG_IDE_ATAPI=y
CONFIG_IDE_LEGACY=y
CONFIG_BLK_DEV_IDE_SATA=y
CONFIG_IDE_GD=y
CONFIG_IDE_GD_ATA=y
CONFIG_IDE_GD_ATAPI=y
CONFIG_BLK_DEV_DELKIN=y
CONFIG_BLK_DEV_IDECD=m
CONFIG_BLK_DEV_IDECD_VERBOSE_ERRORS=y
CONFIG_BLK_DEV_IDETAPE=m
# CONFIG_BLK_DEV_IDEACPI is not set
CONFIG_IDE_TASK_IOCTL=y
CONFIG_IDE_PROC_FS=y

#
# IDE chipset support/bugfixes
#
CONFIG_IDE_GENERIC=m
CONFIG_BLK_DEV_PLATFORM=m
CONFIG_BLK_DEV_CMD640=m
CONFIG_BLK_DEV_CMD640_ENHANCED=y
CONFIG_BLK_DEV_IDEPNP=y
CONFIG_BLK_DEV_IDEDMA_SFF=y

#
# PCI IDE chipsets support
#
CONFIG_BLK_DEV_IDEPCI=y
# CONFIG_IDEPCI_PCIBUS_ORDER is not set
CONFIG_BLK_DEV_OFFBOARD=y
CONFIG_BLK_DEV_GENERIC=m
CONFIG_BLK_DEV_OPTI621=y
# CONFIG_BLK_DEV_RZ1000 is not set
CONFIG_BLK_DEV_IDEDMA_PCI=y
# CONFIG_BLK_DEV_AEC62XX is not set
CONFIG_BLK_DEV_ALI15X3=y
CONFIG_BLK_DEV_AMD74XX=y
CONFIG_BLK_DEV_ATIIXP=m
CONFIG_BLK_DEV_CMD64X=y
# CONFIG_BLK_DEV_TRIFLEX is not set
# CONFIG_BLK_DEV_CS5520 is not set
CONFIG_BLK_DEV_CS5530=m
CONFIG_BLK_DEV_CS5535=y
CONFIG_BLK_DEV_CS5536=y
# CONFIG_BLK_DEV_HPT366 is not set
CONFIG_BLK_DEV_JMICRON=y
# CONFIG_BLK_DEV_SC1200 is not set
CONFIG_BLK_DEV_PIIX=m
# CONFIG_BLK_DEV_IT8172 is not set
CONFIG_BLK_DEV_IT8213=y
# CONFIG_BLK_DEV_IT821X is not set
CONFIG_BLK_DEV_NS87415=m
CONFIG_BLK_DEV_PDC202XX_OLD=y
# CONFIG_BLK_DEV_PDC202XX_NEW is not set
# CONFIG_BLK_DEV_SVWKS is not set
CONFIG_BLK_DEV_SIIMAGE=m
CONFIG_BLK_DEV_SIS5513=y
CONFIG_BLK_DEV_SLC90E66=y
CONFIG_BLK_DEV_TRM290=m
# CONFIG_BLK_DEV_VIA82CXXX is not set
CONFIG_BLK_DEV_TC86C001=y

#
# Other IDE chipsets support
#

#
# Note: most of these also require special kernel boot parameters
#
# CONFIG_BLK_DEV_4DRIVES is not set
# CONFIG_BLK_DEV_ALI14XX is not set
# CONFIG_BLK_DEV_DTC2278 is not set
CONFIG_BLK_DEV_HT6560B=m
CONFIG_BLK_DEV_QD65XX=y
# CONFIG_BLK_DEV_UMC8672 is not set
CONFIG_BLK_DEV_IDEDMA=y

#
# SCSI device support
#
CONFIG_SCSI_MOD=y
CONFIG_RAID_ATTRS=y
CONFIG_SCSI=y
CONFIG_SCSI_DMA=y
CONFIG_SCSI_TGT=m
CONFIG_SCSI_NETLINK=y
# CONFIG_SCSI_PROC_FS is not set

#
# SCSI support type (disk, tape, CD-ROM)
#
# CONFIG_BLK_DEV_SD is not set
# CONFIG_CHR_DEV_ST is not set
CONFIG_CHR_DEV_OSST=m
CONFIG_BLK_DEV_SR=y
# CONFIG_BLK_DEV_SR_VENDOR is not set
# CONFIG_CHR_DEV_SG is not set
CONFIG_CHR_DEV_SCH=y
CONFIG_SCSI_MULTI_LUN=y
# CONFIG_SCSI_CONSTANTS is not set
CONFIG_SCSI_LOGGING=y
# CONFIG_SCSI_SCAN_ASYNC is not set

#
# SCSI Transports
#
CONFIG_SCSI_SPI_ATTRS=y
CONFIG_SCSI_FC_ATTRS=y
CONFIG_SCSI_ISCSI_ATTRS=y
CONFIG_SCSI_SAS_ATTRS=y
CONFIG_SCSI_SAS_LIBSAS=y
# CONFIG_SCSI_SAS_ATA is not set
CONFIG_SCSI_SAS_HOST_SMP=y
CONFIG_SCSI_SRP_ATTRS=y
CONFIG_SCSI_LOWLEVEL=y
CONFIG_ISCSI_TCP=y
CONFIG_ISCSI_BOOT_SYSFS=y
CONFIG_SCSI_CXGB3_ISCSI=m
CONFIG_SCSI_CXGB4_ISCSI=m
CONFIG_SCSI_BNX2_ISCSI=m
CONFIG_SCSI_BNX2X_FCOE=y
CONFIG_BE2ISCSI=y
CONFIG_BLK_DEV_3W_XXXX_RAID=y
CONFIG_SCSI_HPSA=y
CONFIG_SCSI_3W_9XXX=m
CONFIG_SCSI_3W_SAS=y
# CONFIG_SCSI_7000FASST is not set
CONFIG_SCSI_ACARD=y
CONFIG_SCSI_AHA152X=y
CONFIG_SCSI_AHA1542=m
CONFIG_SCSI_AACRAID=y
CONFIG_SCSI_AIC7XXX=m
CONFIG_AIC7XXX_CMDS_PER_DEVICE=32
CONFIG_AIC7XXX_RESET_DELAY_MS=5000
CONFIG_AIC7XXX_DEBUG_ENABLE=y
CONFIG_AIC7XXX_DEBUG_MASK=0
CONFIG_AIC7XXX_REG_PRETTY_PRINT=y
# CONFIG_SCSI_AIC7XXX_OLD is not set
CONFIG_SCSI_AIC79XX=m
CONFIG_AIC79XX_CMDS_PER_DEVICE=32
CONFIG_AIC79XX_RESET_DELAY_MS=5000
CONFIG_AIC79XX_DEBUG_ENABLE=y
CONFIG_AIC79XX_DEBUG_MASK=0
CONFIG_AIC79XX_REG_PRETTY_PRINT=y
# CONFIG_SCSI_AIC94XX is not set
# CONFIG_SCSI_MVSAS is not set
# CONFIG_SCSI_MVUMI is not set
# CONFIG_SCSI_DPT_I2O is not set
# CONFIG_SCSI_ADVANSYS is not set
CONFIG_SCSI_IN2000=m
# CONFIG_SCSI_ARCMSR is not set
CONFIG_MEGARAID_NEWGEN=y
CONFIG_MEGARAID_MM=y
# CONFIG_MEGARAID_MAILBOX is not set
CONFIG_MEGARAID_LEGACY=y
CONFIG_MEGARAID_SAS=y
CONFIG_SCSI_MPT2SAS=y
CONFIG_SCSI_MPT2SAS_MAX_SGE=128
# CONFIG_SCSI_MPT2SAS_LOGGING is not set
CONFIG_SCSI_MPT3SAS=m
CONFIG_SCSI_MPT3SAS_MAX_SGE=128
# CONFIG_SCSI_MPT3SAS_LOGGING is not set
# CONFIG_SCSI_UFSHCD is not set
CONFIG_SCSI_HPTIOP=y
CONFIG_SCSI_BUSLOGIC=m
CONFIG_SCSI_FLASHPOINT=y
CONFIG_VMWARE_PVSCSI=m
CONFIG_LIBFC=y
CONFIG_LIBFCOE=y
CONFIG_FCOE=y
# CONFIG_FCOE_FNIC is not set
# CONFIG_SCSI_DMX3191D is not set
CONFIG_SCSI_DTC3280=m
CONFIG_SCSI_EATA=y
# CONFIG_SCSI_EATA_TAGGED_QUEUE is not set
CONFIG_SCSI_EATA_LINKED_COMMANDS=y
CONFIG_SCSI_EATA_MAX_TAGS=16
CONFIG_SCSI_FUTURE_DOMAIN=y
# CONFIG_SCSI_GDTH is not set
CONFIG_SCSI_ISCI=y
CONFIG_SCSI_GENERIC_NCR5380=y
CONFIG_SCSI_GENERIC_NCR5380_MMIO=m
# CONFIG_SCSI_GENERIC_NCR53C400 is not set
CONFIG_SCSI_IPS=y
CONFIG_SCSI_INITIO=m
CONFIG_SCSI_INIA100=m
CONFIG_SCSI_NCR53C406A=y
CONFIG_SCSI_STEX=y
# CONFIG_SCSI_SYM53C8XX_2 is not set
CONFIG_SCSI_IPR=y
CONFIG_SCSI_IPR_TRACE=y
# CONFIG_SCSI_IPR_DUMP is not set
CONFIG_SCSI_PAS16=m
# CONFIG_SCSI_QLOGIC_FAS is not set
CONFIG_SCSI_QLOGIC_1280=y
CONFIG_SCSI_QLA_FC=y
# CONFIG_SCSI_QLA_ISCSI is not set
# CONFIG_SCSI_LPFC is not set
CONFIG_SCSI_SYM53C416=m
CONFIG_SCSI_DC395x=y
CONFIG_SCSI_DC390T=y
CONFIG_SCSI_T128=m
# CONFIG_SCSI_U14_34F is not set
CONFIG_SCSI_ULTRASTOR=y
# CONFIG_SCSI_NSP32 is not set
CONFIG_SCSI_DEBUG=m
CONFIG_SCSI_PMCRAID=m
CONFIG_SCSI_PM8001=m
CONFIG_SCSI_SRP=m
CONFIG_SCSI_BFA_FC=y
CONFIG_SCSI_VIRTIO=m
# CONFIG_SCSI_CHELSIO_FCOE is not set
# CONFIG_SCSI_DH is not set
CONFIG_SCSI_OSD_INITIATOR=m
CONFIG_SCSI_OSD_ULD=m
CONFIG_SCSI_OSD_DPRINT_SENSE=1
# CONFIG_SCSI_OSD_DEBUG is not set
CONFIG_ATA=y
# CONFIG_ATA_NONSTANDARD is not set
# CONFIG_ATA_VERBOSE_ERROR is not set
# CONFIG_ATA_ACPI is not set
# CONFIG_SATA_PMP is not set

#
# Controllers with non-SFF native interface
#
CONFIG_SATA_AHCI=y
CONFIG_SATA_AHCI_PLATFORM=m
CONFIG_SATA_INIC162X=y
CONFIG_SATA_ACARD_AHCI=m
CONFIG_SATA_SIL24=y
# CONFIG_ATA_SFF is not set

#
# SFF controllers with custom DMA interface
#
# CONFIG_PDC_ADMA is not set
CONFIG_SATA_QSTOR=m
CONFIG_SATA_SX4=m
CONFIG_ATA_BMDMA=y

#
# SATA SFF controllers with BMDMA
#
# CONFIG_ATA_PIIX is not set
CONFIG_SATA_HIGHBANK=m
CONFIG_SATA_MV=y
CONFIG_SATA_NV=m
CONFIG_SATA_PROMISE=y
CONFIG_SATA_SIL=m
CONFIG_SATA_SIS=m
CONFIG_SATA_SVW=m
CONFIG_SATA_ULI=m
# CONFIG_SATA_VIA is not set
CONFIG_SATA_VITESSE=m

#
# PATA SFF controllers with BMDMA
#
# CONFIG_PATA_ALI is not set
CONFIG_PATA_AMD=y
CONFIG_PATA_ARASAN_CF=m
# CONFIG_PATA_ARTOP is not set
CONFIG_PATA_ATIIXP=m
CONFIG_PATA_ATP867X=y
CONFIG_PATA_CMD64X=y
CONFIG_PATA_CS5520=y
CONFIG_PATA_CS5530=m
CONFIG_PATA_CS5535=y
CONFIG_PATA_CS5536=m
CONFIG_PATA_CYPRESS=m
CONFIG_PATA_EFAR=m
CONFIG_PATA_HPT366=m
CONFIG_PATA_HPT37X=m
CONFIG_PATA_HPT3X2N=m
CONFIG_PATA_HPT3X3=y
# CONFIG_PATA_HPT3X3_DMA is not set
CONFIG_PATA_IT8213=m
# CONFIG_PATA_IT821X is not set
CONFIG_PATA_JMICRON=m
CONFIG_PATA_MARVELL=m
# CONFIG_PATA_NETCELL is not set
# CONFIG_PATA_NINJA32 is not set
# CONFIG_PATA_NS87415 is not set
# CONFIG_PATA_OLDPIIX is not set
# CONFIG_PATA_OPTIDMA is not set
# CONFIG_PATA_PDC2027X is not set
CONFIG_PATA_PDC_OLD=y
CONFIG_PATA_RADISYS=y
CONFIG_PATA_RDC=m
# CONFIG_PATA_SC1200 is not set
CONFIG_PATA_SCH=m
# CONFIG_PATA_SERVERWORKS is not set
# CONFIG_PATA_SIL680 is not set
CONFIG_PATA_SIS=y
CONFIG_PATA_TOSHIBA=y
CONFIG_PATA_TRIFLEX=m
# CONFIG_PATA_VIA is not set
CONFIG_PATA_WINBOND=y

#
# PIO-only SFF controllers
#
CONFIG_PATA_CMD640_PCI=y
CONFIG_PATA_ISAPNP=y
CONFIG_PATA_MPIIX=y
CONFIG_PATA_NS87410=y
CONFIG_PATA_OPTI=m
CONFIG_PATA_QDI=m
CONFIG_PATA_RZ1000=y
CONFIG_PATA_WINBOND_VLB=m

#
# Generic fallback / legacy drivers
#
CONFIG_ATA_GENERIC=y
CONFIG_PATA_LEGACY=m
CONFIG_MD=y
CONFIG_BLK_DEV_MD=m
# CONFIG_MD_LINEAR is not set
# CONFIG_MD_RAID0 is not set
CONFIG_MD_RAID1=m
CONFIG_MD_RAID10=m
CONFIG_MD_RAID456=m
# CONFIG_MD_MULTIPATH is not set
CONFIG_MD_FAULTY=m
# CONFIG_BCACHE is not set
CONFIG_BLK_DEV_DM=y
# CONFIG_DM_DEBUG is not set
# CONFIG_DM_CRYPT is not set
CONFIG_DM_SNAPSHOT=y
# CONFIG_DM_THIN_PROVISIONING is not set
# CONFIG_DM_CACHE is not set
CONFIG_DM_MIRROR=y
# CONFIG_DM_RAID is not set
CONFIG_DM_LOG_USERSPACE=y
CONFIG_DM_ZERO=m
CONFIG_DM_MULTIPATH=m
CONFIG_DM_MULTIPATH_QL=m
# CONFIG_DM_MULTIPATH_ST is not set
CONFIG_DM_DELAY=y
CONFIG_DM_UEVENT=y
# CONFIG_DM_FLAKEY is not set
# CONFIG_DM_VERITY is not set
# CONFIG_TARGET_CORE is not set
# CONFIG_FUSION is not set

#
# IEEE 1394 (FireWire) support
#
CONFIG_FIREWIRE=y
CONFIG_FIREWIRE_OHCI=m
CONFIG_FIREWIRE_SBP2=y
CONFIG_FIREWIRE_NET=m
# CONFIG_FIREWIRE_NOSY is not set
CONFIG_I2O=m
CONFIG_I2O_LCT_NOTIFY_ON_CHANGES=y
# CONFIG_I2O_EXT_ADAPTEC is not set
CONFIG_I2O_CONFIG=m
# CONFIG_I2O_CONFIG_OLD_IOCTL is not set
CONFIG_I2O_BUS=m
# CONFIG_I2O_BLOCK is not set
# CONFIG_I2O_SCSI is not set
# CONFIG_I2O_PROC is not set
# CONFIG_MACINTOSH_DRIVERS is not set
CONFIG_NETDEVICES=y
CONFIG_NET_CORE=y
CONFIG_BONDING=y
# CONFIG_DUMMY is not set
# CONFIG_EQUALIZER is not set
CONFIG_NET_FC=y
CONFIG_MII=y
# CONFIG_NET_TEAM is not set
CONFIG_MACVLAN=m
CONFIG_MACVTAP=m
# CONFIG_VXLAN is not set
# CONFIG_NETCONSOLE is not set
# CONFIG_NETPOLL is not set
# CONFIG_NET_POLL_CONTROLLER is not set
CONFIG_TUN=y
CONFIG_VETH=m
CONFIG_VIRTIO_NET=m
CONFIG_ARCNET=y
CONFIG_ARCNET_1201=y
# CONFIG_ARCNET_1051 is not set
# CONFIG_ARCNET_RAW is not set
CONFIG_ARCNET_CAP=m
# CONFIG_ARCNET_COM90xx is not set
# CONFIG_ARCNET_COM90xxIO is not set
CONFIG_ARCNET_RIM_I=m
# CONFIG_ARCNET_COM20020 is not set
CONFIG_ATM_DRIVERS=y
# CONFIG_ATM_DUMMY is not set
CONFIG_ATM_TCP=m
CONFIG_ATM_LANAI=m
CONFIG_ATM_ENI=y
CONFIG_ATM_ENI_DEBUG=y
CONFIG_ATM_ENI_TUNE_BURST=y
CONFIG_ATM_ENI_BURST_TX_16W=y
# CONFIG_ATM_ENI_BURST_TX_8W is not set
# CONFIG_ATM_ENI_BURST_TX_4W is not set
CONFIG_ATM_ENI_BURST_TX_2W=y
CONFIG_ATM_ENI_BURST_RX_16W=y
CONFIG_ATM_ENI_BURST_RX_8W=y
CONFIG_ATM_ENI_BURST_RX_4W=y
CONFIG_ATM_ENI_BURST_RX_2W=y
# CONFIG_ATM_FIRESTREAM is not set
CONFIG_ATM_ZATM=m
# CONFIG_ATM_ZATM_DEBUG is not set
CONFIG_ATM_NICSTAR=y
CONFIG_ATM_NICSTAR_USE_SUNI=y
CONFIG_ATM_NICSTAR_USE_IDT77105=y
CONFIG_ATM_IDT77252=y
CONFIG_ATM_IDT77252_DEBUG=y
# CONFIG_ATM_IDT77252_RCV_ALL is not set
CONFIG_ATM_IDT77252_USE_SUNI=y
# CONFIG_ATM_AMBASSADOR is not set
CONFIG_ATM_HORIZON=m
CONFIG_ATM_HORIZON_DEBUG=y
CONFIG_ATM_IA=y
CONFIG_ATM_IA_DEBUG=y
CONFIG_ATM_FORE200E=y
# CONFIG_ATM_FORE200E_USE_TASKLET is not set
CONFIG_ATM_FORE200E_TX_RETRY=16
CONFIG_ATM_FORE200E_DEBUG=0
CONFIG_ATM_HE=m
# CONFIG_ATM_HE_USE_SUNI is not set
# CONFIG_ATM_SOLOS is not set

#
# CAIF transport drivers
#
CONFIG_CAIF_TTY=m
CONFIG_CAIF_SPI_SLAVE=m
# CONFIG_CAIF_SPI_SYNC is not set
CONFIG_CAIF_HSI=m
CONFIG_CAIF_VIRTIO=m
CONFIG_VHOST_NET=m
CONFIG_VHOST_RING=m

#
# Distributed Switch Architecture drivers
#
CONFIG_NET_DSA_MV88E6XXX=y
CONFIG_NET_DSA_MV88E6060=y
CONFIG_NET_DSA_MV88E6XXX_NEED_PPU=y
CONFIG_NET_DSA_MV88E6131=y
CONFIG_NET_DSA_MV88E6123_61_65=m
CONFIG_ETHERNET=y
CONFIG_MDIO=y
CONFIG_NET_VENDOR_3COM=y
# CONFIG_EL3 is not set
CONFIG_3C515=m
# CONFIG_VORTEX is not set
CONFIG_TYPHOON=y
# CONFIG_NET_VENDOR_ADAPTEC is not set
CONFIG_NET_VENDOR_ALTEON=y
CONFIG_ACENIC=m
CONFIG_ACENIC_OMIT_TIGON_I=y
# CONFIG_NET_VENDOR_AMD is not set
# CONFIG_NET_VENDOR_ATHEROS is not set
# CONFIG_NET_CADENCE is not set
CONFIG_NET_VENDOR_BROADCOM=y
# CONFIG_B44 is not set
CONFIG_BNX2=y
CONFIG_CNIC=y
CONFIG_TIGON3=m
CONFIG_BNX2X=y
# CONFIG_NET_VENDOR_BROCADE is not set
CONFIG_NET_CALXEDA_XGMAC=y
CONFIG_NET_VENDOR_CHELSIO=y
# CONFIG_CHELSIO_T1 is not set
CONFIG_CHELSIO_T3=m
CONFIG_CHELSIO_T4=m
# CONFIG_CHELSIO_T4VF is not set
# CONFIG_NET_VENDOR_CIRRUS is not set
# CONFIG_NET_VENDOR_CISCO is not set
CONFIG_DNET=m
# CONFIG_NET_VENDOR_DEC is not set
# CONFIG_NET_VENDOR_DLINK is not set
CONFIG_NET_VENDOR_EMULEX=y
CONFIG_BE2NET=y
# CONFIG_NET_VENDOR_EXAR is not set
CONFIG_NET_VENDOR_FUJITSU=y
CONFIG_NET_VENDOR_HP=y
CONFIG_HP100=m
CONFIG_NET_VENDOR_INTEL=y
CONFIG_E100=m
CONFIG_E1000=m
CONFIG_E1000E=m
CONFIG_IGB=m
# CONFIG_IGB_HWMON is not set
# CONFIG_IGBVF is not set
# CONFIG_IXGB is not set
CONFIG_IXGBE=m
CONFIG_IXGBE_HWMON=y
# CONFIG_IXGBE_DCB is not set
# CONFIG_NET_VENDOR_I825XX is not set
CONFIG_IP1000=y
CONFIG_JME=m
CONFIG_NET_VENDOR_MARVELL=y
CONFIG_MVMDIO=m
CONFIG_SKGE=m
CONFIG_SKGE_DEBUG=y
CONFIG_SKGE_GENESIS=y
# CONFIG_SKY2 is not set
# CONFIG_NET_VENDOR_MELLANOX is not set
# CONFIG_NET_VENDOR_MICREL is not set
CONFIG_NET_VENDOR_MICROCHIP=y
# CONFIG_ENC28J60 is not set
CONFIG_NET_VENDOR_MYRI=y
# CONFIG_MYRI10GE is not set
# CONFIG_FEALNX is not set
# CONFIG_NET_VENDOR_NATSEMI is not set
# CONFIG_NET_VENDOR_NVIDIA is not set
CONFIG_NET_VENDOR_OKI=y
# CONFIG_PCH_GBE is not set
# CONFIG_ETHOC is not set
# CONFIG_NET_PACKET_ENGINE is not set
CONFIG_NET_VENDOR_QLOGIC=y
CONFIG_QLA3XXX=m
CONFIG_QLCNIC=y
CONFIG_QLGE=m
# CONFIG_NETXEN_NIC is not set
CONFIG_NET_VENDOR_REALTEK=y
# CONFIG_8139CP is not set
CONFIG_8139TOO=y
CONFIG_8139TOO_PIO=y
# CONFIG_8139TOO_TUNE_TWISTER is not set
# CONFIG_8139TOO_8129 is not set
# CONFIG_8139_OLD_RX_RESET is not set
CONFIG_R8169=y
CONFIG_NET_VENDOR_RDC=y
CONFIG_R6040=m
CONFIG_NET_VENDOR_SEEQ=y
CONFIG_NET_VENDOR_SILAN=y
# CONFIG_SC92031 is not set
# CONFIG_NET_VENDOR_SIS is not set
CONFIG_SFC=y
# CONFIG_SFC_MCDI_MON is not set
CONFIG_NET_VENDOR_SMSC=y
CONFIG_SMC9194=y
CONFIG_EPIC100=m
# CONFIG_SMSC9420 is not set
CONFIG_NET_VENDOR_STMICRO=y
CONFIG_STMMAC_ETH=m
CONFIG_STMMAC_PLATFORM=y
# CONFIG_STMMAC_PCI is not set
# CONFIG_STMMAC_DEBUG_FS is not set
CONFIG_STMMAC_DA=y
# CONFIG_NET_VENDOR_SUN is not set
# CONFIG_NET_VENDOR_TEHUTI is not set
# CONFIG_NET_VENDOR_TI is not set
# CONFIG_NET_VENDOR_VIA is not set
CONFIG_NET_VENDOR_WIZNET=y
CONFIG_WIZNET_W5100=m
# CONFIG_WIZNET_W5300 is not set
# CONFIG_WIZNET_BUS_DIRECT is not set
# CONFIG_WIZNET_BUS_INDIRECT is not set
CONFIG_WIZNET_BUS_ANY=y
# CONFIG_FDDI is not set
CONFIG_HIPPI=y
CONFIG_ROADRUNNER=y
CONFIG_ROADRUNNER_LARGE_RINGS=y
CONFIG_NET_SB1000=y
CONFIG_PHYLIB=y

#
# MII PHY device drivers
#
# CONFIG_AT803X_PHY is not set
CONFIG_AMD_PHY=m
# CONFIG_MARVELL_PHY is not set
CONFIG_DAVICOM_PHY=m
CONFIG_QSEMI_PHY=m
CONFIG_LXT_PHY=m
# CONFIG_CICADA_PHY is not set
# CONFIG_VITESSE_PHY is not set
# CONFIG_SMSC_PHY is not set
CONFIG_BROADCOM_PHY=m
CONFIG_BCM87XX_PHY=m
CONFIG_ICPLUS_PHY=m
# CONFIG_REALTEK_PHY is not set
# CONFIG_NATIONAL_PHY is not set
CONFIG_STE10XP=y
CONFIG_LSI_ET1011C_PHY=y
CONFIG_MICREL_PHY=m
CONFIG_FIXED_PHY=y
CONFIG_MDIO_BITBANG=m
# CONFIG_MDIO_GPIO is not set
CONFIG_MICREL_KS8995MA=y
# CONFIG_PPP is not set
# CONFIG_SLIP is not set
# CONFIG_WLAN is not set

#
# WiMAX Wireless Broadband devices
#

#
# Enable USB support to see WiMAX USB drivers
#
CONFIG_WAN=y
# CONFIG_HOSTESS_SV11 is not set
CONFIG_COSA=m
CONFIG_LANMEDIA=m
CONFIG_SEALEVEL_4021=m
CONFIG_HDLC=m
CONFIG_HDLC_RAW=m
CONFIG_HDLC_RAW_ETH=m
CONFIG_HDLC_CISCO=m
CONFIG_HDLC_FR=m
CONFIG_HDLC_PPP=m
CONFIG_HDLC_X25=m
CONFIG_PCI200SYN=m
# CONFIG_WANXL is not set
# CONFIG_PC300TOO is not set
# CONFIG_N2 is not set
# CONFIG_C101 is not set
CONFIG_FARSYNC=m
# CONFIG_DSCC4 is not set
CONFIG_DLCI=m
CONFIG_DLCI_MAX=8
# CONFIG_SDLA is not set
