Return-path: <linux-dvb-bounces+mchehab=infradead.org@linuxtv.org>
Received: from wf-out-1314.google.com ([209.85.200.173])
	by www.linuxtv.org with esmtp (Exim 4.63)
	(envelope-from <lucasspeciaaladres@gmail.com>) id 1K6pos-00032Z-QH
	for linux-dvb@linuxtv.org; Thu, 12 Jun 2008 18:38:42 +0200
Received: by wf-out-1314.google.com with SMTP id 27so3698198wfd.17
	for <linux-dvb@linuxtv.org>; Thu, 12 Jun 2008 09:38:31 -0700 (PDT)
Message-ID: <393726e40806120938r34d1008bme999f08e621d9ea9@mail.gmail.com>
Date: Thu, 12 Jun 2008 18:38:31 +0200
From: "L C" <lucasspeciaaladres@gmail.com>
To: linux-dvb@linuxtv.org
MIME-Version: 1.0
Subject: [linux-dvb] Did ask before about the Pinnacle nano usb dvb-t stick
	73 e and Ubuntu 7.10
List-Unsubscribe: <http://www.linuxtv.org/cgi-bin/mailman/listinfo/linux-dvb>,
	<mailto:linux-dvb-request@linuxtv.org?subject=unsubscribe>
List-Archive: <http://www.linuxtv.org/pipermail/linux-dvb>
List-Post: <mailto:linux-dvb@linuxtv.org>
List-Help: <mailto:linux-dvb-request@linuxtv.org?subject=help>
List-Subscribe: <http://www.linuxtv.org/cgi-bin/mailman/listinfo/linux-dvb>,
	<mailto:linux-dvb-request@linuxtv.org?subject=subscribe>
Content-Type: multipart/mixed; boundary="===============1482663684=="
Mime-version: 1.0
Sender: linux-dvb-bounces@linuxtv.org
Errors-To: linux-dvb-bounces+mchehab=infradead.org@linuxtv.org
List-ID: <linux-dvb@linuxtv.org>

--===============1482663684==
Content-Type: multipart/alternative;
	boundary="----=_Part_16856_1062098.1213288711047"

------=_Part_16856_1062098.1213288711047
Content-Type: text/plain; charset=ISO-8859-1
Content-Transfer-Encoding: 7bit
Content-Disposition: inline

Pinnacle nano usb dvb-t stick 73e and ubuntu 7.10
The drivers still not found (even after installing newest drivers Hardy
etc), don know how to install it and how the installing with scan etc with
V4L, if it works with kaffeine etc, dont understand Mythtv etc so best optin
Kaffeine of maybe VLC tell me.

Could anyone give me a step by step instruction. See th DMESG  here working
with
Ati Radion 200 Xpress G
AMD Sempron 3200 + etc see below.
Thanks for the help if possible

DMESG[    0.000000] Linux version 2.6.22-14-386 (buildd@terranova) (gcc
version 4.1.3 20070929 (prerelease) (Ubuntu 4.1.2-16ubuntu2)) #1 Tue Feb 12
07:12:19 UTC 2008 (Ubuntu 2.6.22-14.52-386)
[    0.000000] BIOS-provided physical RAM map:
[    0.000000]  BIOS-e820: 0000000000000000 - 000000000009f800 (usable)
[    0.000000]  BIOS-e820: 000000000009f800 - 00000000000a0000 (reserved)
[    0.000000]  BIOS-e820: 00000000000f0000 - 0000000000100000 (reserved)
[    0.000000]  BIOS-e820: 0000000000100000 - 000000008bef0000 (usable)
[    0.000000]  BIOS-e820: 000000008bef0000 - 000000008bef3000 (ACPI NVS)
[    0.000000]  BIOS-e820: 000000008bef3000 - 000000008bf00000 (ACPI data)
[    0.000000]  BIOS-e820: 00000000e0000000 - 00000000f0000000 (reserved)
[    0.000000]  BIOS-e820: 00000000fec00000 - 0000000100000000 (reserved)
[    0.000000] 1342MB HIGHMEM available.
[    0.000000] 896MB LOWMEM available.
[    0.000000] found SMP MP-table at 000f46e0
[    0.000000] Entering add_active_range(0, 0, 573168) 0 entries of 256 used
[    0.000000] Zone PFN ranges:
[    0.000000]   DMA             0 ->     4096
[    0.000000]   Normal       4096 ->   229376
[    0.000000]   HighMem    229376 ->   573168
[    0.000000] early_node_map[1] active PFN ranges
[    0.000000]     0:        0 ->   573168
[    0.000000] On node 0 totalpages: 573168
[    0.000000]   DMA zone: 32 pages used for memmap
[    0.000000]   DMA zone: 0 pages reserved
[    0.000000]   DMA zone: 4064 pages, LIFO batch:0
[    0.000000]   Normal zone: 1760 pages used for memmap
[    0.000000]   Normal zone: 223520 pages, LIFO batch:31
[    0.000000]   HighMem zone: 2685 pages used for memmap
[    0.000000]   HighMem zone: 341107 pages, LIFO batch:31
[    0.000000] DMI 2.4 present.
[    0.000000] ACPI: RSDP signature @ 0xC00F8600 checksum 0
[    0.000000] ACPI: RSDP 000F8600, 0014 (r0 HP-CPC)
[    0.000000] ACPI: RSDT 8BEF3040, 0030 (r1 HP-CPC AWRDACPI 42302E31
AWRD        0)
[    0.000000] ACPI: FACP 8BEF30C0, 0084 (r2 HP-CPC AWRDACPI 42302E31
AWRD        0)
[    0.000000] ACPI: DSDT 8BEF31C0, 3C55 (r1 HP-CPC AWRDACPI     1000 MSFT
100000E)
[    0.000000] ACPI: FACS 8BEF0000, 0040
[    0.000000] ACPI: MCFG 8BEF6F40, 003C (r1 HP-CPC AWRDACPI 42302E31
AWRD        0)
[    0.000000] ACPI: APIC 8BEF6E80, 0068 (r1 HP-CPC AWRDACPI 42302E31
AWRD        0)
[    0.000000] ATI board detected. Disabling timer routing over 8254.
[    0.000000] ACPI: PM-Timer IO Port: 0x4008
[    0.000000] ACPI: Local APIC address 0xfee00000
[    0.000000] ACPI: LAPIC (acpi_id[0x00] lapic_id[0x00] enabled)
[    0.000000] Processor #0 15:15 APIC version 16
[    0.000000] ACPI: LAPIC (acpi_id[0x01] lapic_id[0x01] disabled)
[    0.000000] ACPI: LAPIC_NMI (acpi_id[0x00] high edge lint[0x1])
[    0.000000] ACPI: LAPIC_NMI (acpi_id[0x01] high edge lint[0x1])
[    0.000000] ACPI: IOAPIC (id[0x02] address[0xfec00000] gsi_base[0])
[    0.000000] IOAPIC[0]: apic_id 2, version 33, address 0xfec00000, GSI
0-23
[    0.000000] ACPI: INT_SRC_OVR (bus 0 bus_irq 0 global_irq 2 dfl dfl)
[    0.000000] ACPI: INT_SRC_OVR (bus 0 bus_irq 9 global_irq 21 low level)
[    0.000000] ACPI: IRQ0 used by override.
[    0.000000] ACPI: IRQ2 used by override.
[    0.000000] Enabling APIC mode:  Flat.  Using 1 I/O APICs
[    0.000000] Using ACPI (MADT) for SMP configuration information
[    0.000000] Allocating PCI resources starting at 90000000 (gap:
8bf00000:54100000)
[    0.000000] Built 1 zonelists.  Total pages: 568691
[    0.000000] Kernel command line:
root=UUID=6cf98353-a3ea-4141-bf35-ae11163e57d3 ro quiet splash locale=nl_NL
[    0.000000] mapped APIC to ffffd000 (fee00000)
[    0.000000] mapped IOAPIC to ffffc000 (fec00000)
[    0.000000] Enabling fast FPU save and restore... done.
[    0.000000] Enabling unmasked SIMD FPU exception support... done.
[    0.000000] Initializing CPU#0
[    0.000000] PID hash table entries: 4096 (order: 12, 16384 bytes)
[    0.000000] Detected 1790.990 MHz processor.
[   22.028400] Console: colour VGA+ 80x25
[   22.028911] Dentry cache hash table entries: 131072 (order: 7, 524288
bytes)
[   22.029774] Inode-cache hash table entries: 65536 (order: 6, 262144
bytes)
[   22.093140] Memory: 2262496k/2292672k available (1929k kernel code,
29012k reserved, 876k data, 348k init, 1375168k highmem)
[   22.093150] virtual kernel memory layout:
[   22.093152]     fixmap  : 0xfffa8000 - 0xfffff000   ( 348 kB)
[   22.093153]     pkmap   : 0xff800000 - 0xffc00000   (4096 kB)
[   22.093154]     vmalloc : 0xf8800000 - 0xff7fe000   ( 111 MB)
[   22.093155]     lowmem  : 0xc0000000 - 0xf8000000   ( 896 MB)
[   22.093157]       .init : 0xc03c0000 - 0xc0417000   ( 348 kB)
[   22.093158]       .data : 0xc02e2655 - 0xc03bda04   ( 876 kB)
[   22.093159]       .text : 0xc0100000 - 0xc02e2655   (1929 kB)
[   22.093162] Checking if this processor honours the WP bit even in
supervisor mode... Ok.
[   22.093213] SLUB: Genslabs=22, HWalign=64, Order=0-1, MinObjects=4,
CPUs=1, Nodes=1
[   22.173130] Calibrating delay using timer specific routine.. 3585.28
BogoMIPS (lpj=7170567)
[   22.173159] Security Framework v1.0.0 initialized
[   22.173167] SELinux:  Disabled at boot.
[   22.173173] Mount-cache hash table entries: 512
[   22.173281] CPU: After generic identify, caps: 078bfbff e3d3fbff 00000000
00000000 00000001 00000000 00000001
[   22.173288] CPU: L1 I Cache: 64K (64 bytes/line), D cache 64K (64
bytes/line)
[   22.173290] CPU: L2 Cache: 256K (64 bytes/line)
[   22.173293] CPU: After all inits, caps: 078bfbff e3d3fbff 00000000
00000410 00000001 00000000 00000001
[   22.173303] Compat vDSO mapped to ffffe000.
[   22.173313] CPU: AMD Sempron(tm) Processor 3200+ stepping 02
[   22.173318] Checking 'hlt' instruction... OK.
[   22.189675] Early unpacking initramfs... done
[   22.494952] ACPI: Core revision 20070126
[   22.495005] ACPI: Looking for DSDT in initramfs... error, file /DSDT.aml
not found.
[   22.504147] ENABLING IO-APIC IRQs
[   22.504339] ..TIMER: vector=0x31 apic1=0 pin1=2 apic2=-1 pin2=-1
[   22.544013] ..MP-BIOS bug: 8254 timer not connected to IO-APIC
[   22.544055] ...trying to set up timer (IRQ0) through the 8259A ...
failed.
[   22.544058] ...trying to set up timer as Virtual Wire IRQ... works.
[   22.688517] Booting paravirtualized kernel on bare hardware
[   22.688590] Time: 14:16:45  Date: 05/12/108
[   22.688610] NET: Registered protocol family 16
[   22.688677] EISA bus registered
[   22.688691] ACPI: bus type pci registered
[   22.724230] PCI: PCI BIOS revision 3.00 entry at 0xfaaa0, last bus=2
[   22.724232] PCI: Using configuration type 1
[   22.724234] Setting up standard PCI resources
[   22.727037] ACPI: EC: Look up EC in DSDT
[   22.730154] ACPI: Interpreter enabled
[   22.730157] ACPI: (supports S0 S1 S3 S4 S5)
[   22.730170] ACPI: Using IOAPIC for interrupt routing
[   22.733952] ACPI: PCI Root Bridge [PCI0] (0000:00)
[   22.733962] PCI: Probing PCI hardware (bus 00)
[   22.734993] PCI: Transparent bridge - 0000:00:14.4
[   22.735026] ACPI: PCI Interrupt Routing Table [\_SB_.PCI0._PRT]
[   22.735172] ACPI: PCI Interrupt Routing Table [\_SB_.PCI0.P2P_._PRT]
[   22.735307] ACPI: PCI Interrupt Routing Table [\_SB_.PCI0.AGP_._PRT]
[   22.749241] ACPI: PCI Interrupt Link [LNKA] (IRQs 3 4 5 6 7 10 11) *0,
disabled.
[   22.749331] ACPI: PCI Interrupt Link [LNKB] (IRQs 3 4 5 6 7 10 11) *0,
disabled.
[   22.749420] ACPI: PCI Interrupt Link [LNKC] (IRQs 3 4 5 6 7 10 11) *0,
disabled.
[   22.749510] ACPI: PCI Interrupt Link [LNKD] (IRQs 3 4 5 6 7 10 11) *0,
disabled.
[   22.749598] ACPI: PCI Interrupt Link [LNKE] (IRQs 3 4 5 6 7 *10 11)
[   22.749686] ACPI: PCI Interrupt Link [LNKF] (IRQs *3 4 5 6 7 10 11)
[   22.749774] ACPI: PCI Interrupt Link [LNK0] (IRQs 3 4 5 6 7 10 *11)
[   22.749862] ACPI: PCI Interrupt Link [LNK1] (IRQs 3 4 5 6 7 10 11) *0,
disabled.
[   22.749932] Linux Plug and Play Support v0.97 (c) Adam Belay
[   22.749941] pnp: PnP ACPI init
[   22.749948] ACPI: bus type pnp registered
[   22.751996] pnp: PnP ACPI: found 12 devices
[   22.751999] ACPI: ACPI bus type pnp unregistered
[   22.752002] PnPBIOS: Disabled by ACPI PNP
[   22.752043] PCI: Using ACPI for IRQ routing
[   22.752046] PCI: If a device doesn't work, try "pci=routeirq".  If it
helps, post a report
[   22.752056] PCI: Cannot allocate resource region 3 of device 0000:00:00.0
[   22.799318] NET: Registered protocol family 8
[   22.799320] NET: Registered protocol family 20
[   22.799369] pnp: 00:01: ioport range 0x228-0x22f has been reserved
[   22.799372] pnp: 00:01: ioport range 0x40b-0x40b has been reserved
[   22.799375] pnp: 00:01: ioport range 0x4d6-0x4d6 has been reserved
[   22.799377] pnp: 00:01: ioport range 0xc00-0xc01 has been reserved
[   22.799380] pnp: 00:01: ioport range 0xc14-0xc14 has been reserved
[   22.799383] pnp: 00:01: ioport range 0xc50-0xc52 has been reserved
[   22.799385] pnp: 00:01: ioport range 0xc6c-0xc6d has been reserved
[   22.799388] pnp: 00:01: ioport range 0xc6f-0xc6f has been reserved
[   22.799398] pnp: 00:0a: iomem range 0xe0000000-0xefffffff could not be
reserved
[   22.799402] pnp: 00:0b: iomem range 0xcd000-0xcffff has been reserved
[   22.799405] pnp: 00:0b: iomem range 0xf0000-0xf7fff could not be reserved
[   22.799408] pnp: 00:0b: iomem range 0xf8000-0xfbfff could not be reserved
[   22.799411] pnp: 00:0b: iomem range 0xfc000-0xfffff could not be reserved
[   22.800304] Time: tsc clocksource has been installed.
[   22.829587] PCI: Bridge: 0000:00:01.0
[   22.829589]   IO window: e000-efff
[   22.829592]   MEM window: fdd00000-fddfffff
[   22.829595]   PREFETCH window: d8000000-dfffffff
[   22.829599] PCI: Bridge: 0000:00:14.4
[   22.829602]   IO window: d000-dfff
[   22.829608]   MEM window: fdc00000-fdcfffff
[   22.829613]   PREFETCH window: fde00000-fdefffff
[   22.829641] NET: Registered protocol family 2
[   22.868234] IP route cache hash table entries: 32768 (order: 5, 131072
bytes)
[   22.868363] TCP established hash table entries: 131072 (order: 8, 1048576
bytes)
[   22.869492] TCP bind hash table entries: 65536 (order: 6, 262144 bytes)
[   22.869776] TCP: Hash tables configured (established 131072 bind 65536)
[   22.869779] TCP reno registered
[   22.880320] checking if image is initramfs... it is
[   23.331609] Switched to high resolution mode on CPU 0
[   23.478200] Freeing initrd memory: 6708k freed
[   23.478512] audit: initializing netlink socket (disabled)
[   23.478526] audit(1213280205.236:1): initialized
[   23.478572] highmem bounce pool size: 64 pages
[   23.479931] VFS: Disk quotas dquot_6.5.1
[   23.479944] Dquot-cache hash table entries: 1024 (order 0, 4096 bytes)
[   23.480027] io scheduler noop registered
[   23.480029] io scheduler anticipatory registered
[   23.480031] io scheduler deadline registered
[   23.480047] io scheduler cfq registered (default)
[   23.480055] PCI: MSI quirk detected. MSI deactivated.
[   23.480094] Boot video device is 0000:01:05.0
[   23.480216] isapnp: Scanning for PnP cards...
[   23.834171] isapnp: No Plug & Play device found
[   23.855163] Serial: 8250/16550 driver $Revision: 1.90 $ 4 ports, IRQ
sharing enabled
[   23.856060] RAMDISK driver initialized: 16 RAM disks of 65536K size 1024
blocksize
[   23.856203] input: Macintosh mouse button emulation as
/class/input/input0
[   23.856259] PNP: PS/2 Controller [PNP0303:PS2K,PNP0f13:PS2M] at 0x60,0x64
irq 1,12
[   23.859626] serio: i8042 KBD port at 0x60,0x64 irq 1
[   23.859631] serio: i8042 AUX port at 0x60,0x64 irq 12
[   23.859762] mice: PS/2 mouse device common for all mice
[   23.859845] EISA: Probing bus 0 at eisa.0
[   23.859867] Cannot allocate resource for EISA slot 4
[   23.859886] EISA: Detected 0 cards.
[   23.859976] TCP cubic registered
[   23.859987] NET: Registered protocol family 1
[   23.860013] Using IPI Shortcut mode
[   23.860151]   Magic number: 12:105:283
[   23.860182]   hash matches device ttyve
[   23.860530] Freeing unused kernel memory: 348k freed
[   23.902815] input: AT Translated Set 2 keyboard as /class/input/input1
[   25.090871] fuse init (API version 7.8)
[   25.097057] Capability LSM initialized
[   25.105179] ACPI: Processor [CPU0] (supports 8 throttling states)
[   25.654178] SCSI subsystem initialized
[   25.672457] libata version 2.21 loaded.
[   25.673516] sata_sil 0000:00:12.0: version 2.2
[   25.673566] ACPI: PCI Interrupt 0000:00:12.0[A] -> GSI 22 (level, low) ->
IRQ 16
[   25.673655] scsi0 : sata_sil
[   25.673691] scsi1 : sata_sil
[   25.673757] ata1: SATA max UDMA/100 cmd 0xf8830080 ctl 0xf883008a bmdma
0xf8830000 irq 16
[   25.673761] ata2: SATA max UDMA/100 cmd 0xf88300c0 ctl 0xf88300ca bmdma
0xf8830008 irq 16
[   25.679284] usbcore: registered new interface driver usbfs
[   25.679305] usbcore: registered new interface driver hub
[   25.679322] usbcore: registered new device driver usb
[   25.679942] ohci_hcd: 2006 August 04 USB 1.1 'Open' Host Controller
(OHCI) Driver
[   25.794076] 8139too Fast Ethernet driver 0.9.28
[   25.983922] ata1: SATA link down (SStatus 0 SControl 300)
[   26.295491] ata2: SATA link down (SStatus 0 SControl 300)
[   26.296544] ACPI: PCI Interrupt 0000:00:13.0[A] -> GSI 19 (level, low) ->
IRQ 17
[   26.296560] ohci_hcd 0000:00:13.0: OHCI Host Controller
[   26.296754] ohci_hcd 0000:00:13.0: new USB bus registered, assigned bus
number 1
[   26.296775] ohci_hcd 0000:00:13.0: irq 17, io mem 0xfe02e000
[   26.355482] usb usb1: configuration #1 chosen from 1 choice
[   26.355504] hub 1-0:1.0: USB hub found
[   26.355514] hub 1-0:1.0: 4 ports detected
[   26.459384] ACPI: PCI Interrupt 0000:00:13.1[A] -> GSI 19 (level, low) ->
IRQ 17
[   26.459400] ohci_hcd 0000:00:13.1: OHCI Host Controller
[   26.459420] ohci_hcd 0000:00:13.1: new USB bus registered, assigned bus
number 2
[   26.459437] ohci_hcd 0000:00:13.1: irq 17, io mem 0xfe02d000
[   26.519524] usb usb2: configuration #1 chosen from 1 choice
[   26.519641] hub 2-0:1.0: USB hub found
[   26.519654] hub 2-0:1.0: 4 ports detected
[   26.623557] ACPI: PCI Interrupt 0000:00:13.2[A] -> GSI 19 (level, low) ->
IRQ 17
[   26.623571] ehci_hcd 0000:00:13.2: EHCI Host Controller
[   26.623717] ehci_hcd 0000:00:13.2: new USB bus registered, assigned bus
number 3
[   26.623773] ehci_hcd 0000:00:13.2: irq 17, io mem 0xfe02c000
[   26.623785] ehci_hcd 0000:00:13.2: USB 2.0 started, EHCI 1.00, driver 10
Dec 2004
[   26.624103] usb usb3: configuration #1 chosen from 1 choice
[   26.624245] hub 3-0:1.0: USB hub found
[   26.624253] hub 3-0:1.0: 8 ports detected
[   26.731483] Uniform Multi-Platform E-IDE driver Revision: 7.00alpha2
[   26.731488] ide: Assuming 33MHz system bus speed for PIO modes; override
with idebus=xx
[   26.732150] ATIIXP: IDE controller at PCI slot 0000:00:14.1
[   26.732171] ACPI: PCI Interrupt 0000:00:14.1[A] -> GSI 16 (level, low) ->
IRQ 18
[   26.732182] ATIIXP: chipset revision 0
[   26.732184] ATIIXP: not 100% native mode: will probe irqs later
[   26.732193]     ide0: BM-DMA at 0xf800-0xf807, BIOS settings: hda:pio,
hdb:pio
[   26.732208]     ide1: BM-DMA at 0xf808-0xf80f, BIOS settings: hdc:pio,
hdd:pio
[   26.732218] Probing IDE interface ide0...
[   27.018919] hda: ST380011A, ATA DISK drive
[   27.338054] usb 2-4: new full speed USB device using ohci_hcd and address
2
[   27.546843] usb 2-4: configuration #1 chosen from 1 choice
[   27.558844] usbcore: registered new interface driver libusual
[   27.562402] Initializing USB Mass Storage driver...
[   27.562477] scsi2 : SCSI emulation for USB Mass Storage devices
[   27.562514] usb-storage: device found at 2
[   27.562516] usb-storage: waiting for device to settle before scanning
[   27.562526] usbcore: registered new interface driver usb-storage
[   27.562528] USB Mass Storage support registered.
[   27.689592] hda: selected mode 0x45
[   27.689932] ide0 at 0x1f0-0x1f7,0x3f6 on irq 14
[   27.694070] Probing IDE interface ide1...
[   28.428982] hdc: HL-DT-STDVDRRW GCA-4164B, ATAPI CD/DVD-ROM drive
[   28.764112] hdc: selected mode 0x42
[   28.764393] ide1 at 0x170-0x177,0x376 on irq 15
[   28.767152] ACPI: PCI Interrupt 0000:02:03.0[A] -> GSI 20 (level, low) ->
IRQ 19
[   28.767928] eth0: RealTek RTL8139 at 0xf884c000, 00:13:d3:f3:4c:36, IRQ
19
[   28.767931] eth0:  Identified 8139 chip type 'RTL-8100B/8139D'
[   28.770165] 8139cp: 10/100 PCI Ethernet driver v1.3 (Mar 22, 2004)
[   28.770641] ACPI: PCI Interrupt 0000:02:04.0[A] -> GSI 21 (level, low) ->
IRQ 21
[   28.824562] ohci1394: fw-host0: OHCI-1394 1.1 (PCI): IRQ=[21]
MMIO=[fdcfe000-fdcfe7ff]  Max Packet=[2048]  IR/IT contexts=[4/8]
[   28.837657] hda: max request size: 128KiB
[   28.837662] hda: 156301488 sectors (80026 MB) w/2048KiB Cache,
CHS=65535/16/63, UDMA(100)
[   28.848323] hda: cache flushes supported
[   28.848369]  hda: hda1 hda2 < hda5 >
[   28.902189] hdc: ATAPI 40X DVD-ROM DVD-R CD-R/RW drive, 2048kB Cache,
UDMA(33)
[   28.902198] Uniform CD-ROM driver Revision: 3.20
[   29.091888] Attempting manual resume
[   29.091892] swsusp: Resume From Partition 3:5
[   29.091894] PM: Checking swsusp image.
[   29.092174] PM: Resume from disk failed.
[   29.131843] kjournald starting.  Commit interval 5 seconds
[   29.131853] EXT3-fs: mounted filesystem with ordered data mode.
[   30.098384] ieee1394: Host added: ID:BUS[0-00:1023]
GUID[0010dc0000deb2eb]
[   32.555757] usb-storage: device scan complete
[   32.561737] scsi 2:0:0:0: Direct-Access     Generic  USB SD Reader
1.00 PQ: 0 ANSI: 0
[   32.567726] scsi 2:0:0:1: Direct-Access     Generic  USB CF Reader
1.01 PQ: 0 ANSI: 0
[   32.573715] scsi 2:0:0:2: Direct-Access     Generic  USB SM Reader
1.02 PQ: 0 ANSI: 0
[   32.579706] scsi 2:0:0:3: Direct-Access     Generic  USB MS Reader
1.03 PQ: 0 ANSI: 0
[   39.216910] Linux agpgart interface v0.102 (c) Dave Jones
[   39.381720] pci_hotplug: PCI Hot Plug PCI Core version: 0.5
[   39.538942] shpchp: Standard Hot Plug PCI Controller Driver version: 0.4
[   39.547298] piix4_smbus 0000:00:14.0: Found 0000:00:14.0 device
[   40.249141] Real Time Clock Driver v1.12ac
[   40.452330] input: PC Speaker as /class/input/input2
[   40.484135] sd 2:0:0:0: [sda] Attached SCSI removable disk
[   40.494507] sd 2:0:0:1: [sdb] Attached SCSI removable disk
[   40.504089] sd 2:0:0:2: [sdc] Attached SCSI removable disk
[   40.514321] sd 2:0:0:3: [sdd] Attached SCSI removable disk
[   40.986417] sd 2:0:0:0: Attached scsi generic sg0 type 0
[   40.986564] sd 2:0:0:1: Attached scsi generic sg1 type 0
[   40.986714] sd 2:0:0:2: Attached scsi generic sg2 type 0
[   40.986868] sd 2:0:0:3: Attached scsi generic sg3 type 0
[   41.081022] fglrx: module license 'Proprietary. (C) 2002 - ATI
Technologies, Starnberg, GERMANY' taints kernel.
[   41.104327] [fglrx] Maximum main memory to use for locked dma buffers:
2086 MBytes.
[   41.104360] [fglrx] ASYNCIO init succeed!
[   41.104495] [fglrx] PAT is enabled successfully!
[   41.104518] [fglrx] module loaded - fglrx 8.47.3 [Mar 29 2008] on minor 0
[   41.138114] input: ImPS/2 Generic Wheel Mouse as /class/input/input3
[   41.233359] parport_pc 00:07: reported by Plug and Play ACPI
[   41.233404] parport0: PC-style at 0x378, irq 7 [PCSPP,EPP]
[   41.697870] ACPI: PCI Interrupt 0000:00:14.5[B] -> GSI 17 (level, low) ->
IRQ 20
[   42.524466] lp0: using parport0 (interrupt-driven).
[   42.628075] video_buf_dvb: disagrees about version of symbol
dvb_dmxdev_init
[   42.628079] video_buf_dvb: Unknown symbol dvb_dmxdev_init
[   42.628142] video_buf_dvb: disagrees about version of symbol
dvb_register_adapter
[   42.628145] video_buf_dvb: Unknown symbol dvb_register_adapter
[   42.628255] video_buf_dvb: disagrees about version of symbol
dvb_dmxdev_release
[   42.628257] video_buf_dvb: Unknown symbol dvb_dmxdev_release
[   42.628279] video_buf_dvb: disagrees about version of symbol
dvb_frontend_detach
[   42.628281] video_buf_dvb: Unknown symbol dvb_frontend_detach
[   42.628327] video_buf_dvb: disagrees about version of symbol
dvb_unregister_frontend
[   42.628329] video_buf_dvb: Unknown symbol dvb_unregister_frontend
[   42.628351] video_buf_dvb: disagrees about version of symbol
dvb_register_frontend
[   42.628353] video_buf_dvb: Unknown symbol dvb_register_frontend
[   42.646955] videobuf_core: exports duplicate symbol videobuf_mmap_mapper
(owned by video_buf)
[   42.652330] videobuf_dma_sg: disagrees about version of symbol
videobuf_alloc
[   42.652333] videobuf_dma_sg: Unknown symbol videobuf_alloc
[   42.652391] videobuf_dma_sg: Unknown symbol videobuf_queue_core_init
[   42.698088] Linux video capture interface: v2.00
[   42.707257] cx88xx: disagrees about version of symbol videobuf_dma_free
[   42.707263] cx88xx: Unknown symbol videobuf_dma_free
[   42.707331] cx88xx: disagrees about version of symbol videobuf_waiton
[   42.707334] cx88xx: Unknown symbol videobuf_waiton
[   42.707663] cx88xx: disagrees about version of symbol videobuf_dma_unmap
[   42.707666] cx88xx: Unknown symbol videobuf_dma_unmap
[   42.708158] cx88xx: Unknown symbol videobuf_to_dma
[   42.727209] cx8802: Unknown symbol cx88_reset
[   42.727244] cx8802: Unknown symbol cx88_wakeup
[   42.727285] cx8802: Unknown symbol cx88_risc_stopper
[   42.727326] cx8802: Unknown symbol cx88_print_irqbits
[   42.727366] cx8802: Unknown symbol cx88_shutdown
[   42.727403] cx8802: Unknown symbol cx88_core_put
[   42.727449] cx8802: Unknown symbol cx88_core_irq
[   42.727490] cx8802: Unknown symbol cx88_core_get
[   42.727568] cx8802: Unknown symbol cx88_sram_channels
[   42.727600] cx8802: Unknown symbol cx88_sram_channel_dump
[   42.727633] cx8802: Unknown symbol cx88_sram_channel_setup
[   42.727660] cx8802: disagrees about version of symbol videobuf_iolock
[   42.727662] cx8802: Unknown symbol videobuf_iolock
[   42.727693] cx8802: Unknown symbol cx88_free_buffer
[   42.727756] cx8802: Unknown symbol cx88_risc_databuffer
[   42.727789] cx8802: Unknown symbol videobuf_to_dma
[   42.745823] cx88_dvb: Unknown symbol cx88_call_i2c_clients
[   42.745883] cx88_dvb: Unknown symbol cx8802_get_driver
[   42.745917] cx88_dvb: Unknown symbol cx8802_unregister_driver
[   42.745950] cx88_dvb: Unknown symbol cx8802_register_driver
[   42.745999] cx88_dvb: Unknown symbol videobuf_queue_sg_init
[   42.746031] cx88_dvb: Unknown symbol videobuf_dvb_unregister
[   42.746064] cx88_dvb: Unknown symbol videobuf_dvb_register
[   42.746096] cx88_dvb: Unknown symbol cx8802_buf_prepare
[   42.746130] cx88_dvb: Unknown symbol cx88_setup_xc3028
[   42.746188] cx88_dvb: Unknown symbol cx88_free_buffer
[   42.746230] cx88_dvb: Unknown symbol cx8802_buf_queue
[   42.746283] cx88_dvb: Unknown symbol cx88_tuner_callback
[   42.805388] Adding 3229024k swap on /dev/hda5.  Priority:-1 extents:1
across:3229024k
[   43.103847] EXT3 FS on hda1, internal journal
[   44.533571] input: Power Button (FF) as /class/input/input4
[   44.537922] ACPI: Power Button (FF) [PWRF]
[   44.574050] input: Power Button (CM) as /class/input/input5
[   44.578341] ACPI: Power Button (CM) [PWRB]
[   44.596027] No dock devices found.
[   44.984173] powernow-k8: Found 1 AMD Sempron(tm) Processor 3200+
processors (version 2.00.00)
[   45.000395] powernow-k8: BIOS error - no PSB or ACPI _PSS objects
[   46.249549] Capability LSM initialized
[   46.319123] eth0: link up, 100Mbps, full-duplex, lpa 0x41E1
[   46.913585] ppdev: user-space parallel port driver
[   50.027743] apm: BIOS version 1.2 Flags 0x07 (Driver version 1.16ac)
[   50.027748] apm: overridden by ACPI.
[   53.245438] NET: Registered protocol family 10
[   53.245628] lo: Disabled Privacy Extensions
[   69.881924] loop: module loaded
[   69.945769] kjournald starting.  Commit interval 5 seconds
[   69.946274] EXT3-fs warning: maximal mount count reached, running e2fsck
is recommended
[   69.946849] EXT3 FS on loop0, internal journal
[   69.947202] EXT3-fs: mounted filesystem with ordered data mode.
[   78.825773] Bluetooth: Core ver 2.11
[   78.826121] NET: Registered protocol family 31
[   78.826124] Bluetooth: HCI device and connection manager initialized
[   78.826127] Bluetooth: HCI socket layer initialized
[   78.883657] Bluetooth: L2CAP ver 2.8
[   78.883662] Bluetooth: L2CAP socket layer initialized
[   78.980245] Bluetooth: RFCOMM socket layer initialized
[   78.980529] Bluetooth: RFCOMM TTY layer initialized
[   78.980532] Bluetooth: RFCOMM ver 1.8
[   82.293248] ACPI: PCI Interrupt 0000:01:05.0[A] -> GSI 17 (level, low) ->
IRQ 20
[   82.525113] NET: Registered protocol family 17
[   82.917404] [fglrx] GART Table is not in FRAME_BUFFER range
[   82.917414] [fglrx] Reserve Block - 0 offset =  0X0 length = 0X40000
[   82.917417] [fglrx] Reserve Block - 1 offset =  0X3ff5000 length = 0Xb000
[   83.011808] [fglrx] interrupt source 20008000 successfully enabled
[   83.011815] [fglrx] enable ID = 0x00000004
[   83.012266] [fglrx] Receive enable interrupt message with irqEnableMask:
20008000
[   97.058405] eth0: no IPv6 routers present
[ 8285.405276] usb 3-5: new high speed USB device using ehci_hcd and address
3
[ 8285.538087] usb 3-5: configuration #1 chosen from 1 choice
[ 8285.604455] dib0700: loaded with support for 7 different device-types
[ 8285.609031] dvb-usb: found a 'Pinnacle PCTV 73e' in cold state, will try
to load a firmware
[ 8285.666476] dvb-usb: did not find the firmware file.
(dvb-usb-dib0700-1.10.fw) Please see linux/Documentation/dvb/ for more
details on firmware-problems. (-2)
[ 8285.666942] usbcore: registered new interface driver dvb_usb_dib0700

------=_Part_16856_1062098.1213288711047
Content-Type: text/html; charset=ISO-8859-1
Content-Transfer-Encoding: 7bit
Content-Disposition: inline

Pinnacle nano usb dvb-t stick 73e and ubuntu 7.10 <br>The drivers still not found (even after installing newest drivers Hardy etc), don know how to install it and how the installing with scan etc with V4L, if it works with kaffeine etc, dont understand Mythtv etc so best optin Kaffeine of maybe VLC tell me.<br>
<br>Could anyone give me a step by step instruction. See th DMESG&nbsp; here working with <br>Ati Radion 200 Xpress G<br>AMD Sempron 3200 + etc see below.<br>Thanks for the help if possible<br><br>DMESG[&nbsp;&nbsp;&nbsp; 0.000000] Linux version 2.6.22-14-386 (buildd@terranova) (gcc version 4.1.3 20070929 (prerelease) (Ubuntu 4.1.2-16ubuntu2)) #1 Tue Feb 12 07:12:19 UTC 2008 (Ubuntu 2.6.22-14.52-386)<br>
[&nbsp;&nbsp;&nbsp; 0.000000] BIOS-provided physical RAM map:<br>[&nbsp;&nbsp;&nbsp; 0.000000]&nbsp; BIOS-e820: 0000000000000000 - 000000000009f800 (usable)<br>[&nbsp;&nbsp;&nbsp; 0.000000]&nbsp; BIOS-e820: 000000000009f800 - 00000000000a0000 (reserved)<br>[&nbsp;&nbsp;&nbsp; 0.000000]&nbsp; BIOS-e820: 00000000000f0000 - 0000000000100000 (reserved)<br>
[&nbsp;&nbsp;&nbsp; 0.000000]&nbsp; BIOS-e820: 0000000000100000 - 000000008bef0000 (usable)<br>[&nbsp;&nbsp;&nbsp; 0.000000]&nbsp; BIOS-e820: 000000008bef0000 - 000000008bef3000 (ACPI NVS)<br>[&nbsp;&nbsp;&nbsp; 0.000000]&nbsp; BIOS-e820: 000000008bef3000 - 000000008bf00000 (ACPI data)<br>
[&nbsp;&nbsp;&nbsp; 0.000000]&nbsp; BIOS-e820: 00000000e0000000 - 00000000f0000000 (reserved)<br>[&nbsp;&nbsp;&nbsp; 0.000000]&nbsp; BIOS-e820: 00000000fec00000 - 0000000100000000 (reserved)<br>[&nbsp;&nbsp;&nbsp; 0.000000] 1342MB HIGHMEM available.<br>[&nbsp;&nbsp;&nbsp; 0.000000] 896MB LOWMEM available.<br>
[&nbsp;&nbsp;&nbsp; 0.000000] found SMP MP-table at 000f46e0<br>[&nbsp;&nbsp;&nbsp; 0.000000] Entering add_active_range(0, 0, 573168) 0 entries of 256 used<br>[&nbsp;&nbsp;&nbsp; 0.000000] Zone PFN ranges:<br>[&nbsp;&nbsp;&nbsp; 0.000000]&nbsp;&nbsp; DMA&nbsp;&nbsp;&nbsp;&nbsp;&nbsp;&nbsp;&nbsp;&nbsp;&nbsp;&nbsp;&nbsp;&nbsp; 0 -&gt;&nbsp;&nbsp;&nbsp;&nbsp; 4096<br>[&nbsp;&nbsp;&nbsp; 0.000000]&nbsp;&nbsp; Normal&nbsp;&nbsp;&nbsp;&nbsp;&nbsp;&nbsp; 4096 -&gt;&nbsp;&nbsp; 229376<br>
[&nbsp;&nbsp;&nbsp; 0.000000]&nbsp;&nbsp; HighMem&nbsp;&nbsp;&nbsp; 229376 -&gt;&nbsp;&nbsp; 573168<br>[&nbsp;&nbsp;&nbsp; 0.000000] early_node_map[1] active PFN ranges<br>[&nbsp;&nbsp;&nbsp; 0.000000]&nbsp;&nbsp;&nbsp;&nbsp; 0:&nbsp;&nbsp;&nbsp;&nbsp;&nbsp;&nbsp;&nbsp; 0 -&gt;&nbsp;&nbsp; 573168<br>[&nbsp;&nbsp;&nbsp; 0.000000] On node 0 totalpages: 573168<br>[&nbsp;&nbsp;&nbsp; 0.000000]&nbsp;&nbsp; DMA zone: 32 pages used for memmap<br>
[&nbsp;&nbsp;&nbsp; 0.000000]&nbsp;&nbsp; DMA zone: 0 pages reserved<br>[&nbsp;&nbsp;&nbsp; 0.000000]&nbsp;&nbsp; DMA zone: 4064 pages, LIFO batch:0<br>[&nbsp;&nbsp;&nbsp; 0.000000]&nbsp;&nbsp; Normal zone: 1760 pages used for memmap<br>[&nbsp;&nbsp;&nbsp; 0.000000]&nbsp;&nbsp; Normal zone: 223520 pages, LIFO batch:31<br>
[&nbsp;&nbsp;&nbsp; 0.000000]&nbsp;&nbsp; HighMem zone: 2685 pages used for memmap<br>[&nbsp;&nbsp;&nbsp; 0.000000]&nbsp;&nbsp; HighMem zone: 341107 pages, LIFO batch:31<br>[&nbsp;&nbsp;&nbsp; 0.000000] DMI 2.4 present.<br>[&nbsp;&nbsp;&nbsp; 0.000000] ACPI: RSDP signature @ 0xC00F8600 checksum 0<br>
[&nbsp;&nbsp;&nbsp; 0.000000] ACPI: RSDP 000F8600, 0014 (r0 HP-CPC)<br>[&nbsp;&nbsp;&nbsp; 0.000000] ACPI: RSDT 8BEF3040, 0030 (r1 HP-CPC AWRDACPI 42302E31 AWRD&nbsp;&nbsp;&nbsp;&nbsp;&nbsp;&nbsp;&nbsp; 0)<br>[&nbsp;&nbsp;&nbsp; 0.000000] ACPI: FACP 8BEF30C0, 0084 (r2 HP-CPC AWRDACPI 42302E31 AWRD&nbsp;&nbsp;&nbsp;&nbsp;&nbsp;&nbsp;&nbsp; 0)<br>
[&nbsp;&nbsp;&nbsp; 0.000000] ACPI: DSDT 8BEF31C0, 3C55 (r1 HP-CPC AWRDACPI&nbsp;&nbsp;&nbsp;&nbsp; 1000 MSFT&nbsp; 100000E)<br>[&nbsp;&nbsp;&nbsp; 0.000000] ACPI: FACS 8BEF0000, 0040<br>[&nbsp;&nbsp;&nbsp; 0.000000] ACPI: MCFG 8BEF6F40, 003C (r1 HP-CPC AWRDACPI 42302E31 AWRD&nbsp;&nbsp;&nbsp;&nbsp;&nbsp;&nbsp;&nbsp; 0)<br>[&nbsp;&nbsp;&nbsp; 0.000000] ACPI: APIC 8BEF6E80, 0068 (r1 HP-CPC AWRDACPI 42302E31 AWRD&nbsp;&nbsp;&nbsp;&nbsp;&nbsp;&nbsp;&nbsp; 0)<br>
[&nbsp;&nbsp;&nbsp; 0.000000] ATI board detected. Disabling timer routing over 8254.<br>[&nbsp;&nbsp;&nbsp; 0.000000] ACPI: PM-Timer IO Port: 0x4008<br>[&nbsp;&nbsp;&nbsp; 0.000000] ACPI: Local APIC address 0xfee00000<br>[&nbsp;&nbsp;&nbsp; 0.000000] ACPI: LAPIC (acpi_id[0x00] lapic_id[0x00] enabled)<br>
[&nbsp;&nbsp;&nbsp; 0.000000] Processor #0 15:15 APIC version 16<br>[&nbsp;&nbsp;&nbsp; 0.000000] ACPI: LAPIC (acpi_id[0x01] lapic_id[0x01] disabled)<br>[&nbsp;&nbsp;&nbsp; 0.000000] ACPI: LAPIC_NMI (acpi_id[0x00] high edge lint[0x1])<br>[&nbsp;&nbsp;&nbsp; 0.000000] ACPI: LAPIC_NMI (acpi_id[0x01] high edge lint[0x1])<br>
[&nbsp;&nbsp;&nbsp; 0.000000] ACPI: IOAPIC (id[0x02] address[0xfec00000] gsi_base[0])<br>[&nbsp;&nbsp;&nbsp; 0.000000] IOAPIC[0]: apic_id 2, version 33, address 0xfec00000, GSI 0-23<br>[&nbsp;&nbsp;&nbsp; 0.000000] ACPI: INT_SRC_OVR (bus 0 bus_irq 0 global_irq 2 dfl dfl)<br>
[&nbsp;&nbsp;&nbsp; 0.000000] ACPI: INT_SRC_OVR (bus 0 bus_irq 9 global_irq 21 low level)<br>[&nbsp;&nbsp;&nbsp; 0.000000] ACPI: IRQ0 used by override.<br>[&nbsp;&nbsp;&nbsp; 0.000000] ACPI: IRQ2 used by override.<br>[&nbsp;&nbsp;&nbsp; 0.000000] Enabling APIC mode:&nbsp; Flat.&nbsp; Using 1 I/O APICs<br>
[&nbsp;&nbsp;&nbsp; 0.000000] Using ACPI (MADT) for SMP configuration information<br>[&nbsp;&nbsp;&nbsp; 0.000000] Allocating PCI resources starting at 90000000 (gap: 8bf00000:54100000)<br>[&nbsp;&nbsp;&nbsp; 0.000000] Built 1 zonelists.&nbsp; Total pages: 568691<br>[&nbsp;&nbsp;&nbsp; 0.000000] Kernel command line: root=UUID=6cf98353-a3ea-4141-bf35-ae11163e57d3 ro quiet splash locale=nl_NL<br>
[&nbsp;&nbsp;&nbsp; 0.000000] mapped APIC to ffffd000 (fee00000)<br>[&nbsp;&nbsp;&nbsp; 0.000000] mapped IOAPIC to ffffc000 (fec00000)<br>[&nbsp;&nbsp;&nbsp; 0.000000] Enabling fast FPU save and restore... done.<br>[&nbsp;&nbsp;&nbsp; 0.000000] Enabling unmasked SIMD FPU exception support... done.<br>
[&nbsp;&nbsp;&nbsp; 0.000000] Initializing CPU#0<br>[&nbsp;&nbsp;&nbsp; 0.000000] PID hash table entries: 4096 (order: 12, 16384 bytes)<br>[&nbsp;&nbsp;&nbsp; 0.000000] Detected 1790.990 MHz processor.<br>[&nbsp;&nbsp; 22.028400] Console: colour VGA+ 80x25<br>[&nbsp;&nbsp; 22.028911] Dentry cache hash table entries: 131072 (order: 7, 524288 bytes)<br>
[&nbsp;&nbsp; 22.029774] Inode-cache hash table entries: 65536 (order: 6, 262144 bytes)<br>[&nbsp;&nbsp; 22.093140] Memory: 2262496k/2292672k available (1929k kernel code, 29012k reserved, 876k data, 348k init, 1375168k highmem)<br>[&nbsp;&nbsp; 22.093150] virtual kernel memory layout:<br>
[&nbsp;&nbsp; 22.093152]&nbsp;&nbsp;&nbsp;&nbsp; fixmap&nbsp; : 0xfffa8000 - 0xfffff000&nbsp;&nbsp; ( 348 kB)<br>[&nbsp;&nbsp; 22.093153]&nbsp;&nbsp;&nbsp;&nbsp; pkmap&nbsp;&nbsp; : 0xff800000 - 0xffc00000&nbsp;&nbsp; (4096 kB)<br>[&nbsp;&nbsp; 22.093154]&nbsp;&nbsp;&nbsp;&nbsp; vmalloc : 0xf8800000 - 0xff7fe000&nbsp;&nbsp; ( 111 MB)<br>[&nbsp;&nbsp; 22.093155]&nbsp;&nbsp;&nbsp;&nbsp; lowmem&nbsp; : 0xc0000000 - 0xf8000000&nbsp;&nbsp; ( 896 MB)<br>
[&nbsp;&nbsp; 22.093157]&nbsp;&nbsp;&nbsp;&nbsp;&nbsp;&nbsp; .init : 0xc03c0000 - 0xc0417000&nbsp;&nbsp; ( 348 kB)<br>[&nbsp;&nbsp; 22.093158]&nbsp;&nbsp;&nbsp;&nbsp;&nbsp;&nbsp; .data : 0xc02e2655 - 0xc03bda04&nbsp;&nbsp; ( 876 kB)<br>[&nbsp;&nbsp; 22.093159]&nbsp;&nbsp;&nbsp;&nbsp;&nbsp;&nbsp; .text : 0xc0100000 - 0xc02e2655&nbsp;&nbsp; (1929 kB)<br>[&nbsp;&nbsp; 22.093162] Checking if this processor honours the WP bit even in supervisor mode... Ok.<br>
[&nbsp;&nbsp; 22.093213] SLUB: Genslabs=22, HWalign=64, Order=0-1, MinObjects=4, CPUs=1, Nodes=1<br>[&nbsp;&nbsp; 22.173130] Calibrating delay using timer specific routine.. 3585.28 BogoMIPS (lpj=7170567)<br>[&nbsp;&nbsp; 22.173159] Security Framework v1.0.0 initialized<br>
[&nbsp;&nbsp; 22.173167] SELinux:&nbsp; Disabled at boot.<br>[&nbsp;&nbsp; 22.173173] Mount-cache hash table entries: 512<br>[&nbsp;&nbsp; 22.173281] CPU: After generic identify, caps: 078bfbff e3d3fbff 00000000 00000000 00000001 00000000 00000001<br>[&nbsp;&nbsp; 22.173288] CPU: L1 I Cache: 64K (64 bytes/line), D cache 64K (64 bytes/line)<br>
[&nbsp;&nbsp; 22.173290] CPU: L2 Cache: 256K (64 bytes/line)<br>[&nbsp;&nbsp; 22.173293] CPU: After all inits, caps: 078bfbff e3d3fbff 00000000 00000410 00000001 00000000 00000001<br>[&nbsp;&nbsp; 22.173303] Compat vDSO mapped to ffffe000.<br>[&nbsp;&nbsp; 22.173313] CPU: AMD Sempron(tm) Processor 3200+ stepping 02<br>
[&nbsp;&nbsp; 22.173318] Checking &#39;hlt&#39; instruction... OK.<br>[&nbsp;&nbsp; 22.189675] Early unpacking initramfs... done<br>[&nbsp;&nbsp; 22.494952] ACPI: Core revision 20070126<br>[&nbsp;&nbsp; 22.495005] ACPI: Looking for DSDT in initramfs... error, file /DSDT.aml not found.<br>
[&nbsp;&nbsp; 22.504147] ENABLING IO-APIC IRQs<br>[&nbsp;&nbsp; 22.504339] ..TIMER: vector=0x31 apic1=0 pin1=2 apic2=-1 pin2=-1<br>[&nbsp;&nbsp; 22.544013] ..MP-BIOS bug: 8254 timer not connected to IO-APIC<br>[&nbsp;&nbsp; 22.544055] ...trying to set up timer (IRQ0) through the 8259A ...&nbsp; failed.<br>
[&nbsp;&nbsp; 22.544058] ...trying to set up timer as Virtual Wire IRQ... works.<br>[&nbsp;&nbsp; 22.688517] Booting paravirtualized kernel on bare hardware<br>[&nbsp;&nbsp; 22.688590] Time: 14:16:45&nbsp; Date: 05/12/108<br>[&nbsp;&nbsp; 22.688610] NET: Registered protocol family 16<br>
[&nbsp;&nbsp; 22.688677] EISA bus registered<br>[&nbsp;&nbsp; 22.688691] ACPI: bus type pci registered<br>[&nbsp;&nbsp; 22.724230] PCI: PCI BIOS revision 3.00 entry at 0xfaaa0, last bus=2<br>[&nbsp;&nbsp; 22.724232] PCI: Using configuration type 1<br>[&nbsp;&nbsp; 22.724234] Setting up standard PCI resources<br>
[&nbsp;&nbsp; 22.727037] ACPI: EC: Look up EC in DSDT<br>[&nbsp;&nbsp; 22.730154] ACPI: Interpreter enabled<br>[&nbsp;&nbsp; 22.730157] ACPI: (supports S0 S1 S3 S4 S5)<br>[&nbsp;&nbsp; 22.730170] ACPI: Using IOAPIC for interrupt routing<br>[&nbsp;&nbsp; 22.733952] ACPI: PCI Root Bridge [PCI0] (0000:00)<br>
[&nbsp;&nbsp; 22.733962] PCI: Probing PCI hardware (bus 00)<br>[&nbsp;&nbsp; 22.734993] PCI: Transparent bridge - 0000:00:14.4<br>[&nbsp;&nbsp; 22.735026] ACPI: PCI Interrupt Routing Table [\_SB_.PCI0._PRT]<br>[&nbsp;&nbsp; 22.735172] ACPI: PCI Interrupt Routing Table [\_SB_.PCI0.P2P_._PRT]<br>
[&nbsp;&nbsp; 22.735307] ACPI: PCI Interrupt Routing Table [\_SB_.PCI0.AGP_._PRT]<br>[&nbsp;&nbsp; 22.749241] ACPI: PCI Interrupt Link [LNKA] (IRQs 3 4 5 6 7 10 11) *0, disabled.<br>[&nbsp;&nbsp; 22.749331] ACPI: PCI Interrupt Link [LNKB] (IRQs 3 4 5 6 7 10 11) *0, disabled.<br>
[&nbsp;&nbsp; 22.749420] ACPI: PCI Interrupt Link [LNKC] (IRQs 3 4 5 6 7 10 11) *0, disabled.<br>[&nbsp;&nbsp; 22.749510] ACPI: PCI Interrupt Link [LNKD] (IRQs 3 4 5 6 7 10 11) *0, disabled.<br>[&nbsp;&nbsp; 22.749598] ACPI: PCI Interrupt Link [LNKE] (IRQs 3 4 5 6 7 *10 11)<br>
[&nbsp;&nbsp; 22.749686] ACPI: PCI Interrupt Link [LNKF] (IRQs *3 4 5 6 7 10 11)<br>[&nbsp;&nbsp; 22.749774] ACPI: PCI Interrupt Link [LNK0] (IRQs 3 4 5 6 7 10 *11)<br>[&nbsp;&nbsp; 22.749862] ACPI: PCI Interrupt Link [LNK1] (IRQs 3 4 5 6 7 10 11) *0, disabled.<br>
[&nbsp;&nbsp; 22.749932] Linux Plug and Play Support v0.97 (c) Adam Belay<br>[&nbsp;&nbsp; 22.749941] pnp: PnP ACPI init<br>[&nbsp;&nbsp; 22.749948] ACPI: bus type pnp registered<br>[&nbsp;&nbsp; 22.751996] pnp: PnP ACPI: found 12 devices<br>[&nbsp;&nbsp; 22.751999] ACPI: ACPI bus type pnp unregistered<br>
[&nbsp;&nbsp; 22.752002] PnPBIOS: Disabled by ACPI PNP<br>[&nbsp;&nbsp; 22.752043] PCI: Using ACPI for IRQ routing<br>[&nbsp;&nbsp; 22.752046] PCI: If a device doesn&#39;t work, try &quot;pci=routeirq&quot;.&nbsp; If it helps, post a report<br>[&nbsp;&nbsp; 22.752056] PCI: Cannot allocate resource region 3 of device 0000:00:00.0<br>
[&nbsp;&nbsp; 22.799318] NET: Registered protocol family 8<br>[&nbsp;&nbsp; 22.799320] NET: Registered protocol family 20<br>[&nbsp;&nbsp; 22.799369] pnp: 00:01: ioport range 0x228-0x22f has been reserved<br>[&nbsp;&nbsp; 22.799372] pnp: 00:01: ioport range 0x40b-0x40b has been reserved<br>
[&nbsp;&nbsp; 22.799375] pnp: 00:01: ioport range 0x4d6-0x4d6 has been reserved<br>[&nbsp;&nbsp; 22.799377] pnp: 00:01: ioport range 0xc00-0xc01 has been reserved<br>[&nbsp;&nbsp; 22.799380] pnp: 00:01: ioport range 0xc14-0xc14 has been reserved<br>[&nbsp;&nbsp; 22.799383] pnp: 00:01: ioport range 0xc50-0xc52 has been reserved<br>
[&nbsp;&nbsp; 22.799385] pnp: 00:01: ioport range 0xc6c-0xc6d has been reserved<br>[&nbsp;&nbsp; 22.799388] pnp: 00:01: ioport range 0xc6f-0xc6f has been reserved<br>[&nbsp;&nbsp; 22.799398] pnp: 00:0a: iomem range 0xe0000000-0xefffffff could not be reserved<br>
[&nbsp;&nbsp; 22.799402] pnp: 00:0b: iomem range 0xcd000-0xcffff has been reserved<br>[&nbsp;&nbsp; 22.799405] pnp: 00:0b: iomem range 0xf0000-0xf7fff could not be reserved<br>[&nbsp;&nbsp; 22.799408] pnp: 00:0b: iomem range 0xf8000-0xfbfff could not be reserved<br>
[&nbsp;&nbsp; 22.799411] pnp: 00:0b: iomem range 0xfc000-0xfffff could not be reserved<br>[&nbsp;&nbsp; 22.800304] Time: tsc clocksource has been installed.<br>[&nbsp;&nbsp; 22.829587] PCI: Bridge: 0000:00:01.0<br>[&nbsp;&nbsp; 22.829589]&nbsp;&nbsp; IO window: e000-efff<br>
[&nbsp;&nbsp; 22.829592]&nbsp;&nbsp; MEM window: fdd00000-fddfffff<br>[&nbsp;&nbsp; 22.829595]&nbsp;&nbsp; PREFETCH window: d8000000-dfffffff<br>[&nbsp;&nbsp; 22.829599] PCI: Bridge: 0000:00:14.4<br>[&nbsp;&nbsp; 22.829602]&nbsp;&nbsp; IO window: d000-dfff<br>[&nbsp;&nbsp; 22.829608]&nbsp;&nbsp; MEM window: fdc00000-fdcfffff<br>
[&nbsp;&nbsp; 22.829613]&nbsp;&nbsp; PREFETCH window: fde00000-fdefffff<br>[&nbsp;&nbsp; 22.829641] NET: Registered protocol family 2<br>[&nbsp;&nbsp; 22.868234] IP route cache hash table entries: 32768 (order: 5, 131072 bytes)<br>[&nbsp;&nbsp; 22.868363] TCP established hash table entries: 131072 (order: 8, 1048576 bytes)<br>
[&nbsp;&nbsp; 22.869492] TCP bind hash table entries: 65536 (order: 6, 262144 bytes)<br>[&nbsp;&nbsp; 22.869776] TCP: Hash tables configured (established 131072 bind 65536)<br>[&nbsp;&nbsp; 22.869779] TCP reno registered<br>[&nbsp;&nbsp; 22.880320] checking if image is initramfs... it is<br>
[&nbsp;&nbsp; 23.331609] Switched to high resolution mode on CPU 0<br>[&nbsp;&nbsp; 23.478200] Freeing initrd memory: 6708k freed<br>[&nbsp;&nbsp; 23.478512] audit: initializing netlink socket (disabled)<br>[&nbsp;&nbsp; 23.478526] audit(1213280205.236:1): initialized<br>
[&nbsp;&nbsp; 23.478572] highmem bounce pool size: 64 pages<br>[&nbsp;&nbsp; 23.479931] VFS: Disk quotas dquot_6.5.1<br>[&nbsp;&nbsp; 23.479944] Dquot-cache hash table entries: 1024 (order 0, 4096 bytes)<br>[&nbsp;&nbsp; 23.480027] io scheduler noop registered<br>
[&nbsp;&nbsp; 23.480029] io scheduler anticipatory registered<br>[&nbsp;&nbsp; 23.480031] io scheduler deadline registered<br>[&nbsp;&nbsp; 23.480047] io scheduler cfq registered (default)<br>[&nbsp;&nbsp; 23.480055] PCI: MSI quirk detected. MSI deactivated.<br>
[&nbsp;&nbsp; 23.480094] Boot video device is 0000:01:05.0<br>[&nbsp;&nbsp; 23.480216] isapnp: Scanning for PnP cards...<br>[&nbsp;&nbsp; 23.834171] isapnp: No Plug &amp; Play device found<br>[&nbsp;&nbsp; 23.855163] Serial: 8250/16550 driver $Revision: 1.90 $ 4 ports, IRQ sharing enabled<br>
[&nbsp;&nbsp; 23.856060] RAMDISK driver initialized: 16 RAM disks of 65536K size 1024 blocksize<br>[&nbsp;&nbsp; 23.856203] input: Macintosh mouse button emulation as /class/input/input0<br>[&nbsp;&nbsp; 23.856259] PNP: PS/2 Controller [PNP0303:PS2K,PNP0f13:PS2M] at 0x60,0x64 irq 1,12<br>
[&nbsp;&nbsp; 23.859626] serio: i8042 KBD port at 0x60,0x64 irq 1<br>[&nbsp;&nbsp; 23.859631] serio: i8042 AUX port at 0x60,0x64 irq 12<br>[&nbsp;&nbsp; 23.859762] mice: PS/2 mouse device common for all mice<br>[&nbsp;&nbsp; 23.859845] EISA: Probing bus 0 at eisa.0<br>
[&nbsp;&nbsp; 23.859867] Cannot allocate resource for EISA slot 4<br>[&nbsp;&nbsp; 23.859886] EISA: Detected 0 cards.<br>[&nbsp;&nbsp; 23.859976] TCP cubic registered<br>[&nbsp;&nbsp; 23.859987] NET: Registered protocol family 1<br>[&nbsp;&nbsp; 23.860013] Using IPI Shortcut mode<br>
[&nbsp;&nbsp; 23.860151]&nbsp;&nbsp; Magic number: 12:105:283<br>[&nbsp;&nbsp; 23.860182]&nbsp;&nbsp; hash matches device ttyve<br>[&nbsp;&nbsp; 23.860530] Freeing unused kernel memory: 348k freed<br>[&nbsp;&nbsp; 23.902815] input: AT Translated Set 2 keyboard as /class/input/input1<br>
[&nbsp;&nbsp; 25.090871] fuse init (API version 7.8)<br>[&nbsp;&nbsp; 25.097057] Capability LSM initialized<br>[&nbsp;&nbsp; 25.105179] ACPI: Processor [CPU0] (supports 8 throttling states)<br>[&nbsp;&nbsp; 25.654178] SCSI subsystem initialized<br>[&nbsp;&nbsp; 25.672457] libata version 2.21 loaded.<br>
[&nbsp;&nbsp; 25.673516] sata_sil 0000:00:12.0: version 2.2<br>[&nbsp;&nbsp; 25.673566] ACPI: PCI Interrupt 0000:00:12.0[A] -&gt; GSI 22 (level, low) -&gt; IRQ 16<br>[&nbsp;&nbsp; 25.673655] scsi0 : sata_sil<br>[&nbsp;&nbsp; 25.673691] scsi1 : sata_sil<br>[&nbsp;&nbsp; 25.673757] ata1: SATA max UDMA/100 cmd 0xf8830080 ctl 0xf883008a bmdma 0xf8830000 irq 16<br>
[&nbsp;&nbsp; 25.673761] ata2: SATA max UDMA/100 cmd 0xf88300c0 ctl 0xf88300ca bmdma 0xf8830008 irq 16<br>[&nbsp;&nbsp; 25.679284] usbcore: registered new interface driver usbfs<br>[&nbsp;&nbsp; 25.679305] usbcore: registered new interface driver hub<br>
[&nbsp;&nbsp; 25.679322] usbcore: registered new device driver usb<br>[&nbsp;&nbsp; 25.679942] ohci_hcd: 2006 August 04 USB 1.1 &#39;Open&#39; Host Controller (OHCI) Driver<br>[&nbsp;&nbsp; 25.794076] 8139too Fast Ethernet driver 0.9.28<br>[&nbsp;&nbsp; 25.983922] ata1: SATA link down (SStatus 0 SControl 300)<br>
[&nbsp;&nbsp; 26.295491] ata2: SATA link down (SStatus 0 SControl 300)<br>[&nbsp;&nbsp; 26.296544] ACPI: PCI Interrupt 0000:00:13.0[A] -&gt; GSI 19 (level, low) -&gt; IRQ 17<br>[&nbsp;&nbsp; 26.296560] ohci_hcd 0000:00:13.0: OHCI Host Controller<br>[&nbsp;&nbsp; 26.296754] ohci_hcd 0000:00:13.0: new USB bus registered, assigned bus number 1<br>
[&nbsp;&nbsp; 26.296775] ohci_hcd 0000:00:13.0: irq 17, io mem 0xfe02e000<br>[&nbsp;&nbsp; 26.355482] usb usb1: configuration #1 chosen from 1 choice<br>[&nbsp;&nbsp; 26.355504] hub 1-0:1.0: USB hub found<br>[&nbsp;&nbsp; 26.355514] hub 1-0:1.0: 4 ports detected<br>
[&nbsp;&nbsp; 26.459384] ACPI: PCI Interrupt 0000:00:13.1[A] -&gt; GSI 19 (level, low) -&gt; IRQ 17<br>[&nbsp;&nbsp; 26.459400] ohci_hcd 0000:00:13.1: OHCI Host Controller<br>[&nbsp;&nbsp; 26.459420] ohci_hcd 0000:00:13.1: new USB bus registered, assigned bus number 2<br>
[&nbsp;&nbsp; 26.459437] ohci_hcd 0000:00:13.1: irq 17, io mem 0xfe02d000<br>[&nbsp;&nbsp; 26.519524] usb usb2: configuration #1 chosen from 1 choice<br>[&nbsp;&nbsp; 26.519641] hub 2-0:1.0: USB hub found<br>[&nbsp;&nbsp; 26.519654] hub 2-0:1.0: 4 ports detected<br>
[&nbsp;&nbsp; 26.623557] ACPI: PCI Interrupt 0000:00:13.2[A] -&gt; GSI 19 (level, low) -&gt; IRQ 17<br>[&nbsp;&nbsp; 26.623571] ehci_hcd 0000:00:13.2: EHCI Host Controller<br>[&nbsp;&nbsp; 26.623717] ehci_hcd 0000:00:13.2: new USB bus registered, assigned bus number 3<br>
[&nbsp;&nbsp; 26.623773] ehci_hcd 0000:00:13.2: irq 17, io mem 0xfe02c000<br>[&nbsp;&nbsp; 26.623785] ehci_hcd 0000:00:13.2: USB 2.0 started, EHCI 1.00, driver 10 Dec 2004<br>[&nbsp;&nbsp; 26.624103] usb usb3: configuration #1 chosen from 1 choice<br>
[&nbsp;&nbsp; 26.624245] hub 3-0:1.0: USB hub found<br>[&nbsp;&nbsp; 26.624253] hub 3-0:1.0: 8 ports detected<br>[&nbsp;&nbsp; 26.731483] Uniform Multi-Platform E-IDE driver Revision: 7.00alpha2<br>[&nbsp;&nbsp; 26.731488] ide: Assuming 33MHz system bus speed for PIO modes; override with idebus=xx<br>
[&nbsp;&nbsp; 26.732150] ATIIXP: IDE controller at PCI slot 0000:00:14.1<br>[&nbsp;&nbsp; 26.732171] ACPI: PCI Interrupt 0000:00:14.1[A] -&gt; GSI 16 (level, low) -&gt; IRQ 18<br>[&nbsp;&nbsp; 26.732182] ATIIXP: chipset revision 0<br>[&nbsp;&nbsp; 26.732184] ATIIXP: not 100% native mode: will probe irqs later<br>
[&nbsp;&nbsp; 26.732193]&nbsp;&nbsp;&nbsp;&nbsp; ide0: BM-DMA at 0xf800-0xf807, BIOS settings: hda:pio, hdb:pio<br>[&nbsp;&nbsp; 26.732208]&nbsp;&nbsp;&nbsp;&nbsp; ide1: BM-DMA at 0xf808-0xf80f, BIOS settings: hdc:pio, hdd:pio<br>[&nbsp;&nbsp; 26.732218] Probing IDE interface ide0...<br>[&nbsp;&nbsp; 27.018919] hda: ST380011A, ATA DISK drive<br>
[&nbsp;&nbsp; 27.338054] usb 2-4: new full speed USB device using ohci_hcd and address 2<br>[&nbsp;&nbsp; 27.546843] usb 2-4: configuration #1 chosen from 1 choice<br>[&nbsp;&nbsp; 27.558844] usbcore: registered new interface driver libusual<br>[&nbsp;&nbsp; 27.562402] Initializing USB Mass Storage driver...<br>
[&nbsp;&nbsp; 27.562477] scsi2 : SCSI emulation for USB Mass Storage devices<br>[&nbsp;&nbsp; 27.562514] usb-storage: device found at 2<br>[&nbsp;&nbsp; 27.562516] usb-storage: waiting for device to settle before scanning<br>[&nbsp;&nbsp; 27.562526] usbcore: registered new interface driver usb-storage<br>
[&nbsp;&nbsp; 27.562528] USB Mass Storage support registered.<br>[&nbsp;&nbsp; 27.689592] hda: selected mode 0x45<br>[&nbsp;&nbsp; 27.689932] ide0 at 0x1f0-0x1f7,0x3f6 on irq 14<br>[&nbsp;&nbsp; 27.694070] Probing IDE interface ide1...<br>[&nbsp;&nbsp; 28.428982] hdc: HL-DT-STDVDRRW GCA-4164B, ATAPI CD/DVD-ROM drive<br>
[&nbsp;&nbsp; 28.764112] hdc: selected mode 0x42<br>[&nbsp;&nbsp; 28.764393] ide1 at 0x170-0x177,0x376 on irq 15<br>[&nbsp;&nbsp; 28.767152] ACPI: PCI Interrupt 0000:02:03.0[A] -&gt; GSI 20 (level, low) -&gt; IRQ 19<br>[&nbsp;&nbsp; 28.767928] eth0: RealTek RTL8139 at 0xf884c000, 00:13:d3:f3:4c:36, IRQ 19<br>
[&nbsp;&nbsp; 28.767931] eth0:&nbsp; Identified 8139 chip type &#39;RTL-8100B/8139D&#39;<br>[&nbsp;&nbsp; 28.770165] 8139cp: 10/100 PCI Ethernet driver v1.3 (Mar 22, 2004)<br>[&nbsp;&nbsp; 28.770641] ACPI: PCI Interrupt 0000:02:04.0[A] -&gt; GSI 21 (level, low) -&gt; IRQ 21<br>
[&nbsp;&nbsp; 28.824562] ohci1394: fw-host0: OHCI-1394 1.1 (PCI): IRQ=[21]&nbsp; MMIO=[fdcfe000-fdcfe7ff]&nbsp; Max Packet=[2048]&nbsp; IR/IT contexts=[4/8]<br>[&nbsp;&nbsp; 28.837657] hda: max request size: 128KiB<br>[&nbsp;&nbsp; 28.837662] hda: 156301488 sectors (80026 MB) w/2048KiB Cache, CHS=65535/16/63, UDMA(100)<br>
[&nbsp;&nbsp; 28.848323] hda: cache flushes supported<br>[&nbsp;&nbsp; 28.848369]&nbsp; hda: hda1 hda2 &lt; hda5 &gt;<br>[&nbsp;&nbsp; 28.902189] hdc: ATAPI 40X DVD-ROM DVD-R CD-R/RW drive, 2048kB Cache, UDMA(33)<br>[&nbsp;&nbsp; 28.902198] Uniform CD-ROM driver Revision: 3.20<br>
[&nbsp;&nbsp; 29.091888] Attempting manual resume<br>[&nbsp;&nbsp; 29.091892] swsusp: Resume From Partition 3:5<br>[&nbsp;&nbsp; 29.091894] PM: Checking swsusp image.<br>[&nbsp;&nbsp; 29.092174] PM: Resume from disk failed.<br>[&nbsp;&nbsp; 29.131843] kjournald starting.&nbsp; Commit interval 5 seconds<br>
[&nbsp;&nbsp; 29.131853] EXT3-fs: mounted filesystem with ordered data mode.<br>[&nbsp;&nbsp; 30.098384] ieee1394: Host added: ID:BUS[0-00:1023]&nbsp; GUID[0010dc0000deb2eb]<br>[&nbsp;&nbsp; 32.555757] usb-storage: device scan complete<br>[&nbsp;&nbsp; 32.561737] scsi 2:0:0:0: Direct-Access&nbsp;&nbsp;&nbsp;&nbsp; Generic&nbsp; USB SD Reader&nbsp;&nbsp;&nbsp; 1.00 PQ: 0 ANSI: 0<br>
[&nbsp;&nbsp; 32.567726] scsi 2:0:0:1: Direct-Access&nbsp;&nbsp;&nbsp;&nbsp; Generic&nbsp; USB CF Reader&nbsp;&nbsp;&nbsp; 1.01 PQ: 0 ANSI: 0<br>[&nbsp;&nbsp; 32.573715] scsi 2:0:0:2: Direct-Access&nbsp;&nbsp;&nbsp;&nbsp; Generic&nbsp; USB SM Reader&nbsp;&nbsp;&nbsp; 1.02 PQ: 0 ANSI: 0<br>[&nbsp;&nbsp; 32.579706] scsi 2:0:0:3: Direct-Access&nbsp;&nbsp;&nbsp;&nbsp; Generic&nbsp; USB MS Reader&nbsp;&nbsp;&nbsp; 1.03 PQ: 0 ANSI: 0<br>
[&nbsp;&nbsp; 39.216910] Linux agpgart interface v0.102 (c) Dave Jones<br>[&nbsp;&nbsp; 39.381720] pci_hotplug: PCI Hot Plug PCI Core version: 0.5<br>[&nbsp;&nbsp; 39.538942] shpchp: Standard Hot Plug PCI Controller Driver version: 0.4<br>[&nbsp;&nbsp; 39.547298] piix4_smbus 0000:00:14.0: Found 0000:00:14.0 device<br>
[&nbsp;&nbsp; 40.249141] Real Time Clock Driver v1.12ac<br>[&nbsp;&nbsp; 40.452330] input: PC Speaker as /class/input/input2<br>[&nbsp;&nbsp; 40.484135] sd 2:0:0:0: [sda] Attached SCSI removable disk<br>[&nbsp;&nbsp; 40.494507] sd 2:0:0:1: [sdb] Attached SCSI removable disk<br>
[&nbsp;&nbsp; 40.504089] sd 2:0:0:2: [sdc] Attached SCSI removable disk<br>[&nbsp;&nbsp; 40.514321] sd 2:0:0:3: [sdd] Attached SCSI removable disk<br>[&nbsp;&nbsp; 40.986417] sd 2:0:0:0: Attached scsi generic sg0 type 0<br>[&nbsp;&nbsp; 40.986564] sd 2:0:0:1: Attached scsi generic sg1 type 0<br>
[&nbsp;&nbsp; 40.986714] sd 2:0:0:2: Attached scsi generic sg2 type 0<br>[&nbsp;&nbsp; 40.986868] sd 2:0:0:3: Attached scsi generic sg3 type 0<br>[&nbsp;&nbsp; 41.081022] fglrx: module license &#39;Proprietary. (C) 2002 - ATI Technologies, Starnberg, GERMANY&#39; taints kernel.<br>
[&nbsp;&nbsp; 41.104327] [fglrx] Maximum main memory to use for locked dma buffers: 2086 MBytes.<br>[&nbsp;&nbsp; 41.104360] [fglrx] ASYNCIO init succeed!<br>[&nbsp;&nbsp; 41.104495] [fglrx] PAT is enabled successfully!<br>[&nbsp;&nbsp; 41.104518] [fglrx] module loaded - fglrx 8.47.3 [Mar 29 2008] on minor 0<br>
[&nbsp;&nbsp; 41.138114] input: ImPS/2 Generic Wheel Mouse as /class/input/input3<br>[&nbsp;&nbsp; 41.233359] parport_pc 00:07: reported by Plug and Play ACPI<br>[&nbsp;&nbsp; 41.233404] parport0: PC-style at 0x378, irq 7 [PCSPP,EPP]<br>[&nbsp;&nbsp; 41.697870] ACPI: PCI Interrupt 0000:00:14.5[B] -&gt; GSI 17 (level, low) -&gt; IRQ 20<br>
[&nbsp;&nbsp; 42.524466] lp0: using parport0 (interrupt-driven).<br>[&nbsp;&nbsp; 42.628075] video_buf_dvb: disagrees about version of symbol dvb_dmxdev_init<br>[&nbsp;&nbsp; 42.628079] video_buf_dvb: Unknown symbol dvb_dmxdev_init<br>[&nbsp;&nbsp; 42.628142] video_buf_dvb: disagrees about version of symbol dvb_register_adapter<br>
[&nbsp;&nbsp; 42.628145] video_buf_dvb: Unknown symbol dvb_register_adapter<br>[&nbsp;&nbsp; 42.628255] video_buf_dvb: disagrees about version of symbol dvb_dmxdev_release<br>[&nbsp;&nbsp; 42.628257] video_buf_dvb: Unknown symbol dvb_dmxdev_release<br>
[&nbsp;&nbsp; 42.628279] video_buf_dvb: disagrees about version of symbol dvb_frontend_detach<br>[&nbsp;&nbsp; 42.628281] video_buf_dvb: Unknown symbol dvb_frontend_detach<br>[&nbsp;&nbsp; 42.628327] video_buf_dvb: disagrees about version of symbol dvb_unregister_frontend<br>
[&nbsp;&nbsp; 42.628329] video_buf_dvb: Unknown symbol dvb_unregister_frontend<br>[&nbsp;&nbsp; 42.628351] video_buf_dvb: disagrees about version of symbol dvb_register_frontend<br>[&nbsp;&nbsp; 42.628353] video_buf_dvb: Unknown symbol dvb_register_frontend<br>
[&nbsp;&nbsp; 42.646955] videobuf_core: exports duplicate symbol videobuf_mmap_mapper (owned by video_buf)<br>[&nbsp;&nbsp; 42.652330] videobuf_dma_sg: disagrees about version of symbol videobuf_alloc<br>[&nbsp;&nbsp; 42.652333] videobuf_dma_sg: Unknown symbol videobuf_alloc<br>
[&nbsp;&nbsp; 42.652391] videobuf_dma_sg: Unknown symbol videobuf_queue_core_init<br>[&nbsp;&nbsp; 42.698088] Linux video capture interface: v2.00<br>[&nbsp;&nbsp; 42.707257] cx88xx: disagrees about version of symbol videobuf_dma_free<br>[&nbsp;&nbsp; 42.707263] cx88xx: Unknown symbol videobuf_dma_free<br>
[&nbsp;&nbsp; 42.707331] cx88xx: disagrees about version of symbol videobuf_waiton<br>[&nbsp;&nbsp; 42.707334] cx88xx: Unknown symbol videobuf_waiton<br>[&nbsp;&nbsp; 42.707663] cx88xx: disagrees about version of symbol videobuf_dma_unmap<br>[&nbsp;&nbsp; 42.707666] cx88xx: Unknown symbol videobuf_dma_unmap<br>
[&nbsp;&nbsp; 42.708158] cx88xx: Unknown symbol videobuf_to_dma<br>[&nbsp;&nbsp; 42.727209] cx8802: Unknown symbol cx88_reset<br>[&nbsp;&nbsp; 42.727244] cx8802: Unknown symbol cx88_wakeup<br>[&nbsp;&nbsp; 42.727285] cx8802: Unknown symbol cx88_risc_stopper<br>
[&nbsp;&nbsp; 42.727326] cx8802: Unknown symbol cx88_print_irqbits<br>[&nbsp;&nbsp; 42.727366] cx8802: Unknown symbol cx88_shutdown<br>[&nbsp;&nbsp; 42.727403] cx8802: Unknown symbol cx88_core_put<br>[&nbsp;&nbsp; 42.727449] cx8802: Unknown symbol cx88_core_irq<br>
[&nbsp;&nbsp; 42.727490] cx8802: Unknown symbol cx88_core_get<br>[&nbsp;&nbsp; 42.727568] cx8802: Unknown symbol cx88_sram_channels<br>[&nbsp;&nbsp; 42.727600] cx8802: Unknown symbol cx88_sram_channel_dump<br>[&nbsp;&nbsp; 42.727633] cx8802: Unknown symbol cx88_sram_channel_setup<br>
[&nbsp;&nbsp; 42.727660] cx8802: disagrees about version of symbol videobuf_iolock<br>[&nbsp;&nbsp; 42.727662] cx8802: Unknown symbol videobuf_iolock<br>[&nbsp;&nbsp; 42.727693] cx8802: Unknown symbol cx88_free_buffer<br>[&nbsp;&nbsp; 42.727756] cx8802: Unknown symbol cx88_risc_databuffer<br>
[&nbsp;&nbsp; 42.727789] cx8802: Unknown symbol videobuf_to_dma<br>[&nbsp;&nbsp; 42.745823] cx88_dvb: Unknown symbol cx88_call_i2c_clients<br>[&nbsp;&nbsp; 42.745883] cx88_dvb: Unknown symbol cx8802_get_driver<br>[&nbsp;&nbsp; 42.745917] cx88_dvb: Unknown symbol cx8802_unregister_driver<br>
[&nbsp;&nbsp; 42.745950] cx88_dvb: Unknown symbol cx8802_register_driver<br>[&nbsp;&nbsp; 42.745999] cx88_dvb: Unknown symbol videobuf_queue_sg_init<br>[&nbsp;&nbsp; 42.746031] cx88_dvb: Unknown symbol videobuf_dvb_unregister<br>[&nbsp;&nbsp; 42.746064] cx88_dvb: Unknown symbol videobuf_dvb_register<br>
[&nbsp;&nbsp; 42.746096] cx88_dvb: Unknown symbol cx8802_buf_prepare<br>[&nbsp;&nbsp; 42.746130] cx88_dvb: Unknown symbol cx88_setup_xc3028<br>[&nbsp;&nbsp; 42.746188] cx88_dvb: Unknown symbol cx88_free_buffer<br>[&nbsp;&nbsp; 42.746230] cx88_dvb: Unknown symbol cx8802_buf_queue<br>
[&nbsp;&nbsp; 42.746283] cx88_dvb: Unknown symbol cx88_tuner_callback<br>[&nbsp;&nbsp; 42.805388] Adding 3229024k swap on /dev/hda5.&nbsp; Priority:-1 extents:1 across:3229024k<br>[&nbsp;&nbsp; 43.103847] EXT3 FS on hda1, internal journal<br>[&nbsp;&nbsp; 44.533571] input: Power Button (FF) as /class/input/input4<br>
[&nbsp;&nbsp; 44.537922] ACPI: Power Button (FF) [PWRF]<br>[&nbsp;&nbsp; 44.574050] input: Power Button (CM) as /class/input/input5<br>[&nbsp;&nbsp; 44.578341] ACPI: Power Button (CM) [PWRB]<br>[&nbsp;&nbsp; 44.596027] No dock devices found.<br>[&nbsp;&nbsp; 44.984173] powernow-k8: Found 1 AMD Sempron(tm) Processor 3200+ processors (version 2.00.00)<br>
[&nbsp;&nbsp; 45.000395] powernow-k8: BIOS error - no PSB or ACPI _PSS objects<br>[&nbsp;&nbsp; 46.249549] Capability LSM initialized<br>[&nbsp;&nbsp; 46.319123] eth0: link up, 100Mbps, full-duplex, lpa 0x41E1<br>[&nbsp;&nbsp; 46.913585] ppdev: user-space parallel port driver<br>
[&nbsp;&nbsp; 50.027743] apm: BIOS version 1.2 Flags 0x07 (Driver version 1.16ac)<br>[&nbsp;&nbsp; 50.027748] apm: overridden by ACPI.<br>[&nbsp;&nbsp; 53.245438] NET: Registered protocol family 10<br>[&nbsp;&nbsp; 53.245628] lo: Disabled Privacy Extensions<br>
[&nbsp;&nbsp; 69.881924] loop: module loaded<br>[&nbsp;&nbsp; 69.945769] kjournald starting.&nbsp; Commit interval 5 seconds<br>[&nbsp;&nbsp; 69.946274] EXT3-fs warning: maximal mount count reached, running e2fsck is recommended<br>[&nbsp;&nbsp; 69.946849] EXT3 FS on loop0, internal journal<br>
[&nbsp;&nbsp; 69.947202] EXT3-fs: mounted filesystem with ordered data mode.<br>[&nbsp;&nbsp; 78.825773] Bluetooth: Core ver 2.11<br>[&nbsp;&nbsp; 78.826121] NET: Registered protocol family 31<br>[&nbsp;&nbsp; 78.826124] Bluetooth: HCI device and connection manager initialized<br>
[&nbsp;&nbsp; 78.826127] Bluetooth: HCI socket layer initialized<br>[&nbsp;&nbsp; 78.883657] Bluetooth: L2CAP ver 2.8<br>[&nbsp;&nbsp; 78.883662] Bluetooth: L2CAP socket layer initialized<br>[&nbsp;&nbsp; 78.980245] Bluetooth: RFCOMM socket layer initialized<br>
[&nbsp;&nbsp; 78.980529] Bluetooth: RFCOMM TTY layer initialized<br>[&nbsp;&nbsp; 78.980532] Bluetooth: RFCOMM ver 1.8<br>[&nbsp;&nbsp; 82.293248] ACPI: PCI Interrupt 0000:01:05.0[A] -&gt; GSI 17 (level, low) -&gt; IRQ 20<br>[&nbsp;&nbsp; 82.525113] NET: Registered protocol family 17<br>
[&nbsp;&nbsp; 82.917404] [fglrx] GART Table is not in FRAME_BUFFER range <br>[&nbsp;&nbsp; 82.917414] [fglrx] Reserve Block - 0 offset =&nbsp; 0X0 length = 0X40000<br>[&nbsp;&nbsp; 82.917417] [fglrx] Reserve Block - 1 offset =&nbsp; 0X3ff5000 length = 0Xb000<br>
[&nbsp;&nbsp; 83.011808] [fglrx] interrupt source 20008000 successfully enabled<br>[&nbsp;&nbsp; 83.011815] [fglrx] enable ID = 0x00000004<br>[&nbsp;&nbsp; 83.012266] [fglrx] Receive enable interrupt message with irqEnableMask: 20008000<br>[&nbsp;&nbsp; 97.058405] eth0: no IPv6 routers present<br>
[ 8285.405276] usb 3-5: new high speed USB device using ehci_hcd and address 3<br>[ 8285.538087] usb 3-5: configuration #1 chosen from 1 choice<br>[ 8285.604455] dib0700: loaded with support for 7 different device-types<br>
[ 8285.609031] dvb-usb: found a &#39;Pinnacle PCTV 73e&#39; in cold state, will try to load a firmware<br>[ 8285.666476] dvb-usb: did not find the firmware file. (dvb-usb-dib0700-1.10.fw) Please see linux/Documentation/dvb/ for more details on firmware-problems. (-2)<br>
[ 8285.666942] usbcore: registered new interface driver dvb_usb_dib0700<br><br>

------=_Part_16856_1062098.1213288711047--


--===============1482663684==
Content-Type: text/plain; charset="us-ascii"
MIME-Version: 1.0
Content-Transfer-Encoding: 7bit
Content-Disposition: inline

_______________________________________________
linux-dvb mailing list
linux-dvb@linuxtv.org
http://www.linuxtv.org/cgi-bin/mailman/listinfo/linux-dvb
--===============1482663684==--
