Return-path: <linux-media-owner@vger.kernel.org>
Received: from static.kpn.net ([83.232.76.18]:44798 "EHLO mail.twinmediabv.nl"
	rhost-flags-OK-FAIL-OK-OK) by vger.kernel.org with ESMTP
	id S1756624AbZKUSD4 (ORCPT <rfc822;linux-media@vger.kernel.org>);
	Sat, 21 Nov 2009 13:03:56 -0500
Received: from localhost (localhost.localdomain [127.0.0.1])
	by mail.twinmediabv.nl (Postfix) with ESMTP id 2F0C4112BB8D
	for <linux-media@vger.kernel.org>; Sat, 21 Nov 2009 18:43:54 +0100 (CET)
Received: from mail.twinmediabv.nl ([127.0.0.1])
	by localhost (mail.twinmediabv.nl [127.0.0.1]) (amavisd-new, port 10024)
	with LMTP id EGRbZNZf0Txu for <linux-media@vger.kernel.org>;
	Sat, 21 Nov 2009 18:43:50 +0100 (CET)
Received: from [192.168.178.22] (82-169-46-15.ip.telfort.nl [82.169.46.15])
	by mail.twinmediabv.nl (Postfix) with ESMTP id 9E304112BB8C
	for <linux-media@vger.kernel.org>; Sat, 21 Nov 2009 18:43:49 +0100 (CET)
Message-ID: <4B0826D5.1020605@telfort.nl>
Date: Sat, 21 Nov 2009 18:43:49 +0100
From: Arjen Meijer <arjenmeijernl@telfort.nl>
MIME-Version: 1.0
To: linux-media@vger.kernel.org
Subject: Per request in log
Content-Type: multipart/mixed;
 boundary="------------020300060903060306090108"
Sender: linux-media-owner@vger.kernel.org
List-ID: <linux-media.vger.kernel.org>

This is a multi-part message in MIME format.
--------------020300060903060306090108
Content-Type: text/plain; charset=ISO-8859-1; format=flowed
Content-Transfer-Encoding: 7bit

Hoi,

video capture VHS tape to Digital

Does not play in VLC with /dev/video1 and /dev/vbi0

Thank you for making the LInux software!

Arjen

--------------020300060903060306090108
Content-Type: text/plain;
 name="dmesq.txt"
Content-Transfer-Encoding: 7bit
Content-Disposition: inline;
 filename="dmesq.txt"

[    0.000000] Initializing cgroup subsys cpuset
[    0.000000] Initializing cgroup subsys cpu
[    0.000000] Linux version 2.6.31-15-generic (buildd@yellow) (gcc version 4.4.1 (Ubuntu 4.4.1-4ubuntu8) ) #50-Ubuntu SMP Tue Nov 10 14:53:52 UTC 2009 (Ubuntu 2.6.31-15.50-generic)
[    0.000000] Command line: BOOT_IMAGE=/boot/vmlinuz-2.6.31-15-generic root=UUID=b54f72c2-7d11-45db-b3c4-f9c1642e1293 ro quiet splash
[    0.000000] KERNEL supported cpus:
[    0.000000]   Intel GenuineIntel
[    0.000000]   AMD AuthenticAMD
[    0.000000]   Centaur CentaurHauls
[    0.000000] BIOS-provided physical RAM map:
[    0.000000]  BIOS-e820: 0000000000000000 - 000000000009ec00 (usable)
[    0.000000]  BIOS-e820: 000000000009ec00 - 00000000000a0000 (reserved)
[    0.000000]  BIOS-e820: 00000000000d2000 - 00000000000d4000 (reserved)
[    0.000000]  BIOS-e820: 00000000000dc000 - 0000000000100000 (reserved)
[    0.000000]  BIOS-e820: 0000000000100000 - 000000009f8a1000 (usable)
[    0.000000]  BIOS-e820: 000000009f8a1000 - 000000009f8a7000 (reserved)
[    0.000000]  BIOS-e820: 000000009f8a7000 - 000000009f9b7000 (usable)
[    0.000000]  BIOS-e820: 000000009f9b7000 - 000000009fa0f000 (reserved)
[    0.000000]  BIOS-e820: 000000009fa0f000 - 000000009fac6000 (usable)
[    0.000000]  BIOS-e820: 000000009fac6000 - 000000009fad1000 (ACPI NVS)
[    0.000000]  BIOS-e820: 000000009fad1000 - 000000009fad4000 (ACPI data)
[    0.000000]  BIOS-e820: 000000009fad4000 - 000000009fad8000 (reserved)
[    0.000000]  BIOS-e820: 000000009fad8000 - 000000009fadc000 (ACPI NVS)
[    0.000000]  BIOS-e820: 000000009fadc000 - 000000009fadf000 (reserved)
[    0.000000]  BIOS-e820: 000000009fadf000 - 000000009fb06000 (ACPI NVS)
[    0.000000]  BIOS-e820: 000000009fb06000 - 000000009fb08000 (ACPI data)
[    0.000000]  BIOS-e820: 000000009fb08000 - 000000009fd0f000 (reserved)
[    0.000000]  BIOS-e820: 000000009fd0f000 - 000000009fd9f000 (ACPI NVS)
[    0.000000]  BIOS-e820: 000000009fd9f000 - 000000009fdff000 (ACPI data)
[    0.000000]  BIOS-e820: 000000009fdff000 - 000000009fe00000 (usable)
[    0.000000]  BIOS-e820: 000000009fe00000 - 00000000a0000000 (reserved)
[    0.000000]  BIOS-e820: 00000000e0000000 - 00000000f0000000 (reserved)
[    0.000000]  BIOS-e820: 00000000fec00000 - 00000000fec10000 (reserved)
[    0.000000]  BIOS-e820: 00000000fed00000 - 00000000fed00400 (reserved)
[    0.000000]  BIOS-e820: 00000000fed10000 - 00000000fed14000 (reserved)
[    0.000000]  BIOS-e820: 00000000fed18000 - 00000000fed1a000 (reserved)
[    0.000000]  BIOS-e820: 00000000fed1c000 - 00000000fed90000 (reserved)
[    0.000000]  BIOS-e820: 00000000fee00000 - 00000000fee01000 (reserved)
[    0.000000]  BIOS-e820: 00000000ff800000 - 0000000100000000 (reserved)
[    0.000000]  BIOS-e820: 0000000100000000 - 000000015c000000 (usable)
[    0.000000] DMI present.
[    0.000000] last_pfn = 0x15c000 max_arch_pfn = 0x400000000
[    0.000000] MTRR default type: uncachable
[    0.000000] MTRR fixed ranges enabled:
[    0.000000]   00000-9FFFF write-back
[    0.000000]   A0000-BFFFF uncachable
[    0.000000]   C0000-D3FFF write-protect
[    0.000000]   D4000-DBFFF uncachable
[    0.000000]   DC000-FFFFF write-protect
[    0.000000] MTRR variable ranges enabled:
[    0.000000]   0 base 15C000000 mask FFC000000 uncachable
[    0.000000]   1 base 000000000 mask F80000000 write-back
[    0.000000]   2 base 080000000 mask FE0000000 write-back
[    0.000000]   3 base 100000000 mask FC0000000 write-back
[    0.000000]   4 base 140000000 mask FE0000000 write-back
[    0.000000]   5 disabled
[    0.000000]   6 disabled
[    0.000000] x86 PAT enabled: cpu 0, old 0x7040600070406, new 0x7010600070106
[    0.000000] e820 update range: 00000000a0000000 - 0000000100000000 (usable) ==> (reserved)
[    0.000000] last_pfn = 0x9fe00 max_arch_pfn = 0x400000000
[    0.000000] e820 update range: 0000000000001000 - 0000000000006000 (usable) ==> (reserved)
[    0.000000] Scanning 1 areas for low memory corruption
[    0.000000] modified physical RAM map:
[    0.000000]  modified: 0000000000000000 - 0000000000001000 (usable)
[    0.000000]  modified: 0000000000001000 - 0000000000006000 (reserved)
[    0.000000]  modified: 0000000000006000 - 000000000009ec00 (usable)
[    0.000000]  modified: 000000000009ec00 - 00000000000a0000 (reserved)
[    0.000000]  modified: 00000000000d2000 - 00000000000d4000 (reserved)
[    0.000000]  modified: 00000000000dc000 - 0000000000100000 (reserved)
[    0.000000]  modified: 0000000000100000 - 000000009f8a1000 (usable)
[    0.000000]  modified: 000000009f8a1000 - 000000009f8a7000 (reserved)
[    0.000000]  modified: 000000009f8a7000 - 000000009f9b7000 (usable)
[    0.000000]  modified: 000000009f9b7000 - 000000009fa0f000 (reserved)
[    0.000000]  modified: 000000009fa0f000 - 000000009fac6000 (usable)
[    0.000000]  modified: 000000009fac6000 - 000000009fad1000 (ACPI NVS)
[    0.000000]  modified: 000000009fad1000 - 000000009fad4000 (ACPI data)
[    0.000000]  modified: 000000009fad4000 - 000000009fad8000 (reserved)
[    0.000000]  modified: 000000009fad8000 - 000000009fadc000 (ACPI NVS)
[    0.000000]  modified: 000000009fadc000 - 000000009fadf000 (reserved)
[    0.000000]  modified: 000000009fadf000 - 000000009fb06000 (ACPI NVS)
[    0.000000]  modified: 000000009fb06000 - 000000009fb08000 (ACPI data)
[    0.000000]  modified: 000000009fb08000 - 000000009fd0f000 (reserved)
[    0.000000]  modified: 000000009fd0f000 - 000000009fd9f000 (ACPI NVS)
[    0.000000]  modified: 000000009fd9f000 - 000000009fdff000 (ACPI data)
[    0.000000]  modified: 000000009fdff000 - 000000009fe00000 (usable)
[    0.000000]  modified: 000000009fe00000 - 00000000a0000000 (reserved)
[    0.000000]  modified: 00000000e0000000 - 00000000f0000000 (reserved)
[    0.000000]  modified: 00000000fec00000 - 00000000fec10000 (reserved)
[    0.000000]  modified: 00000000fed00000 - 00000000fed00400 (reserved)
[    0.000000]  modified: 00000000fed10000 - 00000000fed14000 (reserved)
[    0.000000]  modified: 00000000fed18000 - 00000000fed1a000 (reserved)
[    0.000000]  modified: 00000000fed1c000 - 00000000fed90000 (reserved)
[    0.000000]  modified: 00000000fee00000 - 00000000fee01000 (reserved)
[    0.000000]  modified: 00000000ff800000 - 0000000100000000 (reserved)
[    0.000000]  modified: 0000000100000000 - 000000015c000000 (usable)
[    0.000000] initial memory mapped : 0 - 20000000
[    0.000000] init_memory_mapping: 0000000000000000-000000009fe00000
[    0.000000] NX (Execute Disable) protection: active
[    0.000000]  0000000000 - 009fe00000 page 2M
[    0.000000] kernel direct mapping tables up to 9fe00000 @ 8000-c000
[    0.000000] init_memory_mapping: 0000000100000000-000000015c000000
[    0.000000] NX (Execute Disable) protection: active
[    0.000000]  0100000000 - 015c000000 page 2M
[    0.000000] kernel direct mapping tables up to 15c000000 @ a000-11000
[    0.000000] RAMDISK: 377b8000 - 37fefbe8
[    0.000000] ACPI: RSDP 00000000000f7180 00024 (v02 LENOVO)
[    0.000000] ACPI: XSDT 000000009fd589c2 0009C (v01 LENOVO TP-7Z    00002080  LTP 00000000)
[    0.000000] ACPI: FACP 000000009fd58b00 000F4 (v03 LENOVO TP-7Z    00002080 LNVO 00000001)
[    0.000000] ACPI: DSDT 000000009fd58dd4 0FDB3 (v01 LENOVO TP-7Z    00002080 MSFT 03000000)
[    0.000000] ACPI: FACS 000000009fd8e000 00040
[    0.000000] ACPI: SSDT 000000009fd58cb4 00120 (v01 LENOVO TP-7Z    00002080 MSFT 03000000)
[    0.000000] ACPI: ECDT 000000009fd68b87 00052 (v01 LENOVO TP-7Z    00002080 LNVO 00000001)
[    0.000000] ACPI: APIC 000000009fd68bd9 00078 (v01 LENOVO TP-7Z    00002080 LNVO 00000001)
[    0.000000] ACPI: MCFG 000000009fd68c51 0003C (v01 LENOVO TP-7Z    00002080 LNVO 00000001)
[    0.000000] ACPI: HPET 000000009fd68c8d 00038 (v01 LENOVO TP-7Z    00002080 LNVO 00000001)
[    0.000000] ACPI: SLIC 000000009fd68dc2 00176 (v01 LENOVO TP-7Z    00002080  LTP 00000000)
[    0.000000] ACPI: BOOT 000000009fd68f38 00028 (v01 LENOVO TP-7Z    00002080  LTP 00000001)
[    0.000000] ACPI: ASF! 000000009fd68f60 000A0 (v16 LENOVO TP-7Z    00002080 PTL  00000001)
[    0.000000] ACPI: SSDT 000000009fd8cb01 0076D (v01 LENOVO TP-7Z    00002080 INTL 20050513)
[    0.000000] ACPI: TCPA 000000009fb07000 00032 (v00                 00000000      00000000)
[    0.000000] ACPI: DMAR 000000009fb06000 000D8 (v01                00000001      00000000)
[    0.000000] ACPI: SSDT 000000009fad3000 00655 (v01  PmRef    CpuPm 00003000 INTL 20050624)
[    0.000000] ACPI: SSDT 000000009fad2000 00274 (v01  PmRef  Cpu0Tst 00003000 INTL 20050624)
[    0.000000] ACPI: SSDT 000000009fad1000 00242 (v01  PmRef    ApTst 00003000 INTL 20050624)
[    0.000000] ACPI: Local APIC address 0xfee00000
[    0.000000] No NUMA configuration found
[    0.000000] Faking a node at 0000000000000000-000000015c000000
[    0.000000] Bootmem setup node 0 0000000000000000-000000015c000000
[    0.000000]   NODE_DATA [000000000000c000 - 0000000000010fff]
[    0.000000]   bootmap [0000000000011000 -  000000000003c7ff] pages 2c
[    0.000000] (8 early reservations) ==> bootmem [0000000000 - 015c000000]
[    0.000000]   #0 [0000000000 - 0000001000]   BIOS data page ==> [0000000000 - 0000001000]
[    0.000000]   #1 [0000006000 - 0000008000]       TRAMPOLINE ==> [0000006000 - 0000008000]
[    0.000000]   #2 [0001000000 - 00019e4ccc]    TEXT DATA BSS ==> [0001000000 - 00019e4ccc]
[    0.000000]   #3 [00377b8000 - 0037fefbe8]          RAMDISK ==> [00377b8000 - 0037fefbe8]
[    0.000000]   #4 [000009ec00 - 0000100000]    BIOS reserved ==> [000009ec00 - 0000100000]
[    0.000000]   #5 [00019e5000 - 00019e5194]              BRK ==> [00019e5000 - 00019e5194]
[    0.000000]   #6 [0000008000 - 000000a000]          PGTABLE ==> [0000008000 - 000000a000]
[    0.000000]   #7 [000000a000 - 000000c000]          PGTABLE ==> [000000a000 - 000000c000]
[    0.000000] found SMP MP-table at [ffff8800000f71c0] f71c0
[    0.000000]  [ffffea0000000000-ffffea0004dfffff] PMD -> [ffff880028600000-ffff88002bffffff] on node 0
[    0.000000] Zone PFN ranges:
[    0.000000]   DMA      0x00000000 -> 0x00001000
[    0.000000]   DMA32    0x00001000 -> 0x00100000
[    0.000000]   Normal   0x00100000 -> 0x0015c000
[    0.000000] Movable zone start PFN for each node
[    0.000000] early_node_map[7] active PFN ranges
[    0.000000]     0: 0x00000000 -> 0x00000001
[    0.000000]     0: 0x00000006 -> 0x0000009e
[    0.000000]     0: 0x00000100 -> 0x0009f8a1
[    0.000000]     0: 0x0009f8a7 -> 0x0009f9b7
[    0.000000]     0: 0x0009fa0f -> 0x0009fac6
[    0.000000]     0: 0x0009fdff -> 0x0009fe00
[    0.000000]     0: 0x00100000 -> 0x0015c000
[    0.000000] On node 0 totalpages: 1030658
[    0.000000]   DMA zone: 56 pages used for memmap
[    0.000000]   DMA zone: 104 pages reserved
[    0.000000]   DMA zone: 3833 pages, LIFO batch:0
[    0.000000]   DMA32 zone: 14280 pages used for memmap
[    0.000000]   DMA32 zone: 635553 pages, LIFO batch:31
[    0.000000]   Normal zone: 5152 pages used for memmap
[    0.000000]   Normal zone: 371680 pages, LIFO batch:31
[    0.000000] ACPI: PM-Timer IO Port: 0x1008
[    0.000000] ACPI: Local APIC address 0xfee00000
[    0.000000] ACPI: LAPIC (acpi_id[0x00] lapic_id[0x00] enabled)
[    0.000000] ACPI: LAPIC (acpi_id[0x01] lapic_id[0x01] enabled)
[    0.000000] ACPI: LAPIC (acpi_id[0x02] lapic_id[0x02] disabled)
[    0.000000] ACPI: LAPIC (acpi_id[0x03] lapic_id[0x03] disabled)
[    0.000000] ACPI: LAPIC_NMI (acpi_id[0x00] high edge lint[0x1])
[    0.000000] ACPI: LAPIC_NMI (acpi_id[0x01] high edge lint[0x1])
[    0.000000] ACPI: IOAPIC (id[0x01] address[0xfec00000] gsi_base[0])
[    0.000000] IOAPIC[0]: apic_id 1, version 32, address 0xfec00000, GSI 0-23
[    0.000000] ACPI: INT_SRC_OVR (bus 0 bus_irq 0 global_irq 2 dfl dfl)
[    0.000000] ACPI: INT_SRC_OVR (bus 0 bus_irq 9 global_irq 9 high level)
[    0.000000] ACPI: IRQ0 used by override.
[    0.000000] ACPI: IRQ2 used by override.
[    0.000000] ACPI: IRQ9 used by override.
[    0.000000] Using ACPI (MADT) for SMP configuration information
[    0.000000] ACPI: HPET id: 0x8086a201 base: 0xfed00000
[    0.000000] SMP: Allowing 4 CPUs, 2 hotplug CPUs
[    0.000000] nr_irqs_gsi: 24
[    0.000000] PM: Registered nosave memory: 0000000000001000 - 0000000000006000
[    0.000000] PM: Registered nosave memory: 000000000009e000 - 000000000009f000
[    0.000000] PM: Registered nosave memory: 000000000009f000 - 00000000000a0000
[    0.000000] PM: Registered nosave memory: 00000000000a0000 - 00000000000d2000
[    0.000000] PM: Registered nosave memory: 00000000000d2000 - 00000000000d4000
[    0.000000] PM: Registered nosave memory: 00000000000d4000 - 00000000000dc000
[    0.000000] PM: Registered nosave memory: 00000000000dc000 - 0000000000100000
[    0.000000] PM: Registered nosave memory: 000000009f8a1000 - 000000009f8a7000
[    0.000000] PM: Registered nosave memory: 000000009f9b7000 - 000000009fa0f000
[    0.000000] PM: Registered nosave memory: 000000009fac6000 - 000000009fad1000
[    0.000000] PM: Registered nosave memory: 000000009fad1000 - 000000009fad4000
[    0.000000] PM: Registered nosave memory: 000000009fad4000 - 000000009fad8000
[    0.000000] PM: Registered nosave memory: 000000009fad8000 - 000000009fadc000
[    0.000000] PM: Registered nosave memory: 000000009fadc000 - 000000009fadf000
[    0.000000] PM: Registered nosave memory: 000000009fadf000 - 000000009fb06000
[    0.000000] PM: Registered nosave memory: 000000009fb06000 - 000000009fb08000
[    0.000000] PM: Registered nosave memory: 000000009fb08000 - 000000009fd0f000
[    0.000000] PM: Registered nosave memory: 000000009fd0f000 - 000000009fd9f000
[    0.000000] PM: Registered nosave memory: 000000009fd9f000 - 000000009fdff000
[    0.000000] PM: Registered nosave memory: 000000009fe00000 - 00000000a0000000
[    0.000000] PM: Registered nosave memory: 00000000a0000000 - 00000000e0000000
[    0.000000] PM: Registered nosave memory: 00000000e0000000 - 00000000f0000000
[    0.000000] PM: Registered nosave memory: 00000000f0000000 - 00000000fec00000
[    0.000000] PM: Registered nosave memory: 00000000fec00000 - 00000000fec10000
[    0.000000] PM: Registered nosave memory: 00000000fec10000 - 00000000fed00000
[    0.000000] PM: Registered nosave memory: 00000000fed00000 - 00000000fed10000
[    0.000000] PM: Registered nosave memory: 00000000fed10000 - 00000000fed14000
[    0.000000] PM: Registered nosave memory: 00000000fed14000 - 00000000fed18000
[    0.000000] PM: Registered nosave memory: 00000000fed18000 - 00000000fed1a000
[    0.000000] PM: Registered nosave memory: 00000000fed1a000 - 00000000fed1c000
[    0.000000] PM: Registered nosave memory: 00000000fed1c000 - 00000000fed90000
[    0.000000] PM: Registered nosave memory: 00000000fed90000 - 00000000fee00000
[    0.000000] PM: Registered nosave memory: 00000000fee00000 - 00000000fee01000
[    0.000000] PM: Registered nosave memory: 00000000fee01000 - 00000000ff800000
[    0.000000] PM: Registered nosave memory: 00000000ff800000 - 0000000100000000
[    0.000000] Allocating PCI resources starting at a0000000 (gap: a0000000:40000000)
[    0.000000] NR_CPUS:64 nr_cpumask_bits:64 nr_cpu_ids:4 nr_node_ids:1
[    0.000000] PERCPU: Embedded 30 pages at ffff880028029000, static data 90720 bytes
[    0.000000] Built 1 zonelists in Node order, mobility grouping on.  Total pages: 1011066
[    0.000000] Policy zone: Normal
[    0.000000] Kernel command line: BOOT_IMAGE=/boot/vmlinuz-2.6.31-15-generic root=UUID=b54f72c2-7d11-45db-b3c4-f9c1642e1293 ro quiet splash
[    0.000000] PID hash table entries: 4096 (order: 12, 32768 bytes)
[    0.000000] Initializing CPU#0
[    0.000000] Checking aperture...
[    0.000000] No AGP bridge found
[    0.000000] Calgary: detecting Calgary via BIOS EBDA area
[    0.000000] Calgary: Unable to locate Rio Grande table in EBDA - bailing!
[    0.000000] PCI-DMA: Using software bounce buffering for IO (SWIOTLB)
[    0.000000] Placing 64MB software IO TLB between ffff880020000000 - ffff880024000000
[    0.000000] software IO TLB at phys 0x20000000 - 0x24000000
[    0.000000] Memory: 3977980k/5701632k available (5315k kernel code, 1579000k absent, 144652k reserved, 3018k data, 660k init)
[    0.000000] SLUB: Genslabs=14, HWalign=64, Order=0-3, MinObjects=0, CPUs=4, Nodes=1
[    0.000000] NR_IRQS:4352 nr_irqs:440
[    0.000000] Extended CMOS year: 2000
[    0.000000] Fast TSC calibration using PIT
[    0.000000] Detected 3059.356 MHz processor.
[    0.006215] Console: colour VGA+ 80x25
[    0.006217] console [tty0] enabled
[    0.010000] allocated 41943040 bytes of page_cgroup
[    0.010000] please try 'cgroup_disable=memory' option if you don't want memory cgroups
[    0.010000] hpet clockevent registered
[    0.010000] HPET: 4 timers in total, 0 timers will be used for per-cpu timer
[    0.010000] Calibrating delay loop (skipped), value calculated using timer frequency.. 6118.71 BogoMIPS (lpj=30593560)
[    0.010000] Security Framework initialized
[    0.010000] AppArmor: AppArmor initialized
[    0.010000] Dentry cache hash table entries: 524288 (order: 10, 4194304 bytes)
[    0.010000] Inode-cache hash table entries: 262144 (order: 9, 2097152 bytes)
[    0.010000] Mount-cache hash table entries: 256
[    0.010000] Initializing cgroup subsys ns
[    0.010000] Initializing cgroup subsys cpuacct
[    0.010000] Initializing cgroup subsys memory
[    0.010000] Initializing cgroup subsys freezer
[    0.010000] Initializing cgroup subsys net_cls
[    0.010000] CPU: L1 I cache: 32K, L1 D cache: 32K
[    0.010000] CPU: L2 cache: 6144K
[    0.010000] CPU 0/0x0 -> Node 0
[    0.010000] CPU: Physical Processor ID: 0
[    0.010000] CPU: Processor Core ID: 0
[    0.010000] mce: CPU supports 6 MCE banks
[    0.010000] CPU0: Thermal monitoring enabled (TM2)
[    0.010000] using mwait in idle threads.
[    0.010000] Performance Counters: Core2 events, Intel PMU driver.
[    0.010000] ... version:                 2
[    0.010000] ... bit width:               40
[    0.010000] ... generic counters:        2
[    0.010000] ... value mask:              000000ffffffffff
[    0.010000] ... max period:              000000007fffffff
[    0.010000] ... fixed-purpose counters:  3
[    0.010000] ... counter mask:            0000000700000003
[    0.010000] ACPI: Core revision 20090521
[    0.030054] Setting APIC routing to flat
[    0.030397] ..TIMER: vector=0x30 apic1=0 pin1=2 apic2=-1 pin2=-1
[    0.137145] CPU0: Intel(R) Core(TM)2 Extreme CPU X9100  @ 3.06GHz stepping 06
[    0.140000] Booting processor 1 APIC 0x1 ip 0x6000
[    0.010000] Initializing CPU#1
[    0.010000] Calibrating delay using timer specific routine.. 6117.92 BogoMIPS (lpj=30589643)
[    0.010000] CPU: L1 I cache: 32K, L1 D cache: 32K
[    0.010000] CPU: L2 cache: 6144K
[    0.010000] CPU 1/0x1 -> Node 0
[    0.010000] CPU: Physical Processor ID: 0
[    0.010000] CPU: Processor Core ID: 1
[    0.010000] mce: CPU supports 6 MCE banks
[    0.010000] CPU1: Thermal monitoring handled by SMI
[    0.010000] x86 PAT enabled: cpu 1, old 0x7040600070406, new 0x7010600070106
[    0.291497] CPU1: Intel(R) Core(TM)2 Extreme CPU X9100  @ 3.06GHz stepping 06
[    0.291505] checking TSC synchronization [CPU#0 -> CPU#1]: passed.
[    0.300018] Brought up 2 CPUs
[    0.300020] Total of 2 processors activated (12236.64 BogoMIPS).
[    0.300070] CPU0 attaching sched-domain:
[    0.300073]  domain 0: span 0-1 level MC
[    0.300074]   groups: 0 1
[    0.300078] CPU1 attaching sched-domain:
[    0.300079]  domain 0: span 0-1 level MC
[    0.300081]   groups: 1 0
[    0.300136] Booting paravirtualized kernel on bare hardware
[    0.300136] regulator: core version 0.5
[    0.300136] Time: 17:26:15  Date: 11/21/09
[    0.300136] NET: Registered protocol family 16
[    0.300157] ACPI FADT declares the system doesn't support PCIe ASPM, so disable it
[    0.300159] ACPI: bus type pci registered
[    0.300213] PCI: MCFG configuration 0: base e0000000 segment 0 buses 0 - 63
[    0.300215] PCI: MCFG area at e0000000 reserved in E820
[    0.302689] PCI: Using MMCONFIG at e0000000 - e3ffffff
[    0.302690] PCI: Using configuration type 1 for base access
[    0.303557] bio: create slab <bio-0> at 0
[    0.303557] ACPI: EC: EC description table is found, configuring boot EC
[    0.312510] ACPI: BIOS _OSI(Linux) query ignored
[    0.310016] ACPI: EC: non-query interrupt received, switching to interrupt mode
[    0.342485] ACPI: Interpreter enabled
[    0.342487] ACPI: (supports S0 S3 S4 S5)
[    0.342503] ACPI: Using IOAPIC for interrupt routing
[    0.380864] ACPI: EC: GPE = 0x11, I/O: command/status = 0x66, data = 0x62
[    0.380864] ACPI: EC: driver started in interrupt mode
[    0.380864] ACPI: Power Resource [PUBS] (on)
[    0.380864] ACPI: ACPI Dock Station Driver: 3 docks/bays found
[    0.381119] ACPI: PCI Root Bridge [PCI0] (0000:00)
[    0.381197] pci 0000:00:01.0: PME# supported from D0 D3hot D3cold
[    0.381199] pci 0000:00:01.0: PME# disabled
[    0.381228] pci 0000:00:03.0: reg 10 64bit mmio: [0xfc226800-0xfc22680f]
[    0.381256] pci 0000:00:03.0: PME# supported from D0 D3hot D3cold
[    0.381258] pci 0000:00:03.0: PME# disabled
[    0.381286] pci 0000:00:03.3: reg 10 io port: [0x1828-0x182f]
[    0.381290] pci 0000:00:03.3: reg 14 32bit mmio: [0xfc224000-0xfc224fff]
[    0.381398] pci 0000:00:19.0: reg 10 32bit mmio: [0xfc200000-0xfc21ffff]
[    0.381405] pci 0000:00:19.0: reg 14 32bit mmio: [0xfc225000-0xfc225fff]
[    0.381411] pci 0000:00:19.0: reg 18 io port: [0x1840-0x185f]
[    0.381460] pci 0000:00:19.0: PME# supported from D0 D3hot D3cold
[    0.381464] pci 0000:00:19.0: PME# disabled
[    0.381523] pci 0000:00:1a.0: reg 20 io port: [0x1860-0x187f]
[    0.381604] pci 0000:00:1a.1: reg 20 io port: [0x1880-0x189f]
[    0.381686] pci 0000:00:1a.2: reg 20 io port: [0x18a0-0x18bf]
[    0.381769] pci 0000:00:1a.7: reg 10 32bit mmio: [0xfc226c00-0xfc226fff]
[    0.381830] pci 0000:00:1a.7: PME# supported from D0 D3hot D3cold
[    0.381834] pci 0000:00:1a.7: PME# disabled
[    0.381885] pci 0000:00:1b.0: reg 10 64bit mmio: [0xfc220000-0xfc223fff]
[    0.381938] pci 0000:00:1b.0: PME# supported from D0 D3hot D3cold
[    0.381942] pci 0000:00:1b.0: PME# disabled
[    0.382016] pci 0000:00:1c.0: PME# supported from D0 D3hot D3cold
[    0.382020] pci 0000:00:1c.0: PME# disabled
[    0.382097] pci 0000:00:1c.1: PME# supported from D0 D3hot D3cold
[    0.382101] pci 0000:00:1c.1: PME# disabled
[    0.382179] pci 0000:00:1c.3: PME# supported from D0 D3hot D3cold
[    0.382183] pci 0000:00:1c.3: PME# disabled
[    0.382260] pci 0000:00:1c.4: PME# supported from D0 D3hot D3cold
[    0.382264] pci 0000:00:1c.4: PME# disabled
[    0.382331] pci 0000:00:1d.0: reg 20 io port: [0x18c0-0x18df]
[    0.382413] pci 0000:00:1d.1: reg 20 io port: [0x18e0-0x18ff]
[    0.390021] pci 0000:00:1d.2: reg 20 io port: [0x1c00-0x1c1f]
[    0.390106] pci 0000:00:1d.7: reg 10 32bit mmio: [0xfc227000-0xfc2273ff]
[    0.390166] pci 0000:00:1d.7: PME# supported from D0 D3hot D3cold
[    0.390171] pci 0000:00:1d.7: PME# disabled
[    0.390398] pci 0000:00:1f.2: reg 10 io port: [0x1c40-0x1c47]
[    0.390405] pci 0000:00:1f.2: reg 14 io port: [0x1834-0x1837]
[    0.390411] pci 0000:00:1f.2: reg 18 io port: [0x1838-0x183f]
[    0.390417] pci 0000:00:1f.2: reg 1c io port: [0x1830-0x1833]
[    0.390424] pci 0000:00:1f.2: reg 20 io port: [0x1c20-0x1c3f]
[    0.390430] pci 0000:00:1f.2: reg 24 32bit mmio: [0xfc226000-0xfc2267ff]
[    0.390472] pci 0000:00:1f.2: PME# supported from D3hot
[    0.390476] pci 0000:00:1f.2: PME# disabled
[    0.390511] pci 0000:00:1f.3: reg 10 64bit mmio: [0xfc227400-0xfc2274ff]
[    0.390528] pci 0000:00:1f.3: reg 20 io port: [0x1c60-0x1c7f]
[    0.390614] pci 0000:01:00.0: reg 10 32bit mmio: [0xcd000000-0xcdffffff]
[    0.390634] pci 0000:01:00.0: reg 14 64bit mmio: [0xd0000000-0xdfffffff]
[    0.390653] pci 0000:01:00.0: reg 1c 64bit mmio: [0xce000000-0xcfffffff]
[    0.390667] pci 0000:01:00.0: reg 24 io port: [0x2000-0x207f]
[    0.390680] pci 0000:01:00.0: reg 30 32bit mmio: [0x000000-0x07ffff]
[    0.390796] pci 0000:00:01.0: bridge io port: [0x2000-0x2fff]
[    0.390798] pci 0000:00:01.0: bridge 32bit mmio: [0xcd000000-0xcfffffff]
[    0.390801] pci 0000:00:01.0: bridge 64bit mmio pref: [0xd0000000-0xdfffffff]
[    0.390944] pci 0000:03:00.0: reg 10 64bit mmio: [0xf4200000-0xf4201fff]
[    0.391053] pci 0000:03:00.0: PME# supported from D0 D3hot D3cold
[    0.391060] pci 0000:03:00.0: PME# disabled
[    0.391137] pci 0000:00:1c.1: bridge 32bit mmio: [0xf4200000-0xf42fffff]
[    0.391195] pci 0000:00:1c.3: bridge io port: [0x3000-0x3fff]
[    0.391199] pci 0000:00:1c.3: bridge 32bit mmio: [0xf8000000-0xf9ffffff]
[    0.391206] pci 0000:00:1c.3: bridge 64bit mmio pref: [0xf4000000-0xf40fffff]
[    0.391259] pci 0000:00:1c.4: bridge io port: [0x4000-0x4fff]
[    0.391263] pci 0000:00:1c.4: bridge 32bit mmio: [0xfa000000-0xfbffffff]
[    0.391269] pci 0000:00:1c.4: bridge 64bit mmio pref: [0xf4100000-0xf41fffff]
[    0.391314] pci 0000:15:00.0: reg 10 32bit mmio: [0xf4300000-0xf4300fff]
[    0.391340] pci 0000:15:00.0: supports D1 D2
[    0.391341] pci 0000:15:00.0: PME# supported from D0 D1 D2 D3hot D3cold
[    0.391346] pci 0000:15:00.0: PME# disabled
[    0.391393] pci 0000:15:00.1: reg 10 32bit mmio: [0xf4301000-0xf43017ff]
[    0.391459] pci 0000:15:00.1: supports D1 D2
[    0.391460] pci 0000:15:00.1: PME# supported from D0 D1 D2 D3hot D3cold
[    0.391465] pci 0000:15:00.1: PME# disabled
[    0.391511] pci 0000:15:00.2: reg 10 32bit mmio: [0xf4301800-0xf43018ff]
[    0.391577] pci 0000:15:00.2: supports D1 D2
[    0.391578] pci 0000:15:00.2: PME# supported from D0 D1 D2 D3hot D3cold
[    0.391583] pci 0000:15:00.2: PME# disabled
[    0.391629] pci 0000:15:00.3: reg 10 32bit mmio: [0xf4301c00-0xf4301cff]
[    0.391694] pci 0000:15:00.3: supports D1 D2
[    0.391696] pci 0000:15:00.3: PME# supported from D0 D1 D2 D3hot D3cold
[    0.391700] pci 0000:15:00.3: PME# disabled
[    0.391746] pci 0000:15:00.4: reg 10 32bit mmio: [0xf4302000-0xf43020ff]
[    0.391812] pci 0000:15:00.4: supports D1 D2
[    0.391813] pci 0000:15:00.4: PME# supported from D0 D1 D2 D3hot D3cold
[    0.391818] pci 0000:15:00.4: PME# disabled
[    0.391863] pci 0000:15:00.5: reg 10 32bit mmio: [0xf4302400-0xf43024ff]
[    0.391929] pci 0000:15:00.5: supports D1 D2
[    0.391930] pci 0000:15:00.5: PME# supported from D0 D1 D2 D3hot D3cold
[    0.391935] pci 0000:15:00.5: PME# disabled
[    0.392005] pci 0000:00:1e.0: transparent bridge
[    0.392008] pci 0000:00:1e.0: bridge io port: [0x5000-0x8fff]
[    0.392012] pci 0000:00:1e.0: bridge 32bit mmio: [0xf4300000-0xf7ffffff]
[    0.392019] pci 0000:00:1e.0: bridge 64bit mmio pref: [0xf0000000-0xf3ffffff]
[    0.392072] ACPI: PCI Interrupt Routing Table [\_SB_.PCI0._PRT]
[    0.392174] ACPI: PCI Interrupt Routing Table [\_SB_.PCI0.AGP_._PRT]
[    0.392225] ACPI: PCI Interrupt Routing Table [\_SB_.PCI0.EXP0._PRT]
[    0.392270] ACPI: PCI Interrupt Routing Table [\_SB_.PCI0.EXP1._PRT]
[    0.392318] ACPI: PCI Interrupt Routing Table [\_SB_.PCI0.EXP3._PRT]
[    0.392369] ACPI: PCI Interrupt Routing Table [\_SB_.PCI0.EXP4._PRT]
[    0.392419] ACPI: PCI Interrupt Routing Table [\_SB_.PCI0.PCI1._PRT]
[    0.396426] ACPI: PCI Interrupt Link [LNKA] (IRQs 3 4 5 6 7 9 10 *11)
[    0.396560] ACPI: PCI Interrupt Link [LNKB] (IRQs 3 4 5 6 7 9 10 *11)
[    0.396692] ACPI: PCI Interrupt Link [LNKC] (IRQs 3 4 5 6 7 9 10 *11)
[    0.396823] ACPI: PCI Interrupt Link [LNKD] (IRQs 3 4 5 6 7 9 10 *11)
[    0.396954] ACPI: PCI Interrupt Link [LNKE] (IRQs 3 4 5 6 7 9 10 *11)
[    0.397086] ACPI: PCI Interrupt Link [LNKF] (IRQs 3 4 5 6 7 9 10 *11)
[    0.397218] ACPI: PCI Interrupt Link [LNKG] (IRQs 3 4 5 6 7 9 10 *11)
[    0.397349] ACPI: PCI Interrupt Link [LNKH] (IRQs 3 4 5 6 7 9 10 *11)
[    0.397485] SCSI subsystem initialized
[    0.397498] libata version 3.00 loaded.
[    0.397498] usbcore: registered new interface driver usbfs
[    0.397498] usbcore: registered new interface driver hub
[    0.397498] usbcore: registered new device driver usb
[    0.397498] ACPI: WMI: Mapper loaded
[    0.397498] PCI: Using ACPI for IRQ routing
[    0.420004] Bluetooth: Core ver 2.15
[    0.420016] NET: Registered protocol family 31
[    0.420016] Bluetooth: HCI device and connection manager initialized
[    0.420016] Bluetooth: HCI socket layer initialized
[    0.420016] NetLabel: Initializing
[    0.420016] NetLabel:  domain hash size = 128
[    0.420016] NetLabel:  protocols = UNLABELED CIPSOv4
[    0.420022] NetLabel:  unlabeled traffic allowed by default
[    0.420058] hpet0: at MMIO 0xfed00000, IRQs 2, 8, 0, 0
[    0.420061] hpet0: 4 comparators, 64-bit 14.318180 MHz counter
[    0.460002] pnp: PnP ACPI init
[    0.460008] ACPI: bus type pnp registered
[    0.521803] pnp: PnP ACPI: found 10 devices
[    0.521805] ACPI: ACPI bus type pnp unregistered
[    0.521812] system 00:00: iomem range 0x0-0x9ffff could not be reserved
[    0.521814] system 00:00: iomem range 0xc0000-0xc3fff has been reserved
[    0.521816] system 00:00: iomem range 0xc4000-0xc7fff has been reserved
[    0.521818] system 00:00: iomem range 0xc8000-0xcbfff has been reserved
[    0.521819] system 00:00: iomem range 0xcc000-0xcffff has been reserved
[    0.521821] system 00:00: iomem range 0xd0000-0xd3fff could not be reserved
[    0.521823] system 00:00: iomem range 0xdc000-0xdffff could not be reserved
[    0.521825] system 00:00: iomem range 0xe0000-0xe3fff could not be reserved
[    0.521826] system 00:00: iomem range 0xe4000-0xe7fff could not be reserved
[    0.521828] system 00:00: iomem range 0xe8000-0xebfff could not be reserved
[    0.521830] system 00:00: iomem range 0xec000-0xeffff could not be reserved
[    0.521832] system 00:00: iomem range 0xf0000-0xfffff could not be reserved
[    0.521834] system 00:00: iomem range 0x100000-0x9fffffff could not be reserved
[    0.521836] system 00:00: iomem range 0xfec00000-0xfed3ffff could not be reserved
[    0.521837] system 00:00: iomem range 0xfed4c000-0xffffffff could not be reserved
[    0.521842] system 00:02: ioport range 0x1000-0x107f has been reserved
[    0.521844] system 00:02: ioport range 0x1180-0x11ff has been reserved
[    0.521845] system 00:02: ioport range 0x800-0x80f has been reserved
[    0.521847] system 00:02: ioport range 0x15e0-0x15ef has been reserved
[    0.521849] system 00:02: ioport range 0x1600-0x167f has been reserved
[    0.521850] system 00:02: ioport range 0x1680-0x169f has been reserved
[    0.521852] system 00:02: iomem range 0xe0000000-0xefffffff has been reserved
[    0.521854] system 00:02: iomem range 0xfed1c000-0xfed1ffff has been reserved
[    0.521856] system 00:02: iomem range 0xfed10000-0xfed13fff has been reserved
[    0.521858] system 00:02: iomem range 0xfed18000-0xfed18fff has been reserved
[    0.521860] system 00:02: iomem range 0xfed19000-0xfed19fff has been reserved
[    0.521862] system 00:02: iomem range 0xfed45000-0xfed4bfff has been reserved
[    0.526483] AppArmor: AppArmor Filesystem Enabled
[    0.526544] pci 0000:01:00.0: BAR 6: can't allocate mem resource [0xe0000000-0xdfffffff]
[    0.526546] pci 0000:00:01.0: PCI bridge, secondary bus 0000:01
[    0.526548] pci 0000:00:01.0:   IO window: 0x2000-0x2fff
[    0.526551] pci 0000:00:01.0:   MEM window: 0xcd000000-0xcfffffff
[    0.526553] pci 0000:00:01.0:   PREFETCH window: 0x000000d0000000-0x000000dfffffff
[    0.526556] pci 0000:00:1c.0: PCI bridge, secondary bus 0000:02
[    0.526558] pci 0000:00:1c.0:   IO window: disabled
[    0.526562] pci 0000:00:1c.0:   MEM window: disabled
[    0.526566] pci 0000:00:1c.0:   PREFETCH window: disabled
[    0.526570] pci 0000:00:1c.1: PCI bridge, secondary bus 0000:03
[    0.526571] pci 0000:00:1c.1:   IO window: disabled
[    0.526576] pci 0000:00:1c.1:   MEM window: 0xf4200000-0xf42fffff
[    0.526580] pci 0000:00:1c.1:   PREFETCH window: disabled
[    0.526583] pci 0000:00:1c.3: PCI bridge, secondary bus 0000:05
[    0.526586] pci 0000:00:1c.3:   IO window: 0x3000-0x3fff
[    0.526591] pci 0000:00:1c.3:   MEM window: 0xf8000000-0xf9ffffff
[    0.526595] pci 0000:00:1c.3:   PREFETCH window: 0x000000f4000000-0x000000f40fffff
[    0.526601] pci 0000:00:1c.4: PCI bridge, secondary bus 0000:0d
[    0.526604] pci 0000:00:1c.4:   IO window: 0x4000-0x4fff
[    0.526609] pci 0000:00:1c.4:   MEM window: 0xfa000000-0xfbffffff
[    0.526613] pci 0000:00:1c.4:   PREFETCH window: 0x000000f4100000-0x000000f41fffff
[    0.526623] pci 0000:15:00.0: CardBus bridge, secondary bus 0000:16
[    0.526625] pci 0000:15:00.0:   IO window: 0x005000-0x0050ff
[    0.526629] pci 0000:15:00.0:   IO window: 0x005400-0x0054ff
[    0.526634] pci 0000:15:00.0:   PREFETCH window: 0xf0000000-0xf3ffffff
[    0.526639] pci 0000:15:00.0:   MEM window: 0xa0000000-0xa3ffffff
[    0.526644] pci 0000:00:1e.0: PCI bridge, secondary bus 0000:15
[    0.526646] pci 0000:00:1e.0:   IO window: 0x5000-0x8fff
[    0.526651] pci 0000:00:1e.0:   MEM window: 0xf4300000-0xf7ffffff
[    0.526655] pci 0000:00:1e.0:   PREFETCH window: 0x000000f0000000-0x000000f3ffffff
[    0.526666]   alloc irq_desc for 16 on node 0
[    0.526667]   alloc kstat_irqs on node 0
[    0.526670] pci 0000:00:01.0: PCI INT A -> GSI 16 (level, low) -> IRQ 16
[    0.526673] pci 0000:00:01.0: setting latency timer to 64
[    0.526679]   alloc irq_desc for 20 on node 0
[    0.526680]   alloc kstat_irqs on node 0
[    0.526682] pci 0000:00:1c.0: PCI INT A -> GSI 20 (level, low) -> IRQ 20
[    0.526686] pci 0000:00:1c.0: setting latency timer to 64
[    0.526693]   alloc irq_desc for 21 on node 0
[    0.526694]   alloc kstat_irqs on node 0
[    0.526696] pci 0000:00:1c.1: PCI INT B -> GSI 21 (level, low) -> IRQ 21
[    0.526700] pci 0000:00:1c.1: setting latency timer to 64
[    0.526706]   alloc irq_desc for 23 on node 0
[    0.526707]   alloc kstat_irqs on node 0
[    0.526710] pci 0000:00:1c.3: PCI INT D -> GSI 23 (level, low) -> IRQ 23
[    0.526713] pci 0000:00:1c.3: setting latency timer to 64
[    0.526720] pci 0000:00:1c.4: PCI INT A -> GSI 20 (level, low) -> IRQ 20
[    0.526724] pci 0000:00:1c.4: setting latency timer to 64
[    0.526731] pci 0000:00:1e.0: setting latency timer to 64
[    0.526739] pci 0000:15:00.0: PCI INT A -> GSI 16 (level, low) -> IRQ 16
[    0.526745] pci_bus 0000:00: resource 0 io:  [0x00-0xffff]
[    0.526746] pci_bus 0000:00: resource 1 mem: [0x000000-0xffffffffffffffff]
[    0.526748] pci_bus 0000:01: resource 0 io:  [0x2000-0x2fff]
[    0.526750] pci_bus 0000:01: resource 1 mem: [0xcd000000-0xcfffffff]
[    0.526751] pci_bus 0000:01: resource 2 pref mem [0xd0000000-0xdfffffff]
[    0.526753] pci_bus 0000:03: resource 1 mem: [0xf4200000-0xf42fffff]
[    0.526754] pci_bus 0000:05: resource 0 io:  [0x3000-0x3fff]
[    0.526756] pci_bus 0000:05: resource 1 mem: [0xf8000000-0xf9ffffff]
[    0.526757] pci_bus 0000:05: resource 2 pref mem [0xf4000000-0xf40fffff]
[    0.526759] pci_bus 0000:0d: resource 0 io:  [0x4000-0x4fff]
[    0.526760] pci_bus 0000:0d: resource 1 mem: [0xfa000000-0xfbffffff]
[    0.526762] pci_bus 0000:0d: resource 2 pref mem [0xf4100000-0xf41fffff]
[    0.526764] pci_bus 0000:15: resource 0 io:  [0x5000-0x8fff]
[    0.526765] pci_bus 0000:15: resource 1 mem: [0xf4300000-0xf7ffffff]
[    0.526766] pci_bus 0000:15: resource 2 pref mem [0xf0000000-0xf3ffffff]
[    0.526768] pci_bus 0000:15: resource 3 io:  [0x00-0xffff]
[    0.526769] pci_bus 0000:15: resource 4 mem: [0x000000-0xffffffffffffffff]
[    0.526771] pci_bus 0000:16: resource 0 io:  [0x5000-0x50ff]
[    0.526772] pci_bus 0000:16: resource 1 io:  [0x5400-0x54ff]
[    0.526774] pci_bus 0000:16: resource 2 pref mem [0xf0000000-0xf3ffffff]
[    0.526775] pci_bus 0000:16: resource 3 mem: [0xa0000000-0xa3ffffff]
[    0.526794] NET: Registered protocol family 2
[    0.526905] IP route cache hash table entries: 131072 (order: 8, 1048576 bytes)
[    0.527912] TCP established hash table entries: 524288 (order: 11, 8388608 bytes)
[    0.530886] TCP bind hash table entries: 65536 (order: 8, 1048576 bytes)
[    0.531339] TCP: Hash tables configured (established 524288 bind 65536)
[    0.531340] TCP reno registered
[    0.531446] NET: Registered protocol family 1
[    0.531527] Switched to high resolution mode on CPU 1
[    0.531546] Trying to unpack rootfs image as initramfs...
[    0.539989] Switched to high resolution mode on CPU 0
[    0.664386] Freeing initrd memory: 8414k freed
[    0.667685] Simple Boot Flag at 0x35 set to 0x1
[    0.667831] Scanning for low memory corruption every 60 seconds
[    0.667943] audit: initializing netlink socket (disabled)
[    0.667957] type=2000 audit(1258824374.661:1): initialized
[    0.674622] HugeTLB registered 2 MB page size, pre-allocated 0 pages
[    0.675563] VFS: Disk quotas dquot_6.5.2
[    0.675598] Dquot-cache hash table entries: 512 (order 0, 4096 bytes)
[    0.675993] fuse init (API version 7.12)
[    0.676051] msgmni has been set to 7785
[    0.676199] alg: No test for stdrng (krng)
[    0.676205] io scheduler noop registered
[    0.676207] io scheduler anticipatory registered
[    0.676208] io scheduler deadline registered
[    0.676235] io scheduler cfq registered (default)
[    0.676425] pci 0000:01:00.0: Boot video device
[    0.676533]   alloc irq_desc for 24 on node 0
[    0.676535]   alloc kstat_irqs on node 0
[    0.676543] pcieport-driver 0000:00:01.0: irq 24 for MSI/MSI-X
[    0.676547] pcieport-driver 0000:00:01.0: setting latency timer to 64
[    0.676665]   alloc irq_desc for 25 on node 0
[    0.676666]   alloc kstat_irqs on node 0
[    0.676673] pcieport-driver 0000:00:1c.0: irq 25 for MSI/MSI-X
[    0.676683] pcieport-driver 0000:00:1c.0: setting latency timer to 64
[    0.676823]   alloc irq_desc for 26 on node 0
[    0.676824]   alloc kstat_irqs on node 0
[    0.676831] pcieport-driver 0000:00:1c.1: irq 26 for MSI/MSI-X
[    0.676840] pcieport-driver 0000:00:1c.1: setting latency timer to 64
[    0.676978]   alloc irq_desc for 27 on node 0
[    0.676979]   alloc kstat_irqs on node 0
[    0.676986] pcieport-driver 0000:00:1c.3: irq 27 for MSI/MSI-X
[    0.676995] pcieport-driver 0000:00:1c.3: setting latency timer to 64
[    0.677133]   alloc irq_desc for 28 on node 0
[    0.677134]   alloc kstat_irqs on node 0
[    0.677141] pcieport-driver 0000:00:1c.4: irq 28 for MSI/MSI-X
[    0.677150] pcieport-driver 0000:00:1c.4: setting latency timer to 64
[    0.677239] pci_hotplug: PCI Hot Plug PCI Core version: 0.5
[    0.677632] pciehp: Using ACPI for slot detection.
[    0.677703] pciehp 0000:00:1c.3:pcie04: HPC vendor_id 8086 device_id 2946 ss_vid 0 ss_did 0
[    0.677740] pciehp 0000:00:1c.3:pcie04: service driver pciehp loaded
[    0.677785] pciehp 0000:00:1c.4:pcie04: HPC vendor_id 8086 device_id 2948 ss_vid 0 ss_did 0
[    0.677814] pciehp 0000:00:1c.4:pcie04: service driver pciehp loaded
[    0.677819] pciehp: PCI Express Hot Plug Controller Driver version: 0.4
[    0.678565] ACPI: AC Adapter [AC] (on-line)
[    0.678619] input: Power Button as /devices/LNXSYSTM:00/LNXPWRBN:00/input/input0
[    0.678622] ACPI: Power Button [PWRF]
[    0.678661] input: Lid Switch as /devices/LNXSYSTM:00/device:00/PNP0C0D:00/input/input1
[    0.679024] ACPI: Lid Switch [LID]
[    0.679054] input: Sleep Button as /devices/LNXSYSTM:00/device:00/PNP0C0E:00/input/input2
[    0.679059] ACPI: Sleep Button [SLPB]
[    0.679661] ACPI: SSDT 000000009fad6c20 002C8 (v01  PmRef  Cpu0Ist 00003000 INTL 20050624)
[    0.680159] ACPI: SSDT 000000009fad4020 0087A (v01  PmRef  Cpu0Cst 00003001 INTL 20050624)
[    0.682837] Monitor-Mwait will be used to enter C-1 state
[    0.682853] Monitor-Mwait will be used to enter C-2 state
[    0.682870] Monitor-Mwait will be used to enter C-3 state
[    0.682873] Marking TSC unstable due to TSC halts in idle
[    0.682889] ACPI: CPU0 (power states: C1[C1] C2[C2] C3[C3])
[    0.682904] processor LNXCPU:00: registered as cooling_device0
[    0.682907] ACPI: Processor [CPU0] (supports 8 throttling states)
[    0.683274] ACPI: SSDT 000000009fad5ca0 001CF (v01  PmRef    ApIst 00003000 INTL 20050624)
[    0.683601] ACPI: SSDT 000000009fad5f20 0008D (v01  PmRef    ApCst 00003000 INTL 20050624)
[    0.685292] ACPI: CPU1 (power states: C1[C1] C2[C2] C3[C3])
[    0.685304] processor LNXCPU:01: registered as cooling_device1
[    0.685306] ACPI: Processor [CPU1] (supports 8 throttling states)
[    0.731019] thermal LNXTHERM:01: registered as thermal_zone0
[    0.731026] ACPI: Thermal Zone [THM0] (48 C)
[    0.732180] thermal LNXTHERM:02: registered as thermal_zone1
[    0.732185] ACPI: Thermal Zone [THM1] (46 C)
[    0.732921] Linux agpgart interface v0.103
[    0.732928] Serial: 8250/16550 driver, 4 ports, IRQ sharing enabled
[    0.733164]   alloc irq_desc for 17 on node 0
[    0.733166]   alloc kstat_irqs on node 0
[    0.733169] serial 0000:00:03.3: PCI INT B -> GSI 17 (level, low) -> IRQ 17
[    0.733212] 0000:00:03.3: ttyS0 at I/O 0x1828 (irq = 17) is a 16550A
[    0.733919] brd: module loaded
[    0.734274] loop: module loaded
[    0.734320] input: Macintosh mouse button emulation as /devices/virtual/input/input3
[    0.734383] ahci 0000:00:1f.2: version 3.0
[    0.734395] ahci 0000:00:1f.2: PCI INT B -> GSI 16 (level, low) -> IRQ 16
[    0.734458]   alloc irq_desc for 29 on node 0
[    0.734459]   alloc kstat_irqs on node 0
[    0.734475] ahci 0000:00:1f.2: irq 29 for MSI/MSI-X
[    0.734600] ahci 0000:00:1f.2: AHCI 0001.0200 32 slots 4 ports 3 Gbps 0x33 impl SATA mode
[    0.734602] ahci 0000:00:1f.2: flags: 64bit ncq sntf pm led clo pmp pio slum part 
[    0.734606] ahci 0000:00:1f.2: setting latency timer to 64
[    0.734896] scsi0 : ahci
[    0.735000] scsi1 : ahci
[    0.735103] scsi2 : ahci
[    0.735142] scsi3 : ahci
[    0.735185] scsi4 : ahci
[    0.735223] scsi5 : ahci
[    0.736053] ata1: SATA max UDMA/133 abar m2048@0xfc226000 port 0xfc226100 irq 29
[    0.736056] ata2: SATA max UDMA/133 irq_stat 0x00000040, connection status changed irq 29
[    0.736057] ata3: DUMMY
[    0.736058] ata4: DUMMY
[    0.736060] ata5: SATA max UDMA/133 abar m2048@0xfc226000 port 0xfc226300 irq 29
[    0.736063] ata6: SATA max UDMA/133 irq_stat 0x00000040, connection status changed irq 29
[    0.736752] Fixed MDIO Bus: probed
[    0.736773] PPP generic driver version 2.4.2
[    0.736826] ehci_hcd: USB 2.0 'Enhanced' Host Controller (EHCI) Driver
[    0.738265] ehci_hcd 0000:00:1a.7: power state changed by ACPI to D0
[    0.738271] ehci_hcd 0000:00:1a.7: PCI INT D -> GSI 23 (level, low) -> IRQ 23
[    0.738280] ehci_hcd 0000:00:1a.7: setting latency timer to 64
[    0.738282] ehci_hcd 0000:00:1a.7: EHCI Host Controller
[    0.738318] ehci_hcd 0000:00:1a.7: new USB bus registered, assigned bus number 1
[    0.742233] ehci_hcd 0000:00:1a.7: debug port 1
[    0.742238] ehci_hcd 0000:00:1a.7: cache line size of 32 is not supported
[    0.742248] ehci_hcd 0000:00:1a.7: irq 23, io mem 0xfc226c00
[    0.770010] ehci_hcd 0000:00:1a.7: USB 2.0 started, EHCI 1.00
[    0.770093] usb usb1: configuration #1 chosen from 1 choice
[    0.770111] hub 1-0:1.0: USB hub found
[    0.770117] hub 1-0:1.0: 6 ports detected
[    0.774273] ACPI: Battery Slot [BAT0] (battery present)
[    0.779100] ehci_hcd 0000:00:1d.7: power state changed by ACPI to D0
[    0.779105]   alloc irq_desc for 19 on node 0
[    0.779107]   alloc kstat_irqs on node 0
[    0.779110] ehci_hcd 0000:00:1d.7: PCI INT D -> GSI 19 (level, low) -> IRQ 19
[    0.779117] ehci_hcd 0000:00:1d.7: setting latency timer to 64
[    0.779120] ehci_hcd 0000:00:1d.7: EHCI Host Controller
[    0.779139] ehci_hcd 0000:00:1d.7: new USB bus registered, assigned bus number 2
[    0.783031] ehci_hcd 0000:00:1d.7: debug port 1
[    0.783037] ehci_hcd 0000:00:1d.7: cache line size of 32 is not supported
[    0.783046] ehci_hcd 0000:00:1d.7: irq 19, io mem 0xfc227000
[    0.810009] ehci_hcd 0000:00:1d.7: USB 2.0 started, EHCI 1.00
[    0.810054] usb usb2: configuration #1 chosen from 1 choice
[    0.810071] hub 2-0:1.0: USB hub found
[    0.810075] hub 2-0:1.0: 6 ports detected
[    0.810124] ohci_hcd: USB 1.1 'Open' Host Controller (OHCI) Driver
[    0.810135] uhci_hcd: USB Universal Host Controller Interface driver
[    0.810830] uhci_hcd 0000:00:1a.0: power state changed by ACPI to D0
[    0.810833] uhci_hcd 0000:00:1a.0: PCI INT A -> GSI 20 (level, low) -> IRQ 20
[    0.810838] uhci_hcd 0000:00:1a.0: setting latency timer to 64
[    0.810841] uhci_hcd 0000:00:1a.0: UHCI Host Controller
[    0.810865] uhci_hcd 0000:00:1a.0: new USB bus registered, assigned bus number 3
[    0.810895] uhci_hcd 0000:00:1a.0: irq 20, io base 0x00001860
[    0.810948] usb usb3: configuration #1 chosen from 1 choice
[    0.810966] hub 3-0:1.0: USB hub found
[    0.810970] hub 3-0:1.0: 2 ports detected
[    0.811026] uhci_hcd 0000:00:1a.1: PCI INT B -> GSI 21 (level, low) -> IRQ 21
[    0.811031] uhci_hcd 0000:00:1a.1: setting latency timer to 64
[    0.811034] uhci_hcd 0000:00:1a.1: UHCI Host Controller
[    0.811053] uhci_hcd 0000:00:1a.1: new USB bus registered, assigned bus number 4
[    0.811080] uhci_hcd 0000:00:1a.1: irq 21, io base 0x00001880
[    0.811134] usb usb4: configuration #1 chosen from 1 choice
[    0.811152] hub 4-0:1.0: USB hub found
[    0.811156] hub 4-0:1.0: 2 ports detected
[    0.811624] uhci_hcd 0000:00:1a.2: power state changed by ACPI to D0
[    0.811627]   alloc irq_desc for 22 on node 0
[    0.811628]   alloc kstat_irqs on node 0
[    0.811631] uhci_hcd 0000:00:1a.2: PCI INT C -> GSI 22 (level, low) -> IRQ 22
[    0.811636] uhci_hcd 0000:00:1a.2: setting latency timer to 64
[    0.811638] uhci_hcd 0000:00:1a.2: UHCI Host Controller
[    0.811658] uhci_hcd 0000:00:1a.2: new USB bus registered, assigned bus number 5
[    0.811686] uhci_hcd 0000:00:1a.2: irq 22, io base 0x000018a0
[    0.811740] usb usb5: configuration #1 chosen from 1 choice
[    0.811756] hub 5-0:1.0: USB hub found
[    0.811760] hub 5-0:1.0: 2 ports detected
[    0.812303] uhci_hcd 0000:00:1d.0: power state changed by ACPI to D0
[    0.812307] uhci_hcd 0000:00:1d.0: PCI INT A -> GSI 16 (level, low) -> IRQ 16
[    0.812311] uhci_hcd 0000:00:1d.0: setting latency timer to 64
[    0.812314] uhci_hcd 0000:00:1d.0: UHCI Host Controller
[    0.812336] uhci_hcd 0000:00:1d.0: new USB bus registered, assigned bus number 6
[    0.812366] uhci_hcd 0000:00:1d.0: irq 16, io base 0x000018c0
[    0.812421] usb usb6: configuration #1 chosen from 1 choice
[    0.812437] hub 6-0:1.0: USB hub found
[    0.812442] hub 6-0:1.0: 2 ports detected
[    0.812505] uhci_hcd 0000:00:1d.1: PCI INT B -> GSI 17 (level, low) -> IRQ 17
[    0.812510] uhci_hcd 0000:00:1d.1: setting latency timer to 64
[    0.812512] uhci_hcd 0000:00:1d.1: UHCI Host Controller
[    0.812531] uhci_hcd 0000:00:1d.1: new USB bus registered, assigned bus number 7
[    0.812559] uhci_hcd 0000:00:1d.1: irq 17, io base 0x000018e0
[    0.812613] usb usb7: configuration #1 chosen from 1 choice
[    0.812629] hub 7-0:1.0: USB hub found
[    0.812634] hub 7-0:1.0: 2 ports detected
[    0.812687]   alloc irq_desc for 18 on node 0
[    0.812688]   alloc kstat_irqs on node 0
[    0.812691] uhci_hcd 0000:00:1d.2: PCI INT C -> GSI 18 (level, low) -> IRQ 18
[    0.812695] uhci_hcd 0000:00:1d.2: setting latency timer to 64
[    0.812698] uhci_hcd 0000:00:1d.2: UHCI Host Controller
[    0.812719] uhci_hcd 0000:00:1d.2: new USB bus registered, assigned bus number 8
[    0.812748] uhci_hcd 0000:00:1d.2: irq 18, io base 0x00001c00
[    0.812800] usb usb8: configuration #1 chosen from 1 choice
[    0.812818] hub 8-0:1.0: USB hub found
[    0.812824] hub 8-0:1.0: 2 ports detected
[    0.812893] PNP: PS/2 Controller [PNP0303:KBD,PNP0f13:MOU] at 0x60,0x64 irq 1,12
[    0.822213] serio: i8042 KBD port at 0x60,0x64 irq 1
[    0.822217] serio: i8042 AUX port at 0x60,0x64 irq 12
[    0.822251] mice: PS/2 mouse device common for all mice
[    0.822319] rtc_cmos 00:07: RTC can wake from S4
[    0.822339] rtc_cmos 00:07: rtc core: registered rtc_cmos as rtc0
[    0.822365] rtc0: alarms up to one month, y3k, 114 bytes nvram, hpet irqs
[    0.822421] device-mapper: uevent: version 1.0.3
[    0.822481] device-mapper: ioctl: 4.15.0-ioctl (2009-04-01) initialised: dm-devel@redhat.com
[    0.822533] device-mapper: multipath: version 1.1.0 loaded
[    0.822536] device-mapper: multipath round-robin: version 1.0.0 loaded
[    0.822698] cpuidle: using governor ladder
[    0.822770] cpuidle: using governor menu
[    0.823021] TCP cubic registered
[    0.823098] NET: Registered protocol family 10
[    0.823395] lo: Disabled Privacy Extensions
[    0.823579] NET: Registered protocol family 17
[    0.823591] Bluetooth: L2CAP ver 2.13
[    0.823592] Bluetooth: L2CAP socket layer initialized
[    0.823594] Bluetooth: SCO (Voice Link) ver 0.6
[    0.823596] Bluetooth: SCO socket layer initialized
[    0.823620] Bluetooth: RFCOMM TTY layer initialized
[    0.823622] Bluetooth: RFCOMM socket layer initialized
[    0.823623] Bluetooth: RFCOMM ver 1.11
[    0.824217] PM: Resume from disk failed.
[    0.824227] registered taskstats version 1
[    0.824321]   Magic number: 1:786:441
[    0.824393] rtc_cmos 00:07: setting system clock to 2009-11-21 17:26:15 UTC (1258824375)
[    0.824395] BIOS EDD facility v0.16 2004-Jun-25, 0 devices found
[    0.824396] EDD information not available.
[    0.828660] input: AT Translated Set 2 keyboard as /devices/platform/i8042/serio0/input/input4
[    1.000426] Clocksource tsc unstable (delta = -166488530 ns)
[    1.080140] ata5: SATA link down (SStatus 0 SControl 300)
[    1.200097] usb 1-6: new high speed USB device using ehci_hcd and address 3
[    1.260068] ata1: SATA link up 1.5 Gbps (SStatus 113 SControl 300)
[    1.261168] ata1.00: ACPI cmd ef/02:00:00:00:00:a0 succeeded
[    1.261172] ata1.00: ACPI cmd f5/00:00:00:00:00:a0 filtered out
[    1.261383] ata1.00: ACPI cmd ef/5f:00:00:00:00:a0 succeeded
[    1.261386] ata1.00: ACPI cmd ef/10:03:00:00:00:a0 filtered out
[    1.262255] ata1.00: ATA-8: HITACHI HTS543232L9SA00, FB4ZC43C, max UDMA/133
[    1.262258] ata1.00: 625142448 sectors, multi 16: LBA48 NCQ (depth 31/32)
[    1.263596] ata1.00: ACPI cmd ef/02:00:00:00:00:a0 succeeded
[    1.263601] ata1.00: ACPI cmd f5/00:00:00:00:00:a0 filtered out
[    1.263830] ata1.00: ACPI cmd ef/5f:00:00:00:00:a0 succeeded
[    1.263834] ata1.00: ACPI cmd ef/10:03:00:00:00:a0 filtered out
[    1.264700] ata1.00: configured for UDMA/133
[    1.283497] ata1.00: configured for UDMA/133
[    1.283500] ata1: EH complete
[    1.283603] scsi 0:0:0:0: Direct-Access     ATA      HITACHI HTS54323 FB4Z PQ: 0 ANSI: 5
[    1.283729] sd 0:0:0:0: Attached scsi generic sg0 type 0
[    1.283742] sd 0:0:0:0: [sda] 625142448 512-byte logical blocks: (320 GB/298 GiB)
[    1.283771] sd 0:0:0:0: [sda] Write Protect is off
[    1.283773] sd 0:0:0:0: [sda] Mode Sense: 00 3a 00 00
[    1.283788] sd 0:0:0:0: [sda] Write cache: enabled, read cache: enabled, doesn't support DPO or FUA
[    1.283864]  sda: sda1 sda2 sda3
[    1.310292] sd 0:0:0:0: [sda] Attached SCSI disk
[    1.351738] usb 1-6: configuration #1 chosen from 1 choice
[    1.351858] hub 1-6:1.0: USB hub found
[    1.351935] hub 1-6:1.0: 7 ports detected
[    1.470048] usb 2-4: new high speed USB device using ehci_hcd and address 2
[    1.627040] usb 2-4: configuration #1 chosen from 1 choice
[    1.660067] ata2: SATA link up 1.5 Gbps (SStatus 113 SControl 300)
[    1.660084] ata6: SATA link up 1.5 Gbps (SStatus 113 SControl 300)
[    1.661201] ata2.00: ACPI cmd ef/02:00:00:00:00:a0 succeeded
[    1.661205] ata2.00: ACPI cmd f5/00:00:00:00:00:a0 filtered out
[    1.661421] ata2.00: ACPI cmd ef/5f:00:00:00:00:a0 succeeded
[    1.661425] ata2.00: ACPI cmd ef/10:03:00:00:00:a0 filtered out
[    1.663236] ata2.00: ATA-8: HITACHI HTS543232L9SA00, FB4ZC43C, max UDMA/133
[    1.663240] ata2.00: 625142448 sectors, multi 16: LBA48 NCQ (depth 31/32)
[    1.664773] ata2.00: ACPI cmd ef/02:00:00:00:00:a0 succeeded
[    1.664777] ata2.00: ACPI cmd f5/00:00:00:00:00:a0 filtered out
[    1.664994] ata2.00: ACPI cmd ef/5f:00:00:00:00:a0 succeeded
[    1.664998] ata2.00: ACPI cmd ef/10:03:00:00:00:a0 filtered out
[    1.665859] ata2.00: configured for UDMA/133
[    1.666573] ata6.00: ACPI cmd e3/00:1f:00:00:00:a0 succeeded
[    1.667483] ata6.00: ACPI cmd e3/00:02:00:00:00:a0 succeeded
[    1.667487] ata6.00: ACPI cmd ef/10:03:00:00:00:a0 filtered out
[    1.672378] ata6.00: ATAPI: HL-DT-ST DVDRAM GSA-T50N, RX06, max UDMA/133, ATAPI AN
[    1.678517] ata6.00: ACPI cmd e3/00:1f:00:00:00:a0 succeeded
[    1.679398] ata6.00: ACPI cmd e3/00:02:00:00:00:a0 succeeded
[    1.679402] ata6.00: ACPI cmd ef/10:03:00:00:00:a0 filtered out
[    1.682044] ata2.00: configured for UDMA/133
[    1.682047] ata2: EH complete
[    1.682138] scsi 1:0:0:0: Direct-Access     ATA      HITACHI HTS54323 FB4Z PQ: 0 ANSI: 5
[    1.682201] sd 1:0:0:0: Attached scsi generic sg1 type 0
[    1.682209] sd 1:0:0:0: [sdb] 625142448 512-byte logical blocks: (320 GB/298 GiB)
[    1.682236] sd 1:0:0:0: [sdb] Write Protect is off
[    1.682238] sd 1:0:0:0: [sdb] Mode Sense: 00 3a 00 00
[    1.682253] sd 1:0:0:0: [sdb] Write cache: enabled, read cache: enabled, doesn't support DPO or FUA
[    1.682320]  sdb:
[    1.684339] ata6.00: configured for UDMA/133
[    1.704417] scsi 5:0:0:0: CD-ROM            HL-DT-ST DVDRAM GSA-T50N  RX06 PQ: 0 ANSI: 5
[    1.707237]  sdb1 sdb2 sdb3 <sr0: scsi3-mmc drive: 24x/24x writer dvd-ram cd/rw xa/form2 cdda tray
[    1.715600] Uniform CD-ROM driver Revision: 3.20
[    1.715679] sr 5:0:0:0: Attached scsi CD-ROM sr0
[    1.715715] sr 5:0:0:0: Attached scsi generic sg2 type 5
[    1.721133]  sdb5 sdb6 >
[    1.743477] sd 1:0:0:0: [sdb] Attached SCSI disk
[    1.743502] Freeing unused kernel memory: 660k freed
[    1.743713] Write protecting the kernel read-only data: 7584k
[    1.823928] e1000e: Intel(R) PRO/1000 Network Driver - 1.0.2-k2
[    1.823931] e1000e: Copyright (c) 1999-2008 Intel Corporation.
[    1.829094] acpi device:04: registered as cooling_device2
[    1.829245] input: Video Bus as /devices/LNXSYSTM:00/device:00/PNP0A08:00/device:02/device:03/input/input5
[    1.829281] ACPI: Video Device [VID] (multi-head: yes  rom: no  post: no)
[    1.829442] e1000e 0000:00:19.0: PCI INT A -> GSI 20 (level, low) -> IRQ 20
[    1.829450] e1000e 0000:00:19.0: pci_enable_pcie_error_reporting failed 0xfffffffb
[    1.829454] e1000e 0000:00:19.0: setting latency timer to 64
[    1.829566]   alloc irq_desc for 30 on node 0
[    1.829568]   alloc kstat_irqs on node 0
[    1.829581] e1000e 0000:00:19.0: irq 30 for MSI/MSI-X
[    1.866340] ohci1394 0000:15:00.1: PCI INT B -> GSI 17 (level, low) -> IRQ 17
[    1.901282] usb 4-2: new full speed USB device using uhci_hcd and address 2
[    1.922115] ohci1394: fw-host0: OHCI-1394 1.1 (PCI): IRQ=[17]  MMIO=[f4301000-f43017ff]  Max Packet=[2048]  IR/IT contexts=[4/4]
[    1.972466] 0000:00:19.0: eth0: (PCI Express:2.5GB/s:Width x1) 00:1f:16:12:f1:e6
[    1.972469] 0000:00:19.0: eth0: Intel(R) PRO/1000 Network Connection
[    1.972496] 0000:00:19.0: eth0: MAC: 7, PHY: 8, PBA No: 1008ff-0ff
[    2.078210] usb 4-2: configuration #1 chosen from 1 choice
[    2.160199] usb 1-6.1: new full speed USB device using ehci_hcd and address 4
[    2.273345] usb 1-6.1: configuration #1 chosen from 1 choice
[    2.311303] usbcore: registered new interface driver hiddev
[    2.325429] input: Tablet ISD-V4 as /devices/pci0000:00/0000:00:1a.7/usb1/1-6/1-6.1/1-6.1:1.0/input/input6
[    2.325492] generic-usb 0003:17EF:6004.0001: input,hiddev96,hidraw0: USB HID v1.10 Mouse [Tablet ISD-V4] on usb-0000:00:1a.7-6.1/input0
[    2.325500] usbcore: registered new interface driver usbhid
[    2.325501] usbhid: v2.6:USB HID core driver
[    2.370243] usb 1-6.4: new low speed USB device using ehci_hcd and address 5
[    2.492766] usb 1-6.4: configuration #1 chosen from 1 choice
[    2.495909] generic-usb 0003:0765:5001.0002: hiddev97,hidraw1: USB HID v1.00 Device [HID 0765:5001] on usb-0000:00:1a.7-6.4/input0
[    3.240482] ieee1394: Host added: ID:BUS[0-00:1023]  GUID[001f16ff12f1e6ff]
[    3.378635] xor: automatically using best checksumming function: generic_sse
[    3.421262]    generic_sse: 11356.000 MB/sec
[    3.421264] xor: using function: generic_sse (11356.000 MB/sec)
[    3.449766] device-mapper: dm-raid45: initialized v0.2594b
[    3.719219] PM: Starting manual resume from disk
[    3.719222] PM: Resume from partition 8:22
[    3.719223] PM: Checking hibernation image.
[    3.719390] PM: Resume from disk failed.
[    3.756766] EXT4-fs (sdb5): barriers enabled
[    3.785247] kjournald2 starting: pid 472, dev sdb5:8, commit interval 5 seconds
[    3.785267] EXT4-fs (sdb5): delayed allocation enabled
[    3.785271] EXT4-fs: file extents enabled
[    3.790312] EXT4-fs: mballoc enabled
[    3.790320] EXT4-fs (sdb5): mounted filesystem with ordered data mode
[    4.699398] type=1505 audit(1258824379.365:2): operation="profile_load" pid=495 name=/usr/share/gdm/guest-session/Xsession
[    4.711312] type=1505 audit(1258824379.385:3): operation="profile_load" pid=496 name=/sbin/dhclient3
[    4.711779] type=1505 audit(1258824379.385:4): operation="profile_load" pid=496 name=/usr/lib/NetworkManager/nm-dhcp-client.action
[    4.712034] type=1505 audit(1258824379.385:5): operation="profile_load" pid=496 name=/usr/lib/connman/scripts/dhclient-script
[    4.742826] type=1505 audit(1258824379.415:6): operation="profile_load" pid=497 name=/usr/bin/evince
[    4.750331] type=1505 audit(1258824379.425:7): operation="profile_load" pid=497 name=/usr/bin/evince-previewer
[    4.755117] type=1505 audit(1258824379.425:8): operation="profile_load" pid=497 name=/usr/bin/evince-thumbnailer
[    4.787126] type=1505 audit(1258824379.455:9): operation="profile_load" pid=499 name=/usr/bin/virt-aa-helper
[   25.396488] udev: starting version 147
[   25.414010] Non-volatile memory driver v1.3
[   25.419180] thinkpad_acpi: ThinkPad ACPI Extras v0.23
[   25.419182] thinkpad_acpi: http://ibm-acpi.sf.net/
[   25.419183] thinkpad_acpi: ThinkPad BIOS 7ZETA8WW (2.08 ), EC 7ZHT22WW-1.05
[   25.419185] thinkpad_acpi: Lenovo ThinkPad W700, model 27523HG
[   25.421315] Adding 9992388k swap on /dev/sdb6.  Priority:-1 extents:1 across:9992388k 
[   25.430613] thinkpad_acpi: radio switch found; radios are enabled
[   25.430698] thinkpad_acpi: This ThinkPad has standard ACPI backlight brightness control, supported by the ACPI video driver
[   25.430700] thinkpad_acpi: Disabling thinkpad-acpi brightness events by default...
[   25.460333] heci: module is from the staging directory, the quality is unknown, you have been warned.
[   25.461028] heci: Intel(R) Management Engine Interface - version 5.0.0.31
[   25.461029] heci: Copyright (c) 2003 - 2008 Intel Corporation.
[   25.461077] heci 0000:00:03.0: PCI INT A -> GSI 16 (level, low) -> IRQ 16
[   25.461080] heci 0000:00:03.0: setting latency timer to 64
[   25.461190] lp: driver loaded but no devices found
[   25.477318] sdhci: Secure Digital Host Controller Interface driver
[   25.477321] sdhci: Copyright(c) Pierre Ossman
[   25.499095] Registered led device: tpacpi::thinklight
[   25.499132] Registered led device: tpacpi::power
[   25.499142] Registered led device: tpacpi::standby
[   25.499152] Registered led device: tpacpi::thinkvantage
[   25.504299] heci: link layer has been established.
[   25.509545] yenta_cardbus 0000:15:00.0: CardBus bridge found [17aa:20c6]
[   25.513479] thinkpad_acpi: Standard ACPI backlight interface available, not loading native one.
[   25.520783] input: ThinkPad Extra Buttons as /devices/virtual/input/input7
[   25.547190] nvidia: module license 'NVIDIA' taints kernel.
[   25.547193] Disabling lock debugging due to kernel taint
[   25.565794] ricoh-mmc: Ricoh MMC Controller disabling driver
[   25.565796] ricoh-mmc: Copyright(c) Philip Langdale
[   25.815259] ip_tables: (C) 2000-2006 Netfilter Core Team
[   25.816569] yenta_cardbus 0000:15:00.0: ISA IRQ mask 0x0cb8, PCI irq 16
[   25.816572] yenta_cardbus 0000:15:00.0: Socket status: 30000006
[   25.816577] yenta_cardbus 0000:15:00.0: pcmcia: parent PCI bridge I/O window: 0x5000 - 0x8fff
[   25.816580] yenta_cardbus 0000:15:00.0: pcmcia: parent PCI bridge Memory window: 0xf4300000 - 0xf7ffffff
[   25.816582] yenta_cardbus 0000:15:00.0: pcmcia: parent PCI bridge Memory window: 0xf0000000 - 0xf3ffffff
[   25.817534] Linux video capture interface: v2.00
[   25.819238] uvcvideo: Found UVC 1.00 device <unnamed> (17ef:480c)
[   25.819377] nvidia 0000:01:00.0: power state changed by ACPI to D0
[   25.819401] nvidia 0000:01:00.0: PCI INT A -> GSI 16 (level, low) -> IRQ 16
[   25.819424] nvidia 0000:01:00.0: setting latency timer to 64
[   25.819658] NVRM: loading NVIDIA UNIX x86_64 Kernel Module  185.18.36  Fri Aug 14 17:35:21 PDT 2009
[   25.822176] sdhci-pci 0000:15:00.2: SDHCI controller found [1180:0822] (rev 21)
[   25.822191] sdhci-pci 0000:15:00.2: PCI INT C -> GSI 18 (level, low) -> IRQ 18
[   25.823212] sdhci-pci 0000:15:00.2: Will use DMA mode even though HW doesn't fully claim to support it.
[   25.824246] Registered led device: mmc0::
[   25.825274] mmc0: SDHCI controller on PCI [0000:15:00.2] using DMA
[   25.828051] ricoh-mmc: Ricoh MMC controller found at 0000:15:00.3 [1180:0843] (rev 11)
[   25.828069] ricoh-mmc: Controller is now disabled.
[   25.829163] input: UVC Camera (17ef:480c) as /devices/pci0000:00/0000:00:1d.7/usb2/2-4/2-4:1.0/input/input8
[   25.829200] usbcore: registered new interface driver uvcvideo
[   25.829200] USB Video Class driver (v0.1.0)
[   25.837498] heci driver initialization successful.
[   25.837893] HDA Intel 0000:00:1b.0: PCI INT B -> GSI 17 (level, low) -> IRQ 17
[   25.837925] HDA Intel 0000:00:1b.0: setting latency timer to 64
[   25.931885] cfg80211: Calling CRDA to update world regulatory domain
[   25.946266] cfg80211: World regulatory domain updated:
[   25.946268] 	(start_freq - end_freq @ bandwidth), (max_antenna_gain, max_eirp)
[   25.946270] 	(2402000 KHz - 2472000 KHz @ 40000 KHz), (300 mBi, 2000 mBm)
[   25.946271] 	(2457000 KHz - 2482000 KHz @ 20000 KHz), (300 mBi, 2000 mBm)
[   25.946273] 	(2474000 KHz - 2494000 KHz @ 20000 KHz), (300 mBi, 2000 mBm)
[   25.946275] 	(5170000 KHz - 5250000 KHz @ 40000 KHz), (300 mBi, 2000 mBm)
[   25.946276] 	(5735000 KHz - 5835000 KHz @ 40000 KHz), (300 mBi, 2000 mBm)
[   25.949226] EXT4-fs (sdb5): internal journal on sdb5:8
[   25.956430] iwlagn: Intel(R) Wireless WiFi Link AGN driver for Linux, 1.3.27k
[   25.956432] iwlagn: Copyright(c) 2003-2009 Intel Corporation
[   25.956784] iwlagn 0000:03:00.0: PCI INT A -> GSI 17 (level, low) -> IRQ 17
[   25.956792] iwlagn 0000:03:00.0: setting latency timer to 64
[   25.956826] iwlagn 0000:03:00.0: Detected Intel Wireless WiFi Link 5300AGN REV=0x24
[   25.994984] input: HDA Intel Headphone as /devices/pci0000:00/0000:00:1b.0/sound/card0/input9
[   25.995040] input: HDA Intel Mic as /devices/pci0000:00/0000:00:1b.0/sound/card0/input10
[   25.995079] input: HDA Intel Mic as /devices/pci0000:00/0000:00:1b.0/sound/card0/input11
[   25.995113] input: HDA Intel Headphone as /devices/pci0000:00/0000:00:1b.0/sound/card0/input12
[   25.998627] iwlagn 0000:03:00.0: Tunable channels: 13 802.11bg, 24 802.11a channels
[   25.998687]   alloc irq_desc for 31 on node 0
[   25.998688]   alloc kstat_irqs on node 0
[   25.998706] iwlagn 0000:03:00.0: irq 31 for MSI/MSI-X
[   26.009029] phy0: Selected rate control algorithm 'iwl-agn-rs'
[   26.312115] Synaptics Touchpad, model: 1, fw: 7.0, id: 0x1c0b1, caps: 0xd04791/0xb00000
[   26.312122] serio: Synaptics pass-through port at isa0060/serio1/input0
[   26.321291] usb 4-1: new full speed USB device using uhci_hcd and address 3
[   26.360970] input: SynPS/2 Synaptics TouchPad as /devices/platform/i8042/serio1/input/input13
[   26.496222] usb 4-1: configuration #1 chosen from 1 choice
[   26.500023] Bluetooth: Generic Bluetooth USB driver ver 0.5
[   26.500100] usbcore: registered new interface driver btusb
[   26.940182] e1000e 0000:00:19.0: irq 30 for MSI/MSI-X
[   26.986817] __ratelimit: 15 callbacks suppressed
[   26.986819] type=1505 audit(1258820801.656:15): operation="profile_replace" pid=1245 name=/usr/share/gdm/guest-session/Xsession
[   26.987847] type=1505 audit(1258820801.656:16): operation="profile_replace" pid=1246 name=/sbin/dhclient3
[   26.988308] type=1505 audit(1258820801.656:17): operation="profile_replace" pid=1246 name=/usr/lib/NetworkManager/nm-dhcp-client.action
[   26.988565] type=1505 audit(1258820801.656:18): operation="profile_replace" pid=1246 name=/usr/lib/connman/scripts/dhclient-script
[   26.990684] type=1505 audit(1258820801.656:19): operation="profile_replace" pid=1247 name=/usr/bin/evince
[   26.998167] type=1505 audit(1258820801.666:20): operation="profile_replace" pid=1247 name=/usr/bin/evince-previewer
[   27.000077] e1000e 0000:00:19.0: irq 30 for MSI/MSI-X
[   27.000469] ADDRCONF(NETDEV_UP): eth0: link is not ready
[   27.001333] iwlagn 0000:03:00.0: firmware: requesting iwlwifi-5000-2.ucode
[   27.003368] type=1505 audit(1258820801.676:21): operation="profile_replace" pid=1247 name=/usr/bin/evince-thumbnailer
[   27.009176] type=1505 audit(1258820801.676:22): operation="profile_replace" pid=1253 name=/usr/bin/virt-aa-helper
[   27.010210] type=1505 audit(1258820801.676:23): operation="profile_replace" pid=1254 name=/usr/lib/cups/backend/cups-pdf
[   27.010750] type=1505 audit(1258820801.676:24): operation="profile_replace" pid=1254 name=/usr/sbin/cupsd
[   27.023998] iwlagn 0000:03:00.0: loaded firmware version 8.24.2.12
[   27.068444] NET: Registered protocol family 15
[   27.069734] alg: No test for cipher_null (cipher_null-generic)
[   27.069752] alg: No test for ecb(cipher_null) (ecb-cipher_null)
[   27.069768] alg: No test for digest_null (digest_null-generic)
[   27.069783] alg: No test for compress_null (compress_null-generic)
[   27.075512] padlock: VIA PadLock Hash Engine not detected.
[   27.113914] padlock: VIA PadLock Hash Engine not detected.
[   27.159540] Intel AES-NI instructions are not detected.
[   27.190936] padlock: VIA PadLock not detected.
[   27.206869] Registered led device: iwl-phy0::radio
[   27.206894] Registered led device: iwl-phy0::assoc
[   27.206914] Registered led device: iwl-phy0::RX
[   27.206936] Registered led device: iwl-phy0::TX
[   27.261079] ADDRCONF(NETDEV_UP): wlan0: link is not ready
[   27.886233] usplash:412 freeing invalid memtype ffffffffcf000000-ffffffffcfe00000
[   28.240237] ACPI Warning: \_SB_.PCI0.AGP_.VID_.MXMI: Excess arguments - needs 1, found 2 20090521 nspredef-287
[   28.240280] ACPI Warning: \_SB_.PCI0.AGP_.VID_.MXMS: Excess arguments - needs 1, found 2 20090521 nspredef-287
[   31.526737] Bluetooth: BNEP (Ethernet Emulation) ver 1.3
[   31.526739] Bluetooth: BNEP filters: protocol multicast
[   31.531205] Bridge firewalling registered
[   31.578908] ppdev: user-space parallel port driver
[   32.166667] CPU0 attaching NULL sched-domain.
[   32.166671] CPU1 attaching NULL sched-domain.
[   32.210104] CPU0 attaching sched-domain:
[   32.210106]  domain 0: span 0-1 level MC
[   32.210108]   groups: 0 1
[   32.210111] CPU1 attaching sched-domain:
[   32.210112]  domain 0: span 0-1 level MC
[   32.210114]   groups: 1 0
[   33.438913] IBM TrackPoint firmware: 0x0e, buttons: 3/3
[   33.689803] input: TPPS/2 IBM TrackPoint as /devices/platform/i8042/serio1/serio2/input/input14
[   33.922791] Bluetooth: HIDP (Human Interface Emulation) ver 1.2
[   33.923182] input: Logitech MX1000 mouse as /devices/pci0000:00/0000:00:1a.1/usb4/4-1/4-1:1.0/bluetooth/hci0/hci0:11/input15
[   33.923248] generic-bluetooth 0005:046D:B003.0003: input,hidraw2: BLUETOOTH HID v43.20 Mouse [Logitech MX1000 mouse] on 00:1F:E2:E5:66:CE
[   34.442657] CPU0 attaching NULL sched-domain.
[   34.442661] CPU1 attaching NULL sched-domain.
[   34.490131] CPU0 attaching sched-domain:
[   34.490140]  domain 0: span 0-1 level MC
[   34.490142]   groups: 0 1
[   34.490145] CPU1 attaching sched-domain:
[   34.490147]  domain 0: span 0-1 level MC
[   34.490148]   groups: 1 0
[   38.719319] wlan0: authenticate with AP 00:1f:3f:d1:3a:b7
[   38.722714] wlan0: authenticated
[   38.722716] wlan0: associate with AP 00:1f:3f:d1:3a:b7
[   38.725909] wlan0: RX AssocResp from 00:1f:3f:d1:3a:b7 (capab=0x431 status=0 aid=1)
[   38.725912] wlan0: associated
[   38.728336] ADDRCONF(NETDEV_CHANGE): wlan0: link becomes ready
[   49.271333] wlan0: no IPv6 routers present
[  724.444235] CPU0 attaching NULL sched-domain.
[  724.444247] CPU1 attaching NULL sched-domain.
[  724.491456] CPU0 attaching sched-domain:
[  724.491465]  domain 0: span 0-1 level MC
[  724.491471]   groups: 0 1
[  724.491484] CPU1 attaching sched-domain:
[  724.491489]  domain 0: span 0-1 level MC
[  724.491494]   groups: 1 0
[  725.790098] usb 4-1: USB disconnect, address 3
[  725.790729] btusb_intr_complete: hci0 urb ffff880139e71f00 failed to resubmit (19)
[  725.790746] btusb_bulk_complete: hci0 urb ffff880139ec4000 failed to resubmit (19)
[  725.791725] btusb_bulk_complete: hci0 urb ffff880139ec40c0 failed to resubmit (19)
[  725.791973] btusb_send_frame: hci0 urb ffff88013a9f5780 submission failed
[  725.979782] wlan0: disassociating by local choice (reason=3)
[  726.120241] wlan0: deauthenticating by local choice (reason=3)
[  731.718374] PM: Syncing filesystems ... done.
[  731.722745] PM: Preparing system for mem sleep
[  731.722748] Freezing user space processes ... (elapsed 0.00 seconds) done.
[  731.723570] Freezing remaining freezable tasks ... (elapsed 0.00 seconds) done.
[  731.723604] PM: Entering mem sleep
[  731.723616] Suspending console(s) (use no_console_suspend to debug)
[  732.070074] sd 1:0:0:0: [sdb] Synchronizing SCSI cache
[  732.070198] sd 1:0:0:0: [sdb] Stopping disk
[  732.630049] sd 0:0:0:0: [sda] Synchronizing SCSI cache
[  732.630164] sd 0:0:0:0: [sda] Stopping disk
[  734.121433] ACPI handle has no context!
[  734.121439] sdhci-pci 0000:15:00.2: PME# disabled
[  734.121445] sdhci-pci 0000:15:00.2: PCI INT C disabled
[  734.121451] ACPI handle has no context!
[  734.145154] ACPI handle has no context!
[  734.340115] ehci_hcd 0000:00:1d.7: PCI INT D disabled
[  734.340126] uhci_hcd 0000:00:1d.2: PCI INT C disabled
[  734.340134] uhci_hcd 0000:00:1d.1: PCI INT B disabled
[  734.340142] uhci_hcd 0000:00:1d.0: PCI INT A disabled
[  734.340147] pciehp 0000:00:1c.4:pcie04: pciehp_suspend ENTRY
[  734.340152] pciehp 0000:00:1c.3:pcie04: pciehp_suspend ENTRY
[  734.450449] HDA Intel 0000:00:1b.0: PCI INT B disabled
[  734.470108] ehci_hcd 0000:00:1a.7: PCI INT D disabled
[  734.470116] uhci_hcd 0000:00:1a.2: PCI INT C disabled
[  734.470124] uhci_hcd 0000:00:1a.1: PCI INT B disabled
[  734.470132] uhci_hcd 0000:00:1a.0: PCI INT A disabled
[  734.470335] e1000e 0000:00:19.0: PCI INT A disabled
[  734.470340] e1000e 0000:00:19.0: PME# enabled
[  734.470346] e1000e 0000:00:19.0: wake-up capability enabled by ACPI
[  734.490124] ACPI handle has no context!
[  734.510385] heci 0000:00:03.0: PCI INT A disabled
[  734.530200] PM: suspend devices took 2.810 seconds
[  734.530328] ricoh-mmc: Suspending.
[  734.530342] ricoh-mmc: Controller is now re-enabled.
[  734.530662] ehci_hcd 0000:00:1d.7: PME# disabled
[  734.810040] ehci_hcd 0000:00:1d.7: power state changed by ACPI to D3
[  735.050049] uhci_hcd 0000:00:1d.0: power state changed by ACPI to D3
[  735.050268] ehci_hcd 0000:00:1a.7: PME# disabled
[  735.310044] ehci_hcd 0000:00:1a.7: power state changed by ACPI to D3
[  735.550044] uhci_hcd 0000:00:1a.2: power state changed by ACPI to D3
[  735.790044] uhci_hcd 0000:00:1a.0: power state changed by ACPI to D3
[  736.150043] ACPI: Preparing to enter system sleep state S3
[  737.430155] Disabling non-boot CPUs ...
[  737.540016] CPU 1 is now offline
[  737.540019] SMP alternatives: switching to UP code
[  737.544829] CPU0 attaching NULL sched-domain.
[  737.544831] CPU1 attaching NULL sched-domain.
[  737.544838] CPU0 attaching NULL sched-domain.
[  737.544976] CPU1 is down
[  737.545012] Extended CMOS year: 2000
[  737.545012] x86 PAT enabled: cpu 0, old 0x7040600070406, new 0x7010600070106
[  737.545012] Back to C!
[  737.545012] CPU0: Thermal monitoring handled by SMI
[  737.545012] Extended CMOS year: 2000
[  737.545012] Enabling non-boot CPUs ...
[  737.545012] SMP alternatives: switching to SMP code
[  737.545012] Booting processor 1 APIC 0x1 ip 0x6000
[  737.544707] Initializing CPU#1
[  737.544707] Calibrating delay using timer specific routine.. 6118.90 BogoMIPS (lpj=30594517)
[  737.544707] CPU: L1 I cache: 32K, L1 D cache: 32K
[  737.544707] CPU: L2 cache: 6144K
[  737.544707] CPU 1/0x1 -> Node 0
[  737.544707] CPU: Physical Processor ID: 0
[  737.544707] CPU: Processor Core ID: 1
[  737.544707] mce: CPU supports 6 MCE banks
[  737.544707] CPU1: Thermal monitoring enabled (TM2)
[  737.544707] x86 PAT enabled: cpu 1, old 0x7040600070406, new 0x7010600070106
[  737.712250] CPU1: Intel(R) Core(TM)2 Extreme CPU X9100  @ 3.06GHz stepping 06
[  737.712296] CPU0 attaching NULL sched-domain.
[  737.721265] Switched to high resolution mode on CPU 1
[  737.750021] CPU0 attaching sched-domain:
[  737.750023]  domain 0: span 0-1 level MC
[  737.750024]   groups: 0 1
[  737.750027] CPU1 attaching sched-domain:
[  737.750028]  domain 0: span 0-1 level MC
[  737.750029]   groups: 1 0
[  737.751267] CPU1 is up
[  737.751269] ACPI: Waking up from system sleep state S3
[  740.270105] pcieport-driver 0000:00:01.0: restoring config space at offset 0x7 (was 0x20002020, writing 0x2020)
[  740.270110] pcieport-driver 0000:00:01.0: restoring config space at offset 0x1 (was 0x100107, writing 0x100507)
[  740.270126] heci 0000:00:03.0: restoring config space at offset 0xf (was 0x100, writing 0x10b)
[  740.270135] heci 0000:00:03.0: restoring config space at offset 0x1 (was 0x180006, writing 0x100006)
[  740.270144] serial 0000:00:03.3: restoring config space at offset 0xf (was 0x200, writing 0x20b)
[  740.710040] uhci_hcd 0000:00:1a.0: power state changed by ACPI to D0
[  740.710066] uhci_hcd 0000:00:1a.0: restoring config space at offset 0x1 (was 0x2900005, writing 0x2900001)
[  740.710100] uhci_hcd 0000:00:1a.1: restoring config space at offset 0x1 (was 0x2900005, writing 0x2900001)
[  740.790044] uhci_hcd 0000:00:1a.2: power state changed by ACPI to D0
[  740.790070] uhci_hcd 0000:00:1a.2: restoring config space at offset 0x1 (was 0x2900005, writing 0x2900001)
[  740.790113] ehci_hcd 0000:00:1a.7: restoring config space at offset 0x1 (was 0x2900106, writing 0x2900102)
[  740.790130] ehci_hcd 0000:00:1a.7: PME# disabled
[  740.790163] HDA Intel 0000:00:1b.0: restoring config space at offset 0x1 (was 0x100106, writing 0x100102)
[  740.790200] pcieport-driver 0000:00:1c.0: restoring config space at offset 0x7 (was 0xf0, writing 0x200000f0)
[  740.790210] pcieport-driver 0000:00:1c.0: restoring config space at offset 0x1 (was 0x100107, writing 0x100507)
[  740.790261] pcieport-driver 0000:00:1c.1: restoring config space at offset 0x7 (was 0xf0, writing 0x200000f0)
[  740.790271] pcieport-driver 0000:00:1c.1: restoring config space at offset 0x1 (was 0x100107, writing 0x100507)
[  740.790329] pcieport-driver 0000:00:1c.3: restoring config space at offset 0x1 (was 0x100107, writing 0x100507)
[  740.790386] pcieport-driver 0000:00:1c.4: restoring config space at offset 0x1 (was 0x100107, writing 0x100507)
[  740.870044] uhci_hcd 0000:00:1d.0: power state changed by ACPI to D0
[  740.870070] uhci_hcd 0000:00:1d.0: restoring config space at offset 0x1 (was 0x2900005, writing 0x2900001)
[  740.870104] uhci_hcd 0000:00:1d.1: restoring config space at offset 0x1 (was 0x2900005, writing 0x2900001)
[  740.870137] uhci_hcd 0000:00:1d.2: restoring config space at offset 0x1 (was 0x2900005, writing 0x2900001)
[  740.870177] ehci_hcd 0000:00:1d.7: restoring config space at offset 0x1 (was 0x2900106, writing 0x2900102)
[  740.870195] ehci_hcd 0000:00:1d.7: PME# disabled
[  740.870301] ahci 0000:00:1f.2: restoring config space at offset 0x1 (was 0x2b00007, writing 0x2b00407)
[  740.870474] nvidia 0000:01:00.0: restoring config space at offset 0x3 (was 0x10, writing 0x0)
[  741.040047] ohci1394 0000:15:00.1: restoring config space at offset 0x3 (was 0x800000, writing 0x802010)
[  741.040054] ohci1394 0000:15:00.1: restoring config space at offset 0x1 (was 0x2100000, writing 0x2100106)
[  741.060044] sdhci-pci 0000:15:00.2: restoring config space at offset 0x3 (was 0x800000, writing 0x802010)
[  741.060051] sdhci-pci 0000:15:00.2: restoring config space at offset 0x1 (was 0x2100000, writing 0x2100106)
[  741.060106] ricoh-mmc: Resuming.
[  741.060120] ricoh-mmc: Controller is now disabled.
[  741.392629] e1000e 0000:00:19.0: PCI INT A -> GSI 20 (level, low) -> IRQ 20
[  741.392633] e1000e 0000:00:19.0: setting latency timer to 64
[  741.392636] e1000e 0000:00:19.0: wake-up capability disabled by ACPI
[  741.392640] e1000e 0000:00:19.0: PME# disabled
[  741.392641] e1000e 0000:00:19.0: wake-up capability disabled by ACPI
[  741.392645] e1000e 0000:00:19.0: PME# disabled
[  741.392679] e1000e 0000:00:19.0: irq 30 for MSI/MSI-X
[  741.452131] uhci_hcd 0000:00:1a.0: PCI INT A -> GSI 20 (level, low) -> IRQ 20
[  741.452137] uhci_hcd 0000:00:1a.0: setting latency timer to 64
[  741.452158] usb usb3: root hub lost power or was reset
[  741.452175] uhci_hcd 0000:00:1a.1: PCI INT B -> GSI 21 (level, low) -> IRQ 21
[  741.452180] uhci_hcd 0000:00:1a.1: setting latency timer to 64
[  741.452201] usb usb4: root hub lost power or was reset
[  741.452225] uhci_hcd 0000:00:1a.2: PCI INT C -> GSI 22 (level, low) -> IRQ 22
[  741.452230] uhci_hcd 0000:00:1a.2: setting latency timer to 64
[  741.452251] usb usb5: root hub lost power or was reset
[  741.452268] ehci_hcd 0000:00:1a.7: PME# disabled
[  741.452272] ehci_hcd 0000:00:1a.7: PCI INT D -> GSI 23 (level, low) -> IRQ 23
[  741.452277] ehci_hcd 0000:00:1a.7: setting latency timer to 64
[  741.452296] HDA Intel 0000:00:1b.0: PCI INT B -> GSI 17 (level, low) -> IRQ 17
[  741.452301] HDA Intel 0000:00:1b.0: setting latency timer to 64
[  741.452314] pciehp 0000:00:1c.3:pcie04: pciehp_resume ENTRY
[  741.452316] pciehp 0000:00:1c.4:pcie04: pciehp_resume ENTRY
[  741.452320] uhci_hcd 0000:00:1d.0: PCI INT A -> GSI 16 (level, low) -> IRQ 16
[  741.452325] uhci_hcd 0000:00:1d.0: setting latency timer to 64
[  741.452346] usb usb6: root hub lost power or was reset
[  741.452361] uhci_hcd 0000:00:1d.1: PCI INT B -> GSI 17 (level, low) -> IRQ 17
[  741.452366] uhci_hcd 0000:00:1d.1: setting latency timer to 64
[  741.452387] usb usb7: root hub lost power or was reset
[  741.452404] uhci_hcd 0000:00:1d.2: PCI INT C -> GSI 18 (level, low) -> IRQ 18
[  741.452408] uhci_hcd 0000:00:1d.2: setting latency timer to 64
[  741.452429] usb usb8: root hub lost power or was reset
[  741.452445] ehci_hcd 0000:00:1d.7: PME# disabled
[  741.452449] ehci_hcd 0000:00:1d.7: PCI INT D -> GSI 19 (level, low) -> IRQ 19
[  741.452454] ehci_hcd 0000:00:1d.7: setting latency timer to 64
[  741.452473] pci 0000:00:1e.0: setting latency timer to 64
[  741.452482] ahci 0000:00:1f.2: setting latency timer to 64
[  741.811449] ata5: SATA link down (SStatus 0 SControl 300)
[  742.001405] ata1: SATA link up 1.5 Gbps (SStatus 113 SControl 300)
[  742.001506] ata6: SATA link up 1.5 Gbps (SStatus 113 SControl 300)
[  742.007524] ata6.00: ACPI cmd e3/00:1f:00:00:00:a0 succeeded
[  742.008418] ata6.00: ACPI cmd e3/00:02:00:00:00:a0 succeeded
[  742.008420] ata6.00: ACPI cmd ef/10:03:00:00:00:a0 filtered out
[  742.018370] ata1.00: ACPI cmd ef/02:00:00:00:00:a0 succeeded
[  742.018371] ata1.00: ACPI cmd f5/00:00:00:00:00:a0 filtered out
[  742.018692] ata1.00: ACPI cmd ef/5f:00:00:00:00:a0 succeeded
[  742.018693] ata1.00: ACPI cmd ef/10:03:00:00:00:a0 filtered out
[  742.019401] ata6.00: ACPI cmd e3/00:1f:00:00:00:a0 succeeded
[  742.020300] ata6.00: ACPI cmd e3/00:02:00:00:00:a0 succeeded
[  742.020302] ata6.00: ACPI cmd ef/10:03:00:00:00:a0 filtered out
[  742.021602] ata1.00: ACPI cmd ef/02:00:00:00:00:a0 succeeded
[  742.021604] ata1.00: ACPI cmd f5/00:00:00:00:00:a0 filtered out
[  742.021899] ata1.00: ACPI cmd ef/5f:00:00:00:00:a0 succeeded
[  742.021900] ata1.00: ACPI cmd ef/10:03:00:00:00:a0 filtered out
[  742.023102] ata1.00: configured for UDMA/133
[  742.025195] ata6.00: configured for UDMA/133
[  742.041402] ata1: exception Emask 0x10 SAct 0x0 SErr 0x0 action 0x9 t4
[  742.041403] ata1: irq_stat 0x00400040, connection status changed
[  742.044094] ata1.00: configured for UDMA/133
[  742.044096] ata1: EH complete
[  742.051390] ata6: exception Emask 0x10 SAct 0x0 SErr 0x0 action 0x9 t4
[  742.051391] ata6: irq_stat 0x40000001
[  742.061491] ata6.00: configured for UDMA/133
[  742.061493] ata6: EH complete
[  742.261367] ata2: SATA link up 1.5 Gbps (SStatus 113 SControl 300)
[  742.278229] ata2.00: ACPI cmd ef/02:00:00:00:00:a0 succeeded
[  742.278233] ata2.00: ACPI cmd f5/00:00:00:00:00:a0 filtered out
[  742.278554] ata2.00: ACPI cmd ef/5f:00:00:00:00:a0 succeeded
[  742.278557] ata2.00: ACPI cmd ef/10:03:00:00:00:a0 filtered out
[  742.281546] ata2.00: ACPI cmd ef/02:00:00:00:00:a0 succeeded
[  742.281550] ata2.00: ACPI cmd f5/00:00:00:00:00:a0 filtered out
[  742.281888] ata2.00: ACPI cmd ef/5f:00:00:00:00:a0 succeeded
[  742.281891] ata2.00: ACPI cmd ef/10:03:00:00:00:a0 filtered out
[  742.283133] ata2.00: configured for UDMA/133
[  742.302116] ohci1394: fw-host0: OHCI-1394 1.1 (PCI): IRQ=[17]  MMIO=[f4301000-f43017ff]  Max Packet=[2048]  IR/IT contexts=[4/4]
[  742.302133] ata2: exception Emask 0x10 SAct 0x0 SErr 0x0 action 0x9 t4
[  742.302134] ata2: irq_stat 0x00400040, connection status changed
[  742.307177] ata2.00: configured for UDMA/133
[  742.307178] ata2: EH complete
[  742.308294] sdhci-pci 0000:15:00.2: PCI INT C -> GSI 18 (level, low) -> IRQ 18
[  742.308296] sdhci-pci 0000:15:00.2: Will use DMA mode even though HW doesn't fully claim to support it.
[  742.309312] pci 0000:15:00.4: PME# disabled
[  742.309317] pci 0000:15:00.5: PME# disabled
[  743.002681] sd 0:0:0:0: [sda] Starting disk
[  743.260099] usb 2-4: reset high speed USB device using ehci_hcd and address 2
[  743.415687]  ep_82: parent 2-4:1.1 should not be sleeping
[  743.415744] sd 1:0:0:0: [sdb] Starting disk
[  743.550058] usb 4-2: reset full speed USB device using uhci_hcd and address 2
[  743.800145] usb 1-6.1: reset full speed USB device using ehci_hcd and address 4
[  744.250155] usb 1-6.4: reset low speed USB device using ehci_hcd and address 5
[  744.554293] PM: resume devices took 3.490 seconds
[  744.555322] PM: Finishing wakeup.
[  744.555323] Restarting tasks ... done.
[  744.820201] e1000e 0000:00:19.0: irq 30 for MSI/MSI-X
[  744.880081] e1000e 0000:00:19.0: irq 30 for MSI/MSI-X
[  744.880470] ADDRCONF(NETDEV_UP): eth0: link is not ready
[  744.961363] Registered led device: iwl-phy0::radio
[  744.961377] Registered led device: iwl-phy0::assoc
[  744.961390] Registered led device: iwl-phy0::RX
[  744.961401] Registered led device: iwl-phy0::TX
[  745.080349] ADDRCONF(NETDEV_UP): wlan0: link is not ready
[  745.351426] CPU0 attaching NULL sched-domain.
[  745.351430] CPU1 attaching NULL sched-domain.
[  745.381374] CPU0 attaching sched-domain:
[  745.381376]  domain 0: span 0-1 level MC
[  745.381378]   groups: 0 1
[  745.381381] CPU1 attaching sched-domain:
[  745.381383]  domain 0: span 0-1 level MC
[  745.381384]   groups: 1 0
[  745.821277] usb 4-1: new full speed USB device using uhci_hcd and address 4
[  746.001618] usb 4-1: configuration #1 chosen from 1 choice
[  751.479132] wlan0: authenticate with AP 00:1f:3f:d1:3a:b7
[  751.482349] wlan0: authenticated
[  751.482355] wlan0: associate with AP 00:1f:3f:d1:3a:b7
[  751.485321] wlan0: RX AssocResp from 00:1f:3f:d1:3a:b7 (capab=0x431 status=0 aid=2)
[  751.485328] wlan0: associated
[  751.487772] ADDRCONF(NETDEV_CHANGE): wlan0: link becomes ready
[  761.940040] wlan0: no IPv6 routers present
[  864.827734] input: Logitech MX1000 mouse as /devices/pci0000:00/0000:00:1a.1/usb4/4-1/4-1:1.0/bluetooth/hci0/hci0:11/input16
[  864.827934] generic-bluetooth 0005:046D:B003.0004: input,hidraw3: BLUETOOTH HID v43.20 Mouse [Logitech MX1000 mouse] on 00:1F:E2:E5:66:CE
[ 1676.760074] usb 2-1: new high speed USB device using ehci_hcd and address 3
[ 1676.910625] usb 2-1: configuration #1 chosen from 1 choice
[ 1677.032803] em28xx: New device @ 480 Mbps (eb1a:2861, interface 0, class 0)
[ 1677.032907] em28xx #0: chip ID is em2860
[ 1677.150678] em28xx #0: board has no eeprom
[ 1677.170556] em28xx #0: Identified as Unknown EM2750/28xx video grabber (card=1)
[ 1677.206430] em28xx #0: found i2c device @ 0xb8 [tvp5150a]
[ 1677.219685] em28xx #0: Your board has no unique USB ID and thus need a hint to be detected.
[ 1677.219693] em28xx #0: You may try to use card=<n> insmod option to workaround that.
[ 1677.219698] em28xx #0: Please send an email with this log to:
[ 1677.219702] em28xx #0: 	V4L Mailing List <linux-media@vger.kernel.org>
[ 1677.219707] em28xx #0: Board eeprom hash is 0x00000000
[ 1677.219712] em28xx #0: Board i2c devicelist hash is 0x77800080
[ 1677.219717] em28xx #0: Here is a list of valid choices for the card=<n> insmod option:
[ 1677.219723] em28xx #0:     card=0 -> Unknown EM2800 video grabber
[ 1677.219728] em28xx #0:     card=1 -> Unknown EM2750/28xx video grabber
[ 1677.219734] em28xx #0:     card=2 -> Terratec Cinergy 250 USB
[ 1677.219739] em28xx #0:     card=3 -> Pinnacle PCTV USB 2
[ 1677.219744] em28xx #0:     card=4 -> Hauppauge WinTV USB 2
[ 1677.219749] em28xx #0:     card=5 -> MSI VOX USB 2.0
[ 1677.219753] em28xx #0:     card=6 -> Terratec Cinergy 200 USB
[ 1677.219758] em28xx #0:     card=7 -> Leadtek Winfast USB II
[ 1677.219763] em28xx #0:     card=8 -> Kworld USB2800
[ 1677.219768] em28xx #0:     card=9 -> Pinnacle Dazzle DVC 90/100/101/107 / Kaiser Baas Video to DVD maker
[ 1677.219775] em28xx #0:     card=10 -> Hauppauge WinTV HVR 900
[ 1677.219780] em28xx #0:     card=11 -> Terratec Hybrid XS
[ 1677.219785] em28xx #0:     card=12 -> Kworld PVR TV 2800 RF
[ 1677.219789] em28xx #0:     card=13 -> Terratec Prodigy XS
[ 1677.219794] em28xx #0:     card=14 -> SIIG AVTuner-PVR / Pixelview Prolink PlayTV USB 2.0
[ 1677.219800] em28xx #0:     card=15 -> V-Gear PocketTV
[ 1677.219805] em28xx #0:     card=16 -> Hauppauge WinTV HVR 950
[ 1677.219810] em28xx #0:     card=17 -> Pinnacle PCTV HD Pro Stick
[ 1677.219815] em28xx #0:     card=18 -> Hauppauge WinTV HVR 900 (R2)
[ 1677.219820] em28xx #0:     card=19 -> EM2860/SAA711X Reference Design
[ 1677.219825] em28xx #0:     card=20 -> AMD ATI TV Wonder HD 600
[ 1677.219830] em28xx #0:     card=21 -> eMPIA Technology, Inc. GrabBeeX+ Video Encoder
[ 1677.219836] em28xx #0:     card=22 -> EM2710/EM2750/EM2751 webcam grabber
[ 1677.219841] em28xx #0:     card=23 -> Huaqi DLCW-130
[ 1677.219845] em28xx #0:     card=24 -> D-Link DUB-T210 TV Tuner
[ 1677.219850] em28xx #0:     card=25 -> Gadmei UTV310
[ 1677.219855] em28xx #0:     card=26 -> Hercules Smart TV USB 2.0
[ 1677.219860] em28xx #0:     card=27 -> Pinnacle PCTV USB 2 (Philips FM1216ME)
[ 1677.219866] em28xx #0:     card=28 -> Leadtek Winfast USB II Deluxe
[ 1677.219871] em28xx #0:     card=29 -> <NULL>
[ 1677.219875] em28xx #0:     card=30 -> Videology 20K14XUSB USB2.0
[ 1677.219880] em28xx #0:     card=31 -> Usbgear VD204v9
[ 1677.219885] em28xx #0:     card=32 -> Supercomp USB 2.0 TV
[ 1677.219890] em28xx #0:     card=33 -> <NULL>
[ 1677.219894] em28xx #0:     card=34 -> Terratec Cinergy A Hybrid XS
[ 1677.219899] em28xx #0:     card=35 -> Typhoon DVD Maker
[ 1677.219904] em28xx #0:     card=36 -> NetGMBH Cam
[ 1677.219908] em28xx #0:     card=37 -> Gadmei UTV330
[ 1677.219913] em28xx #0:     card=38 -> Yakumo MovieMixer
[ 1677.219918] em28xx #0:     card=39 -> KWorld PVRTV 300U
[ 1677.219922] em28xx #0:     card=40 -> Plextor ConvertX PX-TV100U
[ 1677.219928] em28xx #0:     card=41 -> Kworld 350 U DVB-T
[ 1677.219933] em28xx #0:     card=42 -> Kworld 355 U DVB-T
[ 1677.219938] em28xx #0:     card=43 -> Terratec Cinergy T XS
[ 1677.219943] em28xx #0:     card=44 -> Terratec Cinergy T XS (MT2060)
[ 1677.219948] em28xx #0:     card=45 -> Pinnacle PCTV DVB-T
[ 1677.219953] em28xx #0:     card=46 -> Compro, VideoMate U3
[ 1677.219957] em28xx #0:     card=47 -> KWorld DVB-T 305U
[ 1677.219962] em28xx #0:     card=48 -> KWorld DVB-T 310U
[ 1677.219967] em28xx #0:     card=49 -> MSI DigiVox A/D
[ 1677.219972] em28xx #0:     card=50 -> MSI DigiVox A/D II
[ 1677.219976] em28xx #0:     card=51 -> Terratec Hybrid XS Secam
[ 1677.219981] em28xx #0:     card=52 -> DNT DA2 Hybrid
[ 1677.219986] em28xx #0:     card=53 -> Pinnacle Hybrid Pro
[ 1677.219991] em28xx #0:     card=54 -> Kworld VS-DVB-T 323UR
[ 1677.219996] em28xx #0:     card=55 -> Terratec Hybrid XS (em2882)
[ 1677.220042] em28xx #0:     card=56 -> Pinnacle Hybrid Pro (2)
[ 1677.220047] em28xx #0:     card=57 -> Kworld PlusTV HD Hybrid 330
[ 1677.220052] em28xx #0:     card=58 -> Compro VideoMate ForYou/Stereo
[ 1677.220057] em28xx #0:     card=59 -> <NULL>
[ 1677.220062] em28xx #0:     card=60 -> Hauppauge WinTV HVR 850
[ 1677.220067] em28xx #0:     card=61 -> Pixelview PlayTV Box 4 USB 2.0
[ 1677.220072] em28xx #0:     card=62 -> Gadmei TVR200
[ 1677.220076] em28xx #0:     card=63 -> Kaiomy TVnPC U2
[ 1677.220081] em28xx #0:     card=64 -> Easy Cap Capture DC-60
[ 1677.220086] em28xx #0:     card=65 -> IO-DATA GV-MVP/SZ
[ 1677.220091] em28xx #0:     card=66 -> Empire dual TV
[ 1677.220096] em28xx #0:     card=67 -> Terratec Grabby
[ 1677.220101] em28xx #0:     card=68 -> Terratec AV350
[ 1677.220105] em28xx #0:     card=69 -> KWorld ATSC 315U HDTV TV Box
[ 1677.220110] em28xx #0:     card=70 -> Evga inDtube
[ 1677.220115] em28xx #0:     card=71 -> Silvercrest Webcam 1.3mpix
[ 1677.230040] em28xx #0: Config register raw data: 0x10
[ 1677.270203] em28xx #0: AC97 vendor ID = 0xffffffff
[ 1677.290371] em28xx #0: AC97 features = 0x6a90
[ 1677.290377] em28xx #0: Empia 202 AC97 audio processor detected
[ 1677.970063] em28xx #0: v4l2 driver version 0.1.2
[ 1679.370233] em28xx #0: V4L2 device registered as /dev/video1 and /dev/vbi0
[ 1679.378602] usbcore: registered new interface driver snd-usb-audio
[ 1679.379845] usbcore: registered new interface driver em28xx
[ 1679.379853] em28xx driver loaded
[ 1732.410692] usb 2-1: USB disconnect, address 3
[ 1732.410870] em28xx #0: disconnecting em28xx #0 video
[ 1732.410878] em28xx #0: V4L2 device /dev/vbi0 deregistered
[ 1732.411000] em28xx #0: V4L2 device /dev/video1 deregistered
[ 1738.680121] usb 2-1: new high speed USB device using ehci_hcd and address 4
[ 1738.830782] usb 2-1: configuration #1 chosen from 1 choice
[ 1738.831123] em28xx: New device @ 480 Mbps (eb1a:2861, interface 0, class 0)
[ 1738.831323] em28xx #0: chip ID is em2860
[ 1738.951164] em28xx #0: board has no eeprom
[ 1738.970538] em28xx #0: Identified as Unknown EM2750/28xx video grabber (card=1)
[ 1739.006114] em28xx #0: found i2c device @ 0xb8 [tvp5150a]
[ 1739.019596] em28xx #0: Your board has no unique USB ID and thus need a hint to be detected.
[ 1739.019604] em28xx #0: You may try to use card=<n> insmod option to workaround that.
[ 1739.019609] em28xx #0: Please send an email with this log to:
[ 1739.019613] em28xx #0: 	V4L Mailing List <linux-media@vger.kernel.org>
[ 1739.019618] em28xx #0: Board eeprom hash is 0x00000000
[ 1739.019623] em28xx #0: Board i2c devicelist hash is 0x77800080
[ 1739.019627] em28xx #0: Here is a list of valid choices for the card=<n> insmod option:
[ 1739.019633] em28xx #0:     card=0 -> Unknown EM2800 video grabber
[ 1739.019638] em28xx #0:     card=1 -> Unknown EM2750/28xx video grabber
[ 1739.019644] em28xx #0:     card=2 -> Terratec Cinergy 250 USB
[ 1739.019650] em28xx #0:     card=3 -> Pinnacle PCTV USB 2
[ 1739.019655] em28xx #0:     card=4 -> Hauppauge WinTV USB 2
[ 1739.019660] em28xx #0:     card=5 -> MSI VOX USB 2.0
[ 1739.019665] em28xx #0:     card=6 -> Terratec Cinergy 200 USB
[ 1739.019670] em28xx #0:     card=7 -> Leadtek Winfast USB II
[ 1739.019675] em28xx #0:     card=8 -> Kworld USB2800
[ 1739.019680] em28xx #0:     card=9 -> Pinnacle Dazzle DVC 90/100/101/107 / Kaiser Baas Video to DVD maker
[ 1739.019686] em28xx #0:     card=10 -> Hauppauge WinTV HVR 900
[ 1739.019691] em28xx #0:     card=11 -> Terratec Hybrid XS
[ 1739.019695] em28xx #0:     card=12 -> Kworld PVR TV 2800 RF
[ 1739.019700] em28xx #0:     card=13 -> Terratec Prodigy XS
[ 1739.019706] em28xx #0:     card=14 -> SIIG AVTuner-PVR / Pixelview Prolink PlayTV USB 2.0
[ 1739.019739] em28xx #0:     card=15 -> V-Gear PocketTV
[ 1739.019744] em28xx #0:     card=16 -> Hauppauge WinTV HVR 950
[ 1739.019749] em28xx #0:     card=17 -> Pinnacle PCTV HD Pro Stick
[ 1739.019754] em28xx #0:     card=18 -> Hauppauge WinTV HVR 900 (R2)
[ 1739.019759] em28xx #0:     card=19 -> EM2860/SAA711X Reference Design
[ 1739.019765] em28xx #0:     card=20 -> AMD ATI TV Wonder HD 600
[ 1739.019770] em28xx #0:     card=21 -> eMPIA Technology, Inc. GrabBeeX+ Video Encoder
[ 1739.019775] em28xx #0:     card=22 -> EM2710/EM2750/EM2751 webcam grabber
[ 1739.019780] em28xx #0:     card=23 -> Huaqi DLCW-130
[ 1739.019785] em28xx #0:     card=24 -> D-Link DUB-T210 TV Tuner
[ 1739.019790] em28xx #0:     card=25 -> Gadmei UTV310
[ 1739.019795] em28xx #0:     card=26 -> Hercules Smart TV USB 2.0
[ 1739.019800] em28xx #0:     card=27 -> Pinnacle PCTV USB 2 (Philips FM1216ME)
[ 1739.019806] em28xx #0:     card=28 -> Leadtek Winfast USB II Deluxe
[ 1739.019811] em28xx #0:     card=29 -> <NULL>
[ 1739.019815] em28xx #0:     card=30 -> Videology 20K14XUSB USB2.0
[ 1739.019820] em28xx #0:     card=31 -> Usbgear VD204v9
[ 1739.019825] em28xx #0:     card=32 -> Supercomp USB 2.0 TV
[ 1739.019830] em28xx #0:     card=33 -> <NULL>
[ 1739.019834] em28xx #0:     card=34 -> Terratec Cinergy A Hybrid XS
[ 1739.019839] em28xx #0:     card=35 -> Typhoon DVD Maker
[ 1739.019844] em28xx #0:     card=36 -> NetGMBH Cam
[ 1739.019849] em28xx #0:     card=37 -> Gadmei UTV330
[ 1739.019853] em28xx #0:     card=38 -> Yakumo MovieMixer
[ 1739.019858] em28xx #0:     card=39 -> KWorld PVRTV 300U
[ 1739.019863] em28xx #0:     card=40 -> Plextor ConvertX PX-TV100U
[ 1739.019868] em28xx #0:     card=41 -> Kworld 350 U DVB-T
[ 1739.019873] em28xx #0:     card=42 -> Kworld 355 U DVB-T
[ 1739.019878] em28xx #0:     card=43 -> Terratec Cinergy T XS
[ 1739.019883] em28xx #0:     card=44 -> Terratec Cinergy T XS (MT2060)
[ 1739.019888] em28xx #0:     card=45 -> Pinnacle PCTV DVB-T
[ 1739.019893] em28xx #0:     card=46 -> Compro, VideoMate U3
[ 1739.019898] em28xx #0:     card=47 -> KWorld DVB-T 305U
[ 1739.019903] em28xx #0:     card=48 -> KWorld DVB-T 310U
[ 1739.019907] em28xx #0:     card=49 -> MSI DigiVox A/D
[ 1739.019912] em28xx #0:     card=50 -> MSI DigiVox A/D II
[ 1739.019917] em28xx #0:     card=51 -> Terratec Hybrid XS Secam
[ 1739.019922] em28xx #0:     card=52 -> DNT DA2 Hybrid
[ 1739.019927] em28xx #0:     card=53 -> Pinnacle Hybrid Pro
[ 1739.019932] em28xx #0:     card=54 -> Kworld VS-DVB-T 323UR
[ 1739.019937] em28xx #0:     card=55 -> Terratec Hybrid XS (em2882)
[ 1739.019942] em28xx #0:     card=56 -> Pinnacle Hybrid Pro (2)
[ 1739.019947] em28xx #0:     card=57 -> Kworld PlusTV HD Hybrid 330
[ 1739.019952] em28xx #0:     card=58 -> Compro VideoMate ForYou/Stereo
[ 1739.019957] em28xx #0:     card=59 -> <NULL>
[ 1739.019961] em28xx #0:     card=60 -> Hauppauge WinTV HVR 850
[ 1739.019966] em28xx #0:     card=61 -> Pixelview PlayTV Box 4 USB 2.0
[ 1739.019972] em28xx #0:     card=62 -> Gadmei TVR200
[ 1739.019977] em28xx #0:     card=63 -> Kaiomy TVnPC U2
[ 1739.019981] em28xx #0:     card=64 -> Easy Cap Capture DC-60
[ 1739.019987] em28xx #0:     card=65 -> IO-DATA GV-MVP/SZ
[ 1739.019992] em28xx #0:     card=66 -> Empire dual TV
[ 1739.019997] em28xx #0:     card=67 -> Terratec Grabby
[ 1739.020032] em28xx #0:     card=68 -> Terratec AV350
[ 1739.020037] em28xx #0:     card=69 -> KWorld ATSC 315U HDTV TV Box
[ 1739.020042] em28xx #0:     card=70 -> Evga inDtube
[ 1739.020047] em28xx #0:     card=71 -> Silvercrest Webcam 1.3mpix
[ 1739.020154] em28xx #0: Config register raw data: 0x10
[ 1739.070307] em28xx #0: AC97 vendor ID = 0xffffffff
[ 1739.090292] em28xx #0: AC97 features = 0x6a90
[ 1739.090298] em28xx #0: Empia 202 AC97 audio processor detected
[ 1739.770072] em28xx #0: v4l2 driver version 0.1.2
[ 1741.190317] em28xx #0: V4L2 device registered as /dev/video1 and /dev/vbi0
[ 2133.261256] CE: hpet increasing min_delta_ns to 15000 nsec

--------------020300060903060306090108--
