Return-path: <linux-media-owner@vger.kernel.org>
Received: from mga14.intel.com ([143.182.124.37]:22374 "EHLO mga14.intel.com"
	rhost-flags-OK-OK-OK-OK) by vger.kernel.org with ESMTP
	id S1756471Ab2D3TYM (ORCPT <rfc822;linux-media@vger.kernel.org>);
	Mon, 30 Apr 2012 15:24:12 -0400
Date: Mon, 30 Apr 2012 12:23:56 -0700
From: Sarah Sharp <sarah.a.sharp@linux.intel.com>
To: Jason Wu <jason.wu@frescologic.com>
Cc: "Xu, Andiry" <Andiry.Xu@amd.com>,
	"linux-usb@vger.kernel.org" <linux-usb@vger.kernel.org>,
	Hub Lin <hublin@frescologic.com>,
	Rex Luo <rex.luo@frescologic.com>, linux-media@vger.kernel.org
Subject: flusbfb: scheduling while atomic, was Re: dynamic ring expansion
 crashes when sending urb too fast
Message-ID: <20120430192356.GC7925@xanatos>
References: <CADNNHvXrER6WK45M_rrSjfFX0XoVzCTD9FtYm_3FSFM6bxcgpw@mail.gmail.com>
 <2A76B9D36150BE4293842BC2FE8FF1650DE417@SCYBEXDAG04.amd.com>
 <CADNNHvWSs6G7Ky1x4wMN27DvX0=_Gzj6fRbb7AC7kAeYn58sKg@mail.gmail.com>
 <CADNNHvV6X-R8BA-K8pWE-4vfGHdp22x6LMJ-gHGSCa2vRyEqrA@mail.gmail.com>
MIME-Version: 1.0
Content-Type: text/plain; charset=us-ascii
Content-Disposition: inline
In-Reply-To: <CADNNHvV6X-R8BA-K8pWE-4vfGHdp22x6LMJ-gHGSCa2vRyEqrA@mail.gmail.com>
Sender: linux-media-owner@vger.kernel.org
List-ID: <linux-media.vger.kernel.org>

Hi Jason,

That looks like a "scheduling while atomic" frame buffer driver bug.  I
don't think that's the xHCI driver's fault.  It looks like the flusbfb
driver did something (like allocate memory with the wrong flags) and the
process was swapped out.  I'm Ccing the Linux media list.  Maybe they
know about this driver bug.

Jason, I see that you're using the 3.4-rc4 kernel, but there are symbols
that I can't find in the 3.4-rc5 tree, like "fl_add_redraw_frame_count"
or "flusbfb".  Are you using an out-of-tree driver?

Also, is this a USB 3.0 device, or a USB 2.0 device under an xHCI host?
I have never seen a USB 3.0 VGA adapter before.

Sarah Sharp

On Mon, Apr 30, 2012 at 11:30:25AM +0800, Jason Wu wrote:
> Hi Andiry,
>     Here's the log we have collected after enable flag
> "CONFGI_USB_HCD_XHCI_DEBUGGING"
>     by the way, we are currently using bulk mode, if it makes the
> difference.
> 
> [   37.586317] ERROR no room on ep ring, try ring expansion
> [   37.591627] ring expansion succeed, now has 4 segments
> [   38.197849] BUG: scheduling while atomic: Xorg/757/0x00000100
> [   38.203602] Modules linked in: lockd flusbfb(O) iTCO_wdt
> iTCO_vendor_support ppdev parport_pc parport r8169 mii xhci_hcd uinput
> pcspkr i2c_i801 coretemp microcode sunrpc crc32c_intel nouveau ttm
> drm_kms_helper drm i2c_core mxm_wmi video wmi [last unloaded:
> scsi_wait_scan]
> [   38.228297] Pid: 757, comm: Xorg Tainted: G           O 3.4.0-rc4 #4
> [   38.234661] Call Trace:
> [   38.237122]  [<c0832fe7>] ? printk+0x2d/0x2f
> 
>     Yes the ring did get expand, right after first time it expands, it just
> crashes.
>     append file is the full log of error message
> Thanks
> 
> 
> 
> 2012/4/28 Jason Wu <jason.wu@frescologic.com>
> 
> > Hi Andiry,
> >     1. We are doing usb to vga dongle, which is using usb3 to output frame.
> >     we are sending like 60 frames per seconds, which size is about 6MB
> > each frame.
> >
> >     2. How can I check if the ring get expanded? I know before the ring
> > expanded patch, it shows "xhci_hcd 0000:04:00.0: ERROR no room on ep ring",
> >         but on the new patch, it just crashes out.
> >
> >     3. ok sure thanks for reply, i will enable flag
> > "CONFGI_USB_HCD_XHCI_DEBUGGING " when i can, will update result to you asap.
> >
> > Thanks
> >
> >
> > 2012/4/27 Xu, Andiry <Andiry.Xu@amd.com>
> >
> >>  Hi Jason,
> >>
> >>
> >>
> >> Thanks for the report.
> >>
> >>
> >>
> >> When you mention "a lot of usb_submit_urb()", can you tell how many is "a
> >> lot"? do you see the ring get expanded? if so, how many times does it get
> >> expanded, and how many segments does it have?
> >>
> >>
> >>
> >> If possible, you can enable the CONFGI_USB_HCD_XHCI_DEBUGGING flag, it
> >> may provide more info.
> >>
> >>
> >>
> >> Thanks,
> >>
> >> Andiry
> >>
> >> ------------------------------
> >>
> >>  *From:* Jason Wu [jason.wu@frescologic.com]
> >> *Sent:* Friday, April 27, 2012 7:34 PM
> >> *To:* linux-usb@vger.kernel.org; Sarah Sharp; Xu, Andiry; Hub Lin; Rex
> >> Luo
> >> *Subject:* dynamic ring expansion crashes when sending urb too fast
> >>
> >>    We are currently working on USB3 to VGA dongle,
> >>  now we encountered some memory issue, when I type dmesg at background
> >>  found out that x-window is sending following message repeatly.
> >>  [  328.548981] xhci_hcd 0000:04:00.0: ERROR no room on ep ring
> >>
> >>  By the way, I modified following things to enlarge TRB rings numbers
> >>  and MAX size of kmalloc function.
> >>
> >>  xhci.h
> >>  #define TRBS_PER_SEGMENT        256
> >>
> >>  mmzone.h
> >>  #define MAX_ORDER 12
> >>
> >>  How can I solve the ERROR no room on ep rings problem?
> >>
> >>  ###############################################################
> >>
> >>  Also I have tried the dynamic allocate for 3.4.0-RC2
> >>  It crashes after during doing a lot of usb_submit_urb (updating video
> >> frames),
> >>  but the same thing is working fine on 3.3.2, except the "no room on ep
> >> ring" error.
> >>
> >>  Seems like before 3.4.0-RC2 dynamic TRB rings, it shows Error message,
> >>  after I apply those patches, it just crashes.
> >>
> >>  ###############################################################
> >>
> >>  here's the crash message we have collect, please take a look, Thanks!
> >>
> >>  [    0.000000] Initializing cgroup subsys cpuset
> >> [    0.000000] Initializing cgroup subsys cpu
> >> [    0.000000] Linux version 3.4.0-rc4 (fresco@ga-p61-fc16) (gcc version
> >> 4.6.3 20120306 (Red Hat 4.6.3-2) (GCC) ) #1 SMP Fri Apr 27 18:09:51 CST 2012
> >> [    0.000000] BIOS-provided physical RAM map:
> >> [    0.000000]  BIOS-e820: 0000000000000000 - 000000000009f800 (usable)
> >> [    0.000000]  BIOS-e820: 000000000009f800 - 00000000000a0000 (reserved)
> >> [    0.000000]  BIOS-e820: 00000000000f0000 - 0000000000100000 (reserved)
> >> [    0.000000]  BIOS-e820: 0000000000100000 - 000000007efa0000 (usable)
> >> [    0.000000]  BIOS-e820: 000000007efa0000 - 000000007efa3000 (ACPI NVS)
> >> [    0.000000]  BIOS-e820: 000000007efa3000 - 000000007efe0000 (ACPI data)
> >> [    0.000000]  BIOS-e820: 000000007efe0000 - 000000007f000000 (reserved)
> >> [    0.000000]  BIOS-e820: 00000000f0000000 - 00000000f4000000 (reserved)
> >> [    0.000000]  BIOS-e820: 00000000fec00000 - 0000000100000000 (reserved)
> >> [    0.000000] NX (Execute Disable) protection: active
> >> [    0.000000] DMI 2.4 present.
> >> [    0.000000] last_pfn = 0x7efa0 max_arch_pfn = 0x1000000
> >> [    0.000000] x86 PAT enabled: cpu 0, old 0x7040600070406, new
> >> 0x7010600070106
> >> [    0.000000] total RAM covered: 2040M
> >> [    0.000000] Found optimal setting for mtrr clean up
> >> [    0.000000]  gran_size: 64K  chunk_size: 16M         num_reg: 2
> >>  lose cover RAM: 0G
> >> [    0.000000] found SMP MP-table at [c00f5a10] f5a10
> >> [    0.000000] init_memory_mapping: 0000000000000000-00000000375fe000
> >> [    0.000000] RAMDISK: 28cca000 - 3065d000
> >> [    0.000000] ACPI: RSDP 000f71a0 00014 (v00 GBT   )
> >> [    0.000000] ACPI: RSDT 7efa3040 0004C (v01 GBT    GBTUACPI 42302E31
> >> GBTU 01010101)
> >> [    0.000000] ACPI: FACP 7efa3100 00074 (v01 GBT    GBTUACPI 42302E31
> >> GBTU 01010101)
> >> [    0.000000] ACPI: DSDT 7efa31c0 04B37 (v01 GBT    GBTUACPI 00001000
> >> MSFT 04000000)
> >> [    0.000000] ACPI: FACS 7efa0000 00040
> >> [    0.000000] ACPI: MCFG 7efa7ec0 0003C (v01 GBT    GBTUACPI 42302E31
> >> GBTU 01010101)
> >> [    0.000000] ACPI: ASPT 7efa7f00 00034 (v07 GBT    PerfTune 312E3042
> >> UTBG 01010101)
> >> [    0.000000] ACPI: SSPT 7efa7f40 02328 (v01 GBT    SsptHead 312E3042
> >> UTBG 01010101)
> >> [    0.000000] ACPI: EUDS 7efaa270 000C0 (v01 GBT             00000000
> >>    00000000)
> >> [    0.000000] ACPI: MATS 7efaa330 00034 (v01 GBT             00000000
> >>    00000000)
> >> [    0.000000] ACPI: TAMG 7efaa390 0083A (v01 GBT    GBT   B0 5455312E
> >> BG?? 45240101)
> >> [    0.000000] ACPI: APIC 7efa7d40 000BC (v01 GBT    GBTUACPI 42302E31
> >> GBTU 01010101)
> >> [    0.000000] ACPI: SSDT 7efaac00 01DC0 (v01  INTEL PPM RCM  80000001
> >> INTL 20061109)
> >> [    0.000000] ACPI: MATS 7efac9c0 0A39F (v01        MATS RCM 80000001
> >> INTL 20061109)
> >> [    0.000000] 1145MB HIGHMEM available.
> >> [    0.000000] 885MB LOWMEM available.
> >> [    0.000000]   mapped low ram: 0 - 375fe000
> >> [    0.000000]   low ram: 0 - 375fe000
> >> [    0.000000] Zone PFN ranges:
> >> [    0.000000]   DMA      0x00000010 -> 0x00001000
> >> [    0.000000]   Normal   0x00001000 -> 0x000375fe
> >> [    0.000000]   HighMem  0x000375fe -> 0x0007efa0
> >> [    0.000000] Movable zone start PFN for each node
> >> [    0.000000] Early memory PFN ranges
> >> [    0.000000]     0: 0x00000010 -> 0x0000009f
> >> [    0.000000]     0: 0x00000100 -> 0x0007efa0
> >> [    0.000000] Using APIC driver default
> >> [    0.000000] ACPI: PM-Timer IO Port: 0x408
> >> [    0.000000] ACPI: LAPIC (acpi_id[0x00] lapic_id[0x00] enabled)
> >> [    0.000000] ACPI: LAPIC (acpi_id[0x01] lapic_id[0x02] enabled)
> >> [    0.000000] ACPI: LAPIC (acpi_id[0x02] lapic_id[0x01] enabled)
> >> [    0.000000] ACPI: LAPIC (acpi_id[0x03] lapic_id[0x03] enabled)
> >> [    0.000000] ACPI: LAPIC (acpi_id[0x04] lapic_id[0x04] disabled)
> >> [    0.000000] ACPI: LAPIC (acpi_id[0x05] lapic_id[0x05] disabled)
> >> [    0.000000] ACPI: LAPIC (acpi_id[0x06] lapic_id[0x06] disabled)
> >> [    0.000000] ACPI: LAPIC (acpi_id[0x07] lapic_id[0x07] disabled)
> >> [    0.000000] ACPI: LAPIC_NMI (acpi_id[0x00] dfl dfl lint[0x1])
> >> [    0.000000] ACPI: LAPIC_NMI (acpi_id[0x01] dfl dfl lint[0x1])
> >> [    0.000000] ACPI: LAPIC_NMI (acpi_id[0x02] dfl dfl lint[0x1])
> >> [    0.000000] ACPI: LAPIC_NMI (acpi_id[0x03] dfl dfl lint[0x1])
> >> [    0.000000] ACPI: LAPIC_NMI (acpi_id[0x04] dfl dfl lint[0x1])
> >> [    0.000000] ACPI: LAPIC_NMI (acpi_id[0x05] dfl dfl lint[0x1])
> >> [    0.000000] ACPI: LAPIC_NMI (acpi_id[0x06] dfl dfl lint[0x1])
> >> [    0.000000] ACPI: LAPIC_NMI (acpi_id[0x07] dfl dfl lint[0x1])
> >> [    0.000000] ACPI: IOAPIC (id[0x02] address[0xfec00000] gsi_base[0])
> >> [    0.000000] IOAPIC[0]: apic_id 2, version 32, address 0xfec00000, GSI
> >> 0-23
> >> [    0.000000] ACPI: INT_SRC_OVR (bus 0 bus_irq 0 global_irq 2 dfl dfl)
> >> [    0.000000] ACPI: INT_SRC_OVR (bus 0 bus_irq 9 global_irq 9 high level)
> >> [    0.000000] Using ACPI (MADT) for SMP configuration information
> >> [    0.000000] SMP: Allowing 8 CPUs, 4 hotplug CPUs
> >> [    0.000000] PM: Registered nosave memory: 000000000009f000 -
> >> 00000000000a0000
> >> [    0.000000] PM: Registered nosave memory: 00000000000a0000 -
> >> 00000000000f0000
> >> [    0.000000] PM: Registered nosave memory: 00000000000f0000 -
> >> 0000000000100000
> >> [    0.000000] Allocating PCI resources starting at 7f000000 (gap:
> >> 7f000000:71000000)
> >> [    0.000000] Booting paravirtualized kernel on bare hardware
> >> [    0.000000] setup_percpu: NR_CPUS:32 nr_cpumask_bits:32 nr_cpu_ids:8
> >> nr_node_ids:1
> >> [    0.000000] PERCPU: Embedded 14 pages/cpu @f6400000 s33216 r0 d24128
> >> u262144
> >> [    0.000000] Built 1 zonelists in Zone order, mobility grouping on.
> >>  Total pages: 515919
> >> [    0.000000] Kernel command line: BOOT_IMAGE=/boot/vmlinuz-3.4.0-rc4
> >> root=UUID=81a1176f-441f-4d71-948b-c2458a3586f0 ro rd.md=0 rd.lvm=0 rd.dm=0
> >> KEYTABLE=us SYSFONT=latarcyrheb-sun16 rhgb rd.luks=0 LANG=en_US.UTF-8
> >> console=ttyS0,115200
> >> [    0.000000] PID hash table entries: 4096 (order: 2, 16384 bytes)
> >> [    0.000000] Dentry cache hash table entries: 131072 (order: 7, 524288
> >> bytes)
> >> [    0.000000] Inode-cache hash table entries: 65536 (order: 6, 262144
> >> bytes)
> >> [    0.000000] Initializing CPU#0
> >> [    0.000000] xsave/xrstor: enabled xstate_bv 0x7, cntxt size 0x340
> >> [    0.000000] allocated 4160640 bytes of page_cgroup
> >> [    0.000000] please try 'cgroup_disable=memory' option if you don't
> >> want memory cgroups
> >> [    0.000000] Initializing HighMem for node 0 (000375fe:0007efa0)
> >> [    0.000000] Memory: 1925372k/2080384k available (4355k kernel code,
> >> 154560k reserved, 2553k data, 604k init, 1173128k highmem)
> >> [    0.000000] virtual kernel memory layout:
> >> [    0.000000]     fixmap  : 0xffa96000 - 0xfffff000   (5540 kB)
> >> [    0.000000]     pkmap   : 0xff600000 - 0xff800000   (2048 kB)
> >> [    0.000000]     vmalloc : 0xf7dfe000 - 0xff5fe000   ( 120 MB)
> >> [    0.000000]     lowmem  : 0xc0000000 - 0xf75fe000   ( 885 MB)
> >> [    0.000000]       .init : 0xc0ac0000 - 0xc0b57000   ( 604 kB)
> >> [    0.000000]       .data : 0xc0840ce6 - 0xc0abf140   (2553 kB)
> >> [    0.000000]       .text : 0xc0400000 - 0xc0840ce6   (4355 kB)
> >> [    0.000000] Checking if this processor honours the WP bit even in
> >> supervisor mode...Ok.
> >> [    0.000000] SLUB: Genslabs=15, HWalign=64, Order=0-3, MinObjects=0,
> >> CPUs=8, Nodes=1
> >> [    0.000000] Hierarchical RCU implementation.
> >> [    0.000000]  RCU dyntick-idle grace-period acceleration is enabled.
> >> [    0.000000] NR_IRQS:2304 nr_irqs:744 16
> >> [    0.000000] Console: colour VGA+ 80x25
> >> [    0.000000] console [ttyS0] enabled
> >> [    0.001000] Fast TSC calibration using PIT
> >> [    0.002000] Detected 3093.154 MHz processor.
> >> [    0.000001] Calibrating delay loop (skipped), value calculated using
> >> timer frequency.. 6186.30 BogoMIPS (lpj=3093154)
> >> [    0.010624] pid_max: default: 32768 minimum: 301
> >> [    0.015260] Security Framework initialized
> >> [    0.019360] SELinux:  Initializing.
> >> [    0.022891] Mount-cache hash table entries: 512
> >> [    0.027568] Initializing cgroup subsys cpuacct
> >> [    0.032018] Initializing cgroup subsys memory
> >> [    0.036378] Initializing cgroup subsys devices
> >> [    0.040828] Initializing cgroup subsys freezer
> >> [    0.045274] Initializing cgroup subsys net_cls
> >> [    0.049718] Initializing cgroup subsys blkio
> >> [    0.053993] Initializing cgroup subsys perf_event
> >> [    0.058716] CPU: Physical Processor ID: 0
> >> [    0.062724] CPU: Processor Core ID: 0
> >> [    0.066392] ENERGY_PERF_BIAS: Set to 'normal', was 'performance'
> >> [    0.066393] ENERGY_PERF_BIAS: View and update with
> >> x86_energy_perf_policy(8)
> >> [    0.079440] mce: CPU supports 7 MCE banks
> >> [    0.083457] CPU0: Thermal monitoring enabled (TM1)
> >> [    0.088243] CPU0: Core temperature above threshold, cpu clock
> >> throttled (total events = 1)
> >> [    0.096500] CPU0: Core temperature/speed normal
> >> [    0.101035] using mwait in idle threads.
> >> [    0.105354] ACPI: Core revision 20120320
> >> [    0.112220] ftrace: allocating 22341 entries in 44 pages
> >> [    0.127453] Enabling APIC mode:  Flat.  Using 1 I/O APICs
> >> [    0.132850] CPU0: Package temperature above threshold, cpu clock
> >> throttled (total events = 1)
> >> [    0.141367] CPU0: Package temperature/speed normal
> >> [    0.146562] ..TIMER: vector=0x30 apic1=0 pin1=2 apic2=-1 pin2=-1
> >> [    0.162562] CPU0: Intel(R) Core(TM) i3-2100 CPU @ 3.10GHz stepping 07
> >> [    0.270548] Performance Events: PEBS fmt1+, 16-deep LBR, SandyBridge
> >> events, Intel PMU driver.
> >> [    0.279241] PEBS disabled due to CPU errata.
> >> [    0.283513] ... version:                3
> >> [    0.287524] ... bit width:              48
> >> [    0.291615] ... generic registers:      4
> >> [    0.295627] ... value mask:             0000ffffffffffff
> >> [    0.300937] ... max period:             000000007fffffff
> >> [    0.306239] ... fixed-purpose events:   3
> >> [    0.310242] ... event mask:             000000070000000f
> >> [    0.315670] NMI watchdog: enabled, takes one hw-pmu counter.
> >> [    0.321389] Booting Node   0, Processors  #1
> >> [    0.335694] Initializing CPU#1
> >> [    0.341050] NMI watchdog: enabled, takes one hw-pmu counter.
> >> [    0.346767]  #2
> >> [    0.358667] Initializing CPU#2
> >> [    0.363989] NMI watchdog: enabled, takes one hw-pmu counter.
> >> [    0.369712]  #3
> >> [    0.381600] Initializing CPU#3
> >> [    0.386931] NMI watchdog: enabled, takes one hw-pmu counter.
> >> [    0.388171] CPU3: Package temperature above threshold, cpu clock
> >> throttled (total events = 1)
> >> [    0.389158] CPU3: Package temperature/speed normal
> >> [    0.405898] Brought up 4 CPUs
> >> [    0.408866] Total of 4 processors activated (24745.23 BogoMIPS).
> >> [    0.417829] devtmpfs: initialized
> >> [    0.421448] PM: Registering ACPI NVS region [mem
> >> 0x7efa0000-0x7efa2fff] (12288 bytes)
> >> [    0.429924] atomic64 test passed for i586+ platform with CX8 and with
> >> SSE
> >> [    0.436733] RTC time: 19:29:50, date: 04/27/12
> >> [    0.441207] NET: Registered protocol family 16
> >> [    0.445946] ACPI: bus type pci registered
> >> [    0.450001] PCI: MMCONFIG for domain 0000 [bus 00-3f] at [mem
> >> 0xf0000000-0xf3ffffff] (base 0xf0000000)
> >> [    0.459294] PCI: MMCONFIG at [mem 0xf0000000-0xf3ffffff] reserved in
> >> E820
> >> [    0.466078] PCI: Using MMCONFIG for extended config space
> >> [    0.471468] PCI: Using configuration type 1 for base access
> >> [    0.477916] bio: create slab <bio-0> at 0
> >> [    0.481982] ACPI: Added _OSI(Module Device)
> >> [    0.486165] ACPI: Added _OSI(Processor Device)
> >> [    0.490608] ACPI: Added _OSI(3.0 _SCP Extensions)
> >> [    0.495314] ACPI: Added _OSI(Processor Aggregator Device)
> >> [    0.504748] ACPI: Interpreter enabled
> >> [    0.508425] ACPI: (supports S0 S1 S4 S5)
> >> [    0.512437] ACPI: Using IOAPIC for interrupt routing
> >> [    0.520051] ACPI: No dock devices found.
> >> [    0.523981] PCI: Using host bridge windows from ACPI; if necessary,
> >> use "pci=nocrs" and report a bug
> >> [    0.533140] ACPI: PCI Root Bridge [PCI0] (domain 0000 [bus 00-3f])
> >> [    0.539357] pci_root PNP0A03:00: host bridge window [io  0x0000-0x0cf7]
> >> [    0.545968] pci_root PNP0A03:00: host bridge window [io  0x0d00-0xffff]
> >> [    0.552579] pci_root PNP0A03:00: host bridge window [mem
> >> 0x000a0000-0x000bffff]
> >> [    0.559883] pci_root PNP0A03:00: host bridge window [mem
> >> 0x000c0000-0x000dffff]
> >> [    0.567188] pci_root PNP0A03:00: host bridge window [mem
> >> 0x7f800000-0xfebfffff]
> >> [    0.574518] PCI host bridge to bus 0000:00
> >> [    0.578617] pci_bus 0000:00: root bus resource [io  0x0000-0x0cf7]
> >> [    0.584793] pci_bus 0000:00: root bus resource [io  0x0d00-0xffff]
> >> [    0.590971] pci_bus 0000:00: root bus resource [mem
> >> 0x000a0000-0x000bffff]
> >> [    0.597833] pci_bus 0000:00: root bus resource [mem
> >> 0x000c0000-0x000dffff]
> >> [    0.604705] pci_bus 0000:00: root bus resource [mem
> >> 0x7f800000-0xfebfffff]
> >> [    0.614387] pci 0000:00:01.0: PCI bridge to [bus 01-01]
> >> [    0.619657] pci 0000:00:1c.0: PCI bridge to [bus 02-02]
> >> [    0.626383] pci 0000:00:1c.1: PCI bridge to [bus 03-03]
> >> [    0.631869] pci 0000:00:1c.3: PCI bridge to [bus 04-05] (subtractive
> >> decode)
> >> [    0.639081] pci 0000:04:00.0: PCI bridge to [bus 05-05] (subtractive
> >> decode)
> >> [    0.648374] pci 0000:00:1c.4: PCI bridge to [bus 06-06]
> >> [    0.655370] pci 0000:00:1c.5: PCI bridge to [bus 07-07]
> >> [    0.660948]  pci0000:00: Requesting ACPI _OSC control (0x1d)
> >> [    0.666606]  pci0000:00: ACPI _OSC request failed (AE_NOT_FOUND),
> >> returned control mask: 0x1d
> >> [    0.675124] ACPI _OSC control for PCIe not granted, disabling ASPM
> >> [    0.685557] ACPI: PCI Interrupt Link [LNKA] (IRQs 3 4 5 6 7 9 10 11
> >> *12 14 15)
> >> [    0.693032] ACPI: PCI Interrupt Link [LNKB] (IRQs 3 4 5 6 7 9 *10 11
> >> 12 14 15)
> >> [    0.700502] ACPI: PCI Interrupt Link [LNKC] (IRQs 3 4 *5 6 7 9 10 11
> >> 12 14 15)
> >> [    0.707977] ACPI: PCI Interrupt Link [LNKD] (IRQs 3 4 5 6 7 9 10 *11
> >> 12 14 15)
> >> [    0.715447] ACPI: PCI Interrupt Link [LNKE] (IRQs 3 4 5 6 7 9 10 11 12
> >> 14 15) *0, disabled.
> >> [    0.724069] ACPI: PCI Interrupt Link [LNKF] (IRQs 3 4 5 6 7 9 10 11 12
> >> 14 15) *0, disabled.
> >> [    0.732699] ACPI: PCI Interrupt Link [LNK0] (IRQs 3 4 5 6 7 9 10 11 12
> >> 14 15) *0, disabled.
> >> [    0.741330] ACPI: PCI Interrupt Link [LNK1] (IRQs *3 4 5 6 7 9 10 11
> >> 12 14 15)
> >> [    0.748847] vgaarb: device added:
> >> PCI:0000:01:00.0,decodes=io+mem,owns=io+mem,locks=none
> >> [    0.756928] vgaarb: loaded
> >> [    0.759637] vgaarb: bridge control possible 0000:01:00.0
> >> [    0.764994] SCSI subsystem initialized
> >> [    0.768798] usbcore: registered new interface driver usbfs
> >> [    0.774292] usbcore: registered new interface driver hub
> >> [    0.779617] usbcore: registered new device driver usb
> >> [    0.784700] PCI: Using ACPI for IRQ routing
> >> [    0.790389] NetLabel: Initializing
> >> [    0.793796] NetLabel:  domain hash size = 128
> >> [    0.798154] NetLabel:  protocols = UNLABELED CIPSOv4
> >> [    0.803123] NetLabel:  unlabeled traffic allowed by default
> >> [    0.813841] pnp: PnP ACPI init
> >> [    0.816905] ACPI: bus type pnp registered
> >> [    0.821127] system 00:01: [io  0x04d0-0x04d1] has been reserved
> >> [    0.827043] system 00:01: [io  0x0290-0x029f] has been reserved
> >> [    0.832963] system 00:01: [io  0x0800-0x087f] has been reserved
> >> [    0.838877] system 00:01: [io  0x0290-0x0294] has been reserved
> >> [    0.844795] system 00:01: [io  0x0880-0x088f] has been reserved
> >> [    0.851390] system 00:0a: [io  0x0400-0x04cf] has been reserved
> >> [    0.857310] system 00:0a: [io  0x04d2-0x04ff] has been reserved
> >> [    0.863266] system 00:0b: [io  0x1000-0x107f] has been reserved
> >> [    0.869179] system 00:0b: [io  0x1080-0x10ff] has been reserved
> >> [    0.875097] system 00:0b: [io  0x1100-0x117f] has been reserved
> >> [    0.881015] system 00:0b: [io  0x1180-0x11ff] has been reserved
> >> [    0.887085] system 00:0c: [io  0x0454-0x0457] has been reserved
> >> [    0.893043] system 00:0d: [mem 0xf0000000-0xf3ffffff] has been reserved
> >> [    0.899832] system 00:0e: [mem 0x000ce400-0x000cffff] has been reserved
> >> [    0.906436] system 00:0e: [mem 0x000f0000-0x000f7fff] could not be
> >> reserved
> >> [    0.913393] system 00:0e: [mem 0x000f8000-0x000fbfff] could not be
> >> reserved
> >> [    0.920352] system 00:0e: [mem 0x000fc000-0x000fffff] could not be
> >> reserved
> >> [    0.927309] system 00:0e: [mem 0x7efa0000-0x7efaffff] could not be
> >> reserved
> >> [    0.934267] system 00:0e: [mem 0x00000000-0x0009ffff] could not be
> >> reserved
> >> [    0.941225] system 00:0e: [mem 0x00100000-0x7ef9ffff] could not be
> >> reserved
> >> [    0.948183] system 00:0e: [mem 0x7efb0000-0x7efcffff] could not be
> >> reserved
> >> [    0.955141] system 00:0e: [mem 0xfec00000-0xfec00fff] could not be
> >> reserved
> >> [    0.962098] system 00:0e: [mem 0xfed10000-0xfed1dfff] has been reserved
> >> [    0.968708] system 00:0e: [mem 0xfed20000-0xfed8ffff] has been reserved
> >> [    0.975311] system 00:0e: [mem 0xfee00000-0xfee00fff] has been reserved
> >> [    0.981922] system 00:0e: [mem 0xffb00000-0xffb7ffff] has been reserved
> >> [    0.988533] system 00:0e: [mem 0xfff00000-0xffffffff] has been reserved
> >> [    0.995137] system 00:0e: [mem 0x000e0000-0x000effff] has been reserved
> >> [    1.001749] system 00:0e: [mem 0x20000000-0x201fffff] could not be
> >> reserved
> >> [    1.008707] system 00:0e: [mem 0x40000000-0x400fffff] could not be
> >> reserved
> >> [    1.015665] system 00:0e: [mem 0x7f000000-0x7f7fffff] could not be
> >> reserved
> >> [    1.022665] pnp: PnP ACPI: found 16 devices
> >> [    1.026849] ACPI: ACPI bus type pnp unregistered
> >> [    1.067284] Switching to clocksource acpi_pm
> >> [    1.071639] pci 0000:00:1c.0: BAR 14: assigned [mem
> >> 0x7f800000-0x7f9fffff]
> >> [    1.078517] pci 0000:00:1c.0: BAR 15: assigned [mem
> >> 0x7fa00000-0x7fbfffff 64bit pref]
> >> [    1.086345] pci 0000:00:1c.0: BAR 13: assigned [io  0x2000-0x2fff]
> >> [    1.092524] pci 0000:01:00.0: BAR 6: assigned [mem
> >> 0xf9000000-0xf901ffff pref]
> >> [    1.099740] pci 0000:00:01.0: PCI bridge to [bus 01-01]
> >> [    1.104964] pci 0000:00:01.0:   bridge window [io  0xd000-0xdfff]
> >> [    1.111056] pci 0000:00:01.0:   bridge window [mem
> >> 0xf6000000-0xf9ffffff]
> >> [    1.117841] pci 0000:00:01.0:   bridge window [mem
> >> 0xe0000000-0xefffffff 64bit pref]
> >> [    1.125577] pci 0000:00:1c.0: PCI bridge to [bus 02-02]
> >> [    1.130805] pci 0000:00:1c.0:   bridge window [io  0x2000-0x2fff]
> >> [    1.136896] pci 0000:00:1c.0:   bridge window [mem
> >> 0x7f800000-0x7f9fffff]
> >> [    1.143681] pci 0000:00:1c.0:   bridge window [mem
> >> 0x7fa00000-0x7fbfffff 64bit pref]
> >> [    1.151421] pci 0000:00:1c.1: PCI bridge to [bus 03-03]
> >> [    1.156645] pci 0000:00:1c.1:   bridge window [mem
> >> 0xfbd00000-0xfbdfffff]
> >> [    1.163432] pci 0000:04:00.0: PCI bridge to [bus 05-05]
> >> [    1.168681] pci 0000:00:1c.3: PCI bridge to [bus 04-05]
> >> [    1.173919] pci 0000:00:1c.4: PCI bridge to [bus 06-06]
> >> [    1.179145] pci 0000:00:1c.4:   bridge window [mem
> >> 0xfbc00000-0xfbcfffff]
> >> [    1.185933] pci 0000:00:1c.5: PCI bridge to [bus 07-07]
> >> [    1.191160] pci 0000:00:1c.5:   bridge window [io  0xe000-0xefff]
> >> [    1.197257] pci 0000:00:1c.5:   bridge window [mem
> >> 0xfbe00000-0xfbefffff 64bit pref]
> >> [    1.205014] pci 0000:00:1c.0: enabling device (0000 -> 0003)
> >> [    1.210783] NET: Registered protocol family 2
> >> [    1.215176] IP route cache hash table entries: 32768 (order: 5, 131072
> >> bytes)
> >> [    1.222394] TCP established hash table entries: 131072 (order: 8,
> >> 1048576 bytes)
> >> [    1.229986] TCP bind hash table entries: 65536 (order: 7, 524288 bytes)
> >> [    1.236691] TCP: Hash tables configured (established 131072 bind 65536)
> >> [    1.243306] TCP: reno registered
> >> [    1.246537] UDP hash table entries: 512 (order: 2, 16384 bytes)
> >> [    1.252458] UDP-Lite hash table entries: 512 (order: 2, 16384 bytes)
> >> [    1.258858] NET: Registered protocol family 1
> >> [    1.285738] Unpacking initramfs...
> >> [    4.078463] Freeing initrd memory: 124492k freed
> >> [    4.100285] apm: BIOS not found.
> >> [    4.103722] audit: initializing netlink socket (disabled)
> >> [    4.109130] type=2000 audit(1335554992.352:1): initialized
> >> [    4.133764] highmem bounce pool size: 64 pages
> >> [    4.138219] HugeTLB registered 2 MB page size, pre-allocated 0 pages
> >> [    4.146022] VFS: Disk quotas dquot_6.5.2
> >> [    4.149986] Dquot-cache hash table entries: 1024 (order 0, 4096 bytes)
> >> [    4.156836] msgmni has been set to 1712
> >> [    4.161069] alg: No test for stdrng (krng)
> >> [    4.165178] NET: Registered protocol family 38
> >> [    4.169662] Block layer SCSI generic (bsg) driver version 0.4 loaded
> >> (major 253)
> >> [    4.177081] io scheduler noop registered
> >> [    4.181010] io scheduler deadline registered
> >> [    4.185284] io scheduler cfq registered (default)
> >> [    4.190260] pci_hotplug: PCI Hot Plug PCI Core version: 0.5
> >> [    4.195849] pciehp: PCI Express Hot Plug Controller Driver version: 0.4
> >> [    4.202464] acpiphp: ACPI Hot Plug PCI Controller Driver version: 0.5
> >> [    4.209193] input: Power Button as
> >> /devices/LNXSYSTM:00/device:00/PNP0C0C:00/input/input0
> >> [    4.217371] ACPI: Power Button [PWRB]
> >> [    4.221071] input: Power Button as
> >> /devices/LNXSYSTM:00/LNXPWRBN:00/input/input1
> >> [    4.228467] ACPI: Power Button [PWRF]
> >> [    4.232240] ACPI: Requesting acpi_cpufreq
> >> [    4.238498] GHES: HEST is not enabled!
> >> [    4.242262] isapnp: Scanning for PnP cards...
> >> [    4.604629] isapnp: No Plug & Play device found
> >> [    4.609229] Serial: 8250/16550 driver, 4 ports, IRQ sharing enabled
> >> [    4.636046] serial8250: ttyS0 at I/O 0x3f8 (irq = 4) is a 16550A
> >> [    4.662818] 00:07: ttyS0 at I/O 0x3f8 (irq = 4) is a 16550A
> >> [    4.668607] hpet_acpi_add: no address or irqs in _CRS
> >> [    4.673685] Non-volatile memory driver v1.3
> >> [    4.677870] Linux agpgart interface v0.103
> >> [    4.682586] loop: module loaded
> >> [    4.685789] ata_piix 0000:00:1f.2: MAP [ P0 P2 P1 P3 ]
> >> [    4.842016] scsi0 : ata_piix
> >> [    4.844967] scsi1 : ata_piix
> >> [    4.848130] ata2: SATA max UDMA/133 cmd 0xff00 ctl 0xfe00 bmdma 0xfb00
> >> irq 19
> >> [    4.855265] ata3: SATA max UDMA/133 cmd 0xfd00 ctl 0xfc00 bmdma 0xfb08
> >> irq 19
> >> [    4.862406] ata_piix 0000:00:1f.5: MAP [ P0 -- P1 -- ]
> >> [    4.867806] scsi2 : ata_piix
> >> [    4.870733] scsi3 : ata_piix
> >> [    4.873850] ata4: SATA max UDMA/133 cmd 0xf800 ctl 0xf700 bmdma 0xf400
> >> irq 19
> >> [    4.880979] ata5: SATA max UDMA/133 cmd 0xf600 ctl 0xf500 bmdma 0xf408
> >> irq 19
> >> [    4.888153] Fixed MDIO Bus: probed
> >> [    4.891608] ehci_hcd: USB 2.0 'Enhanced' Host Controller (EHCI) Driver
> >> [    4.898154] ehci_hcd 0000:00:1a.0: EHCI Host Controller
> >> [    4.903423] ehci_hcd 0000:00:1a.0: new USB bus registered, assigned
> >> bus number 1
> >> [    4.910828] ehci_hcd 0000:00:1a.0: debug port 2
> >> [    4.919254] ehci_hcd 0000:00:1a.0: irq 18, io mem 0xfbffe000
> >> [    4.930765] ehci_hcd 0000:00:1a.0: USB 2.0 started, EHCI 1.00
> >> [    4.936528] usb usb1: New USB device found, idVendor=1d6b,
> >> idProduct=0002
> >> [    4.943313] usb usb1: New USB device strings: Mfr=3, Product=2,
> >> SerialNumber=1
> >> [    4.950530] usb usb1: Product: EHCI Host Controller
> >> [    4.955407] usb usb1: Manufacturer: Linux 3.4.0-rc4 ehci_hcd
> >> [    4.961064] usb usb1: SerialNumber: 0000:00:1a.0
> >> [    4.965770] hub 1-0:1.0: USB hub found
> >> [    4.969526] hub 1-0:1.0: 2 ports detected
> >> [    4.973587] ehci_hcd 0000:00:1d.0: EHCI Host Controller
> >> [    4.978848] ehci_hcd 0000:00:1d.0: new USB bus registered, assigned
> >> bus number 2
> >> [    4.986255] ehci_hcd 0000:00:1d.0: debug port 2
> >> [    4.994676] ehci_hcd 0000:00:1d.0: irq 23, io mem 0xfbffd000
> >> [    5.005748] ehci_hcd 0000:00:1d.0: USB 2.0 started, EHCI 1.00
> >> [    5.011509] usb usb2: New USB device found, idVendor=1d6b,
> >> idProduct=0002
> >> [    5.018296] usb usb2: New USB device strings: Mfr=3, Product=2,
> >> SerialNumber=1
> >> [    5.025512] usb usb2: Product: EHCI Host Controller
> >> [    5.030392] usb usb2: Manufacturer: Linux 3.4.0-rc4 ehci_hcd
> >> [    5.036049] usb usb2: SerialNumber: 0000:00:1d.0
> >> [    5.040747] hub 2-0:1.0: USB hub found
> >> [    5.044500] hub 2-0:1.0: 2 ports detected
> >> [    5.048551] ohci_hcd: USB 1.1 'Open' Host Controller (OHCI) Driver
> >> [    5.054739] uhci_hcd: USB Universal Host Controller Interface driver
> >> [    5.061114] usbcore: registered new interface driver usbserial
> >> [    5.066954] usbcore: registered new interface driver usbserial_generic
> >> [    5.073496] USB Serial support registered for generic
> >> [    5.078552] usbserial: USB Serial Driver core
> >> [    5.082939] i8042: PNP: PS/2 Controller [PNP0303:PS2K] at 0x60,0x64
> >> irq 1
> >> [    5.089720] i8042: PNP: PS/2 appears to have AUX port disabled, if
> >> this is incorrect please boot with i8042.nopnp
> >> [    5.100109] serio: i8042 KBD port at 0x60,0x64 irq 1
> >> [    5.105079] Refined TSC clocksource calibration: 3092.974 MHz.
> >> [    5.108804] mousedev: PS/2 mouse device common for all mice
> >> [    5.108963] rtc_cmos 00:04: RTC can wake from S4
> >> [    5.109132] rtc_cmos 00:04: rtc core: registered rtc_cmos as rtc0
> >> [    5.109164] rtc0: alarms up to one month, 242 bytes nvram
> >> [    5.109212] device-mapper: uevent: version 1.0.3
> >> [    5.109274] device-mapper: ioctl: 4.22.0-ioctl (2011-10-19)
> >> initialised: dm-devel@redhat.com
> >> [    5.109380] cpuidle: using governor ladder
> >> [    5.149691] Switching to clocksource tsc
> >> [    5.149781] cpuidle: using governor menu
> >> [    5.149967] EFI Variables Facility v0.08 2004-May-17
> >> [    5.150083] usbcore: registered new interface driver usbhid
> >> [    5.150084] usbhid: USB HID core driver
> >> [    5.150186] ip_tables: (C) 2000-2006 Netfilter Core Team
> >> [    5.150199] TCP: cubic registered
> >> [    5.150200] Initializing XFRM netlink socket
> >> [    5.150304] NET: Registered protocol family 10
> >> [    5.150480] Mobile IPv6
> >> [    5.150482] NET: Registered protocol family 17
> >> [    5.150493] Registering the dns_resolver key type
> >> [    5.150629] Using IPI No-Shortcut mode
> >> [    5.150847] registered taskstats version 1
> >> [    5.151040] IMA: No TPM chip found, activating TPM-bypass!
> >> [    5.151555]   Magic number: 8:957:496
> >> [    5.205717] ata4: SATA link down (SStatus 0 SControl 300)
> >> [    5.216677] ata5: SATA link down (SStatus 0 SControl 300)
> >> [    5.228511] rtc_cmos 00:04: setting system clock to 2012-04-27
> >> 19:29:54 UTC (1335554994)
> >> [    5.237231] Initializing network drop monitor service
> >> [    5.252298] input: AT Translated Set 2 keyboard as
> >> /devices/platform/i8042/serio0/input/input2
> >> [    5.337822] usb 1-1: new high-speed USB device number 2 using ehci_hcd
> >> [    5.458123] usb 1-1: New USB device found, idVendor=8087,
> >> idProduct=0024
> >> [    5.464836] usb 1-1: New USB device strings: Mfr=0, Product=0,
> >> SerialNumber=0
> >> [    5.472285] hub 1-1:1.0: USB hub found
> >> [    5.476079] hub 1-1:1.0: 4 ports detected
> >> [    5.582686] usb 2-1: new high-speed USB device number 2 using ehci_hcd
> >> [    5.703065] usb 2-1: New USB device found, idVendor=8087,
> >> idProduct=0024
> >> [    5.709779] usb 2-1: New USB device strings: Mfr=0, Product=0,
> >> SerialNumber=0
> >> [    5.717215] hub 2-1:1.0: USB hub found
> >> [    5.721017] hub 2-1:1.0: 6 ports detected
> >> [    5.798822] usb 1-1.4: new low-speed USB device number 3 using ehci_hcd
> >> [    5.895273] usb 1-1.4: New USB device found, idVendor=046d,
> >> idProduct=c06a
> >> [    5.902161] usb 1-1.4: New USB device strings: Mfr=1, Product=2,
> >> SerialNumber=0
> >> [    5.909474] usb 1-1.4: Product: USB Optical Mouse
> >> [    5.914180] usb 1-1.4: Manufacturer: Logitech
> >> [    5.920745] input: Logitech USB Optical Mouse as
> >> /devices/pci0000:00/0000:00:1a.0/usb1/1-1/1-1.4/1-1.4:1.0/input/input3
> >> [    5.931863] generic-usb 0003:046D:C06A.0001: input,hidraw0: USB HID
> >> v1.11 Mouse [Logitech USB Optical Mouse] on usb-0000:00:1a.0-1.4/input0
> >> [    6.173534] ata2.01: failed to resume link (SControl 0)
> >> [    6.178838] ata3.01: failed to resume link (SControl 0)
> >> [    6.195003] ata3.00: SATA link down (SStatus 0 SControl 300)
> >> [    6.200677] ata3.01: SATA link down (SStatus 0 SControl 0)
> >> [    6.329589] ata2.00: SATA link up 3.0 Gbps (SStatus 123 SControl 300)
> >> [    6.336057] ata2.01: SATA link down (SStatus 0 SControl 0)
> >> [    6.344941] ata2.00: ATA-8: WDC WD3200AAKS-00V1A0, 05.01D05, max
> >> UDMA/133
> >> [    6.351735] ata2.00: 625142448 sectors, multi 16: LBA48 NCQ (depth
> >> 0/32)
> >> [    6.362854] ata2.00: configured for UDMA/133
> >> [    6.367371] scsi 0:0:0:0: Direct-Access     ATA      WDC WD3200AAKS-0
> >> 05.0 PQ: 0 ANSI: 5
> >> [    6.375670] sd 0:0:0:0: [sda] 625142448 512-byte logical blocks: (320
> >> GB/298 GiB)
> >> [    6.375674] sd 0:0:0:0: Attached scsi generic sg0 type 0
> >> [    6.388523] sd 0:0:0:0: [sda] Write Protect is off
> >> [    6.393340] sd 0:0:0:0: [sda] Write cache: enabled, read cache:
> >> enabled, doesn't support DPO or FUA
> >> [    6.444965]  sda: sda1 sda2
> >> [    6.448269] sd 0:0:0:0: [sda] Attached SCSI disk
> >> [    6.453100] Freeing unused kernel memory: 604k freed
> >> [    6.458274] Write protecting the kernel text: 4356k
> >> [    6.463254] Write protecting the kernel read-only data: 2100k
> >> [    6.469004] NX-protecting the kernel data: 3836k
> >> [    6.705584] dracut: dracut-013-22.fc16
> >> [    6.719207] dracut: rd.luks=0: removing cryptoluks activation
> >> [    6.727814] dracut: rd.lvm=0: removing LVM activation
> >> [    6.737717] udevd[114]: starting version 173
> >> [    6.756621] wmi: Mapper loaded
> >> [    6.771672] [drm] Initialized drm 1.1.0 20060810
> >> [    6.800018] VGA switcheroo: detected Optimus DSM method \ handle
> >> [    6.806244] [drm] nouveau 0000:01:00.0: Detected an NV50 generation
> >> card (0x298200a2)
> >> [    6.815902] [drm] nouveau 0000:01:00.0: Checking PRAMIN for VBIOS
> >> [    6.869082] [drm] nouveau 0000:01:00.0: ... appears to be valid
> >> [    6.874998] [drm] nouveau 0000:01:00.0: Using VBIOS from PRAMIN
> >> [    6.880908] [drm] nouveau 0000:01:00.0: BIT BIOS found
> >> [    6.886048] [drm] nouveau 0000:01:00.0: Bios version 62.98.42.00
> >> [    6.892052] [drm] nouveau 0000:01:00.0: TMDS table version 2.0
> >> [    6.898005] [drm] nouveau 0000:01:00.0: MXM: no VBIOS data, nothing to
> >> do
> >> [    6.904792] [drm] nouveau 0000:01:00.0: DCB version 4.0
> >> [    6.910015] [drm] nouveau 0000:01:00.0: DCB outp 00: 02000300 00000028
> >> [    6.916538] [drm] nouveau 0000:01:00.0: DCB outp 01: 01000302 00020030
> >> [    6.923062] [drm] nouveau 0000:01:00.0: DCB outp 02: 04011310 00000028
> >> [    6.929587] [drm] nouveau 0000:01:00.0: DCB outp 03: 010223f1 00c0c080
> >> [    6.936111] [drm] nouveau 0000:01:00.0: DCB conn 00: 00001030
> >> [    6.941872] [drm] nouveau 0000:01:00.0: DCB conn 01: 00000200
> >> [    6.947635] [drm] nouveau 0000:01:00.0: DCB conn 02: 00000110
> >> [    6.953387] [drm] nouveau 0000:01:00.0: DCB conn 03: 00000111
> >> [    6.959142] [drm] nouveau 0000:01:00.0: DCB conn 04: 00000113
> >> [    6.964904] [drm] nouveau 0000:01:00.0: Parsing VBIOS init table 0 at
> >> offset 0xD5EA
> >> [    6.997830] [drm] nouveau 0000:01:00.0: Parsing VBIOS init table 1 at
> >> offset 0xD99C
> >> [    7.011817] [drm] nouveau 0000:01:00.0: Parsing VBIOS init table 2 at
> >> offset 0xE24B
> >> [    7.019472] [drm] nouveau 0000:01:00.0: Parsing VBIOS init table 3 at
> >> offset 0xE33D
> >> [    7.028188] [drm] nouveau 0000:01:00.0: Parsing VBIOS init table 4 at
> >> offset 0xE54D
> >> [    7.035833] [drm] nouveau 0000:01:00.0: Parsing VBIOS init table at
> >> offset 0xE5B2
> >> [    7.063301] [drm] nouveau 0000:01:00.0: 0xE5B2: Condition still not
> >> met after 20ms, skipping following opcodes
> >> [    7.075062] [TTM] Zone  kernel: Available graphics memory: 438670 kiB
> >> [    7.081499] [TTM] Zone highmem: Available graphics memory: 1025234 kiB
> >> [    7.088021] [TTM] Initializing pool allocator
> >> [    7.092387] [TTM] Initializing DMA pool allocator
> >> [    7.097090] [drm] nouveau 0000:01:00.0: Detected 512MiB VRAM (DDR2)
> >> [    7.105112] [drm] nouveau 0000:01:00.0: 512 MiB GART (aperture)
> >> [    7.123311] [drm] nouveau 0000:01:00.0: DCB encoder 1 unknown
> >> [    7.129062] [drm] nouveau 0000:01:00.0: TV-1 has no encoders, removing
> >> [    7.136668] [drm] Supports vblank timestamp caching Rev 1 (10.10.2010).
> >> [    7.143280] [drm] No driver support for vblank timestamp query.
> >> [    7.172164] [drm] nouveau 0000:01:00.0: 1 available performance
> >> level(s)
> >> [    7.178863] [drm] nouveau 0000:01:00.0: 3: core 567MHz shader 1400MHz
> >> memory 400MHz fanspeed 100%
> >> [    7.187725] [drm] nouveau 0000:01:00.0: c: core 566MHz shader 1400MHz
> >> memory 499MHz
> >> [    7.297194] [drm] nouveau 0000:01:00.0: allocated 1440x900 fb:
> >> 0x320000, bo efb2ca00
> >> [    7.305088] fbcon: nouveaufb (fb0) is primary device
> >> [    7.328851] Console: switching to colour frame buffer device 180x56
> >> [    7.336548] fb0: nouveaufb frame buffer device
> >> [    7.341001] drm: registered panic notifier
> >> [    7.345108] [drm] Initialized nouveau 1.0.0 20120316 for 0000:01:00.0
> >> on minor 0
> >> [    7.364505] dracut: Starting plymouth daemon
> >> [    7.407549] dracut: rd.dm=0: removing DM RAID activation
> >> [    7.417941] dracut: rd.md=0: removing MD RAID activation
> >> [    7.680413] EXT4-fs (sda1): INFO: recovery required on readonly
> >> filesystem
> >> [    7.687295] EXT4-fs (sda1): write access will be enabled during
> >> recovery
> >> [    8.179441] EXT4-fs (sda1): recovery complete
> >> [    8.186283] EXT4-fs (sda1): mounted filesystem with ordered data mode.
> >> Opts: (null)
> >> [    8.281276] dracut: Checking ext4:
> >> /dev/disk/by-uuid/81a1176f-441f-4d71-948b-c2458a3586f0
> >> [    8.289546] dracut: issuing e2fsck -a
> >>  /dev/disk/by-uuid/81a1176f-441f-4d71-948b-c2458a3586f0
> >> [    8.371906] dracut:
> >> /dev/disk/by-uuid/81a1176f-441f-4d71-948b-c2458a3586f0: clean,
> >> 334023/19275776 files, 5620781/77094144 blocks
> >> [    8.383880] dracut: Remounting
> >> /dev/disk/by-uuid/81a1176f-441f-4d71-948b-c2458a3586f0 with -o ro
> >> [    8.517669] EXT4-fs (sda1): mounted filesystem with ordered data mode.
> >> Opts: (null)
> >> [    8.544121] dracut: Mounted root filesystem /dev/sda1
> >> [    8.774733] dracut: Switching root
> >> [    9.178001] SELinux:  Disabled at runtime.
> >> [    9.182626] type=1404 audit(1335554998.530:2): selinux=0
> >> auid=4294967295 ses=4294967295
> >> [    9.231638] systemd[1]: RTC configured in localtime, applying delta of
> >> 480 minutes to system time.
> >> [    9.259626] systemd[1]: systemd 37 running in system mode. (+PAM
> >> +LIBWRAP +AUDIT +SELINUX +SYSVINIT +LIBCRYPTSETUP; fedora)
> >>
> >>  Welcome to Fedora release 16 (Verne)!
> >>
> >>  [    9.286162] systemd[1]: Set hostname to <ga-p61-fc16>.
> >> Starting Replay Read-Ahead Data...
> >> Starting Collect Read-Ahead Data...
> >> Starting Syslog Kernel Log Buffer Bridge...
> >> Started Syslog Kernel Log Buffer Bridge                                [
> >>  OK  ]
> >> Started Lock Directory                                                 [
> >>  OK  ]
> >> Starting Media Directory...
> >> Starting Software RAID Monitor Takeover...
> >> Starting POSIX Message Queue File System...
> >> Starting Debug File System...
> >> Starting Security File System...
> >> Starting Huge Pages File System...
> >> Starting RPC Pip[   10.321380] systemd-readahead-replay[362]: Bumped
> >> block_nr parameter of 8:0 to 16384. This is a temporary hack and should be
> >> removed one day.
> >> e File System...
> >> Starting udev Kernel Device Manager...
> >> Starting udev Coldplug all Devices...
> >> Started Runtime Directory                                              [
> >>  OK  ]
> >> Started Collect Read-Ahead Data                                        [
> >>  OK  ]
> >> Started Software RAID Monitor Takeover                                 [
> >>  OK  ]
> >> Starting STDOUT Syslog Bridge...
> >> Started STDOUT Syslog Bridge                                           [
> >>  OK  ]
> >> Started Replay Read-Ahead Data                                         [
> >>  OK  ]
> >> Starting Load legacy module configuration...
> >> Starting Remount API VFS...
> >> Started File System Check on Root Device                               [
> >>  OK  ]
> >> Starting Remount Root FS...
> >> [   13.119541] udevd[374]: starting version 173
> >> Started Set Up Additional Binary Formats                               [
> >>  OK  ]
> >> Starting Apply Kernel Variables...
> >> [   14.427560] EXT4-fs (sda1): re-mounted. Opts: (null)
> >> Started Load Kernel Modules                                            [
> >>  OK  ]
> >> Started FUSE Control File System                                       [
> >>  OK  ]
> >> Started Configuration File System                                      [
> >>  OK  ]
> >> Starting Setup Virtual Console...
> >> Started udev Kernel Device Manager                                     [
> >>  OK  ]
> >> Started Media Directory                                                [
> >>  OK  ]
> >> Started POSIX Message Queue File System                                [
> >>  OK  ]
> >> Started Debug File System                                              [
> >>  OK  ]
> >> Started Security File System                                           [
> >>  OK  ]
> >> Started Huge Pages File System                                         [
> >>  OK  ]
> >> Started Load legacy module configuration                               [
> >>  OK  ]
> >> Started Remount API VFS                                                [
> >>  OK  ]
> >> Started Remount Root FS                                                [
> >>  OK  ]
> >> Started Apply Kernel Variables                                         [
> >>  OK  ]
> >> Started udev Coldplug all Devices                                      [
> >>  OK  ]
> >> Starting udev Wait for Complete Device Initialization...
> >> Starting Configure read-only root support...
> >> [   15.102553] RPC: Registered named UNIX socket transport module.
> >> [   15.108482] RPC: Registered udp transport module.
> >> [   15.113197] RPC: Registered tcp transport module.
> >> [   15.117902] RPC: Registered tcp NFSv4.1 backchannel transport module.
> >> Started RPC Pipe File System                                           [
> >>  OK  ]
> >> Started Setup Virtual Console                                          [
> >>  OK  ]
> >> Started Configure read-only root support                               [
> >>  OK  ]
> >> [   16.060725] mtp-probe[467]: checking bus 1, device 3:
> >> "/sys/devices/pci0000:00/0000:00:1a.0/usb1/1-1/1-1.4"
> >> [   16.119379] mtp-probe[467]: bus: 1, device: 3 was not an MTP device
> >> [   16.150829] parport_pc 00:08: reported by Plug and Play ACPI
> >> [   16.156537] parport0: PC-style at 0x378, irq 7 [PCSPP,TRISTATE]
> >> [   16.277569] ppdev: user-space parallel port driver
> >> [   17.364865] microcode: CPU0 sig=0x206a7, pf=0x2, revision=0x14
> >> [   17.373053] microcode: CPU0 updated to revision 0x25, date = 2011-10-11
> >> [   17.379685] microcode: CPU1 sig=0x206a7, pf=0x2, revision=0x14
> >> [   17.386939] microcode: CPU1 updated to revision 0x25, date = 2011-10-11
> >> [   17.393563] microcode: CPU2 sig=0x206a7, pf=0x2, revision=0x14
> >> [   17.401406] microcode: CPU2 updated to revision 0x25, date = 2011-10-11
> >> [   17.408023] microcode: CPU3 sig=0x206a7, pf=0x2, revision=0x14
> >> [   17.415090] microcode: CPU3 updated to revision 0x25, date = 2011-10-11
> >> [   17.421743] microcode: Microcode Update Driver: v2.00 <
> >> tigran@aivazian.fsnet.co.uk>, Peter Oruba
> >> [   17.440501] input: PC Speaker as /devices/platform/pcspkr/input/input4
> >> [   17.456225] r8169 Gigabit Ethernet driver 2.3LK-NAPI loaded
> >> [   17.457547] xhci_hcd 0000:03:00.0: xHCI Host Controller
> >> [   17.457602] xhci_hcd 0000:03:00.0: new USB bus registered, assigned
> >> bus number 3
> >> [   17.457900] xhci_hcd 0000:03:00.0: irq 17, io mem 0xfbde0000
> >> [   17.458145] usb usb3: New USB device found, idVendor=1d6b,
> >> idProduct=0002
> >> [   17.458147] usb usb3: New USB device strings: Mfr=3, Product=2,
> >> SerialNumber=1
> >> [   17.458149] usb usb3: Product: xHCI Host Controller
> >> [   17.458150] usb usb3: Manufacturer: Linux 3.4.0-rc4 xhci_hcd
> >> [   17.458151] usb usb3: SerialNumber: 0000:03:00.0
> >> [   17.458245] hub 3-0:1.0: USB hub found
> >> [   17.458259] hub 3-0:1.0: 4 ports detected
> >> [   17.458335] xhci_hcd 0000:03:00.0: xHCI Host Controller
> >> [   17.458365] xhci_hcd 0000:03:00.0: new USB bus registered, assigned
> >> bus number 4
> >> [   17.458382] usb usb4: New USB device found, idVendor=1d6b,
> >> idProduct=0003
> >> [   17.458384] usb usb4: New USB device strings: Mfr=3, Product=2,
> >> SerialNumber=1
> >> [   17.458385] usb usb4: Product: xHCI Host Controller
> >> [   17.458386] usb usb4: Manufacturer: Linux 3.4.0-rc4 xhci_hcd
> >> [   17.458387] usb usb4: SerialNumber: 0000:03:00.0
> >> [   17.458451] hub 4-0:1.0: USB hub found
> >> [   17.458467] hub 4-0:1.0: 4 ports detected
> >> [   17.566730] iTCO_vendor_support: vendor-support=0
> >> [   17.566783] r8169 0000:07:00.0: eth0: RTL8168evl/8111evl at
> >> 0xfd398000, 50:e5:49:3d:55:88, XID 0c900800 IRQ 46
> >> [   17.566786] r8169 0000:07:00.0: eth0: jumbo features [frames: 9200
> >> bytes, tx checksumming: ko]
> >> [   17.590483] iTCO_wdt: Intel TCO WatchDog Timer Driver v1.07
> >> [   17.596127] iTCO_wdt: unable to reset NO_REBOOT flag, device disabled
> >> by hardware/BIOS
> >> [   17.604324] xhci_hcd 0000:06:00.0: xHCI Host Controller
> >> [   17.609750] xhci_hcd 0000:06:00.0: new USB bus registered, assigned
> >> bus number 5
> >> [   17.609801] udevd[407]: renamed network interface eth0 to p5p1
> >> [   17.623101] xhci_hcd 0000:06:00.0: irq 16, io mem 0xfbcf8000
> >> [   17.628915] usb usb5: New USB device found, idVendor=1d6b,
> >> idProduct=0002
> >> [   17.635697] usb usb5: New USB device strings: Mfr=3, Product=2,
> >> SerialNumber=1
> >> [   17.642916] usb usb5: Product: xHCI Host Controller
> >> [   17.647793] usb usb5: Manufacturer: Linux 3.4.0-rc4 xhci_hcd
> >> [   17.653450] usb usb5: SerialNumber: 0000:06:00.0
> >> [   17.658220] hub 5-0:1.0: USB hub found
> >> [   17.661983] hub 5-0:1.0: 2 ports detected
> >> [   17.666070] xhci_hcd 0000:06:00.0: xHCI Host Controller
> >> [   17.671349] xhci_hcd 0000:06:00.0: new USB bus registered, assigned
> >> bus number 6
> >> [   17.678780] usb usb6: New USB device found, idVendor=1d6b,
> >> idProduct=0003
> >> [   17.685594] usb usb6: New USB device strings: Mfr=3, Product=2,
> >> SerialNumber=1
> >> [   17.692813] usb usb6: Product: xHCI Host Controller
> >> [   17.697690] usb usb6: Manufacturer: Linux 3.4.0-rc4 xhci_hcd
> >> [   17.703348] usb usb6: SerialNumber: 0000:06:00.0
> >> [   17.708101] hub 6-0:1.0: USB hub found
> >> [   17.711867] hub 6-0:1.0: 2 ports detected
> >> [   17.779983] usb 4-2: new SuperSpeed USB device number 2 using xhci_hcd
> >> [   17.797192] usb 4-2: Int endpoint with wBytesPerInterval of 4096 in
> >> config 1 interface 0 altsetting 0 ep 130: setting to 1
> >> [   17.808267] usb 4-2: Int endpoint with wBytesPerInterval of 4096 in
> >> config 1 interface 0 altsetting 1 ep 130: setting to 1024
> >> [   17.819582] usb 4-2: New USB device found, idVendor=1d5c,
> >> idProduct=8347
> >> [   17.826284] usb 4-2: New USB device strings: Mfr=0, Product=0,
> >> SerialNumber=0
> >> [   17.836788] mtp-probe[610]: checking bus 4, device 2:
> >> "/sys/devices/pci0000:00/0000:00:1c.1/0000:03:00.0/usb4/4-2"
> >> [   17.847215] mtp-probe[610]: bus: 4, device: 2 was not an MTP device
> >> [   17.866018] flusbfb: (null) (null) - serial #(null)
> >> [   17.870902] flusbfb: vid_1d5c&pid_8347&rev_0100 driver's fl_data
> >> struct at efa5a800
> >> [   17.878552] flusbfb: bLength=18
> >> [   17.881695] flusbfb: bDescriptorType=1
> >> [   17.885447] flusbfb: bcdUSB=0x0300
> >> [   17.888860] flusbfb: bDeviceClass=0
> >> [   17.892352] flusbfb: bDeviceSubClass=0
> >> [   17.896104] flusbfb: bDeviceProtocol=0
> >> [   17.899854] flusbfb: bMaxPacketSize0=9
> >> [   17.903598] flusbfb: idVendor=0x1d5c
> >> [   17.907177] flusbfb: idProduct=0x8347
> >> [   17.910844] flusbfb: bcdDevice=0x0100
> >> [   17.914509] flusbfb: iManufacturer=0
> >> [   17.918085] flusbfb: iProduct=0
> >> [   17.921230] flusbfb: iSerialNumber=0
> >> [   17.924801] flusbfb: bNumConfigurations=1
> >> [   17.928811] flusbfb: console enable=1
> >> [   17.932469] flusbfb: fb_defio enable=1
> >> [   17.936219] flusbfb: shadow enable=1
> >> [   17.940005] flusbfb: vendor descriptor not available (-32)
> >> [   17.956483] flusbfb: allocated 12 6220800 byte urbs
> >> [   17.961428] usbcore: registered new interface driver ufl
> >> [   17.964433] flusbfb: Read EDID retryIndex=0
> >> Started udev Wait for Complete Device Initializa[   17.974461] flusbfb:
> >> Read EDID retryIndex=1
> >> tion                   [  OK  ]
> >> Starting Wait for storage scan...
> >> [   17.998756] flusbfb: Read EDID retryIndex=0
> >> [   18.022004] flusbfb: Read EDID retryIndex=0
> >> [   18.045249] flusbfb: Read EDID retryIndex=0
> >> [   18.068496] flusbfb: Read EDID retryIndex=0
> >> [   18.091742] flusbfb: Read EDID retryIndex=0
> >> [   18.114981] flusbfb: Read EDID retryIndex=0
> >> [   18.138233] flusbfb: Read EDID retryIndex=0
> >> [   18.161478] flusbfb: Read EDID retryIndex=0
> >> [   18.184727] flusbfb: Read EDID retryIndex=0
> >> Started Show Plymouth Boot Screen                                      [
> >>  OK  ]
> >> Starting /dev/disk/by-uuid/e2c31c2b-73f2-4361-a5dc-0d132cb90d5a...
> >> [   18.208015] flusbfb: Read EDID retryIndex=0
> >> [   18.230587] Adding 4193276k swap on /dev/sda2.  Priority:0 extents:1
> >> across:4193276k
> >> [   18.238427] flusbfb: Read EDID retryIndex=0
> >> Started /dev/disk/by-uuid/e2c31c2b-73f2-4361-a5dc-0d132cb90d5a         [
> >> [   18.261700] flusbfb: Read EDID retryIndex=0
> >>  OK  ]
> >> [   18.285124] flusbfb: Read EDID retryIndex=0
> >> [   18.308369] flusbfb: Read EDID retryIndex=0
> >> [   18.331614] flusbfb: Read EDID retryIndex=0
> >> [   18.354853] flusbfb: Read EDID retryIndex=0
> >> [   18.378094] flusbfb: Read EDID retryIndex=0
> >> [   18.401337] flusbfb: Read EDID retryIndex=0
> >> [   18.424580] flusbfb: Read EDID retryIndex=0
> >> [   18.447826] flusbfb: Read EDID retryIndex=0
> >> [   18.471067] flusbfb: Read EDID retryIndex=0
> >> [   18.494311] flusbfb: Read EDID retryIndex=0
> >> [   18.517549] flusbfb: Read EDID retryIndex=0
> >> [   18.540788] flusbfb: Read EDID retryIndex=0
> >> [   18.554982] flusbfb: Read EDID retryIndex=1
> >> [   18.569181] flusbfb: Read EDID retryIndex=2
> >> [   18.592526] flusbfb: Read EDID retryIndex=0
> >> [   18.615767] flusbfb: Read EDID retryIndex=0
> >> [   18.639011] flusbfb: Read EDID retryIndex=0
> >> [   18.662251] flusbfb: Read EDID retryIndex=0
> >> [   18.685490] flusbfb: Read EDID retryIndex=0
> >> [   18.708729] flusbfb: Read EDID retryIndex=0
> >> [   18.731974] flusbfb: Read EDID retryIndex=0
> >> [   18.752182]
> >> [   18.753674] 00ffffffffffff00 38b81a9501010101
> >> [   18.758438] 31130103082b1a78 eac905a3574b9c25
> >> [   18.763185] 125054a54a0081c0 0101010101010101
> >> [   18.765824] 0101010101016621 56aa51001e30468f
> >> [   18.765827] 3300aeff1000001e 000000fd00384c1f
> >> [   18.765830] 5210000a20202020 2020000000fc0039
> >> [   18.765832] 354e410a20202020 20202020000000ff
> >> [   18.765835] 0039354e414e4739 34393137313000cc
> >> [   18.765842] flusbfb: 1366x768 valid mode
> >> [   18.765843] flusbfb: 720x400 valid mode
> >> [   18.765844] flusbfb: 640x480 valid mode
> >> [   18.765845] flusbfb: 640x480 valid mode
> >> [   18.765846] flusbfb: 800x600 valid mode
> >> [   18.765847] flusbfb: 800x600 valid mode
> >> [   18.765848] flusbfb: 1024x768 valid mode
> >> [   18.765849] flusbfb: 1024x768 valid mode
> >> [   18.765850] flusbfb: 1280x720 valid mode
> >> [   18.765851] flusbfb: Reallocating framebuffer. Addresses will change!
> >> [   18.766045] flusbfb: 1366x768 valid mode
> >> [   18.766046] set_par mode 1366x768
> >> [   18.766047] func=fresco_SetResolution
> >> [   18.766048] var->xres=1366, var->yres=768
> >> [   18.766048] refresh=60
> >> [   18.767203] step 1 PLL read back rbuf[0]=0x09
> >> [   18.767206] step 1 PLL read back rbuf[1]=0x01
> >> [   18.767207] step 1 PLL read back rbuf[2]=0x36
> >> [   18.767208] step 1 PLL read back rbuf[3]=0x00
> >> [   18.767607] fresco_SetResolution pass
> >> [   18.767712] flusbfb: frescologic USB device /dev/fb1 attached.
> >> 1366x768 resolution. Using 6152K framebuffer memory
> >> Started Wait for storage scan                                          [
> >>  OK  ]
> >> Starting Initialize storage subsystems (RAID, LVM, etc.)...
> >> [   19.035453] fedora-storage-init[624]: Setting up Logical Volume
> >> Management:   No volume groups found
> >> [   19.044650] fedora-storage-init[624]: [  OK  ]
> >> Started Initialize storage subsystems (RAID, LVM, etc.)                [
> >>  OK  ]
> >> Starting Initialize storage subsystems (RAID, LVM, etc.)...
> >> [   20.247858] fedora-storage-init[630]: Setting up Logical Volume
> >> Management:   No volume groups found
> >> [   20.257016] fedora-storage-init[630]: [  OK  ]
> >> Started Initialize storage subsystems (RAID, LVM, etc.)                [
> >>  OK  ]
> >> Starting Monitoring[   20.465916] lvm[636]: No volume groups found
> >>  of LVM2 mirrors, snapshots etc. using d...ogress polling...
> >> Started Monitoring of LVM2 mirrors, snapshots etc. u...rogress polling [
> >>  OK  ]
> >> Started Mark the need to relabel after reboot                          [
> >>  OK  ]
> >> Started Relabel all filesystems, if necessary                          [
> >>  OK  ]
> >> Started Reconfigure the system on administrator request                [
> >>  OK  ]
> >> Starting Tell Plymouth To Write Out Runtime Data...
> >> Starting Load Random Seed...
> >> Starting Recreate Volatile Files and Directories...
> >> Started Load Random Seed                                               [
> >>  OK  ]
> >> Started Recreate Volatile Files and Directories                        [
> >>  OK  ]
> >> Started Tell Plymouth To Write Out Runtime Data                        [
> >>  OK  ]
> >> Starting Console System Startup Logging...
> >> Starting Restore Sound Card State...                            [
> >> 21.650392] alsactl[646]: /sbin/alsactl: load_state:1686: No soundcards
> >> found...
> >>
> >>  Starting SYSV: sandbox, xguest and other apps that want to ...rate
> >> namespace...
> >> Started Load static arp entries                             [
> >> 21.671411] sandbox[649]: Starting sandbox[  OK  ]
> >>            [  OK  ]
> >> Started IPv4 firewall with iptables                                    [
> >>  OK  ]
> >> Started IPv6 firewall with ip6tabl[   21.690250] auditd[650]: Started
> >> dispatcher: /sbin/audispd pid: 655
> >> es              [   21.697866] audispd[655]: audispd initialized with
> >> q_depth=120 and 1 active plugins
> >>                 [   21.706559] auditctl[652]: No rules
> >>      [  O[   21.711426] auditctl[652]: AUDIT_STATUS: enabled=0 flag=1
> >> pid=0 rate_limit=0 backlog_limit=320 lost=0 backlog=0
> >> K  ]
> >> Starting Security Auditing Service...                [   21.728354]
> >> avahi-daemon[664]: Found user 'avahi' (UID 70) and group 'avahi' (GID 70).
> >>                 [   21.736384] avahi-daemon[664]: Successfully dropped
> >> root privileges.
> >> [   21.744123] avahi-daemon[664]: avahi-daemon 0.6.30 starting up.
> >>
> >>  san[   21.750255] mcelog[665]: Hardware event. This is not a software
> >> error.
> >> dbox[649]: Start[   21.757986] mcelog[665]: MCE 0
> >> ing sandbox[  OK[   21.762438] mcelog[665]: CPU 0 THERMAL EVENT TSC
> >> 2bfc83b1b8
> >>   ]
> >> Starting M[   21.769413] mcelog[665]: TIME 1335554989 Sat Apr 28 03:29:49
> >> 2012
> >> achine Check Exc[   21.776918] mcelog[665]: Processor 0 heated above trip
> >> temperature. Throttling enabled.
> >> eption Logging D[   21.786314] mcelog[665]: Please check your system
> >> cooling. Performance will be impacted
> >> aemon...        [   21.786322] mcelog[665]: STATUS 880003c3 MCGSTATUS 0
> >> [   21.786327] mcelog[665]: MCGCAP c07 APICID 0 SOCKETID 0
> >> [   21.786332] mcelog[665]: CPUID Vendor Intel Family 6 Model 42
> >> [   21.786338] mcelog[665]: Hardware event. This is not a software error.
> >> [   21.786344] mcelog[665]: MCE 1
> >> [   21.786348] mcelog[665]: CPU 0 THERMAL EVENT TSC 2bfd59a7ac
> >> [   21.786354] mcelog[665]: TIME 1335554989 Sat Apr 28 03:29:49 2012
> >> [   21.786360] mcelog[665]: Processor 0 below trip temperature.
> >> Throttling disabled
> >> [   21.786365] mcelog[665]: STATUS 88010282 MCGSTATUS 0
> >> [   21.786370] avahi-daemon[664]: WARNING: No NSS support for mDNS
> >> detected, consider installing nss-mdns!
> >> [   21.786375] abrtd[666]: Init complete, entering main loop
> >> [   21.786380] mcelog[665]: MCGCAP c07 APICID 0 SOCKETID 0
> >> [   21.786385] mcelog[665]: CPUID Vendor Intel Family 6 Model 42
> >> [   21.792636] auditd[650]: Init complete, auditd 2.2.1 listening for
> >> events (startup state enable)
> >>
> >>  Starting Avahi mDNS/DNS-SD Stack...
> >> Starting ABRT Automated Bug Reporting Tool...
> >> Started ABRT Automated Bug Reporting Tool                              [
> >>  OK  ]
> >> Starting Harvest vmcores for ABRT...
> >> Starting irqbalance daemon...
> >> Starting SSH server keys generation....
> >> Starting Network Manager...
> >> Starting ABRT kernel log watcher...                             [
> >> 22.149982] NetworkManager[675]: <info> NetworkManager (version
> >> 0.9.4-2.git20120403.fc16) is starting...
> >> [   22.160712] NetworkManager[675]: <info> Read config file
> >> /etc/NetworkManager/NetworkManager.conf
> >>
> >>  Started ABRT kernel log watcher
> >>  [  OK  ]
> >> Starting Job spooling tools...
> >> Started Job spooling tools                                             [
> >>  OK  ]
> >> Starting Install ABRT coredump hook...                            [
> >> 22.199823] acpid[690]: starting up with netlink and the input layer
> >> [   22.206412] acpid[690]: skipping incomplete file
> >> /etc/acpi/events/videoconf
> >>
> >>  [   22.213385] acpid[690]: 1 rule loaded
> >> Starting ACPI Ev[   22.218439] acpid[690]: waiting for events: event
> >> logging is off
> >> ent Daemon...
> >> Starting System Logging Service...
> >> Started Software RAID monitoring and management                        [
> >>  OK  ]
> >> Starting System Setup Keyboard...
> >> Started System Setup Keyboard                                          [
> >>  OK  ]
> >> Starting Wait for Plymouth Boot Screen to Quit...
> >> Starting D-Bus System Message Bus...
> >> Starting Login Service...
> >> Started Console System Startup Logging                                 [
> >>  OK  ]
> >> Started Restore Sound Card State                                       [
> >>  OK  ]
> >> Started SYSV: sandbox, xguest and other apps that wa...arate namespace [
> >>  OK  ]
> >> Started Security Auditing Service                                      [
> >>  OK  ]
> >> Started Machine Check Exception Logging Daemon                         [
> >>  OK  ]
> >> Started Harvest vmcores for ABRT                                       [
> >>  OK  ]
> >> Started irqbalance daemon                                              [
> >>  OK  ]
> >> Started SSH server keys generation.                                    [
> >>  OK  ]
> >> Started Install ABRT coredump hook                                     [
> >>  OK  ]
> >> Started ACPI Event Daemon                                              [
> >>  OK  ]
> >> Starting Command Scheduler...
> >> Started Command Scheduler                                              [
> >>  OK  ]
> >> Starting LSB: Mount and unmount network filesystems....
> >> Started D-Bus System Message Bus                                       [
> >>  OK  ]
> >> Stopping Syslog Kernel Log Buffer Bridge...
> >> Stopped Syslog Kernel Log Buffer Bridge                                [
> >>  OK  ]
> >> Started System Logging Service                                         [
> >>  OK  ]
> >> Started Avahi mDNS/DNS-SD Stack                                        [
> >>  OK  ]
> >> Started Login Service                                                  [
> >>  OK  ]
> >> Started Network Manager                                                [
> >>  OK  ]
> >> Starting NFSv4 ID-name mapping daemon...
> >> [   23.980541] r8169 0000:07:00.0: p5p1: link down
> >> [   23.980586] r8169 0000:07:00.0: p5p1: link down
> >> [   23.989722] ADDRCONF(NETDEV_UP): p5p1: link is not ready
> >> Starting Sendmail Mail Transport Agent...
> >> Starting OpenSSH server daemon...
> >> Started OpenSSH server daemon                                          [
> >>  OK  ]
> >> Starting RPC bind service...
> >> Starting Samba SMB Daemon...
> >> Started LSB: Mount and unmount network filesystems.                    [
> >>  OK  ]
> >> Started NFSv4 ID-name mapping daemon                                   [
> >>  OK  ]
> >> Started RPC bind service                                               [
> >>  OK  ]
> >> Started Samba SMB Daemon                                               [
> >>  OK  ]
> >> Starting NFS file locking service....
> >> Starting Permit User Sessions...
> >> Started Permit User Sessions                                           [
> >>  OK  ]
> >> Starting Display Manager...
> >> Started Display Manager                                                [
> >>  OK  ]
> >> Starting CUPS Printing Service...
> >> Started CUPS Printing Service                                          [
> >>  OK  ]
> >> Started NFS file locking service.                                      [
> >>  OK  ]
> >> [   24.312188] func=fl_ops_open
> >> [   24.315141] flusbfb: open /dev/fb1 user=1 fb_info=efbfa000 count=1
> >> [   24.321418] flusbfb: released /dev/fb1 user=1 count=0
> >> [   24.326504] frame_buffer_auto_repeat_timer_exit
> >> [   24.331217] func=fl_ops_open
> >> [   24.334123] flusbfb: open /dev/fb1 user=1 fb_info=efbfa000 count=1
> >> [   24.340309] func=fl_ops_open
> >> [   24.343193] flusbfb: open /dev/fb1 user=1 fb_info=efbfa000 count=2
> >> [   25.326873] flusbfb: /dev/fb1 FB_BLANK mode 0 --> 0
> >> [   25.561884] r8169 0000:07:00.0: p5p1: link up
> >> [   25.566392] ADDRCONF(NETDEV_CHANGE): p5p1: link becomes ready
> >>
> >>  Fedora release 16 (Verne)
> >> Kernel 3.4.0-rc4 on an i686 (ttyS0)
> >>
> >>  ga-p61-fc16 login: [   33.455478] BUG: scheduling while atomic:
> >> swapper/0/0/0x00000100
> >> [   33.461521] Modules linked in: lockd flusbfb(O) iTCO_wdt
> >> iTCO_vendor_support xhci_hcd r8169 mii pcspkr coretemp microcode i2c_i801
> >> ppdev parport_pc parport sunrpc uinput crc32c_intel nouveau ttm
> >> drm_kms_helper drm i2c_core mxm_wmi video wmi [last unloaded:
> >> scsi_wait_scan]
> >> [   33.486198] Pid: 0, comm: swapper/0 Tainted: G           O 3.4.0-rc4 #1
> >> [   33.492818] Call Trace:
> >> [   33.495279]  [<c0832fe7>] ? printk+0x2d/0x2f
> >> [   33.499554]  [<c08333fb>] __schedule_bug+0x51/0x53
> >> [   33.504346]  [<c0838e2c>] __schedule+0x5b/0x57b
> >> [   33.508885]  [<c0479fb4>] ? arch_local_irq_save+0x12/0x17
> >> [   33.514283]  [<c0839da6>] ? _raw_spin_lock_irqsave+0x10/0x2a
> >> [   33.519941]  [<c0839def>] ? _raw_spin_unlock_irqrestore+0x14/0x16
> >> [   33.526040]  [<c0443423>] ? __mod_timer+0x105/0x110
> >> [   33.530919]  [<c083957c>] schedule+0x56/0x58
> >> [   33.535190]  [<c08384ba>] schedule_timeout+0x8a/0xb7
> >> [   33.540161]  [<c0442a88>] ? del_timer+0x61/0x61
> >> [   33.544697]  [<c0838c69>] __down_common+0x7b/0xb4
> >> [   33.549400]  [<c0838cb6>] __down_timeout+0x14/0x16
> >> [   33.554194]  [<c0453c41>] down_timeout+0x31/0x44
> >> [   33.558822]  [<f7e5a58e>] fl_get_urb+0x1d/0x85 [flusbfb]
> >> [   33.564131]  [<c0839def>] ? _raw_spin_unlock_irqrestore+0x14/0x16
> >> [   33.570223]  [<f7e5b104>]
> >> frame_buffer_auto_repeat_timer_callback+0x45/0xf8 [flusbfb]
> >> [   33.578055]  [<c044320b>] run_timer_softirq+0x14b/0x221
> >> [   33.583281]  [<c083a209>] ? reschedule_interrupt+0x31/0x38
> >> [   33.588767]  [<f7e5b0bf>] ? fl_add_redraw_frame_count+0x10/0x10
> >> [flusbfb]
> >> [   33.595556]  [<c043d7dd>] __do_softirq+0xa2/0x17b
> >> [   33.600263]  [<c043d73b>] ?
> >> ftrace_define_fields_irq_handler_entry+0x71/0x71
> >> [   33.607313]  <IRQ>  [<c043da3d>] ? irq_exit+0x45/0x96
> >> [   33.612392]  [<c042576f>] ? smp_apic_timer_interrupt+0x69/0x76
> >> [   33.618226]  [<c041243e>] ? read_tsc+0x9/0x26
> >> [   33.622583]  [<c083aa55>] ? apic_timer_interrupt+0x31/0x38
> >> [   33.628076]  [<c04300e0>] ? free_memtype+0x63/0x154
> >> [   33.632955]  [<c0626978>] ? intel_idle+0xca/0xfa
> >> [   33.637574]  [<c0750379>] ? cpuidle_enter+0xe/0x12
> >> [   33.642371]  [<c0750803>] ? cpuidle_idle_call+0xbe/0x169
> >> [   33.647687]  [<c0414004>] ? cpu_idle+0x8f/0xb3
> >> [   33.652129]  [<c081c3b5>] ? rest_init+0x5d/0x5f
> >> [   33.656660]  [<c0ac07b5>] ? start_kernel+0x362/0x368
> >> [   33.661625]  [<c0ac01cc>] ? loglevel+0x2b/0x2b
> >> [   33.666069]  [<c0ac00ac>] ? i386_start_kernel+0x9b/0xa2
> >> [   33.671294] bad: scheduling from the idle thread!
> >> [   33.675999] Pid: 0, comm: swapper/0 Tainted: G           O 3.4.0-rc4 #1
> >> [   33.682608] Call Trace:
> >> [   33.685064]  [<c0832fe7>] ? printk+0x2d/0x2f
> >> [   33.689335]  [<c045e50c>] dequeue_task_idle+0x26/0x32
> >> [   33.694386]  [<c045a50c>] dequeue_task+0xcc/0xd4
> >> [   33.699006]  [<c045a891>] deactivate_task+0x21/0x24
> >> [   33.703884]  [<c0838ec1>] __schedule+0xf0/0x57b
> >> [   33.708416]  [<c0479fb4>] ? arch_local_irq_save+0x12/0x17
> >> [   33.713814]  [<c0839da6>] ? _raw_spin_lock_irqsave+0x10/0x2a
> >> [   33.719471]  [<c0839def>] ? _raw_spin_unlock_irqrestore+0x14/0x16
> >> [   33.725564]  [<c0443423>] ? __mod_timer+0x105/0x110
> >> [   33.730441]  [<c083957c>] schedule+0x56/0x58
> >> [   33.734712]  [<c08384ba>] schedule_timeout+0x8a/0xb7
> >> [   33.739678]  [<c0442a88>] ? del_timer+0x61/0x61
> >> [   33.744208]  [<c0838c69>] __down_common+0x7b/0xb4
> >> [   33.748913]  [<c0838cb6>] __down_timeout+0x14/0x16
> >> [   33.753706]  [<c0453c41>] down_timeout+0x31/0x44
> >> [   33.758329]  [<f7e5a58e>] fl_get_urb+0x1d/0x85 [flusbfb]
> >> [   33.763648]  [<c0839def>] ? _raw_spin_unlock_irqrestore+0x14/0x16
> >> [   33.769746]  [<f7e5b104>]
> >> frame_buffer_auto_repeat_timer_callback+0x45/0xf8 [flusbfb]
> >> [   33.777570]  [<c044320b>] run_timer_softirq+0x14b/0x221
> >> [   33.782792]  [<c083a209>] ? reschedule_interrupt+0x31/0x38
> >> [   33.788278]  [<f7e5b0bf>] ? fl_add_redraw_frame_count+0x10/0x10
> >> [flusbfb]
> >> [   33.795061]  [<c043d7dd>] __do_softirq+0xa2/0x17b
> >> [   33.799767]  [<c043d73b>] ?
> >> ftrace_define_fields_irq_handler_entry+0x71/0x71
> >> [   33.806813]  <IRQ>  [<c043da3d>] ? irq_exit+0x45/0x96
> >> [   33.811889]  [<c042576f>] ? smp_apic_timer_interrupt+0x69/0x76
> >> [   33.817720]  [<c041243e>] ? read_tsc+0x9/0x26
> >> [   33.822079]  [<c083aa55>] ? apic_timer_interrupt+0x31/0x38
> >> [   33.827563]  [<c04300e0>] ? free_memtype+0x63/0x154
> >> [   33.832442]  [<c0626978>] ? intel_idle+0xca/0xfa
> >> [   33.837062]  [<c0750379>] ? cpuidle_enter+0xe/0x12
> >> [   33.841852]  [<c0750803>] ? cpuidle_idle_call+0xbe/0x169
> >> [   33.847162]  [<c0414004>] ? cpu_idle+0x8f/0xb3
> >> [   33.851608]  [<c081c3b5>] ? rest_init+0x5d/0x5f
> >> [   33.856140]  [<c0ac07b5>] ? start_kernel+0x362/0x368
> >> [   33.861104]  [<c0ac01cc>] ? loglevel+0x2b/0x2b
> >> [   33.865547]  [<c0ac00ac>] ? i386_start_kernel+0x9b/0xa2
> >>
> >>
> >>
> >>
> >>
> >

> [    0.000000] Initializing cgroup subsys cpuset
> [    0.000000] Initializing cgroup subsys cpu
> [    0.000000] Linux version 3.4.0-rc4 (root@ga-p61-fc16) (gcc version 4.6.3 201                                                                                                                                20306 (Red Hat 4.6.3-2) (GCC) ) #4 SMP Mon Apr 30 10:47:54 CST 2012
> [    0.000000] BIOS-provided physical RAM map:
> [    0.000000]  BIOS-e820: 0000000000000000 - 000000000009f800 (usable)
> [    0.000000]  BIOS-e820: 000000000009f800 - 00000000000a0000 (reserved)
> [    0.000000]  BIOS-e820: 00000000000f0000 - 0000000000100000 (reserved)
> [    0.000000]  BIOS-e820: 0000000000100000 - 000000007efa0000 (usable)
> [    0.000000]  BIOS-e820: 000000007efa0000 - 000000007efa3000 (ACPI NVS)
> [    0.000000]  BIOS-e820: 000000007efa3000 - 000000007efe0000 (ACPI data)
> [    0.000000]  BIOS-e820: 000000007efe0000 - 000000007f000000 (reserved)
> [    0.000000]  BIOS-e820: 00000000f0000000 - 00000000f4000000 (reserved)
> [    0.000000]  BIOS-e820: 00000000fec00000 - 0000000100000000 (reserved)
> [    0.000000] NX (Execute Disable) protection: active
> [    0.000000] DMI 2.4 present.
> [    0.000000] last_pfn = 0x7efa0 max_arch_pfn = 0x1000000
> [    0.000000] x86 PAT enabled: cpu 0, old 0x7040600070406, new 0x7010600070106
> [    0.000000] total RAM covered: 2040M
> [    0.000000] Found optimal setting for mtrr clean up
> [    0.000000]  gran_size: 64K  chunk_size: 16M         num_reg: 2      lose cov                                                                                                                                er RAM: 0G
> [    0.000000] found SMP MP-table at [c00f5a10] f5a10
> [    0.000000] init_memory_mapping: 0000000000000000-00000000375fe000
> [    0.000000] RAMDISK: 28cc8000 - 3065c000
> [    0.000000] ACPI: RSDP 000f71a0 00014 (v00 GBT   )
> [    0.000000] ACPI: RSDT 7efa3040 0004C (v01 GBT    GBTUACPI 42302E31 GBTU 0101                                                                                                                                0101)
> [    0.000000] ACPI: FACP 7efa3100 00074 (v01 GBT    GBTUACPI 42302E31 GBTU 0101                                                                                                                                0101)
> [    0.000000] ACPI: DSDT 7efa31c0 04B37 (v01 GBT    GBTUACPI 00001000 MSFT 0400                                                                                                                                0000)
> [    0.000000] ACPI: FACS 7efa0000 00040
> [    0.000000] ACPI: MCFG 7efa7ec0 0003C (v01 GBT    GBTUACPI 42302E31 GBTU 0101                                                                                                                                0101)
> [    0.000000] ACPI: ASPT 7efa7f00 00034 (v07 GBT    PerfTune 312E3042 UTBG 0101                                                                                                                                0101)
> [    0.000000] ACPI: SSPT 7efa7f40 02328 (v01 GBT    SsptHead 312E3042 UTBG 0101                                                                                                                                0101)
> [    0.000000] ACPI: EUDS 7efaa270 000C0 (v01 GBT             00000000      0000                                                                                                                                0000)
> [    0.000000] ACPI: MATS 7efaa330 00034 (v01 GBT             00000000      0000                                                                                                                                0000)
> [    0.000000] ACPI: TAMG 7efaa390 0083A (v01 GBT    GBT   B0 5455312E BG?? 4524                                                                                                                                0101)
> [    0.000000] ACPI: APIC 7efa7d40 000BC (v01 GBT    GBTUACPI 42302E31 GBTU 0101                                                                                                                                0101)
> [    0.000000] ACPI: SSDT 7efaac00 01DC0 (v01  INTEL PPM RCM  80000001 INTL 2006                                                                                                                                1109)
> [    0.000000] ACPI: MATS 7efac9c0 0A39F (v01        MATS RCM 80000001 INTL 2006                                                                                                                                1109)
> [    0.000000] 1145MB HIGHMEM available.
> [    0.000000] 885MB LOWMEM available.
> [    0.000000]   mapped low ram: 0 - 375fe000
> [    0.000000]   low ram: 0 - 375fe000
> [    0.000000] Zone PFN ranges:
> [    0.000000]   DMA      0x00000010 -> 0x00001000
> [    0.000000]   Normal   0x00001000 -> 0x000375fe
> [    0.000000]   HighMem  0x000375fe -> 0x0007efa0
> [    0.000000] Movable zone start PFN for each node
> [    0.000000] Early memory PFN ranges
> [    0.000000]     0: 0x00000010 -> 0x0000009f
> [    0.000000]     0: 0x00000100 -> 0x0007efa0
> [    0.000000] Using APIC driver default
> [    0.000000] ACPI: PM-Timer IO Port: 0x408
> [    0.000000] ACPI: LAPIC (acpi_id[0x00] lapic_id[0x00] enabled)
> [    0.000000] ACPI: LAPIC (acpi_id[0x01] lapic_id[0x02] enabled)
> [    0.000000] ACPI: LAPIC (acpi_id[0x02] lapic_id[0x01] enabled)
> [    0.000000] ACPI: LAPIC (acpi_id[0x03] lapic_id[0x03] enabled)
> [    0.000000] ACPI: LAPIC (acpi_id[0x04] lapic_id[0x04] disabled)
> [    0.000000] ACPI: LAPIC (acpi_id[0x05] lapic_id[0x05] disabled)
> [    0.000000] ACPI: LAPIC (acpi_id[0x06] lapic_id[0x06] disabled)
> [    0.000000] ACPI: LAPIC (acpi_id[0x07] lapic_id[0x07] disabled)
> [    0.000000] ACPI: LAPIC_NMI (acpi_id[0x00] dfl dfl lint[0x1])
> [    0.000000] ACPI: LAPIC_NMI (acpi_id[0x01] dfl dfl lint[0x1])
> [    0.000000] ACPI: LAPIC_NMI (acpi_id[0x02] dfl dfl lint[0x1])
> [    0.000000] ACPI: LAPIC_NMI (acpi_id[0x03] dfl dfl lint[0x1])
> [    0.000000] ACPI: LAPIC_NMI (acpi_id[0x04] dfl dfl lint[0x1])
> [    0.000000] ACPI: LAPIC_NMI (acpi_id[0x05] dfl dfl lint[0x1])
> [    0.000000] ACPI: LAPIC_NMI (acpi_id[0x06] dfl dfl lint[0x1])
> [    0.000000] ACPI: LAPIC_NMI (acpi_id[0x07] dfl dfl lint[0x1])
> [    0.000000] ACPI: IOAPIC (id[0x02] address[0xfec00000] gsi_base[0])
> [    0.000000] IOAPIC[0]: apic_id 2, version 32, address 0xfec00000, GSI 0-23
> [    0.000000] ACPI: INT_SRC_OVR (bus 0 bus_irq 0 global_irq 2 dfl dfl)
> [    0.000000] ACPI: INT_SRC_OVR (bus 0 bus_irq 9 global_irq 9 high level)
> [    0.000000] Using ACPI (MADT) for SMP configuration information
> [    0.000000] SMP: Allowing 8 CPUs, 4 hotplug CPUs
> [    0.000000] PM: Registered nosave memory: 000000000009f000 - 00000000000a0000
> [    0.000000] PM: Registered nosave memory: 00000000000a0000 - 00000000000f0000
> [    0.000000] PM: Registered nosave memory: 00000000000f0000 - 0000000000100000
> [    0.000000] Allocating PCI resources starting at 7f000000 (gap: 7f000000:7100                                                                                                                                0000)
> [    0.000000] Booting paravirtualized kernel on bare hardware
> [    0.000000] setup_percpu: NR_CPUS:32 nr_cpumask_bits:32 nr_cpu_ids:8 nr_node_                                                                                                                                ids:1
> [    0.000000] PERCPU: Embedded 14 pages/cpu @f6400000 s33216 r0 d24128 u262144
> [    0.000000] Built 1 zonelists in Zone order, mobility grouping on.  Total pag                                                                                                                                es: 515919
> [    0.000000] Kernel command line: BOOT_IMAGE=/boot/vmlinuz-3.4.0-rc4 root=UUID                                                                                                                                =81a1176f-441f-4d71-948b-c2458a3586f0 ro rd.md=0 rd.lvm=0 rd.dm=0 KEYTABLE=us co                                                                                                                                nsole=ttyS0,115200 SYSFONT=latarcyrheb-sun16 rhgb rd.luks=0 LANG=en_US.UTF-8
> [    0.000000] PID hash table entries: 4096 (order: 2, 16384 bytes)
> [    0.000000] Dentry cache hash table entries: 131072 (order: 7, 524288 bytes)
> [    0.000000] Inode-cache hash table entries: 65536 (order: 6, 262144 bytes)
> [    0.000000] Initializing CPU#0
> [    0.000000] xsave/xrstor: enabled xstate_bv 0x7, cntxt size 0x340
> [    0.000000] allocated 4160640 bytes of page_cgroup
> [    0.000000] please try 'cgroup_disable=memory' option if you don't want memor                                                                                                                                y cgroups
> [    0.000000] Initializing HighMem for node 0 (000375fe:0007efa0)
> [    0.000000] Memory: 1925368k/2080384k available (4355k kernel code, 154564k r                                                                                                                                eserved, 2553k data, 604k init, 1173128k highmem)
> [    0.000000] virtual kernel memory layout:
> [    0.000000]     fixmap  : 0xffa96000 - 0xfffff000   (5540 kB)
> [    0.000000]     pkmap   : 0xff600000 - 0xff800000   (2048 kB)
> [    0.000000]     vmalloc : 0xf7dfe000 - 0xff5fe000   ( 120 MB)
> [    0.000000]     lowmem  : 0xc0000000 - 0xf75fe000   ( 885 MB)
> [    0.000000]       .init : 0xc0ac0000 - 0xc0b57000   ( 604 kB)
> [    0.000000]       .data : 0xc0840ce6 - 0xc0abf140   (2553 kB)
> [    0.000000]       .text : 0xc0400000 - 0xc0840ce6   (4355 kB)
> [    0.000000] Checking if this processor honours the WP bit even in supervisor                                                                                                                                 mode...Ok.
> [    0.000000] SLUB: Genslabs=15, HWalign=64, Order=0-3, MinObjects=0, CPUs=8, N                                                                                                                                odes=1
> [    0.000000] Hierarchical RCU implementation.
> [    0.000000]  RCU dyntick-idle grace-period acceleration is enabled.
> [    0.000000] NR_IRQS:2304 nr_irqs:744 16
> [    0.000000] Console: colour VGA+ 80x25
> [    0.000000] console [ttyS0] enabled
> [    0.001000] Fast TSC calibration using PIT
> [    0.002000] Detected 3092.948 MHz processor.
> [    0.000001] Calibrating delay loop (skipped), value calculated using timer fr                                                                                                                                equency.. 6185.89 BogoMIPS (lpj=3092948)
> [    0.010623] pid_max: default: 32768 minimum: 301
> [    0.015259] Security Framework initialized
> [    0.019360] SELinux:  Initializing.
> [    0.022890] Mount-cache hash table entries: 512
> [    0.027567] Initializing cgroup subsys cpuacct
> [    0.032016] Initializing cgroup subsys memory
> [    0.036378] Initializing cgroup subsys devices
> [    0.040828] Initializing cgroup subsys freezer
> [    0.045273] Initializing cgroup subsys net_cls
> [    0.049717] Initializing cgroup subsys blkio
> [    0.053992] Initializing cgroup subsys perf_event
> [    0.058716] CPU: Physical Processor ID: 0
> [    0.062731] CPU: Processor Core ID: 0
> [    0.066400] ENERGY_PERF_BIAS: Set to 'normal', was 'performance'
> [    0.066400] ENERGY_PERF_BIAS: View and update with x86_energy_perf_policy(8)
> [    0.079845] mce: CPU supports 7 MCE banks
> [    0.083865] CPU0: Thermal monitoring enabled (TM1)
> [    0.088660] using mwait in idle threads.
> [    0.092970] ACPI: Core revision 20120320
> [    0.099831] ftrace: allocating 22341 entries in 44 pages
> [    0.114494] Enabling APIC mode:  Flat.  Using 1 I/O APICs
> [    0.120288] ..TIMER: vector=0x30 apic1=0 pin1=2 apic2=-1 pin2=-1
> [    0.136289] CPU0: Intel(R) Core(TM) i3-2100 CPU @ 3.10GHz stepping 07
> [    0.244339] Performance Events: PEBS fmt1+, 16-deep LBR, SandyBridge events,                                                                                                                                 Intel PMU driver.
> [    0.253002] PEBS disabled due to CPU errata.
> [    0.257266] ... version:                3
> [    0.261268] ... bit width:              48
> [    0.265360] ... generic registers:      4
> [    0.269361] ... value mask:             0000ffffffffffff
> [    0.274665] ... max period:             000000007fffffff
> [    0.279968] ... fixed-purpose events:   3
> [    0.283970] ... event mask:             000000070000000f
> [    0.289398] NMI watchdog: enabled, takes one hw-pmu counter.
> [    0.295113] Booting Node   0, Processors  #1
> [    0.309508] Initializing CPU#1
> [    0.314863] NMI watchdog: enabled, takes one hw-pmu counter.
> [    0.320576]  #2
> [    0.332451] Initializing CPU#2
> [    0.337794] NMI watchdog: enabled, takes one hw-pmu counter.
> [    0.343509]  #3
> [    0.355368] Initializing CPU#3
> [    0.360722] NMI watchdog: enabled, takes one hw-pmu counter.
> [    0.366393] Brought up 4 CPUs
> [    0.369361] Total of 4 processors activated (24743.58 BogoMIPS).
> [    0.378165] devtmpfs: initialized
> [    0.381769] PM: Registering ACPI NVS region [mem 0x7efa0000-0x7efa2fff] (1228                                                                                                                                8 bytes)
> [    0.390193] atomic64 test passed for i586+ platform with CX8 and with SSE
> [    0.397002] RTC time: 11:07:54, date: 04/30/12
> [    0.401469] NET: Registered protocol family 16
> [    0.406188] ACPI: bus type pci registered
> [    0.410242] PCI: MMCONFIG for domain 0000 [bus 00-3f] at [mem 0xf0000000-0xf3                                                                                                                                ffffff] (base 0xf0000000)
> [    0.419541] PCI: MMCONFIG at [mem 0xf0000000-0xf3ffffff] reserved in E820
> [    0.426324] PCI: Using MMCONFIG for extended config space
> [    0.431721] PCI: Using configuration type 1 for base access
> [    0.438101] bio: create slab <bio-0> at 0
> [    0.442162] ACPI: Added _OSI(Module Device)
> [    0.446347] ACPI: Added _OSI(Processor Device)
> [    0.450783] ACPI: Added _OSI(3.0 _SCP Extensions)
> [    0.455481] ACPI: Added _OSI(Processor Aggregator Device)
> [    0.464601] ACPI: Interpreter enabled
> [    0.468271] ACPI: (supports S0 S1 S4 S5)
> [    0.472283] ACPI: Using IOAPIC for interrupt routing
> [    0.479727] ACPI: No dock devices found.
> [    0.483655] PCI: Using host bridge windows from ACPI; if necessary, use "pci=                                                                                                                                nocrs" and report a bug
> [    0.492811] ACPI: PCI Root Bridge [PCI0] (domain 0000 [bus 00-3f])
> [    0.499026] pci_root PNP0A03:00: host bridge window [io  0x0000-0x0cf7]
> [    0.505632] pci_root PNP0A03:00: host bridge window [io  0x0d00-0xffff]
> [    0.512244] pci_root PNP0A03:00: host bridge window [mem 0x000a0000-0x000bfff                                                                                                                                f]
> [    0.519547] pci_root PNP0A03:00: host bridge window [mem 0x000c0000-0x000dfff                                                                                                                                f]
> [    0.526844] pci_root PNP0A03:00: host bridge window [mem 0x7f800000-0xfebffff                                                                                                                                f]
> [    0.534171] PCI host bridge to bus 0000:00
> [    0.538264] pci_bus 0000:00: root bus resource [io  0x0000-0x0cf7]
> [    0.544442] pci_bus 0000:00: root bus resource [io  0x0d00-0xffff]
> [    0.550618] pci_bus 0000:00: root bus resource [mem 0x000a0000-0x000bffff]
> [    0.557481] pci_bus 0000:00: root bus resource [mem 0x000c0000-0x000dffff]
> [    0.564351] pci_bus 0000:00: root bus resource [mem 0x7f800000-0xfebfffff]
> [    0.574184] pci 0000:00:01.0: PCI bridge to [bus 01-01]
> [    0.579449] pci 0000:00:1c.0: PCI bridge to [bus 02-02]
> [    0.586181] pci 0000:00:1c.1: PCI bridge to [bus 03-03]
> [    0.591661] pci 0000:00:1c.3: PCI bridge to [bus 04-05] (subtractive decode)
> [    0.598866] pci 0000:04:00.0: PCI bridge to [bus 05-05] (subtractive decode)
> [    0.608172] pci 0000:00:1c.4: PCI bridge to [bus 06-06]
> [    0.615168] pci 0000:00:1c.5: PCI bridge to [bus 07-07]
> [    0.620741]  pci0000:00: Requesting ACPI _OSC control (0x1d)
> [    0.626394]  pci0000:00: ACPI _OSC request failed (AE_NOT_FOUND), returned co                                                                                                                                ntrol mask: 0x1d
> [    0.634909] ACPI _OSC control for PCIe not granted, disabling ASPM
> [    0.645330] ACPI: PCI Interrupt Link [LNKA] (IRQs 3 4 5 6 7 9 10 11 *12 14 15                                                                                                                                )
> [    0.652794] ACPI: PCI Interrupt Link [LNKB] (IRQs 3 4 5 6 7 9 *10 11 12 14 15                                                                                                                                )
> [    0.660270] ACPI: PCI Interrupt Link [LNKC] (IRQs 3 4 *5 6 7 9 10 11 12 14 15                                                                                                                                )
> [    0.667730] ACPI: PCI Interrupt Link [LNKD] (IRQs 3 4 5 6 7 9 10 *11 12 14 15                                                                                                                                )
> [    0.675190] ACPI: PCI Interrupt Link [LNKE] (IRQs 3 4 5 6 7 9 10 11 12 14 15)                                                                                                                                 *0, disabled.
> [    0.683812] ACPI: PCI Interrupt Link [LNKF] (IRQs 3 4 5 6 7 9 10 11 12 14 15)                                                                                                                                 *0, disabled.
> [    0.692433] ACPI: PCI Interrupt Link [LNK0] (IRQs 3 4 5 6 7 9 10 11 12 14 15)                                                                                                                                 *0, disabled.
> [    0.701052] ACPI: PCI Interrupt Link [LNK1] (IRQs *3 4 5 6 7 9 10 11 12 14 15                                                                                                                                )
> [    0.708552] vgaarb: device added: PCI:0000:01:00.0,decodes=io+mem,owns=io+mem                                                                                                                                ,locks=none
> [    0.716637] vgaarb: loaded
> [    0.719346] vgaarb: bridge control possible 0000:01:00.0
> [    0.724708] SCSI subsystem initialized
> [    0.728503] usbcore: registered new interface driver usbfs
> [    0.733989] usbcore: registered new interface driver hub
> [    0.739307] usbcore: registered new device driver usb
> [    0.744389] PCI: Using ACPI for IRQ routing
> [    0.750070] NetLabel: Initializing
> [    0.753467] NetLabel:  domain hash size = 128
> [    0.757816] NetLabel:  protocols = UNLABELED CIPSOv4
> [    0.762779] NetLabel:  unlabeled traffic allowed by default
> [    0.773478] pnp: PnP ACPI init
> [    0.776543] ACPI: bus type pnp registered
> [    0.780754] system 00:01: [io  0x04d0-0x04d1] has been reserved
> [    0.786673] system 00:01: [io  0x0290-0x029f] has been reserved
> [    0.792589] system 00:01: [io  0x0800-0x087f] has been reserved
> [    0.798508] system 00:01: [io  0x0290-0x0294] has been reserved
> [    0.804425] system 00:01: [io  0x0880-0x088f] has been reserved
> [    0.810996] system 00:0a: [io  0x0400-0x04cf] has been reserved
> [    0.816912] system 00:0a: [io  0x04d2-0x04ff] has been reserved
> [    0.822866] system 00:0b: [io  0x1000-0x107f] has been reserved
> [    0.828784] system 00:0b: [io  0x1080-0x10ff] has been reserved
> [    0.834699] system 00:0b: [io  0x1100-0x117f] has been reserved
> [    0.840617] system 00:0b: [io  0x1180-0x11ff] has been reserved
> [    0.846673] system 00:0c: [io  0x0454-0x0457] has been reserved
> [    0.852627] system 00:0d: [mem 0xf0000000-0xf3ffffff] has been reserved
> [    0.859409] system 00:0e: [mem 0x000ce400-0x000cffff] has been reserved
> [    0.866013] system 00:0e: [mem 0x000f0000-0x000f7fff] could not be reserved
> [    0.872963] system 00:0e: [mem 0x000f8000-0x000fbfff] could not be reserved
> [    0.879913] system 00:0e: [mem 0x000fc000-0x000fffff] could not be reserved
> [    0.886870] system 00:0e: [mem 0x7efa0000-0x7efaffff] could not be reserved
> [    0.893828] system 00:0e: [mem 0x00000000-0x0009ffff] could not be reserved
> [    0.900786] system 00:0e: [mem 0x00100000-0x7ef9ffff] could not be reserved
> [    0.907742] system 00:0e: [mem 0x7efb0000-0x7efcffff] could not be reserved
> [    0.914693] system 00:0e: [mem 0xfec00000-0xfec00fff] could not be reserved
> [    0.921649] system 00:0e: [mem 0xfed10000-0xfed1dfff] has been reserved
> [    0.928252] system 00:0e: [mem 0xfed20000-0xfed8ffff] has been reserved
> [    0.934863] system 00:0e: [mem 0xfee00000-0xfee00fff] has been reserved
> [    0.941466] system 00:0e: [mem 0xffb00000-0xffb7ffff] has been reserved
> [    0.948077] system 00:0e: [mem 0xfff00000-0xffffffff] has been reserved
> [    0.954680] system 00:0e: [mem 0x000e0000-0x000effff] has been reserved
> [    0.961291] system 00:0e: [mem 0x20000000-0x201fffff] could not be reserved
> [    0.968250] system 00:0e: [mem 0x40000000-0x400fffff] could not be reserved
> [    0.975206] system 00:0e: [mem 0x7f000000-0x7f7fffff] could not be reserved
> [    0.982195] pnp: PnP ACPI: found 16 devices
> [    0.986374] ACPI: ACPI bus type pnp unregistered
> [    1.026725] Switching to clocksource acpi_pm
> [    1.031073] pci 0000:00:1c.0: BAR 14: assigned [mem 0x7f800000-0x7f9fffff]
> [    1.037946] pci 0000:00:1c.0: BAR 15: assigned [mem 0x7fa00000-0x7fbfffff 64b                                                                                                                                it pref]
> [    1.045767] pci 0000:00:1c.0: BAR 13: assigned [io  0x2000-0x2fff]
> [    1.051945] pci 0000:01:00.0: BAR 6: assigned [mem 0xf9000000-0xf901ffff pref                                                                                                                                ]
> [    1.059162] pci 0000:00:01.0: PCI bridge to [bus 01-01]
> [    1.064388] pci 0000:00:01.0:   bridge window [io  0xd000-0xdfff]
> [    1.070477] pci 0000:00:01.0:   bridge window [mem 0xf6000000-0xf9ffffff]
> [    1.077261] pci 0000:00:01.0:   bridge window [mem 0xe0000000-0xefffffff 64bi                                                                                                                                t pref]
> [    1.085000] pci 0000:00:1c.0: PCI bridge to [bus 02-02]
> [    1.090225] pci 0000:00:1c.0:   bridge window [io  0x2000-0x2fff]
> [    1.096319] pci 0000:00:1c.0:   bridge window [mem 0x7f800000-0x7f9fffff]
> [    1.103475] pci 0000:00:1c.0:   bridge window [mem 0x7fa00000-0x7fbfffff 64bi                                                                                                                                t pref]
> [    1.111213] pci 0000:00:1c.1: PCI bridge to [bus 03-03]
> [    1.116438] pci 0000:00:1c.1:   bridge window [mem 0xfbd00000-0xfbdfffff]
> [    1.123225] pci 0000:04:00.0: PCI bridge to [bus 05-05]
> [    1.128467] pci 0000:00:1c.3: PCI bridge to [bus 04-05]
> [    1.133696] pci 0000:00:1c.4: PCI bridge to [bus 06-06]
> [    1.138924] pci 0000:00:1c.4:   bridge window [mem 0xfbc00000-0xfbcfffff]
> [    1.145711] pci 0000:00:1c.5: PCI bridge to [bus 07-07]
> [    1.150939] pci 0000:00:1c.5:   bridge window [io  0xe000-0xefff]
> [    1.157034] pci 0000:00:1c.5:   bridge window [mem 0xfbe00000-0xfbefffff 64bi                                                                                                                                t pref]
> [    1.164783] pci 0000:00:1c.0: enabling device (0000 -> 0003)
> [    1.170550] NET: Registered protocol family 2
> [    1.174943] IP route cache hash table entries: 32768 (order: 5, 131072 bytes)
> [    1.182157] TCP established hash table entries: 131072 (order: 8, 1048576 byt                                                                                                                                es)
> [    1.189748] TCP bind hash table entries: 65536 (order: 7, 524288 bytes)
> [    1.196451] TCP: Hash tables configured (established 131072 bind 65536)
> [    1.203067] TCP: reno registered
> [    1.206298] UDP hash table entries: 512 (order: 2, 16384 bytes)
> [    1.212218] UDP-Lite hash table entries: 512 (order: 2, 16384 bytes)
> [    1.218614] NET: Registered protocol family 1
> [    1.245156] Unpacking initramfs...
> [    3.477744] Freeing initrd memory: 124496k freed
> [    3.498239] apm: BIOS not found.
> [    3.501781] audit: initializing netlink socket (disabled)
> [    3.507191] type=2000 audit(1335784075.780:1): initialized
> [    3.529860] highmem bounce pool size: 64 pages
> [    3.534305] HugeTLB registered 2 MB page size, pre-allocated 0 pages
> [    3.541961] VFS: Disk quotas dquot_6.5.2
> [    3.545921] Dquot-cache hash table entries: 1024 (order 0, 4096 bytes)
> [    3.552757] msgmni has been set to 1712
> [    3.556955] alg: No test for stdrng (krng)
> [    3.561061] NET: Registered protocol family 38
> [    3.565531] Block layer SCSI generic (bsg) driver version 0.4 loaded (major 253)
> [    3.572947] io scheduler noop registered
> [    3.576871] io scheduler deadline registered
> [    3.581146] io scheduler cfq registered (default)
> [    3.586115] pci_hotplug: PCI Hot Plug PCI Core version: 0.5
> [    3.591703] pciehp: PCI Express Hot Plug Controller Driver version: 0.4
> [    3.598317] acpiphp: ACPI Hot Plug PCI Controller Driver version: 0.5
> [    3.605035] input: Power Button as /devices/LNXSYSTM:00/device:00/PNP0C0C:00/input/input0
> [    3.613206] ACPI: Power Button [PWRB]
> [    3.616898] input: Power Button as /devices/LNXSYSTM:00/LNXPWRBN:00/input/input1
> [    3.624285] ACPI: Power Button [PWRF]
> [    3.628056] ACPI: Requesting acpi_cpufreq
> [    3.634631] GHES: HEST is not enabled!
> [    3.638391] isapnp: Scanning for PnP cards...
> [    4.000774] isapnp: No Plug & Play device found
> [    4.005374] Serial: 8250/16550 driver, 4 ports, IRQ sharing enabled
> [    4.032193] serial8250: ttyS0 at I/O 0x3f8 (irq = 4) is a 16550A
> [    4.058973] 00:07: ttyS0 at I/O 0x3f8 (irq = 4) is a 16550A
> [    4.064756] hpet_acpi_add: no address or irqs in _CRS
> [    4.069833] Non-volatile memory driver v1.3
> [    4.074018] Linux agpgart interface v0.103
> [    4.078739] loop: module loaded
> [    4.081946] ata_piix 0000:00:1f.2: MAP [ P0 P2 P1 P3 ]
> [    4.237605] scsi0 : ata_piix
> [    4.240589] scsi1 : ata_piix
> [    4.243750] ata2: SATA max UDMA/133 cmd 0xff00 ctl 0xfe00 bmdma 0xfb00 irq 19
> [    4.250884] ata3: SATA max UDMA/133 cmd 0xfd00 ctl 0xfc00 bmdma 0xfb08 irq 19
> [    4.258025] ata_piix 0000:00:1f.5: MAP [ P0 -- P1 -- ]
> [    4.263421] scsi2 : ata_piix
> [    4.266349] scsi3 : ata_piix
> [    4.269459] ata4: SATA max UDMA/133 cmd 0xf800 ctl 0xf700 bmdma 0xf400 irq 19
> [    4.276591] ata5: SATA max UDMA/133 cmd 0xf600 ctl 0xf500 bmdma 0xf408 irq 19
> [    4.283764] Fixed MDIO Bus: probed
> [    4.287217] ehci_hcd: USB 2.0 'Enhanced' Host Controller (EHCI) Driver
> [    4.293765] ehci_hcd 0000:00:1a.0: EHCI Host Controller
> [    4.299031] ehci_hcd 0000:00:1a.0: new USB bus registered, assigned bus number 1
> [    4.306438] ehci_hcd 0000:00:1a.0: debug port 2
> [    4.314877] ehci_hcd 0000:00:1a.0: irq 18, io mem 0xfbffe000
> [    4.326328] ehci_hcd 0000:00:1a.0: USB 2.0 started, EHCI 1.00
> [    4.332097] usb usb1: New USB device found, idVendor=1d6b, idProduct=0002
> [    4.338879] usb usb1: New USB device strings: Mfr=3, Product=2, SerialNumber=1
> [    4.346098] usb usb1: Product: EHCI Host Controller
> [    4.350976] usb usb1: Manufacturer: Linux 3.4.0-rc4 ehci_hcd
> [    4.356633] usb usb1: SerialNumber: 0000:00:1a.0
> [    4.361340] hub 1-0:1.0: USB hub found
> [    4.365093] hub 1-0:1.0: 2 ports detected
> [    4.369152] ehci_hcd 0000:00:1d.0: EHCI Host Controller
> [    4.374417] ehci_hcd 0000:00:1d.0: new USB bus registered, assigned bus number 2
> [    4.381820] ehci_hcd 0000:00:1d.0: debug port 2
> [    4.390239] ehci_hcd 0000:00:1d.0: irq 23, io mem 0xfbffd000
> [    4.401311] ehci_hcd 0000:00:1d.0: USB 2.0 started, EHCI 1.00
> [    4.407068] usb usb2: New USB device found, idVendor=1d6b, idProduct=0002
> [    4.413855] usb usb2: New USB device strings: Mfr=3, Product=2, SerialNumber=1
> [    4.421072] usb usb2: Product: EHCI Host Controller
> [    4.425950] usb usb2: Manufacturer: Linux 3.4.0-rc4 ehci_hcd
> [    4.431610] usb usb2: SerialNumber: 0000:00:1d.0
> [    4.436334] hub 2-0:1.0: USB hub found
> [    4.440086] hub 2-0:1.0: 2 ports detected
