Return-path: <linux-media-owner@vger.kernel.org>
Received: from smtp-out114.alice.it ([85.37.17.114]:4876 "EHLO
	smtp-out114.alice.it" rhost-flags-OK-OK-OK-OK) by vger.kernel.org
	with ESMTP id S1753990AbZANWbo (ORCPT
	<rfc822;linux-media@vger.kernel.org>);
	Wed, 14 Jan 2009 17:31:44 -0500
From: Roland Graf <roland.graf@alice.it>
To: linux-media@vger.kernel.org
Subject: Strange Problem with Twinhan DVB-S 1030 A
Date: Thu, 15 Jan 2009 00:23:54 +0100
MIME-Version: 1.0
Content-Type: Multipart/Mixed;
  boundary="Boundary-00=_LQnbJAYM1LFF31c"
Message-Id: <200901150023.55018.roland.graf@alice.it>
Sender: linux-media-owner@vger.kernel.org
List-ID: <linux-media.vger.kernel.org>

--Boundary-00=_LQnbJAYM1LFF31c
Content-Type: text/plain;
  charset="utf-8"
Content-Transfer-Encoding: 7bit
Content-Disposition: inline

Hi,

i have a strange Problem with my Twinhan DVB-S 1030 A TV-Card.

I'm running a gentoo system on AMD 64 Athlon X2. 

Under the Kernel 2.6.26 with an hg pull of the v4l-Drivers in date 17.08.2008 
from Mercurial the TV-Card works well. 

Under the Kernel 2.6.27-r7 with an hg pull of the v4l-Drivers in date 
12.01.2009 the recever cannot lock the channels.

In both Kernels the necessary modules are loaded correctly.  Please someone 
can help me to make work the TV-Card under the new Kernel, or give me a tip 
what's the reason for this strange behavior, to fix it.

In the attachment you find the Kernelconfigurations for both Kernels, the 
dmesg-Outputs and the kaffeine output launching kaffeine on the console.

If you need more information please let me know.

Thank you

Best regards Roland

--Boundary-00=_LQnbJAYM1LFF31c
Content-Type: text/plain;
  charset="utf-8";
  name="dmesg kernel 2.6.27-r7.txt"
Content-Transfer-Encoding: 7bit
Content-Disposition: attachment;
	filename="dmesg kernel 2.6.27-r7.txt"

Passwort:
roland ~ # dmesg
 GBT    NVDAACPI 42302E31 NVDA  1010101)
(6 early reservations) ==> bootmem [0000000000 - 007fef0000]
  #0 [0000000000 - 0000001000]   BIOS data page ==> [0000000000 - 0000001000]
  #1 [0000006000 - 0000008000]       TRAMPOLINE ==> [0000006000 - 0000008000]
  #2 [0000200000 - 0000846f78]    TEXT DATA BSS ==> [0000200000 - 0000846f78]
  #3 [0036b43000 - 0037fef524]          RAMDISK ==> [0036b43000 - 0037fef524]
  #4 [000009f800 - 0000100000]    BIOS reserved ==> [000009f800 - 0000100000]
  #5 [0000008000 - 000000a000]          PGTABLE ==> [0000008000 - 000000a000]
found SMP MP-table at [ffff8800000f4a50] 000f4a50
 [ffffe20000000000-ffffe20001bfffff] PMD -> [ffff880001200000-ffff880002dfffff] on node 0
Zone PFN ranges:
  DMA      0x00000000 -> 0x00001000
  DMA32    0x00001000 -> 0x00100000
  Normal   0x00100000 -> 0x00100000
Movable zone start PFN for each node
early_node_map[2] active PFN ranges
    0: 0x00000000 -> 0x0000009f
    0: 0x00000100 -> 0x0007fef0
On node 0 totalpages: 523919
  DMA zone: 2234 pages, LIFO batch:0
  DMA32 zone: 512811 pages, LIFO batch:31
Detected use of extended apic ids on hypertransport bus
ACPI: PM-Timer IO Port: 0x1008
ACPI: Local APIC address 0xfee00000
ACPI: LAPIC (acpi_id[0x00] lapic_id[0x00] enabled)
ACPI: LAPIC (acpi_id[0x01] lapic_id[0x01] enabled)
ACPI: LAPIC_NMI (acpi_id[0x00] dfl dfl lint[0x1])
ACPI: LAPIC_NMI (acpi_id[0x01] dfl dfl lint[0x1])
ACPI: IOAPIC (id[0x02] address[0xfec00000] gsi_base[0])
IOAPIC[0]: apic_id 2, version 0, address 0xfec00000, GSI 0-23
ACPI: INT_SRC_OVR (bus 0 bus_irq 0 global_irq 2 dfl dfl)
ACPI: INT_SRC_OVR (bus 0 bus_irq 9 global_irq 9 high level)
ACPI: INT_SRC_OVR (bus 0 bus_irq 14 global_irq 14 high edge)
ACPI: IRQ0 used by override.
ACPI: IRQ2 used by override.
ACPI: IRQ9 used by override.
ACPI: IRQ14 used by override.
Setting APIC routing to flat
ACPI: HPET id: 0x10de8201 base: 0xfeff0000
Using ACPI (MADT) for SMP configuration information
SMP: Allowing 2 CPUs, 0 hotplug CPUs
PM: Registered nosave memory: 000000000009f000 - 00000000000a0000
PM: Registered nosave memory: 00000000000a0000 - 00000000000f0000
PM: Registered nosave memory: 00000000000f0000 - 0000000000100000
Allocating PCI resources starting at 80000000 (gap: 7ff00000:60100000)
PERCPU: Allocating 46660 bytes of per cpu data
NR_CPUS: 32, nr_cpu_ids: 2, nr_node_ids 1
Built 1 zonelists in Zone order, mobility grouping on.  Total pages: 515045
Kernel command line: root=/dev/ram0 init=/linuxrc ramdisk=8192 real_root=UUID=eaa1e285-75e3-4cef-8fea-4adb43a9a92f udev vga=791
Initializing CPU#0
Preemptible RCU implementation.
PID hash table entries: 4096 (order: 12, 32768 bytes)
TSC: PIT calibration confirmed by PMTIMER.
TSC: using PIT calibration value
Detected 2310.412 MHz processor.
spurious 8259A interrupt: IRQ7.
Console: colour dummy device 80x25
console [tty0] enabled
Dentry cache hash table entries: 262144 (order: 9, 2097152 bytes)
Inode-cache hash table entries: 131072 (order: 8, 1048576 bytes)
Checking aperture...
No AGP bridge found
Node 0: aperture @ 2c7e000000 size 32 MB
Aperture beyond 4GB. Ignoring.
Memory: 2035516k/2096064k available (4009k kernel code, 59588k reserved, 1122k data, 328k init)
CPA: page pool initialized 1 of 1 pages preallocated
hpet clockevent registered
Calibrating delay loop (skipped), value calculated using timer frequency.. 4620.82 BogoMIPS (lpj=2310412)
Mount-cache hash table entries: 256
Initializing cgroup subsys ns
Initializing cgroup subsys cpuacct
CPU: L1 I Cache: 64K (64 bytes/line), D cache 64K (64 bytes/line)
CPU: L2 Cache: 512K (64 bytes/line)
tseg: 007ff00000
CPU: Physical Processor ID: 0
CPU: Processor Core ID: 0
using C1E aware idle routine
ACPI: Core revision 20080609
..TIMER: vector=0x30 apic1=0 pin1=2 apic2=-1 pin2=-1
CPU0: AMD Athlon(tm) 64 X2 Dual Core Processor 4400+ stepping 02
Using local APIC timer interrupts.
APIC timer calibration result 12556647
Detected 12.556 MHz APIC timer.
Booting processor 1/1 ip 6000
Initializing CPU#1
Calibrating delay using timer specific routine.. 4620.72 BogoMIPS (lpj=2310360)
CPU: L1 I Cache: 64K (64 bytes/line), D cache 64K (64 bytes/line)
CPU: L2 Cache: 512K (64 bytes/line)
CPU: Physical Processor ID: 0
CPU: Processor Core ID: 1
CPU1: AMD Athlon(tm) 64 X2 Dual Core Processor 4400+ stepping 02
Brought up 2 CPUs
Total of 2 processors activated (9241.54 BogoMIPS).
net_namespace: 1440 bytes
NET: Registered protocol family 16
node 0 link 0: io port [1000, fffff]
TOM: 0000000080000000 aka 2048M
node 0 link 0: mmio [e0000000, e1ffffff]
node 0 link 0: mmio [a0000, bffff]
node 0 link 0: mmio [80000000, ffb7ffff]
bus: [00,ff] on node 0 link 0
bus: 00 index 0 io port: [0, ffff]
bus: 00 index 1 mmio: [80000000, fcffffffff]
bus: 00 index 2 mmio: [a0000, bffff]
ACPI: bus type pci registered
PCI: MCFG configuration 0: base e0000000 segment 0 buses 0 - 31
PCI: MCFG area at e0000000 reserved in E820
PCI: Using MMCONFIG at e0000000 - e1ffffff
PCI: Using configuration type 1 for base access
ACPI: EC: Look up EC in DSDT
ACPI: Interpreter enabled
ACPI: (supports S0 S1 S4 S5)
ACPI: Using IOAPIC for interrupt routing
ACPI: PCI Root Bridge [PCI0] (0000:00)
PCI: 0000:00:01.1 reg 10 io port: [e000, e03f]
PCI: 0000:00:01.1 reg 20 io port: [1c00, 1c3f]
PCI: 0000:00:01.1 reg 24 io port: [1c40, 1c7f]
pci 0000:00:01.1: PME# supported from D3hot D3cold
pci 0000:00:01.1: PME# disabled
PCI: 0000:00:02.0 reg 10 32bit mmio: [e6206000, e6206fff]
pci 0000:00:02.0: supports D1
pci 0000:00:02.0: supports D2
pci 0000:00:02.0: PME# supported from D0 D1 D2 D3hot D3cold
pci 0000:00:02.0: PME# disabled
PCI: 0000:00:02.1 reg 10 32bit mmio: [e6207000, e62070ff]
pci 0000:00:02.1: supports D1
pci 0000:00:02.1: supports D2
pci 0000:00:02.1: PME# supported from D0 D1 D2 D3hot D3cold
pci 0000:00:02.1: PME# disabled
PCI: 0000:00:06.0 reg 10 32bit mmio: [e6208000, e6208fff]
PCI: 0000:00:06.0 reg 14 io port: [c800, c807]
pci 0000:00:06.0: supports D1
pci 0000:00:06.0: supports D2
pci 0000:00:06.0: PME# supported from D0 D1 D2 D3hot D3cold
pci 0000:00:06.0: PME# disabled
PCI: 0000:00:07.0 reg 10 32bit mmio: [e6200000, e6203fff]
pci 0000:00:07.0: PME# supported from D3hot D3cold
pci 0000:00:07.0: PME# disabled
PCI: 0000:00:09.0 reg 20 io port: [f000, f00f]
PCI: 0000:00:0a.0 reg 10 io port: [9f0, 9f7]
PCI: 0000:00:0a.0 reg 14 io port: [bf0, bf3]
PCI: 0000:00:0a.0 reg 18 io port: [970, 977]
PCI: 0000:00:0a.0 reg 1c io port: [b70, b73]
PCI: 0000:00:0a.0 reg 20 io port: [dc00, dc0f]
PCI: 0000:00:0a.0 reg 24 32bit mmio: [e6204000, e6205fff]
pci 0000:00:0d.0: PME# supported from D0 D1 D2 D3hot D3cold
pci 0000:00:0d.0: PME# disabled
PCI: 0000:01:06.0 reg 10 32bit mmio: [e6008000, e6008fff]
pci 0000:01:06.0: PME# supported from D0 D1 D3hot D3cold
pci 0000:01:06.0: PME# disabled
PCI: 0000:01:06.1 reg 10 32bit mmio: [e6004000, e6004fff]
pci 0000:01:06.1: PME# supported from D0 D1 D3hot D3cold
pci 0000:01:06.1: PME# disabled
PCI: 0000:01:06.2 reg 10 32bit mmio: [e6005000, e6005fff]
pci 0000:01:06.2: PME# supported from D0 D1 D3hot D3cold
pci 0000:01:06.2: PME# disabled
PCI: 0000:01:06.3 reg 10 32bit mmio: [e6006000, e60060ff]
pci 0000:01:06.3: PME# supported from D0 D3hot D3cold
pci 0000:01:06.3: PME# disabled
PCI: 0000:01:08.0 reg 10 32bit mmio: [e6100000, e6100fff]
PCI: 0000:01:08.1 reg 10 32bit mmio: [e6101000, e6101fff]
PCI: 0000:01:0e.0 reg 10 32bit mmio: [e6007000, e60077ff]
PCI: 0000:01:0e.0 reg 14 32bit mmio: [e6000000, e6003fff]
pci 0000:01:0e.0: supports D1
pci 0000:01:0e.0: supports D2
pci 0000:01:0e.0: PME# supported from D0 D1 D2 D3hot
pci 0000:01:0e.0: PME# disabled
pci 0000:00:08.0: transparent bridge
PCI: bridge 0000:00:08.0 32bit mmio: [e6000000, e60fffff]
PCI: bridge 0000:00:08.0 32bit mmio pref: [e6100000, e61fffff]
PCI: 0000:02:00.0 reg 10 32bit mmio: [e4000000, e4ffffff]
PCI: 0000:02:00.0 reg 14 64bit mmio: [d0000000, dfffffff]
PCI: 0000:02:00.0 reg 1c 64bit mmio: [e2000000, e3ffffff]
PCI: 0000:02:00.0 reg 24 io port: [b000, b07f]
PCI: 0000:02:00.0 reg 30 32bit mmio: [0, 1ffff]
PCI: bridge 0000:00:0d.0 io port: [b000, bfff]
PCI: bridge 0000:00:0d.0 32bit mmio: [e2000000, e5ffffff]
PCI: bridge 0000:00:0d.0 64bit mmio pref: [d0000000, dfffffff]
bus 00 -> node 0
ACPI: PCI Interrupt Routing Table [\_SB_.PCI0._PRT]
ACPI: PCI Interrupt Routing Table [\_SB_.PCI0.HUB0._PRT]
ACPI: PCI Interrupt Link [LNK1] (IRQs *5 7 9 10 11 14 15)
ACPI: PCI Interrupt Link [LNK2] (IRQs 5 7 9 10 *11 14 15)
ACPI: PCI Interrupt Link [LNK3] (IRQs 5 7 9 10 *11 14 15)
ACPI: PCI Interrupt Link [LNK4] (IRQs *5 7 9 10 11 14 15)
ACPI: PCI Interrupt Link [LNK5] (IRQs 5 7 9 10 11 14 15) *0, disabled.
ACPI: PCI Interrupt Link [LNK6] (IRQs 5 7 9 10 11 14 15) *0, disabled.
ACPI: PCI Interrupt Link [LNK7] (IRQs 5 7 9 10 11 14 15) *0, disabled.
ACPI: PCI Interrupt Link [LNK8] (IRQs 5 7 9 10 11 14 15) *0, disabled.
ACPI: PCI Interrupt Link [LP2P] (IRQs 5 7 9 10 11 14 15) *0, disabled.
ACPI: PCI Interrupt Link [LUBA] (IRQs *5 7 9 10 11 14 15)
ACPI: PCI Interrupt Link [LUB2] (IRQs 5 7 9 *10 11 14 15)
ACPI: PCI Interrupt Link [LU1B] (IRQs 5 7 9 10 11 14 15) *0
ACPI: PCI Interrupt Link [LU2B] (IRQs 5 7 9 10 11 14 15) *0
ACPI: PCI Interrupt Link [LMAC] (IRQs 5 7 9 10 11 14 *15)
ACPI: PCI Interrupt Link [LAZA] (IRQs 5 7 9 *10 11 14 15)
ACPI: PCI Interrupt Link [LPMU] (IRQs 5 7 9 10 11 14 15) *0, disabled.
ACPI: PCI Interrupt Link [LSMB] (IRQs 5 7 9 10 *11 14 15)
ACPI: PCI Interrupt Link [LIDE] (IRQs 5 7 9 10 11 14 15) *0, disabled.
ACPI: PCI Interrupt Link [LSID] (IRQs 5 7 9 10 *11 14 15)
ACPI: PCI Interrupt Link [APC1] (IRQs 16) *0
ACPI: PCI Interrupt Link [APC2] (IRQs 17) *0
ACPI: PCI Interrupt Link [APC3] (IRQs 18) *0
ACPI: PCI Interrupt Link [APC4] (IRQs 19) *0
ACPI: PCI Interrupt Link [APC5] (IRQs 16) *0, disabled.
ACPI: PCI Interrupt Link [APC6] (IRQs 16) *0, disabled.
ACPI: PCI Interrupt Link [APC7] (IRQs 16) *0, disabled.
ACPI: PCI Interrupt Link [APC8] (IRQs 16) *0, disabled.
ACPI: PCI Interrupt Link [AUBA] (IRQs 20 21 22 23) *0
ACPI: PCI Interrupt Link [AUB2] (IRQs 20 21 22 23) *0
ACPI: PCI Interrupt Link [AU1B] (IRQs 20 21 22 23) *0
ACPI: PCI Interrupt Link [AU2B] (IRQs 20 21 22 23) *0
ACPI: PCI Interrupt Link [APCH] (IRQs 20 21 22 23) *0
ACPI: PCI Interrupt Link [APMU] (IRQs 20 21 22 23) *0, disabled.
ACPI: PCI Interrupt Link [AAZA] (IRQs 20 21 22 23) *0
ACPI: PCI Interrupt Link [APCS] (IRQs 20 21 22 23) *0
ACPI: PCI Interrupt Link [APCM] (IRQs 20 21 22 23) *0, disabled.
ACPI: PCI Interrupt Link [APCZ] (IRQs 20 21 22 23) *0, disabled.
ACPI: PCI Interrupt Link [APSI] (IRQs 20 21 22 23) *0
Linux Plug and Play Support v0.97 (c) Adam Belay
pnp: PnP ACPI init
ACPI: bus type pnp registered
pnp: PnP ACPI: found 15 devices
ACPI: ACPI bus type pnp unregistered
SCSI subsystem initialized
PCI: Using ACPI for IRQ routing
DMAR:parse DMAR table failure.
ACPI: RTC can wake from S4
Switched to high resolution mode on CPU 0
Switched to high resolution mode on CPU 1
system 00:01: ioport range 0x1000-0x107f has been reserved
system 00:01: ioport range 0x1080-0x10ff has been reserved
system 00:01: ioport range 0x1400-0x147f has been reserved
system 00:01: ioport range 0x1480-0x14ff has been reserved
system 00:01: ioport range 0x1800-0x187f has been reserved
system 00:01: ioport range 0x1880-0x18ff has been reserved
system 00:02: ioport range 0x4d0-0x4d1 has been reserved
system 00:02: ioport range 0x800-0x87f has been reserved
system 00:02: ioport range 0x295-0x314 has been reserved
system 00:02: ioport range 0x290-0x294 has been reserved
system 00:0d: iomem range 0xe0000000-0xe1ffffff could not be reserved
system 00:0e: iomem range 0xcc800-0xcffff has been reserved
system 00:0e: iomem range 0xf0000-0xf7fff could not be reserved
system 00:0e: iomem range 0xf8000-0xfbfff could not be reserved
system 00:0e: iomem range 0xfc000-0xfffff could not be reserved
system 00:0e: iomem range 0x7fef0000-0x7fefffff could not be reserved
system 00:0e: iomem range 0xffff0000-0xffffffff could not be reserved
system 00:0e: iomem range 0x0-0x9ffff could not be reserved
system 00:0e: iomem range 0x100000-0x7feeffff could not be reserved
system 00:0e: iomem range 0xfec00000-0xfec00fff could not be reserved
system 00:0e: iomem range 0xfee00000-0xfee00fff could not be reserved
pci 0000:00:08.0: PCI bridge, secondary bus 0000:01
pci 0000:00:08.0:   IO window: disabled
pci 0000:00:08.0:   MEM window: 0xe6000000-0xe60fffff
pci 0000:00:08.0:   PREFETCH window: 0x000000e6100000-0x000000e61fffff
pci 0000:00:0d.0: PCI bridge, secondary bus 0000:02
pci 0000:00:0d.0:   IO window: 0xb000-0xbfff
pci 0000:00:0d.0:   MEM window: 0xe2000000-0xe5ffffff
pci 0000:00:0d.0:   PREFETCH window: 0x000000d0000000-0x000000dfffffff
pci 0000:00:08.0: setting latency timer to 64
pci 0000:00:0d.0: setting latency timer to 64
bus: 00 index 0 io port: [0, ffff]
bus: 00 index 1 mmio: [0, ffffffffffffffff]
bus: 01 index 0 mmio: [0, 0]
bus: 01 index 1 mmio: [e6000000, e60fffff]
bus: 01 index 2 mmio: [e6100000, e61fffff]
bus: 01 index 3 io port: [0, ffff]
bus: 01 index 4 mmio: [0, ffffffffffffffff]
bus: 02 index 0 io port: [b000, bfff]
bus: 02 index 1 mmio: [e2000000, e5ffffff]
bus: 02 index 2 mmio: [d0000000, dfffffff]
bus: 02 index 3 mmio: [0, 0]
NET: Registered protocol family 2
IP route cache hash table entries: 65536 (order: 7, 524288 bytes)
TCP established hash table entries: 262144 (order: 10, 4194304 bytes)
TCP bind hash table entries: 65536 (order: 8, 1048576 bytes)
TCP: Hash tables configured (established 262144 bind 65536)
TCP reno registered
NET: Registered protocol family 1
checking if image is initramfs... it is
Freeing initrd memory: 21169k freed
audit: initializing netlink socket (disabled)
type=2000 audit(1231961374.684:1): initialized
squashfs: version 3.4 (2008/08/26) Phillip Lougher
SGI XFS with ACLs, security attributes, realtime, large block/inode numbers, no debug enabled
SGI XFS Quota Management subsystem
OCFS2 1.5.0
ocfs2: Registered cluster interface o2cb
OCFS2 Node Manager 1.5.0
OCFS2 DLM 1.5.0
OCFS2 DLMFS 1.5.0
OCFS2 User DLM kernel interface loaded
GFS2 (built Jan 14 2009 19:14:52) installed
msgmni has been set to 4018
Block layer SCSI generic (bsg) driver version 0.4 loaded (major 254)
io scheduler noop registered
io scheduler anticipatory registered (default)
io scheduler deadline registered
io scheduler cfq registered
pci 0000:00:00.0: Enabling HT MSI Mapping
pci 0000:00:06.0: Enabling HT MSI Mapping
pci 0000:00:07.0: Enabling HT MSI Mapping
pci 0000:00:08.0: Enabling HT MSI Mapping
pci 0000:00:0a.0: Enabling HT MSI Mapping
pci 0000:00:0d.0: Enabling HT MSI Mapping
pci 0000:02:00.0: Boot video device
pcieport-driver 0000:00:0d.0: setting latency timer to 64
pcieport-driver 0000:00:0d.0: found MSI capability
pci_express 0000:00:0d.0:pcie00: allocate port service
pci_express 0000:00:0d.0:pcie03: allocate port service
Linux agpgart interface v0.103
vesafb: framebuffer at 0xe3000000, mapped to 0xffffc20002100000, using 3072k, total 14336k
vesafb: mode is 1024x768x16, linelength=2048, pages=1
vesafb: scrolling: redraw
vesafb: Truecolor: size=0:5:6:5, shift=0:11:5:0
Console: switching to colour frame buffer device 128x48
fb0: VESA VGA frame buffer device
Serial: 8250/16550 driver4 ports, IRQ sharing enabled
serial8250: ttyS0 at I/O 0x3f8 (irq = 4) is a 16550A
00:09: ttyS0 at I/O 0x3f8 (irq = 4) is a 16550A
brd: module loaded
loop: module loaded
input: Macintosh mouse button emulation as /class/input/input0
Uniform Multi-Platform E-IDE driver
amd74xx 0000:00:09.0: UDMA133 controller
amd74xx 0000:00:09.0: IDE controller (0x10de:0x0448 rev 0xa1)
amd74xx 0000:00:09.0: IDE port disabled
amd74xx 0000:00:09.0: BIOS didn't set cable bits correctly. Enabling workaround.
amd74xx 0000:00:09.0: not 100% native mode: will probe irqs later
    ide0: BM-DMA at 0xf000-0xf007
Probing IDE interface ide0...
hda: HDS722512VLAT20, ATA DISK drive
hdb: PHILIPS DVDR1640P, ATAPI CD/DVD-ROM drive
hda: host max PIO5 wanted PIO255(auto-tune) selected PIO4
hda: UDMA/100 mode selected
hdb: host max PIO5 wanted PIO255(auto-tune) selected PIO4
hdb: UDMA/33 mode selected
ide0 at 0x1f0-0x1f7,0x3f6 on irq 14
isa bounce pool size: 16 pages
ide_generic: please use "probe_mask=0x3f" module parameter for probing all legacy ISA IDE ports
ide_generic: I/O resource 0x1F0-0x1F7 not free.
ide_generic: I/O resource 0x170-0x177 not free.
hda: max request size: 512KiB
hda: Host Protected Area detected.
        current capacity is 241252607 sectors (123521 MB)
        native  capacity is 241254720 sectors (123522 MB)
hda: Host Protected Area disabled.
hda: 241254720 sectors (123522 MB) w/1794KiB Cache, CHS=16383/255/63
hda: cache flushes supported
 hda: hda1 hda2 < hda5 hda6 >
hdb: ATAPI 40X DVD-ROM DVD-R CD-R/RW drive, 2048kB Cache
Uniform CD-ROM driver Revision: 3.20
Driver 'sd' needs updating - please use bus_type methods
Driver 'sr' needs updating - please use bus_type methods
PNP: PS/2 Controller [PNP0303:PS2K,PNP0f13:PS2M] at 0x60,0x64 irq 1,12
serio: i8042 KBD port at 0x60,0x64 irq 1
serio: i8042 AUX port at 0x60,0x64 irq 12
mice: PS/2 mouse device common for all mice
input: AT Translated Set 2 keyboard as /class/input/input1
cpuidle: using governor ladder
cpuidle: using governor menu
TCP cubic registered
NET: Registered protocol family 17
registered taskstats version 1
Freeing unused kernel memory: 328k freed
No dock devices found.
libata version 3.00 loaded.
input: ImPS/2 Generic Wheel Mouse as /class/input/input2
ahci 0000:00:0a.0: version 3.0
ACPI: PCI Interrupt Link [APSI] enabled at IRQ 23
ahci 0000:00:0a.0: PCI INT A -> Link[APSI] -> GSI 23 (level, low) -> IRQ 23
ahci 0000:00:0a.0: AHCI 0001.0100 32 slots 4 ports 3 Gbps 0xf impl SATA mode
ahci 0000:00:0a.0: flags: 64bit ncq sntf pm led clo pmp pio
ahci 0000:00:0a.0: setting latency timer to 64
scsi0 : ahci
scsi1 : ahci
scsi2 : ahci
scsi3 : ahci
ata1: SATA max UDMA/133 abar m8192@0xe6204000 port 0xe6204100 irq 1278
ata2: SATA max UDMA/133 abar m8192@0xe6204000 port 0xe6204180 irq 1278
ata3: SATA max UDMA/133 abar m8192@0xe6204000 port 0xe6204200 irq 1278
ata4: SATA max UDMA/133 abar m8192@0xe6204000 port 0xe6204280 irq 1278
ata1: SATA link up 1.5 Gbps (SStatus 113 SControl 300)
ata1.00: HPA detected: current 976771055, native 976773168
ata1.00: ATA-8: ST3500320AS, SD15, max UDMA/133
ata1.00: 976771055 sectors, multi 16: LBA48 NCQ (depth 31/32)
ata1.00: configured for UDMA/133
ata2: SATA link down (SStatus 0 SControl 300)
ata3: SATA link down (SStatus 0 SControl 300)
ata4: SATA link down (SStatus 0 SControl 300)
scsi 0:0:0:0: Direct-Access     ATA      ST3500320AS      SD15 PQ: 0 ANSI: 5
sd 0:0:0:0: [sda] 976771055 512-byte hardware sectors (500107 MB)
sd 0:0:0:0: [sda] Write Protect is off
sd 0:0:0:0: [sda] Mode Sense: 00 3a 00 00
sd 0:0:0:0: [sda] Write cache: enabled, read cache: enabled, doesn't support DPO or FUA
sd 0:0:0:0: [sda] 976771055 512-byte hardware sectors (500107 MB)
sd 0:0:0:0: [sda] Write Protect is off
sd 0:0:0:0: [sda] Mode Sense: 00 3a 00 00
sd 0:0:0:0: [sda] Write cache: enabled, read cache: enabled, doesn't support DPO or FUA
 sda: sda1 sda2 sda3
sd 0:0:0:0: [sda] Attached SCSI disk
sd 0:0:0:0: Attached scsi generic sg0 type 0
scsi: <fdomain> Detection failed (no card)
GDT-HA: Storage RAID Controller Driver. Version: 3.05
Fusion MPT base driver 3.04.07
Copyright (c) 1999-2008 LSI Corporation
Fusion MPT SPI Host driver 3.04.07
Fusion MPT FC Host driver 3.04.07
Fusion MPT SAS Host driver 3.04.07
3ware Storage Controller device driver for Linux v1.26.02.002.
3ware 9000 Storage Controller device driver for Linux v2.26.02.011.
Compaq SMART2 Driver (v 2.6.0)
HP CISS Driver (v 3.6.20)
Adaptec aacraid driver 1.1-5[2456]-ms
megaraid cmm: 2.20.2.7 (Release Date: Sun Jul 16 00:01:03 EST 2006)
megaraid: 2.20.5.1 (Release Date: Thu Nov 16 15:32:35 EST 2006)
megasas: 00.00.04.01 Thu July 24 11:41:51 PST 2008
QLogic Fibre Channel HBA Driver: 8.02.01-k7
Emulex LightPulse Fibre Channel SCSI driver 8.2.7
Copyright(c) 2004-2008 Emulex.  All rights reserved.
usbcore: registered new interface driver usbfs
usbcore: registered new interface driver hub
usbcore: registered new device driver usb
ACPI: PCI Interrupt Link [AUB2] enabled at IRQ 22
ehci_hcd 0000:00:02.1: PCI INT B -> Link[AUB2] -> GSI 22 (level, low) -> IRQ 22
ehci_hcd 0000:00:02.1: setting latency timer to 64
ehci_hcd 0000:00:02.1: EHCI Host Controller
ehci_hcd 0000:00:02.1: new USB bus registered, assigned bus number 1
ehci_hcd 0000:00:02.1: debug port 1
ehci_hcd 0000:00:02.1: cache line size of 64 is not supported
ehci_hcd 0000:00:02.1: irq 22, io mem 0xe6207000
ehci_hcd 0000:00:02.1: USB 2.0 started, EHCI 1.00, driver 10 Dec 2004
usb usb1: configuration #1 chosen from 1 choice
hub 1-0:1.0: USB hub found
hub 1-0:1.0: 10 ports detected
ACPI: PCI Interrupt Link [APC1] enabled at IRQ 16
ehci_hcd 0000:01:06.3: PCI INT A -> Link[APC1] -> GSI 16 (level, low) -> IRQ 16
ehci_hcd 0000:01:06.3: EHCI Host Controller
ehci_hcd 0000:01:06.3: new USB bus registered, assigned bus number 2
ehci_hcd 0000:01:06.3: debug port 1
ehci_hcd 0000:01:06.3: irq 16, io mem 0xe6006000
usb 1-1: new high speed USB device using ehci_hcd and address 2
ehci_hcd 0000:01:06.3: USB 2.0 started, EHCI 1.00, driver 10 Dec 2004
usb usb2: configuration #1 chosen from 1 choice
hub 2-0:1.0: USB hub found
hub 2-0:1.0: 6 ports detected
usb 1-1: configuration #1 chosen from 1 choice
Initializing USB Mass Storage driver...
scsi4 : SCSI emulation for USB Mass Storage devices
usb-storage: device found at 2
usb-storage: waiting for device to settle before scanning
usbcore: registered new interface driver usb-storage
USB Mass Storage support registered.
USB Universal Host Controller Interface driver v3.0
ohci_hcd: 2006 August 04 USB 1.1 'Open' Host Controller (OHCI) Driver
ACPI: PCI Interrupt Link [AUBA] enabled at IRQ 21
ohci_hcd 0000:00:02.0: PCI INT A -> Link[AUBA] -> GSI 21 (level, low) -> IRQ 21
ohci_hcd 0000:00:02.0: setting latency timer to 64
ohci_hcd 0000:00:02.0: OHCI Host Controller
ohci_hcd 0000:00:02.0: new USB bus registered, assigned bus number 3
ohci_hcd 0000:00:02.0: irq 21, io mem 0xe6206000
usb usb3: configuration #1 chosen from 1 choice
hub 3-0:1.0: USB hub found
hub 3-0:1.0: 10 ports detected
ACPI: PCI Interrupt Link [APC2] enabled at IRQ 17
ohci_hcd 0000:01:06.0: PCI INT B -> Link[APC2] -> GSI 17 (level, low) -> IRQ 17
ohci_hcd 0000:01:06.0: OHCI Host Controller
ohci_hcd 0000:01:06.0: new USB bus registered, assigned bus number 4
ohci_hcd 0000:01:06.0: irq 17, io mem 0xe6008000
usb usb4: configuration #1 chosen from 1 choice
hub 4-0:1.0: USB hub found
hub 4-0:1.0: 2 ports detected
usb 3-2: new full speed USB device using ohci_hcd and address 2
ACPI: PCI Interrupt Link [APC3] enabled at IRQ 18
ohci_hcd 0000:01:06.1: PCI INT C -> Link[APC3] -> GSI 18 (level, low) -> IRQ 18
ohci_hcd 0000:01:06.1: OHCI Host Controller
ohci_hcd 0000:01:06.1: new USB bus registered, assigned bus number 5
ohci_hcd 0000:01:06.1: irq 18, io mem 0xe6004000
usb usb5: configuration #1 chosen from 1 choice
hub 5-0:1.0: USB hub found
hub 5-0:1.0: 2 ports detected
usb 3-2: configuration #1 chosen from 1 choice
hub 3-2:1.0: USB hub found
hub 3-2:1.0: 2 ports detected
ACPI: PCI Interrupt Link [APC4] enabled at IRQ 19
ohci_hcd 0000:01:06.2: PCI INT D -> Link[APC4] -> GSI 19 (level, low) -> IRQ 19
ohci_hcd 0000:01:06.2: OHCI Host Controller
ohci_hcd 0000:01:06.2: new USB bus registered, assigned bus number 6
ohci_hcd 0000:01:06.2: irq 19, io mem 0xe6005000
usb usb6: configuration #1 chosen from 1 choice
hub 6-0:1.0: USB hub found
hub 6-0:1.0: 2 ports detected
usb 3-4: new full speed USB device using ohci_hcd and address 3
usb 3-4: configuration #1 chosen from 1 choice
usb 3-6: new low speed USB device using ohci_hcd and address 4
usb 3-6: configuration #1 chosen from 1 choice
usb 5-2: new full speed USB device using ohci_hcd and address 2
usb 5-2: configuration #1 chosen from 1 choice
usb 3-2.1: new low speed USB device using ohci_hcd and address 5
usb 3-2.1: configuration #1 chosen from 1 choice
usbcore: registered new interface driver hiddev
usb-storage: device scan complete
scsi 4:0:0:0: Direct-Access     Generic  STORAGE DEVICE   0128 PQ: 0 ANSI: 0
sd 4:0:0:0: [sdb] Attached SCSI removable disk
sd 4:0:0:0: Attached scsi generic sg1 type 0
usbhid: timeout initializing reports
input: Logitech Inc. WingMan Strike Force 3D as /class/input/input3
input,hidraw0: USB HID v1.00 Joystick [Logitech Inc. WingMan Strike Force 3D] on usb-0000:00:02.0-6
input: Logitech USB Receiver as /class/input/input4
input,hidraw1: USB HID v1.10 Keyboard [Logitech USB Receiver] on usb-0000:00:02.0-2.1
input: Logitech USB Receiver as /class/input/input5
input,hiddev96,hidraw2: USB HID v1.10 Mouse [Logitech USB Receiver] on usb-0000:00:02.0-2.1
usbcore: registered new interface driver usbhid
usbhid: v2.6:USB HID core driver
sl811: driver sl811-hcd, 19 May 2005
ohci1394 0000:01:0e.0: PCI INT A -> Link[APC3] -> GSI 18 (level, low) -> IRQ 18
ohci1394: fw-host0: OHCI-1394 1.1 (PCI): IRQ=[18]  MMIO=[e6007000-e60077ff]  Max Packet=[2048]  IR/IT contexts=[4/8]
device-mapper: uevent: version 1.0.3
device-mapper: ioctl: 4.14.0-ioctl (2008-04-23) initialised: dm-devel@redhat.com
md: raid0 personality registered for level 0
md: raid1 personality registered for level 1
async_tx: api initialized (async)
xor: automatically using best checksumming function: generic_sse
   generic_sse:  6852.000 MB/sec
xor: using function: generic_sse (6852.000 MB/sec)
raid6: int64x1   2062 MB/s
raid6: int64x2   2652 MB/s
raid6: int64x4   2351 MB/s
raid6: int64x8   1757 MB/s
raid6: sse2x1    3089 MB/s
raid6: sse2x2    4250 MB/s
raid6: sse2x4    4375 MB/s
raid6: using algorithm sse2x4 (4375 MB/s)
md: raid6 personality registered for level 6
md: raid5 personality registered for level 5
md: raid4 personality registered for level 4
md: raid10 personality registered for level 10
JFS: nTxBlock = 8192, nTxLock = 65536
RPC: Registered udp transport module.
RPC: Registered tcp transport module.
Intel(R) PRO/1000 Network Driver - version 7.3.20-k3-NAPI
Copyright (c) 1999-2006 Intel Corporation.
ieee1394: Host added: ID:BUS[0-00:1023]  GUID[00e7c1c500001a4d]
ReiserFS: sda3: found reiserfs format "3.6" with standard journal
ReiserFS: sda3: using ordered data mode
ReiserFS: sda3: journal params: device sda3, size 8192, journal first block 18, max trans len 1024, max batch 900, max commit age 30, max trans age 30
ReiserFS: sda3: checking transaction log (sda3)
ReiserFS: sda3: Using r5 hash to sort names
input: Power Button (FF) as /class/input/input6
ACPI: Power Button (FF) [PWRF]
input: Power Button (CM) as /class/input/input7
ACPI: Power Button (CM) [PWRB]
processor ACPI0007:00: registered as cooling_device0
processor ACPI0007:01: registered as cooling_device1
i2c-adapter i2c-0: nForce2 SMBus adapter at 0x1c00
i2c-adapter i2c-1: nForce2 SMBus adapter at 0x1c40
forcedeth: Reverse Engineered nForce ethernet driver. Version 0.61.
ACPI: PCI Interrupt Link [APCH] enabled at IRQ 20
forcedeth 0000:00:06.0: PCI INT A -> Link[APCH] -> GSI 20 (level, low) -> IRQ 20
forcedeth 0000:00:06.0: setting latency timer to 64
input: PC Speaker as /class/input/input8
Linux video capture interface: v2.00
IT8716 SuperIO detected.
parport_pc 00:0a: reported by Plug and Play ACPI
parport0: PC-style at 0x378 (0x778), irq 7, dma 3 [PCSPP,TRISTATE,COMPAT,ECP,DMA]
Floppy drive(s): fd0 is 1.44M
FDC 0 is a post-1991 82077
forcedeth 0000:00:06.0: ifname eth0, PHY OUI 0x732 @ 1, addr 00:1a:4d:fb:e8:9c
forcedeth 0000:00:06.0: highdma pwrctl mgmt timirq gbit lnktim msi desc-v3
nvidia: module license 'NVIDIA' taints kernel.
ppdev: user-space parallel port driver
ACPI: PCI Interrupt Link [AAZA] enabled at IRQ 23
HDA Intel 0000:00:07.0: PCI INT B -> Link[AAZA] -> GSI 23 (level, low) -> IRQ 23
HDA Intel 0000:00:07.0: setting latency timer to 64
gspca: main v2.4.0 registered
gspca: probing 0ac8:301b
ACPI: PCI Interrupt Link [APC8] enabled at IRQ 16
nvidia 0000:02:00.0: PCI INT A -> Link[APC8] -> GSI 16 (level, low) -> IRQ 16
nvidia 0000:02:00.0: setting latency timer to 64
NVRM: loading NVIDIA UNIX x86_64 Kernel Module  177.82  Tue Nov  4 16:50:05 PST 2008
bttv: driver version 0.9.17 loaded
bttv: using 8 buffers with 2080k (520 pages) each for capture
bttv: Bt8xx card found (0).
bttv 0000:01:08.0: PCI INT A -> Link[APC3] -> GSI 18 (level, low) -> IRQ 18
bttv0: Bt878 (rev 17) at 0000:01:08.0, irq: 18, latency: 32, mmio: 0xe6100000
bttv0: detected: Twinhan VisionPlus DVB [card=113], PCI subsystem ID is 1822:0001
bttv0: using: Twinhan DST + clones [card=113,autodetected]
bttv0: gpio: en=00000000, out=00000000 in=00f5a0fd [init]
bttv0: tuner absent
bttv0: add subdevice "dvb0"
bt878: AUDIO driver version 0.0.0 loaded
bt878: Bt878 AUDIO function found (0).
bt878 0000:01:08.1: PCI INT A -> Link[APC3] -> GSI 18 (level, low) -> IRQ 18
bt878_probe: card id=[0x11822],[ Twinhan VisionPlus DVB ] has DVB functions.
bt878(0): Bt878 (rev 17) at 01:08.1, irq: 18, latency: 32, memory: 0xe6101000
DVB: registering new adapter (bttv0)
dst(0) dst_get_device_id: Recognise [DSTMCI]
dst(0) dst_get_device_id: Unsupported
zc3xx: probe 2wr ov vga 0x0000
zc3xx: probe sensor -> 11
zc3xx: Find Sensor HV7131R(c)
gspca: probe ok
usbcore: registered new interface driver zc3xx
zc3xx: registered
dst(0) dst_check_mb86a15: Cmd=[0x10], failed
dst(0) dst_get_device_id: Unsupported
DST type flags : 0x1 newtuner 0x1000 VLF 0x10 firmware version = 2
dst(0) dst_get_tuner_info: DST TYpe = MULTI FE
dst_ca_attach: registering DST-CA device
DVB: registering adapter 0 frontend 0 (DST DVB-S)...
ReiserFS: sda3: Removing [163885 10991324 0x0 SD]..done
ReiserFS: sda3: There were 1 uncompleted unlinks/truncates. Completed
kjournald starting.  Commit interval 5 seconds
EXT3 FS on hda6, internal journal
EXT3-fs: mounted filesystem with ordered data mode.
nbd: registered device at major 43
NET: Registered protocol family 10
lo: Disabled Privacy Extensions
Installing knfsd (copyright (C) 1996 okir@monad.swb.de).
Bluetooth: Core ver 2.13
NET: Registered protocol family 31
Bluetooth: HCI device and connection manager initialized
Bluetooth: HCI socket layer initialized
Bluetooth: L2CAP ver 2.11
Bluetooth: L2CAP socket layer initialized
Bluetooth: RFCOMM socket layer initialized
Bluetooth: RFCOMM TTY layer initialized
Bluetooth: RFCOMM ver 1.10
Bluetooth: BNEP (Ethernet Emulation) ver 1.3
Bluetooth: BNEP filters: protocol multicast
usb 3-2.2: new full speed USB device using ohci_hcd and address 6
Bridge firewalling registered
usb 3-2.2: configuration #1 chosen from 1 choice
Bluetooth: HCI USB driver ver 2.10
usbcore: registered new interface driver hci_usb
it87: Found IT8716F chip at 0x290, revision 3
it87: in3 is VCC (+5V)
it87: in7 is VCCH (+5V Stand-By)
eth0: no IPv6 routers present
Bluetooth: HIDP (Human Interface Emulation) ver 1.2
input: Logitech MX900 Mouse as /class/input/input9
input: Logitech MX900 Mouse as /class/input/input10
roland ~ #

--Boundary-00=_LQnbJAYM1LFF31c
Content-Type: text/plain;
  charset="utf-8";
  name="dmesg kernel 2.6.26 after kaffeine.txt"
Content-Transfer-Encoding: 7bit
Content-Disposition: attachment;
	filename="dmesg kernel 2.6.26 after kaffeine.txt"

Passwort:
roland ~ # dmesg
Initializing cgroup subsys cpuset
Linux version 2.6.26-gentoo (root@roland) (gcc version 4.1.2 (Gentoo 4.1.2 p1.0.2)) #1 SMP PREEMPT Sat Aug 30 20:23:36 MEST 2008
Command line: root=/dev/ram0 init=/linuxrc ramdisk=8192 real_root=UUID=eaa1e285-75e3-4cef-8fea-4adb43a9a92f udev vga=791
BIOS-provided physical RAM map:
 BIOS-e820: 0000000000000000 - 000000000009f800 (usable)
 BIOS-e820: 000000000009f800 - 00000000000a0000 (reserved)
 BIOS-e820: 00000000000f0000 - 0000000000100000 (reserved)
 BIOS-e820: 0000000000100000 - 000000007fef0000 (usable)
 BIOS-e820: 000000007fef0000 - 000000007fef3000 (ACPI NVS)
 BIOS-e820: 000000007fef3000 - 000000007ff00000 (ACPI data)
 BIOS-e820: 00000000e0000000 - 00000000e2000000 (reserved)
 BIOS-e820: 00000000fec00000 - 0000000100000000 (reserved)
Entering add_active_range(0, 0, 159) 0 entries of 256 used
Entering add_active_range(0, 256, 524016) 1 entries of 256 used
max_pfn_mapped = 1048576
init_memory_mapping
DMI 2.4 present.
ACPI: RSDP 000F6410, 0014 (r0 GBT   )
ACPI: RSDT 7FEF3000, 0038 (r1 GBT    NVDAACPI 42302E31 NVDA  1010101)
ACPI: FACP 7FEF3040, 0074 (r1 GBT    NVDAACPI 42302E31 NVDA  1010101)
ACPI: DSDT 7FEF30C0, 46B5 (r1 GBT    NVDAACPI     1000 MSFT  100000C)
ACPI: FACS 7FEF0000, 0040
ACPI: SSDT 7FEF7800, 0248 (r1 PTLTD  POWERNOW        1  LTP        1)
ACPI: HPET 7FEF7A80, 0038 (r1 GBT    NVDAACPI 42302E31 NVDA       98)
ACPI: MCFG 7FEF7AC0, 003C (r1 GBT    NVDAACPI 42302E31 NVDA  1010101)
ACPI: APIC 7FEF7780, 0072 (r1 GBT    NVDAACPI 42302E31 NVDA  1010101)
Entering add_active_range(0, 0, 159) 0 entries of 256 used
Entering add_active_range(0, 256, 524016) 1 entries of 256 used
  early res: 0 [0-fff] BIOS data page
  early res: 1 [6000-7fff] TRAMPOLINE
  early res: 2 [200000-8348b7] TEXT DATA BSS
  early res: 3 [36bd7000-37fef523] RAMDISK
  early res: 4 [9f800-fffff] BIOS reserved
  early res: 5 [8000-bfff] PGTABLE
 [ffffe20000000000-ffffe20001bfffff] PMD -> [ffff810001200000-ffff810002dfffff] on node 0
Zone PFN ranges:
  DMA             0 ->     4096
  DMA32        4096 ->  1048576
  Normal    1048576 ->  1048576
Movable zone start PFN for each node
early_node_map[2] active PFN ranges
    0:        0 ->      159
    0:      256 ->   524016
On node 0 totalpages: 523919
  DMA zone: 56 pages used for memmap
  DMA zone: 1693 pages reserved
  DMA zone: 2250 pages, LIFO batch:0
  DMA32 zone: 7109 pages used for memmap
  DMA32 zone: 512811 pages, LIFO batch:31
  Normal zone: 0 pages used for memmap
  Movable zone: 0 pages used for memmap
Detected use of extended apic ids on hypertransport bus
ACPI: PM-Timer IO Port: 0x1008
ACPI: Local APIC address 0xfee00000
ACPI: LAPIC (acpi_id[0x00] lapic_id[0x00] enabled)
ACPI: LAPIC (acpi_id[0x01] lapic_id[0x01] enabled)
ACPI: LAPIC_NMI (acpi_id[0x00] dfl dfl lint[0x1])
ACPI: LAPIC_NMI (acpi_id[0x01] dfl dfl lint[0x1])
ACPI: IOAPIC (id[0x02] address[0xfec00000] gsi_base[0])
IOAPIC[0]: apic_id 2, version 0, address 0xfec00000, GSI 0-23
ACPI: INT_SRC_OVR (bus 0 bus_irq 0 global_irq 2 dfl dfl)
ACPI: INT_SRC_OVR (bus 0 bus_irq 9 global_irq 9 high level)
ACPI: INT_SRC_OVR (bus 0 bus_irq 14 global_irq 14 high edge)
ACPI: IRQ0 used by override.
ACPI: IRQ2 used by override.
ACPI: IRQ9 used by override.
ACPI: IRQ14 used by override.
Setting APIC routing to flat
ACPI: HPET id: 0x10de8201 base: 0xfeff0000
Using ACPI (MADT) for SMP configuration information
PM: Registered nosave memory: 000000000009f000 - 00000000000a0000
PM: Registered nosave memory: 00000000000a0000 - 00000000000f0000
PM: Registered nosave memory: 00000000000f0000 - 0000000000100000
Allocating PCI resources starting at 80000000 (gap: 7ff00000:60100000)
SMP: Allowing 2 CPUs, 0 hotplug CPUs
PERCPU: Allocating 35376 bytes of per cpu data
NR_CPUS: 32, nr_cpu_ids: 2
Built 1 zonelists in Zone order, mobility grouping on.  Total pages: 515061
Kernel command line: root=/dev/ram0 init=/linuxrc ramdisk=8192 real_root=UUID=eaa1e285-75e3-4cef-8fea-4adb43a9a92f udev vga=791
Initializing CPU#0
PID hash table entries: 4096 (order: 12, 32768 bytes)
TSC calibrated against PM_TIMER
Marking TSC unstable due to TSCs unsynchronized
time.c: Detected 2310.469 MHz processor.
spurious 8259A interrupt: IRQ7.
Console: colour dummy device 80x25
console [tty0] enabled
Dentry cache hash table entries: 262144 (order: 9, 2097152 bytes)
Inode-cache hash table entries: 131072 (order: 8, 1048576 bytes)
Checking aperture...
Node 0: aperture @ 2c7e000000 size 32 MB
Aperture beyond 4GB. Ignoring.
No AGP bridge found
Memory: 2036080k/2096064k available (3957k kernel code, 58928k reserved, 1132k data, 280k init)
CPA: page pool initialized 1 of 1 pages preallocated
hpet clockevent registered
Calibrating delay using timer specific routine.. 4624.79 BogoMIPS (lpj=23123998)
Mount-cache hash table entries: 256
Initializing cgroup subsys ns
Initializing cgroup subsys cpuacct
CPU: L1 I Cache: 64K (64 bytes/line), D cache 64K (64 bytes/line)
CPU: L2 Cache: 512K (64 bytes/line)
CPU: Physical Processor ID: 0
CPU: Processor Core ID: 0
ACPI: Core revision 20080321
CPU0: AMD Athlon(tm) 64 X2 Dual Core Processor 4400+ stepping 02
Using local APIC timer interrupts.
APIC timer calibration result 12556954
Detected 12.556 MHz APIC timer.
Booting processor 1/1 ip 6000
Initializing CPU#1
Calibrating delay using timer specific routine.. 4621.02 BogoMIPS (lpj=23105135)
CPU: L1 I Cache: 64K (64 bytes/line), D cache 64K (64 bytes/line)
CPU: L2 Cache: 512K (64 bytes/line)
CPU: Physical Processor ID: 0
CPU: Processor Core ID: 1
CPU1: AMD Athlon(tm) 64 X2 Dual Core Processor 4400+ stepping 02
Brought up 2 CPUs
Total of 2 processors activated (9245.82 BogoMIPS).
net_namespace: 1176 bytes
NET: Registered protocol family 16
node 0 link 0: io port [1000, fffff]
TOM: 0000000080000000 aka 2048M
node 0 link 0: mmio [e0000000, e1ffffff]
node 0 link 0: mmio [a0000, bffff]
node 0 link 0: mmio [80000000, ffb7ffff]
bus: [00,ff] on node 0 link 0
bus: 00 index 0 io port: [0, ffff]
bus: 00 index 1 mmio: [80000000, fcffffffff]
bus: 00 index 2 mmio: [a0000, bffff]
ACPI: bus type pci registered
PCI: MCFG configuration 0: base e0000000 segment 0 buses 0 - 31
PCI: MCFG area at e0000000 reserved in E820
PCI: Using MMCONFIG at e0000000 - e1ffffff
PCI: Using configuration type 1 for base access
ACPI: EC: Look up EC in DSDT
ACPI: Interpreter enabled
ACPI: (supports S0 S1 S4 S5)
ACPI: Using IOAPIC for interrupt routing
ACPI: PCI Root Bridge [PCI0] (0000:00)
PCI: Transparent bridge - 0000:00:08.0
ACPI: PCI Interrupt Routing Table [\_SB_.PCI0._PRT]
ACPI: PCI Interrupt Routing Table [\_SB_.PCI0.HUB0._PRT]
ACPI: PCI Interrupt Link [LNK1] (IRQs *5 7 9 10 11 14 15)
ACPI: PCI Interrupt Link [LNK2] (IRQs 5 7 9 10 *11 14 15)
ACPI: PCI Interrupt Link [LNK3] (IRQs 5 7 9 10 *11 14 15)
ACPI: PCI Interrupt Link [LNK4] (IRQs *5 7 9 10 11 14 15)
ACPI: PCI Interrupt Link [LNK5] (IRQs 5 7 9 10 11 14 15) *0, disabled.
ACPI: PCI Interrupt Link [LNK6] (IRQs 5 7 9 10 11 14 15) *0, disabled.
ACPI: PCI Interrupt Link [LNK7] (IRQs 5 7 9 10 11 14 15) *0, disabled.
ACPI: PCI Interrupt Link [LNK8] (IRQs 5 7 9 10 11 14 15) *0, disabled.
ACPI: PCI Interrupt Link [LP2P] (IRQs 5 7 9 10 11 14 15) *0, disabled.
ACPI: PCI Interrupt Link [LUBA] (IRQs *5 7 9 10 11 14 15)
ACPI: PCI Interrupt Link [LUB2] (IRQs 5 7 9 *10 11 14 15)
ACPI: PCI Interrupt Link [LU1B] (IRQs 5 7 9 10 11 14 15) *0
ACPI: PCI Interrupt Link [LU2B] (IRQs 5 7 9 10 11 14 15) *0
ACPI: PCI Interrupt Link [LMAC] (IRQs 5 7 9 10 11 14 *15)
ACPI: PCI Interrupt Link [LAZA] (IRQs 5 7 9 *10 11 14 15)
ACPI: PCI Interrupt Link [LPMU] (IRQs 5 7 9 10 11 14 15) *0, disabled.
ACPI: PCI Interrupt Link [LSMB] (IRQs 5 7 9 10 *11 14 15)
ACPI: PCI Interrupt Link [LIDE] (IRQs 5 7 9 10 11 14 15) *0, disabled.
ACPI: PCI Interrupt Link [LSID] (IRQs 5 7 9 10 *11 14 15)
ACPI: PCI Interrupt Link [APC1] (IRQs 16) *0
ACPI: PCI Interrupt Link [APC2] (IRQs 17) *0
ACPI: PCI Interrupt Link [APC3] (IRQs 18) *0
ACPI: PCI Interrupt Link [APC4] (IRQs 19) *0
ACPI: PCI Interrupt Link [APC5] (IRQs 16) *0, disabled.
ACPI: PCI Interrupt Link [APC6] (IRQs 16) *0, disabled.
ACPI: PCI Interrupt Link [APC7] (IRQs 16) *0, disabled.
ACPI: PCI Interrupt Link [APC8] (IRQs 16) *0, disabled.
ACPI: PCI Interrupt Link [AUBA] (IRQs 20 21 22 23) *0
ACPI: PCI Interrupt Link [AUB2] (IRQs 20 21 22 23) *0
ACPI: PCI Interrupt Link [AU1B] (IRQs 20 21 22 23) *0
ACPI: PCI Interrupt Link [AU2B] (IRQs 20 21 22 23) *0
ACPI: PCI Interrupt Link [APCH] (IRQs 20 21 22 23) *0
ACPI: PCI Interrupt Link [APMU] (IRQs 20 21 22 23) *0, disabled.
ACPI: PCI Interrupt Link [AAZA] (IRQs 20 21 22 23) *0
ACPI: PCI Interrupt Link [APCS] (IRQs 20 21 22 23) *0
ACPI: PCI Interrupt Link [APCM] (IRQs 20 21 22 23) *0, disabled.
ACPI: PCI Interrupt Link [APCZ] (IRQs 20 21 22 23) *0, disabled.
ACPI: PCI Interrupt Link [APSI] (IRQs 20 21 22 23) *0
Linux Plug and Play Support v0.97 (c) Adam Belay
pnp: PnP ACPI init
ACPI: bus type pnp registered
pnp: PnP ACPI: found 15 devices
ACPI: ACPI bus type pnp unregistered
SCSI subsystem initialized
PCI: Using ACPI for IRQ routing
DMAR:parse DMAR table failure.
ACPI: RTC can wake from S4
Switched to high resolution mode on CPU 0
Switched to high resolution mode on CPU 1
system 00:01: ioport range 0x1000-0x107f has been reserved
system 00:01: ioport range 0x1080-0x10ff has been reserved
system 00:01: ioport range 0x1400-0x147f has been reserved
system 00:01: ioport range 0x1480-0x14ff has been reserved
system 00:01: ioport range 0x1800-0x187f has been reserved
system 00:01: ioport range 0x1880-0x18ff has been reserved
system 00:02: ioport range 0x4d0-0x4d1 has been reserved
system 00:02: ioport range 0x800-0x87f has been reserved
system 00:02: ioport range 0x295-0x314 has been reserved
system 00:02: ioport range 0x290-0x294 has been reserved
system 00:0d: iomem range 0xe0000000-0xe1ffffff could not be reserved
system 00:0e: iomem range 0xcc800-0xcffff has been reserved
system 00:0e: iomem range 0xf0000-0xf7fff could not be reserved
system 00:0e: iomem range 0xf8000-0xfbfff could not be reserved
system 00:0e: iomem range 0xfc000-0xfffff could not be reserved
system 00:0e: iomem range 0x7fef0000-0x7fefffff could not be reserved
system 00:0e: iomem range 0xffff0000-0xffffffff could not be reserved
system 00:0e: iomem range 0x0-0x9ffff could not be reserved
system 00:0e: iomem range 0x100000-0x7feeffff could not be reserved
system 00:0e: iomem range 0xfec00000-0xfec00fff could not be reserved
system 00:0e: iomem range 0xfee00000-0xfee00fff could not be reserved
PCI: Bridge: 0000:00:08.0
  IO window: disabled.
  MEM window: 0xe6000000-0xe60fffff
  PREFETCH window: 0x00000000e6100000-0x00000000e61fffff
PCI: Bridge: 0000:00:0d.0
  IO window: b000-bfff
  MEM window: 0xe2000000-0xe5ffffff
  PREFETCH window: 0x00000000d0000000-0x00000000dfffffff
PCI: Setting latency timer of device 0000:00:08.0 to 64
PCI: Setting latency timer of device 0000:00:0d.0 to 64
NET: Registered protocol family 2
IP route cache hash table entries: 65536 (order: 7, 524288 bytes)
TCP established hash table entries: 262144 (order: 10, 4194304 bytes)
TCP bind hash table entries: 65536 (order: 8, 1048576 bytes)
TCP: Hash tables configured (established 262144 bind 65536)
TCP reno registered
NET: Registered protocol family 1
checking if image is initramfs... it is
Freeing initrd memory: 20577k freed
audit: initializing netlink socket (disabled)
type=2000 audit(1231963669.092:1): initialized
squashfs: version 3.3 (2007/10/31) Phillip Lougher
SGI XFS with ACLs, security attributes, realtime, large block/inode numbers, no debug enabled
SGI XFS Quota Management subsystem
OCFS2 1.5.0
ocfs2: Registered cluster interface o2cb
OCFS2 Node Manager 1.5.0
OCFS2 DLM 1.5.0
OCFS2 DLMFS 1.5.0
OCFS2 User DLM kernel interface loaded
GFS2 (built Aug 30 2008 20:20:16) installed
Lock_Nolock (built Aug 30 2008 20:20:24) installed
msgmni has been set to 4018
Block layer SCSI generic (bsg) driver version 0.4 loaded (major 254)
io scheduler noop registered
io scheduler anticipatory registered (default)
io scheduler deadline registered
io scheduler cfq registered
pci 0000:00:00.0: Enabling HT MSI Mapping
pci 0000:00:06.0: Enabling HT MSI Mapping
pci 0000:00:07.0: Enabling HT MSI Mapping
pci 0000:00:08.0: Enabling HT MSI Mapping
pci 0000:00:0a.0: Enabling HT MSI Mapping
pci 0000:00:0d.0: Enabling HT MSI Mapping
pci 0000:02:00.0: Boot video device
PCI: Setting latency timer of device 0000:00:0d.0 to 64
assign_interrupt_mode Found MSI capability
Allocate Port Service[0000:00:0d.0:pcie00]
Allocate Port Service[0000:00:0d.0:pcie03]
Linux agpgart interface v0.103
vesafb: framebuffer at 0xe3000000, mapped to 0xffffc20002100000, using 3072k, total 14336k
vesafb: mode is 1024x768x16, linelength=2048, pages=1
vesafb: scrolling: redraw
vesafb: Truecolor: size=0:5:6:5, shift=0:11:5:0
Console: switching to colour frame buffer device 128x48
fb0: VESA VGA frame buffer device
Serial: 8250/16550 driver $Revision: 1.90 $ 4 ports, IRQ sharing enabled
serial8250: ttyS0 at I/O 0x3f8 (irq = 4) is a 16550A
00:09: ttyS0 at I/O 0x3f8 (irq = 4) is a 16550A
brd: module loaded
loop: module loaded
input: Macintosh mouse button emulation as /class/input/input0
Uniform Multi-Platform E-IDE driver
ide: Assuming 33MHz system bus speed for PIO modes; override with idebus=xx
NFORCE-MCP65: 0000:00:09.0 (rev a1) UDMA133 controller
NFORCE-MCP65: IDE controller (0x10de:0x0448 rev 0xa1) at  PCI slot 0000:00:09.0
NFORCE-MCP65: not 100% native mode: will probe irqs later
NFORCE-MCP65: BIOS didn't set cable bits correctly. Enabling workaround.
NFORCE-MCP65: IDE port disabled
    ide0: BM-DMA at 0xf000-0xf007
Probing IDE interface ide0...
hda: HDS722512VLAT20, ATA DISK drive
hdb: PHILIPS DVDR1640P, ATAPI CD/DVD-ROM drive
hda: host max PIO5 wanted PIO255(auto-tune) selected PIO4
hda: UDMA/100 mode selected
hdb: host max PIO5 wanted PIO255(auto-tune) selected PIO4
hdb: UDMA/33 mode selected
ide0 at 0x1f0-0x1f7,0x3f6 on irq 14
isa bounce pool size: 16 pages
ide_generic: please use "probe_mask=0x3f" module parameter for probing all legacy ISA IDE ports
ide_generic: I/O resource 0x1F0-0x1F7 not free.
ide_generic: I/O resource 0x170-0x177 not free.
hda: max request size: 512KiB
hda: Host Protected Area detected.
        current capacity is 241252607 sectors (123521 MB)
        native  capacity is 241254720 sectors (123522 MB)
hda: Host Protected Area disabled.
hda: 241254720 sectors (123522 MB) w/1794KiB Cache, CHS=16383/255/63
hda: cache flushes supported
 hda: hda1 hda2 < hda5 hda6 >
hdb: ATAPI 40X DVD-ROM DVD-R CD-R/RW drive, 2048kB Cache
Uniform CD-ROM driver Revision: 3.20
Driver 'sd' needs updating - please use bus_type methods
Driver 'sr' needs updating - please use bus_type methods
PNP: PS/2 Controller [PNP0303:PS2K,PNP0f13:PS2M] at 0x60,0x64 irq 1,12
serio: i8042 KBD port at 0x60,0x64 irq 1
serio: i8042 AUX port at 0x60,0x64 irq 12
mice: PS/2 mouse device common for all mice
input: AT Translated Set 2 keyboard as /class/input/input1
cpuidle: using governor ladder
cpuidle: using governor menu
TCP cubic registered
NET: Registered protocol family 17
registered taskstats version 1
Freeing unused kernel memory: 280k freed
No dock devices found.
libata version 3.00 loaded.
input: ImPS/2 Generic Wheel Mouse as /class/input/input2
CAPI Subsystem Rev 1.1.2.8
b1: revision 1.1.2.2
ahci 0000:00:0a.0: version 3.0
ACPI: PCI Interrupt Link [APSI] enabled at IRQ 23
ACPI: PCI Interrupt 0000:00:0a.0[A] -> Link [APSI] -> GSI 23 (level, low) -> IRQ 23
ahci 0000:00:0a.0: AHCI 0001.0100 32 slots 4 ports 3 Gbps 0xf impl SATA mode
ahci 0000:00:0a.0: flags: 64bit ncq sntf pm led clo pmp pio
PCI: Setting latency timer of device 0000:00:0a.0 to 64
scsi0 : ahci
scsi1 : ahci
scsi2 : ahci
scsi3 : ahci
ata1: SATA max UDMA/133 abar m8192@0xe6204000 port 0xe6204100 irq 1278
ata2: SATA max UDMA/133 abar m8192@0xe6204000 port 0xe6204180 irq 1278
ata3: SATA max UDMA/133 abar m8192@0xe6204000 port 0xe6204200 irq 1278
ata4: SATA max UDMA/133 abar m8192@0xe6204000 port 0xe6204280 irq 1278
ata1: SATA link up 1.5 Gbps (SStatus 113 SControl 300)
ata1.00: HPA detected: current 976771055, native 976773168
ata1.00: ATA-8: ST3500320AS, SD15, max UDMA/133
ata1.00: 976771055 sectors, multi 16: LBA48 NCQ (depth 31/32)
ata1.00: configured for UDMA/133
ata2: SATA link down (SStatus 0 SControl 300)
ata3: SATA link down (SStatus 0 SControl 300)
ata4: SATA link down (SStatus 0 SControl 300)
scsi 0:0:0:0: Direct-Access     ATA      ST3500320AS      SD15 PQ: 0 ANSI: 5
sd 0:0:0:0: [sda] 976771055 512-byte hardware sectors (500107 MB)
sd 0:0:0:0: [sda] Write Protect is off
sd 0:0:0:0: [sda] Mode Sense: 00 3a 00 00
sd 0:0:0:0: [sda] Write cache: enabled, read cache: enabled, doesn't support DPO or FUA
sd 0:0:0:0: [sda] 976771055 512-byte hardware sectors (500107 MB)
sd 0:0:0:0: [sda] Write Protect is off
sd 0:0:0:0: [sda] Mode Sense: 00 3a 00 00
sd 0:0:0:0: [sda] Write cache: enabled, read cache: enabled, doesn't support DPO or FUA
 sda: sda1 sda2 sda3
sd 0:0:0:0: [sda] Attached SCSI disk
sd 0:0:0:0: Attached scsi generic sg0 type 0
scsi: <fdomain> Detection failed (no card)
GDT-HA: Storage RAID Controller Driver. Version: 3.05
imm: Version 2.05 (for Linux 2.4.0)
Fusion MPT base driver 3.04.06
Copyright (c) 1999-2007 LSI Corporation
Fusion MPT SPI Host driver 3.04.06
Fusion MPT FC Host driver 3.04.06
Fusion MPT SAS Host driver 3.04.06
3ware Storage Controller device driver for Linux v1.26.02.002.
3ware 9000 Storage Controller device driver for Linux v2.26.02.010.
Compaq SMART2 Driver (v 2.6.0)
HP CISS Driver (v 3.6.20)
Adaptec aacraid driver 1.1-5[2456]-ms
megaraid cmm: 2.20.2.7 (Release Date: Sun Jul 16 00:01:03 EST 2006)
megaraid: 2.20.5.1 (Release Date: Thu Nov 16 15:32:35 EST 2006)
megasas: 00.00.03.20-rc1 Mon. March 10 11:02:31 PDT 2008
QLogic Fibre Channel HBA Driver: 8.02.01-k4
Emulex LightPulse Fibre Channel SCSI driver 8.2.6
Copyright(c) 2004-2008 Emulex.  All rights reserved.
usbcore: registered new interface driver usbfs
usbcore: registered new interface driver hub
usbcore: registered new device driver usb
ACPI: PCI Interrupt Link [AUB2] enabled at IRQ 22
ACPI: PCI Interrupt 0000:00:02.1[B] -> Link [AUB2] -> GSI 22 (level, low) -> IRQ 22
PCI: Setting latency timer of device 0000:00:02.1 to 64
ehci_hcd 0000:00:02.1: EHCI Host Controller
ehci_hcd 0000:00:02.1: new USB bus registered, assigned bus number 1
ehci_hcd 0000:00:02.1: debug port 1
PCI: cache line size of 64 is not supported by device 0000:00:02.1
ehci_hcd 0000:00:02.1: irq 22, io mem 0xe6207000
ehci_hcd 0000:00:02.1: USB 2.0 started, EHCI 1.00, driver 10 Dec 2004
usb usb1: configuration #1 chosen from 1 choice
hub 1-0:1.0: USB hub found
hub 1-0:1.0: 10 ports detected
ACPI: PCI Interrupt Link [APC1] enabled at IRQ 16
ACPI: PCI Interrupt 0000:01:06.3[A] -> Link [APC1] -> GSI 16 (level, low) -> IRQ 16
ehci_hcd 0000:01:06.3: EHCI Host Controller
ehci_hcd 0000:01:06.3: new USB bus registered, assigned bus number 2
ehci_hcd 0000:01:06.3: debug port 1
ehci_hcd 0000:01:06.3: irq 16, io mem 0xe6006000
ehci_hcd 0000:01:06.3: USB 2.0 started, EHCI 1.00, driver 10 Dec 2004
usb usb2: configuration #1 chosen from 1 choice
hub 2-0:1.0: USB hub found
hub 2-0:1.0: 6 ports detected
Initializing USB Mass Storage driver...
usb 1-1: new high speed USB device using ehci_hcd and address 2
usb 1-1: configuration #1 chosen from 1 choice
scsi4 : SCSI emulation for USB Mass Storage devices
usb-storage: device found at 2
usb-storage: waiting for device to settle before scanning
usbcore: registered new interface driver usb-storage
USB Mass Storage support registered.
USB Universal Host Controller Interface driver v3.0
ohci_hcd: 2006 August 04 USB 1.1 'Open' Host Controller (OHCI) Driver
ACPI: PCI Interrupt Link [AUBA] enabled at IRQ 21
ACPI: PCI Interrupt 0000:00:02.0[A] -> Link [AUBA] -> GSI 21 (level, low) -> IRQ 21
PCI: Setting latency timer of device 0000:00:02.0 to 64
ohci_hcd 0000:00:02.0: OHCI Host Controller
ohci_hcd 0000:00:02.0: new USB bus registered, assigned bus number 3
ohci_hcd 0000:00:02.0: irq 21, io mem 0xe6206000
usb usb3: configuration #1 chosen from 1 choice
hub 3-0:1.0: USB hub found
hub 3-0:1.0: 10 ports detected
ACPI: PCI Interrupt Link [APC2] enabled at IRQ 17
ACPI: PCI Interrupt 0000:01:06.0[B] -> Link [APC2] -> GSI 17 (level, low) -> IRQ 17
ohci_hcd 0000:01:06.0: OHCI Host Controller
ohci_hcd 0000:01:06.0: new USB bus registered, assigned bus number 4
ohci_hcd 0000:01:06.0: irq 17, io mem 0xe6008000
usb usb4: configuration #1 chosen from 1 choice
hub 4-0:1.0: USB hub found
hub 4-0:1.0: 2 ports detected
ACPI: PCI Interrupt Link [APC3] enabled at IRQ 18
ACPI: PCI Interrupt 0000:01:06.1[C] -> Link [APC3] -> GSI 18 (level, low) -> IRQ 18
ohci_hcd 0000:01:06.1: OHCI Host Controller
ohci_hcd 0000:01:06.1: new USB bus registered, assigned bus number 5
ohci_hcd 0000:01:06.1: irq 18, io mem 0xe6004000
usb usb5: configuration #1 chosen from 1 choice
hub 5-0:1.0: USB hub found
hub 5-0:1.0: 2 ports detected
usb 3-2: new full speed USB device using ohci_hcd and address 2
ACPI: PCI Interrupt Link [APC4] enabled at IRQ 19
ACPI: PCI Interrupt 0000:01:06.2[D] -> Link [APC4] -> GSI 19 (level, low) -> IRQ 19
ohci_hcd 0000:01:06.2: OHCI Host Controller
ohci_hcd 0000:01:06.2: new USB bus registered, assigned bus number 6
ohci_hcd 0000:01:06.2: irq 19, io mem 0xe6005000
usb usb6: configuration #1 chosen from 1 choice
hub 6-0:1.0: USB hub found
hub 6-0:1.0: 2 ports detected
usb 3-2: configuration #1 chosen from 1 choice
hub 3-2:1.0: USB hub found
hub 3-2:1.0: 2 ports detected
usb 3-4: new full speed USB device using ohci_hcd and address 3
usb 3-4: configuration #1 chosen from 1 choice
usb 3-6: new low speed USB device using ohci_hcd and address 4
usb 3-6: configuration #1 chosen from 1 choice
usb 5-2: new full speed USB device using ohci_hcd and address 2
usb 5-2: configuration #1 chosen from 1 choice
usb 3-2.1: new low speed USB device using ohci_hcd and address 5
usb 3-2.1: configuration #1 chosen from 1 choice
usbcore: registered new interface driver hiddev
usb-storage: device scan complete
scsi 4:0:0:0: Direct-Access     Generic  STORAGE DEVICE   0128 PQ: 0 ANSI: 0
sd 4:0:0:0: [sdb] Attached SCSI removable disk
sd 4:0:0:0: Attached scsi generic sg1 type 0
usbhid: timeout initializing reports
input: Logitech Inc. WingMan Strike Force 3D as /class/input/input3
input,hidraw0: USB HID v1.00 Joystick [Logitech Inc. WingMan Strike Force 3D] on usb-0000:00:02.0-6
input: Logitech USB Receiver as /class/input/input4
input,hidraw1: USB HID v1.10 Keyboard [Logitech USB Receiver] on usb-0000:00:02.0-2.1
input: Logitech USB Receiver as /class/input/input5
input,hiddev96,hidraw2: USB HID v1.10 Mouse [Logitech USB Receiver] on usb-0000:00:02.0-2.1
usbcore: registered new interface driver usbhid
usbhid: v2.6:USB HID core driver
sl811: driver sl811-hcd, 19 May 2005
ACPI: PCI Interrupt 0000:01:0e.0[A] -> Link [APC3] -> GSI 18 (level, low) -> IRQ 18
ohci1394: fw-host0: OHCI-1394 1.1 (PCI): IRQ=[18]  MMIO=[e6007000-e60077ff]  Max Packet=[2048]  IR/IT contexts=[4/8]
device-mapper: uevent: version 1.0.3
device-mapper: ioctl: 4.13.0-ioctl (2007-10-18) initialised: dm-devel@redhat.com
md: raid0 personality registered for level 0
md: raid1 personality registered for level 1
async_tx: api initialized (async)
xor: automatically using best checksumming function: generic_sse
   generic_sse:  6886.400 MB/sec
xor: using function: generic_sse (6886.400 MB/sec)
raid6: int64x1   2052 MB/s
raid6: int64x2   2498 MB/s
raid6: int64x4   2367 MB/s
raid6: int64x8   1728 MB/s
ieee1394: Host added: ID:BUS[0-00:1023]  GUID[00e7c1c500001a4d]
raid6: sse2x1    3188 MB/s
raid6: sse2x2    4229 MB/s
raid6: sse2x4    4352 MB/s
raid6: using algorithm sse2x4 (4352 MB/s)
md: raid6 personality registered for level 6
md: raid5 personality registered for level 5
md: raid4 personality registered for level 4
md: raid10 personality registered for level 10
JFS: nTxBlock = 8192, nTxLock = 65536
RPC: Registered udp transport module.
RPC: Registered tcp transport module.
Intel(R) PRO/1000 Network Driver - version 7.3.20-k2
Copyright (c) 1999-2006 Intel Corporation.
ReiserFS: sda3: found reiserfs format "3.6" with standard journal
ReiserFS: sda3: using ordered data mode
ReiserFS: sda3: journal params: device sda3, size 8192, journal first block 18, max trans len 1024, max batch 900, max commit age 30, max trans age 30
ReiserFS: sda3: checking transaction log (sda3)
ReiserFS: sda3: Using r5 hash to sort names
input: Power Button (FF) as /class/input/input6
ACPI: Power Button (FF) [PWRF]
ACPI: ACPI0007:00 is registered as cooling_device0
ACPI: ACPI0007:01 is registered as cooling_device1
input: Power Button (CM) as /class/input/input7
forcedeth: Reverse Engineered nForce ethernet driver. Version 0.61.
ACPI: PCI Interrupt Link [APCH] enabled at IRQ 20
ACPI: PCI Interrupt 0000:00:06.0[A] -> Link [APCH] -> GSI 20 (level, low) -> IRQ 20
PCI: Setting latency timer of device 0000:00:06.0 to 64
ACPI: Power Button (CM) [PWRB]
usblp0: USB Bidirectional printer dev 2 if 0 alt 0 proto 2 vid 0x04A9 pid 0x1062
usbcore: registered new interface driver usblp
Linux video capture interface: v2.00
input: PC Speaker as /class/input/input8
forcedeth 0000:00:06.0: ifname eth0, PHY OUI 0x732 @ 1, addr 00:1a:4d:fb:e8:9c
forcedeth 0000:00:06.0: highdma pwrctl mgmt timirq gbit lnktim msi desc-v3
i2c-adapter i2c-0: nForce2 SMBus adapter at 0x1c00
i2c-adapter i2c-1: nForce2 SMBus adapter at 0x1c40
Floppy drive(s): fd0 is 1.44M
FDC 0 is a post-1991 82077
IT8716 SuperIO detected.
parport_pc 00:0a: reported by Plug and Play ACPI
parport0: PC-style at 0x378 (0x778), irq 7, dma 3 [PCSPP,TRISTATE,COMPAT,ECP,DMA]
ACPI: PCI Interrupt Link [AAZA] enabled at IRQ 23
ACPI: PCI Interrupt 0000:00:07.0[B] -> Link [AAZA] -> GSI 23 (level, low) -> IRQ 23
PCI: Setting latency timer of device 0000:00:07.0 to 64
nvidia: module license 'NVIDIA' taints kernel.
ppdev: user-space parallel port driver
gspca: disagrees about version of symbol v4l_compat_ioctl32
gspca: Unknown symbol v4l_compat_ioctl32
gspca: disagrees about version of symbol video_devdata
gspca: Unknown symbol video_devdata
gspca: disagrees about version of symbol video_unregister_device
gspca: Unknown symbol video_unregister_device
gspca: disagrees about version of symbol video_device_alloc
gspca: Unknown symbol video_device_alloc
gspca: disagrees about version of symbol video_register_device
gspca: Unknown symbol video_register_device
gspca: disagrees about version of symbol video_usercopy
gspca: Unknown symbol video_usercopy
gspca: disagrees about version of symbol video_device_release
gspca: Unknown symbol video_device_release
bttv: driver version 0.9.17 loaded
bttv: using 8 buffers with 2080k (520 pages) each for capture
bttv: Bt8xx card found (0).
ACPI: PCI Interrupt 0000:01:08.0[A] -> Link [APC3] -> GSI 18 (level, low) -> IRQ 18
bttv0: Bt878 (rev 17) at 0000:01:08.0, irq: 18, latency: 32, mmio: 0xe6100000
bttv0: detected: Twinhan VisionPlus DVB [card=113], PCI subsystem ID is 1822:0001
bttv0: using: Twinhan DST + clones [card=113,autodetected]
bttv0: gpio: en=00000000, out=00000000 in=00f338fd [init]
bttv0: tuner absent
bttv0: add subdevice "dvb0"
bt878: AUDIO driver version 0.0.0 loaded
bt878: Bt878 AUDIO function found (0).
ACPI: PCI Interrupt 0000:01:08.1[A] -> Link [APC3] -> GSI 18 (level, low) -> IRQ 18
bt878_probe: card id=[0x11822],[ Twinhan VisionPlus DVB ] has DVB functions.
bt878(0): Bt878 (rev 17) at 01:08.1, irq: 18, latency: 32, memory: 0xe6101000
DVB: registering new adapter (bttv0)
dst(0) dst_get_device_id: Recognise [DSTMCI]
dst(0) dst_get_device_id: Unsupported
dst(0) dst_check_mb86a15: Cmd=[0x10], failed
dst(0) dst_get_device_id: Unsupported
DST type flags : 0x1 newtuner 0x1000 VLF 0x10 firmware version = 2
dst(0) dst_get_tuner_info: DST TYpe = MULTI FE
dst_ca_attach: registering DST-CA device
DVB: registering frontend 0 (DST DVB-S)...
ACPI: PCI Interrupt Link [APC8] enabled at IRQ 16
ACPI: PCI Interrupt 0000:02:00.0[A] -> Link [APC8] -> GSI 16 (level, low) -> IRQ 16
PCI: Setting latency timer of device 0000:02:00.0 to 64
NVRM: loading NVIDIA UNIX x86_64 Kernel Module  177.82  Tue Nov  4 16:50:05 PST 2008
kjournald starting.  Commit interval 5 seconds
EXT3 FS on hda6, internal journal
EXT3-fs: mounted filesystem with ordered data mode.
nbd: registered device at major 43
NET: Registered protocol family 10
lo: Disabled Privacy Extensions
Installing knfsd (copyright (C) 1996 okir@monad.swb.de).
Bluetooth: Core ver 2.12
NET: Registered protocol family 31
Bluetooth: HCI device and connection manager initialized
Bluetooth: HCI socket layer initialized
Bluetooth: L2CAP ver 2.10
Bluetooth: L2CAP socket layer initialized
Bluetooth: RFCOMM socket layer initialized
Bluetooth: RFCOMM TTY layer initialized
Bluetooth: RFCOMM ver 1.10
usb 3-2.2: new full speed USB device using ohci_hcd and address 6
Bluetooth: BNEP (Ethernet Emulation) ver 1.3
Bluetooth: BNEP filters: protocol multicast
Bridge firewalling registered
pan0: Dropping NETIF_F_UFO since no NETIF_F_HW_CSUM feature.
usb 3-2.2: configuration #1 chosen from 1 choice
Bluetooth: HCI USB driver ver 2.10
usbcore: registered new interface driver hci_usb
it87: Found IT8716F chip at 0x290, revision 3
it87: in3 is VCC (+5V)
it87: in7 is VCCH (+5V Stand-By)
eth0: no IPv6 routers present
Bluetooth: HIDP (Human Interface Emulation) ver 1.2
input: Logitech MX900 Mouse as /class/input/input9
input: Logitech MX900 Mouse as /class/input/input10
dst_ca_open:  Device opened [ffff81007c712440]
dst_ca_ioctl:  Getting Slot capabilities
put_checksum:  Computing string checksum.
put_checksum:   -> string length : 0x07
put_checksum:   -> checksum      : 0xb5
dst_put_ci:  Put Command
ca_get_slot_caps:  -->dst_put_ci SUCCESS !
ca_get_slot_caps:  Slot cap = [0]
===================================
 0
dst_ca_ioctl:  -->CA_GET_CAP Success !
dst_ca_ioctl:  Getting Slot info
put_checksum:  Computing string checksum.
put_checksum:   -> string length : 0x07
put_checksum:   -> checksum      : 0xfb
dst_put_ci:  Put Command
ca_get_slot_info:  -->dst_put_ci SUCCESS !
ca_get_slot_info:  Slot info = [67]
===================================
 7 152 21 67 0 79 2 184
dst_ca_ioctl:  -->CA_GET_SLOT_INFO Success !
dst_ca_release:  Device closed.
roland ~ #

--Boundary-00=_LQnbJAYM1LFF31c
Content-Type: text/plain;
  charset="utf-8";
  name="dmesg kernel 2.6.27-r7 after kaffeine.txt"
Content-Transfer-Encoding: 7bit
Content-Disposition: attachment;
	filename="dmesg kernel 2.6.27-r7 after kaffeine.txt"

Passwort:
roland ~ # dmesg
000 -> 0x00100000
Movable zone start PFN for each node
early_node_map[2] active PFN ranges
    0: 0x00000000 -> 0x0000009f
    0: 0x00000100 -> 0x0007fef0
On node 0 totalpages: 523919
  DMA zone: 2234 pages, LIFO batch:0
  DMA32 zone: 512811 pages, LIFO batch:31
Detected use of extended apic ids on hypertransport bus
ACPI: PM-Timer IO Port: 0x1008
ACPI: Local APIC address 0xfee00000
ACPI: LAPIC (acpi_id[0x00] lapic_id[0x00] enabled)
ACPI: LAPIC (acpi_id[0x01] lapic_id[0x01] enabled)
ACPI: LAPIC_NMI (acpi_id[0x00] dfl dfl lint[0x1])
ACPI: LAPIC_NMI (acpi_id[0x01] dfl dfl lint[0x1])
ACPI: IOAPIC (id[0x02] address[0xfec00000] gsi_base[0])
IOAPIC[0]: apic_id 2, version 0, address 0xfec00000, GSI 0-23
ACPI: INT_SRC_OVR (bus 0 bus_irq 0 global_irq 2 dfl dfl)
ACPI: INT_SRC_OVR (bus 0 bus_irq 9 global_irq 9 high level)
ACPI: INT_SRC_OVR (bus 0 bus_irq 14 global_irq 14 high edge)
ACPI: IRQ0 used by override.
ACPI: IRQ2 used by override.
ACPI: IRQ9 used by override.
ACPI: IRQ14 used by override.
Setting APIC routing to flat
ACPI: HPET id: 0x10de8201 base: 0xfeff0000
Using ACPI (MADT) for SMP configuration information
SMP: Allowing 2 CPUs, 0 hotplug CPUs
PM: Registered nosave memory: 000000000009f000 - 00000000000a0000
PM: Registered nosave memory: 00000000000a0000 - 00000000000f0000
PM: Registered nosave memory: 00000000000f0000 - 0000000000100000
Allocating PCI resources starting at 80000000 (gap: 7ff00000:60100000)
PERCPU: Allocating 46660 bytes of per cpu data
NR_CPUS: 32, nr_cpu_ids: 2, nr_node_ids 1
Built 1 zonelists in Zone order, mobility grouping on.  Total pages: 515045
Kernel command line: root=/dev/ram0 init=/linuxrc ramdisk=8192 real_root=UUID=eaa1e285-75e3-4cef-8fea-4adb43a9a92f udev vga=791
Initializing CPU#0
Preemptible RCU implementation.
PID hash table entries: 4096 (order: 12, 32768 bytes)
TSC: PIT calibration confirmed by PMTIMER.
TSC: using PIT calibration value
Detected 2310.412 MHz processor.
spurious 8259A interrupt: IRQ7.
Console: colour dummy device 80x25
console [tty0] enabled
Dentry cache hash table entries: 262144 (order: 9, 2097152 bytes)
Inode-cache hash table entries: 131072 (order: 8, 1048576 bytes)
Checking aperture...
No AGP bridge found
Node 0: aperture @ 2c7e000000 size 32 MB
Aperture beyond 4GB. Ignoring.
Memory: 2035516k/2096064k available (4009k kernel code, 59588k reserved, 1122k data, 328k init)
CPA: page pool initialized 1 of 1 pages preallocated
hpet clockevent registered
Calibrating delay loop (skipped), value calculated using timer frequency.. 4620.82 BogoMIPS (lpj=2310412)
Mount-cache hash table entries: 256
Initializing cgroup subsys ns
Initializing cgroup subsys cpuacct
CPU: L1 I Cache: 64K (64 bytes/line), D cache 64K (64 bytes/line)
CPU: L2 Cache: 512K (64 bytes/line)
tseg: 007ff00000
CPU: Physical Processor ID: 0
CPU: Processor Core ID: 0
using C1E aware idle routine
ACPI: Core revision 20080609
..TIMER: vector=0x30 apic1=0 pin1=2 apic2=-1 pin2=-1
CPU0: AMD Athlon(tm) 64 X2 Dual Core Processor 4400+ stepping 02
Using local APIC timer interrupts.
APIC timer calibration result 12556647
Detected 12.556 MHz APIC timer.
Booting processor 1/1 ip 6000
Initializing CPU#1
Calibrating delay using timer specific routine.. 4620.72 BogoMIPS (lpj=2310360)
CPU: L1 I Cache: 64K (64 bytes/line), D cache 64K (64 bytes/line)
CPU: L2 Cache: 512K (64 bytes/line)
CPU: Physical Processor ID: 0
CPU: Processor Core ID: 1
CPU1: AMD Athlon(tm) 64 X2 Dual Core Processor 4400+ stepping 02
Brought up 2 CPUs
Total of 2 processors activated (9241.54 BogoMIPS).
net_namespace: 1440 bytes
NET: Registered protocol family 16
node 0 link 0: io port [1000, fffff]
TOM: 0000000080000000 aka 2048M
node 0 link 0: mmio [e0000000, e1ffffff]
node 0 link 0: mmio [a0000, bffff]
node 0 link 0: mmio [80000000, ffb7ffff]
bus: [00,ff] on node 0 link 0
bus: 00 index 0 io port: [0, ffff]
bus: 00 index 1 mmio: [80000000, fcffffffff]
bus: 00 index 2 mmio: [a0000, bffff]
ACPI: bus type pci registered
PCI: MCFG configuration 0: base e0000000 segment 0 buses 0 - 31
PCI: MCFG area at e0000000 reserved in E820
PCI: Using MMCONFIG at e0000000 - e1ffffff
PCI: Using configuration type 1 for base access
ACPI: EC: Look up EC in DSDT
ACPI: Interpreter enabled
ACPI: (supports S0 S1 S4 S5)
ACPI: Using IOAPIC for interrupt routing
ACPI: PCI Root Bridge [PCI0] (0000:00)
PCI: 0000:00:01.1 reg 10 io port: [e000, e03f]
PCI: 0000:00:01.1 reg 20 io port: [1c00, 1c3f]
PCI: 0000:00:01.1 reg 24 io port: [1c40, 1c7f]
pci 0000:00:01.1: PME# supported from D3hot D3cold
pci 0000:00:01.1: PME# disabled
PCI: 0000:00:02.0 reg 10 32bit mmio: [e6206000, e6206fff]
pci 0000:00:02.0: supports D1
pci 0000:00:02.0: supports D2
pci 0000:00:02.0: PME# supported from D0 D1 D2 D3hot D3cold
pci 0000:00:02.0: PME# disabled
PCI: 0000:00:02.1 reg 10 32bit mmio: [e6207000, e62070ff]
pci 0000:00:02.1: supports D1
pci 0000:00:02.1: supports D2
pci 0000:00:02.1: PME# supported from D0 D1 D2 D3hot D3cold
pci 0000:00:02.1: PME# disabled
PCI: 0000:00:06.0 reg 10 32bit mmio: [e6208000, e6208fff]
PCI: 0000:00:06.0 reg 14 io port: [c800, c807]
pci 0000:00:06.0: supports D1
pci 0000:00:06.0: supports D2
pci 0000:00:06.0: PME# supported from D0 D1 D2 D3hot D3cold
pci 0000:00:06.0: PME# disabled
PCI: 0000:00:07.0 reg 10 32bit mmio: [e6200000, e6203fff]
pci 0000:00:07.0: PME# supported from D3hot D3cold
pci 0000:00:07.0: PME# disabled
PCI: 0000:00:09.0 reg 20 io port: [f000, f00f]
PCI: 0000:00:0a.0 reg 10 io port: [9f0, 9f7]
PCI: 0000:00:0a.0 reg 14 io port: [bf0, bf3]
PCI: 0000:00:0a.0 reg 18 io port: [970, 977]
PCI: 0000:00:0a.0 reg 1c io port: [b70, b73]
PCI: 0000:00:0a.0 reg 20 io port: [dc00, dc0f]
PCI: 0000:00:0a.0 reg 24 32bit mmio: [e6204000, e6205fff]
pci 0000:00:0d.0: PME# supported from D0 D1 D2 D3hot D3cold
pci 0000:00:0d.0: PME# disabled
PCI: 0000:01:06.0 reg 10 32bit mmio: [e6008000, e6008fff]
pci 0000:01:06.0: PME# supported from D0 D1 D3hot D3cold
pci 0000:01:06.0: PME# disabled
PCI: 0000:01:06.1 reg 10 32bit mmio: [e6004000, e6004fff]
pci 0000:01:06.1: PME# supported from D0 D1 D3hot D3cold
pci 0000:01:06.1: PME# disabled
PCI: 0000:01:06.2 reg 10 32bit mmio: [e6005000, e6005fff]
pci 0000:01:06.2: PME# supported from D0 D1 D3hot D3cold
pci 0000:01:06.2: PME# disabled
PCI: 0000:01:06.3 reg 10 32bit mmio: [e6006000, e60060ff]
pci 0000:01:06.3: PME# supported from D0 D3hot D3cold
pci 0000:01:06.3: PME# disabled
PCI: 0000:01:08.0 reg 10 32bit mmio: [e6100000, e6100fff]
PCI: 0000:01:08.1 reg 10 32bit mmio: [e6101000, e6101fff]
PCI: 0000:01:0e.0 reg 10 32bit mmio: [e6007000, e60077ff]
PCI: 0000:01:0e.0 reg 14 32bit mmio: [e6000000, e6003fff]
pci 0000:01:0e.0: supports D1
pci 0000:01:0e.0: supports D2
pci 0000:01:0e.0: PME# supported from D0 D1 D2 D3hot
pci 0000:01:0e.0: PME# disabled
pci 0000:00:08.0: transparent bridge
PCI: bridge 0000:00:08.0 32bit mmio: [e6000000, e60fffff]
PCI: bridge 0000:00:08.0 32bit mmio pref: [e6100000, e61fffff]
PCI: 0000:02:00.0 reg 10 32bit mmio: [e4000000, e4ffffff]
PCI: 0000:02:00.0 reg 14 64bit mmio: [d0000000, dfffffff]
PCI: 0000:02:00.0 reg 1c 64bit mmio: [e2000000, e3ffffff]
PCI: 0000:02:00.0 reg 24 io port: [b000, b07f]
PCI: 0000:02:00.0 reg 30 32bit mmio: [0, 1ffff]
PCI: bridge 0000:00:0d.0 io port: [b000, bfff]
PCI: bridge 0000:00:0d.0 32bit mmio: [e2000000, e5ffffff]
PCI: bridge 0000:00:0d.0 64bit mmio pref: [d0000000, dfffffff]
bus 00 -> node 0
ACPI: PCI Interrupt Routing Table [\_SB_.PCI0._PRT]
ACPI: PCI Interrupt Routing Table [\_SB_.PCI0.HUB0._PRT]
ACPI: PCI Interrupt Link [LNK1] (IRQs *5 7 9 10 11 14 15)
ACPI: PCI Interrupt Link [LNK2] (IRQs 5 7 9 10 *11 14 15)
ACPI: PCI Interrupt Link [LNK3] (IRQs 5 7 9 10 *11 14 15)
ACPI: PCI Interrupt Link [LNK4] (IRQs *5 7 9 10 11 14 15)
ACPI: PCI Interrupt Link [LNK5] (IRQs 5 7 9 10 11 14 15) *0, disabled.
ACPI: PCI Interrupt Link [LNK6] (IRQs 5 7 9 10 11 14 15) *0, disabled.
ACPI: PCI Interrupt Link [LNK7] (IRQs 5 7 9 10 11 14 15) *0, disabled.
ACPI: PCI Interrupt Link [LNK8] (IRQs 5 7 9 10 11 14 15) *0, disabled.
ACPI: PCI Interrupt Link [LP2P] (IRQs 5 7 9 10 11 14 15) *0, disabled.
ACPI: PCI Interrupt Link [LUBA] (IRQs *5 7 9 10 11 14 15)
ACPI: PCI Interrupt Link [LUB2] (IRQs 5 7 9 *10 11 14 15)
ACPI: PCI Interrupt Link [LU1B] (IRQs 5 7 9 10 11 14 15) *0
ACPI: PCI Interrupt Link [LU2B] (IRQs 5 7 9 10 11 14 15) *0
ACPI: PCI Interrupt Link [LMAC] (IRQs 5 7 9 10 11 14 *15)
ACPI: PCI Interrupt Link [LAZA] (IRQs 5 7 9 *10 11 14 15)
ACPI: PCI Interrupt Link [LPMU] (IRQs 5 7 9 10 11 14 15) *0, disabled.
ACPI: PCI Interrupt Link [LSMB] (IRQs 5 7 9 10 *11 14 15)
ACPI: PCI Interrupt Link [LIDE] (IRQs 5 7 9 10 11 14 15) *0, disabled.
ACPI: PCI Interrupt Link [LSID] (IRQs 5 7 9 10 *11 14 15)
ACPI: PCI Interrupt Link [APC1] (IRQs 16) *0
ACPI: PCI Interrupt Link [APC2] (IRQs 17) *0
ACPI: PCI Interrupt Link [APC3] (IRQs 18) *0
ACPI: PCI Interrupt Link [APC4] (IRQs 19) *0
ACPI: PCI Interrupt Link [APC5] (IRQs 16) *0, disabled.
ACPI: PCI Interrupt Link [APC6] (IRQs 16) *0, disabled.
ACPI: PCI Interrupt Link [APC7] (IRQs 16) *0, disabled.
ACPI: PCI Interrupt Link [APC8] (IRQs 16) *0, disabled.
ACPI: PCI Interrupt Link [AUBA] (IRQs 20 21 22 23) *0
ACPI: PCI Interrupt Link [AUB2] (IRQs 20 21 22 23) *0
ACPI: PCI Interrupt Link [AU1B] (IRQs 20 21 22 23) *0
ACPI: PCI Interrupt Link [AU2B] (IRQs 20 21 22 23) *0
ACPI: PCI Interrupt Link [APCH] (IRQs 20 21 22 23) *0
ACPI: PCI Interrupt Link [APMU] (IRQs 20 21 22 23) *0, disabled.
ACPI: PCI Interrupt Link [AAZA] (IRQs 20 21 22 23) *0
ACPI: PCI Interrupt Link [APCS] (IRQs 20 21 22 23) *0
ACPI: PCI Interrupt Link [APCM] (IRQs 20 21 22 23) *0, disabled.
ACPI: PCI Interrupt Link [APCZ] (IRQs 20 21 22 23) *0, disabled.
ACPI: PCI Interrupt Link [APSI] (IRQs 20 21 22 23) *0
Linux Plug and Play Support v0.97 (c) Adam Belay
pnp: PnP ACPI init
ACPI: bus type pnp registered
pnp: PnP ACPI: found 15 devices
ACPI: ACPI bus type pnp unregistered
SCSI subsystem initialized
PCI: Using ACPI for IRQ routing
DMAR:parse DMAR table failure.
ACPI: RTC can wake from S4
Switched to high resolution mode on CPU 0
Switched to high resolution mode on CPU 1
system 00:01: ioport range 0x1000-0x107f has been reserved
system 00:01: ioport range 0x1080-0x10ff has been reserved
system 00:01: ioport range 0x1400-0x147f has been reserved
system 00:01: ioport range 0x1480-0x14ff has been reserved
system 00:01: ioport range 0x1800-0x187f has been reserved
system 00:01: ioport range 0x1880-0x18ff has been reserved
system 00:02: ioport range 0x4d0-0x4d1 has been reserved
system 00:02: ioport range 0x800-0x87f has been reserved
system 00:02: ioport range 0x295-0x314 has been reserved
system 00:02: ioport range 0x290-0x294 has been reserved
system 00:0d: iomem range 0xe0000000-0xe1ffffff could not be reserved
system 00:0e: iomem range 0xcc800-0xcffff has been reserved
system 00:0e: iomem range 0xf0000-0xf7fff could not be reserved
system 00:0e: iomem range 0xf8000-0xfbfff could not be reserved
system 00:0e: iomem range 0xfc000-0xfffff could not be reserved
system 00:0e: iomem range 0x7fef0000-0x7fefffff could not be reserved
system 00:0e: iomem range 0xffff0000-0xffffffff could not be reserved
system 00:0e: iomem range 0x0-0x9ffff could not be reserved
system 00:0e: iomem range 0x100000-0x7feeffff could not be reserved
system 00:0e: iomem range 0xfec00000-0xfec00fff could not be reserved
system 00:0e: iomem range 0xfee00000-0xfee00fff could not be reserved
pci 0000:00:08.0: PCI bridge, secondary bus 0000:01
pci 0000:00:08.0:   IO window: disabled
pci 0000:00:08.0:   MEM window: 0xe6000000-0xe60fffff
pci 0000:00:08.0:   PREFETCH window: 0x000000e6100000-0x000000e61fffff
pci 0000:00:0d.0: PCI bridge, secondary bus 0000:02
pci 0000:00:0d.0:   IO window: 0xb000-0xbfff
pci 0000:00:0d.0:   MEM window: 0xe2000000-0xe5ffffff
pci 0000:00:0d.0:   PREFETCH window: 0x000000d0000000-0x000000dfffffff
pci 0000:00:08.0: setting latency timer to 64
pci 0000:00:0d.0: setting latency timer to 64
bus: 00 index 0 io port: [0, ffff]
bus: 00 index 1 mmio: [0, ffffffffffffffff]
bus: 01 index 0 mmio: [0, 0]
bus: 01 index 1 mmio: [e6000000, e60fffff]
bus: 01 index 2 mmio: [e6100000, e61fffff]
bus: 01 index 3 io port: [0, ffff]
bus: 01 index 4 mmio: [0, ffffffffffffffff]
bus: 02 index 0 io port: [b000, bfff]
bus: 02 index 1 mmio: [e2000000, e5ffffff]
bus: 02 index 2 mmio: [d0000000, dfffffff]
bus: 02 index 3 mmio: [0, 0]
NET: Registered protocol family 2
IP route cache hash table entries: 65536 (order: 7, 524288 bytes)
TCP established hash table entries: 262144 (order: 10, 4194304 bytes)
TCP bind hash table entries: 65536 (order: 8, 1048576 bytes)
TCP: Hash tables configured (established 262144 bind 65536)
TCP reno registered
NET: Registered protocol family 1
checking if image is initramfs... it is
Freeing initrd memory: 21169k freed
audit: initializing netlink socket (disabled)
type=2000 audit(1231961374.684:1): initialized
squashfs: version 3.4 (2008/08/26) Phillip Lougher
SGI XFS with ACLs, security attributes, realtime, large block/inode numbers, no debug enabled
SGI XFS Quota Management subsystem
OCFS2 1.5.0
ocfs2: Registered cluster interface o2cb
OCFS2 Node Manager 1.5.0
OCFS2 DLM 1.5.0
OCFS2 DLMFS 1.5.0
OCFS2 User DLM kernel interface loaded
GFS2 (built Jan 14 2009 19:14:52) installed
msgmni has been set to 4018
Block layer SCSI generic (bsg) driver version 0.4 loaded (major 254)
io scheduler noop registered
io scheduler anticipatory registered (default)
io scheduler deadline registered
io scheduler cfq registered
pci 0000:00:00.0: Enabling HT MSI Mapping
pci 0000:00:06.0: Enabling HT MSI Mapping
pci 0000:00:07.0: Enabling HT MSI Mapping
pci 0000:00:08.0: Enabling HT MSI Mapping
pci 0000:00:0a.0: Enabling HT MSI Mapping
pci 0000:00:0d.0: Enabling HT MSI Mapping
pci 0000:02:00.0: Boot video device
pcieport-driver 0000:00:0d.0: setting latency timer to 64
pcieport-driver 0000:00:0d.0: found MSI capability
pci_express 0000:00:0d.0:pcie00: allocate port service
pci_express 0000:00:0d.0:pcie03: allocate port service
Linux agpgart interface v0.103
vesafb: framebuffer at 0xe3000000, mapped to 0xffffc20002100000, using 3072k, total 14336k
vesafb: mode is 1024x768x16, linelength=2048, pages=1
vesafb: scrolling: redraw
vesafb: Truecolor: size=0:5:6:5, shift=0:11:5:0
Console: switching to colour frame buffer device 128x48
fb0: VESA VGA frame buffer device
Serial: 8250/16550 driver4 ports, IRQ sharing enabled
serial8250: ttyS0 at I/O 0x3f8 (irq = 4) is a 16550A
00:09: ttyS0 at I/O 0x3f8 (irq = 4) is a 16550A
brd: module loaded
loop: module loaded
input: Macintosh mouse button emulation as /class/input/input0
Uniform Multi-Platform E-IDE driver
amd74xx 0000:00:09.0: UDMA133 controller
amd74xx 0000:00:09.0: IDE controller (0x10de:0x0448 rev 0xa1)
amd74xx 0000:00:09.0: IDE port disabled
amd74xx 0000:00:09.0: BIOS didn't set cable bits correctly. Enabling workaround.
amd74xx 0000:00:09.0: not 100% native mode: will probe irqs later
    ide0: BM-DMA at 0xf000-0xf007
Probing IDE interface ide0...
hda: HDS722512VLAT20, ATA DISK drive
hdb: PHILIPS DVDR1640P, ATAPI CD/DVD-ROM drive
hda: host max PIO5 wanted PIO255(auto-tune) selected PIO4
hda: UDMA/100 mode selected
hdb: host max PIO5 wanted PIO255(auto-tune) selected PIO4
hdb: UDMA/33 mode selected
ide0 at 0x1f0-0x1f7,0x3f6 on irq 14
isa bounce pool size: 16 pages
ide_generic: please use "probe_mask=0x3f" module parameter for probing all legacy ISA IDE ports
ide_generic: I/O resource 0x1F0-0x1F7 not free.
ide_generic: I/O resource 0x170-0x177 not free.
hda: max request size: 512KiB
hda: Host Protected Area detected.
        current capacity is 241252607 sectors (123521 MB)
        native  capacity is 241254720 sectors (123522 MB)
hda: Host Protected Area disabled.
hda: 241254720 sectors (123522 MB) w/1794KiB Cache, CHS=16383/255/63
hda: cache flushes supported
 hda: hda1 hda2 < hda5 hda6 >
hdb: ATAPI 40X DVD-ROM DVD-R CD-R/RW drive, 2048kB Cache
Uniform CD-ROM driver Revision: 3.20
Driver 'sd' needs updating - please use bus_type methods
Driver 'sr' needs updating - please use bus_type methods
PNP: PS/2 Controller [PNP0303:PS2K,PNP0f13:PS2M] at 0x60,0x64 irq 1,12
serio: i8042 KBD port at 0x60,0x64 irq 1
serio: i8042 AUX port at 0x60,0x64 irq 12
mice: PS/2 mouse device common for all mice
input: AT Translated Set 2 keyboard as /class/input/input1
cpuidle: using governor ladder
cpuidle: using governor menu
TCP cubic registered
NET: Registered protocol family 17
registered taskstats version 1
Freeing unused kernel memory: 328k freed
No dock devices found.
libata version 3.00 loaded.
input: ImPS/2 Generic Wheel Mouse as /class/input/input2
ahci 0000:00:0a.0: version 3.0
ACPI: PCI Interrupt Link [APSI] enabled at IRQ 23
ahci 0000:00:0a.0: PCI INT A -> Link[APSI] -> GSI 23 (level, low) -> IRQ 23
ahci 0000:00:0a.0: AHCI 0001.0100 32 slots 4 ports 3 Gbps 0xf impl SATA mode
ahci 0000:00:0a.0: flags: 64bit ncq sntf pm led clo pmp pio
ahci 0000:00:0a.0: setting latency timer to 64
scsi0 : ahci
scsi1 : ahci
scsi2 : ahci
scsi3 : ahci
ata1: SATA max UDMA/133 abar m8192@0xe6204000 port 0xe6204100 irq 1278
ata2: SATA max UDMA/133 abar m8192@0xe6204000 port 0xe6204180 irq 1278
ata3: SATA max UDMA/133 abar m8192@0xe6204000 port 0xe6204200 irq 1278
ata4: SATA max UDMA/133 abar m8192@0xe6204000 port 0xe6204280 irq 1278
ata1: SATA link up 1.5 Gbps (SStatus 113 SControl 300)
ata1.00: HPA detected: current 976771055, native 976773168
ata1.00: ATA-8: ST3500320AS, SD15, max UDMA/133
ata1.00: 976771055 sectors, multi 16: LBA48 NCQ (depth 31/32)
ata1.00: configured for UDMA/133
ata2: SATA link down (SStatus 0 SControl 300)
ata3: SATA link down (SStatus 0 SControl 300)
ata4: SATA link down (SStatus 0 SControl 300)
scsi 0:0:0:0: Direct-Access     ATA      ST3500320AS      SD15 PQ: 0 ANSI: 5
sd 0:0:0:0: [sda] 976771055 512-byte hardware sectors (500107 MB)
sd 0:0:0:0: [sda] Write Protect is off
sd 0:0:0:0: [sda] Mode Sense: 00 3a 00 00
sd 0:0:0:0: [sda] Write cache: enabled, read cache: enabled, doesn't support DPO or FUA
sd 0:0:0:0: [sda] 976771055 512-byte hardware sectors (500107 MB)
sd 0:0:0:0: [sda] Write Protect is off
sd 0:0:0:0: [sda] Mode Sense: 00 3a 00 00
sd 0:0:0:0: [sda] Write cache: enabled, read cache: enabled, doesn't support DPO or FUA
 sda: sda1 sda2 sda3
sd 0:0:0:0: [sda] Attached SCSI disk
sd 0:0:0:0: Attached scsi generic sg0 type 0
scsi: <fdomain> Detection failed (no card)
GDT-HA: Storage RAID Controller Driver. Version: 3.05
Fusion MPT base driver 3.04.07
Copyright (c) 1999-2008 LSI Corporation
Fusion MPT SPI Host driver 3.04.07
Fusion MPT FC Host driver 3.04.07
Fusion MPT SAS Host driver 3.04.07
3ware Storage Controller device driver for Linux v1.26.02.002.
3ware 9000 Storage Controller device driver for Linux v2.26.02.011.
Compaq SMART2 Driver (v 2.6.0)
HP CISS Driver (v 3.6.20)
Adaptec aacraid driver 1.1-5[2456]-ms
megaraid cmm: 2.20.2.7 (Release Date: Sun Jul 16 00:01:03 EST 2006)
megaraid: 2.20.5.1 (Release Date: Thu Nov 16 15:32:35 EST 2006)
megasas: 00.00.04.01 Thu July 24 11:41:51 PST 2008
QLogic Fibre Channel HBA Driver: 8.02.01-k7
Emulex LightPulse Fibre Channel SCSI driver 8.2.7
Copyright(c) 2004-2008 Emulex.  All rights reserved.
usbcore: registered new interface driver usbfs
usbcore: registered new interface driver hub
usbcore: registered new device driver usb
ACPI: PCI Interrupt Link [AUB2] enabled at IRQ 22
ehci_hcd 0000:00:02.1: PCI INT B -> Link[AUB2] -> GSI 22 (level, low) -> IRQ 22
ehci_hcd 0000:00:02.1: setting latency timer to 64
ehci_hcd 0000:00:02.1: EHCI Host Controller
ehci_hcd 0000:00:02.1: new USB bus registered, assigned bus number 1
ehci_hcd 0000:00:02.1: debug port 1
ehci_hcd 0000:00:02.1: cache line size of 64 is not supported
ehci_hcd 0000:00:02.1: irq 22, io mem 0xe6207000
ehci_hcd 0000:00:02.1: USB 2.0 started, EHCI 1.00, driver 10 Dec 2004
usb usb1: configuration #1 chosen from 1 choice
hub 1-0:1.0: USB hub found
hub 1-0:1.0: 10 ports detected
ACPI: PCI Interrupt Link [APC1] enabled at IRQ 16
ehci_hcd 0000:01:06.3: PCI INT A -> Link[APC1] -> GSI 16 (level, low) -> IRQ 16
ehci_hcd 0000:01:06.3: EHCI Host Controller
ehci_hcd 0000:01:06.3: new USB bus registered, assigned bus number 2
ehci_hcd 0000:01:06.3: debug port 1
ehci_hcd 0000:01:06.3: irq 16, io mem 0xe6006000
usb 1-1: new high speed USB device using ehci_hcd and address 2
ehci_hcd 0000:01:06.3: USB 2.0 started, EHCI 1.00, driver 10 Dec 2004
usb usb2: configuration #1 chosen from 1 choice
hub 2-0:1.0: USB hub found
hub 2-0:1.0: 6 ports detected
usb 1-1: configuration #1 chosen from 1 choice
Initializing USB Mass Storage driver...
scsi4 : SCSI emulation for USB Mass Storage devices
usb-storage: device found at 2
usb-storage: waiting for device to settle before scanning
usbcore: registered new interface driver usb-storage
USB Mass Storage support registered.
USB Universal Host Controller Interface driver v3.0
ohci_hcd: 2006 August 04 USB 1.1 'Open' Host Controller (OHCI) Driver
ACPI: PCI Interrupt Link [AUBA] enabled at IRQ 21
ohci_hcd 0000:00:02.0: PCI INT A -> Link[AUBA] -> GSI 21 (level, low) -> IRQ 21
ohci_hcd 0000:00:02.0: setting latency timer to 64
ohci_hcd 0000:00:02.0: OHCI Host Controller
ohci_hcd 0000:00:02.0: new USB bus registered, assigned bus number 3
ohci_hcd 0000:00:02.0: irq 21, io mem 0xe6206000
usb usb3: configuration #1 chosen from 1 choice
hub 3-0:1.0: USB hub found
hub 3-0:1.0: 10 ports detected
ACPI: PCI Interrupt Link [APC2] enabled at IRQ 17
ohci_hcd 0000:01:06.0: PCI INT B -> Link[APC2] -> GSI 17 (level, low) -> IRQ 17
ohci_hcd 0000:01:06.0: OHCI Host Controller
ohci_hcd 0000:01:06.0: new USB bus registered, assigned bus number 4
ohci_hcd 0000:01:06.0: irq 17, io mem 0xe6008000
usb usb4: configuration #1 chosen from 1 choice
hub 4-0:1.0: USB hub found
hub 4-0:1.0: 2 ports detected
usb 3-2: new full speed USB device using ohci_hcd and address 2
ACPI: PCI Interrupt Link [APC3] enabled at IRQ 18
ohci_hcd 0000:01:06.1: PCI INT C -> Link[APC3] -> GSI 18 (level, low) -> IRQ 18
ohci_hcd 0000:01:06.1: OHCI Host Controller
ohci_hcd 0000:01:06.1: new USB bus registered, assigned bus number 5
ohci_hcd 0000:01:06.1: irq 18, io mem 0xe6004000
usb usb5: configuration #1 chosen from 1 choice
hub 5-0:1.0: USB hub found
hub 5-0:1.0: 2 ports detected
usb 3-2: configuration #1 chosen from 1 choice
hub 3-2:1.0: USB hub found
hub 3-2:1.0: 2 ports detected
ACPI: PCI Interrupt Link [APC4] enabled at IRQ 19
ohci_hcd 0000:01:06.2: PCI INT D -> Link[APC4] -> GSI 19 (level, low) -> IRQ 19
ohci_hcd 0000:01:06.2: OHCI Host Controller
ohci_hcd 0000:01:06.2: new USB bus registered, assigned bus number 6
ohci_hcd 0000:01:06.2: irq 19, io mem 0xe6005000
usb usb6: configuration #1 chosen from 1 choice
hub 6-0:1.0: USB hub found
hub 6-0:1.0: 2 ports detected
usb 3-4: new full speed USB device using ohci_hcd and address 3
usb 3-4: configuration #1 chosen from 1 choice
usb 3-6: new low speed USB device using ohci_hcd and address 4
usb 3-6: configuration #1 chosen from 1 choice
usb 5-2: new full speed USB device using ohci_hcd and address 2
usb 5-2: configuration #1 chosen from 1 choice
usb 3-2.1: new low speed USB device using ohci_hcd and address 5
usb 3-2.1: configuration #1 chosen from 1 choice
usbcore: registered new interface driver hiddev
usb-storage: device scan complete
scsi 4:0:0:0: Direct-Access     Generic  STORAGE DEVICE   0128 PQ: 0 ANSI: 0
sd 4:0:0:0: [sdb] Attached SCSI removable disk
sd 4:0:0:0: Attached scsi generic sg1 type 0
usbhid: timeout initializing reports
input: Logitech Inc. WingMan Strike Force 3D as /class/input/input3
input,hidraw0: USB HID v1.00 Joystick [Logitech Inc. WingMan Strike Force 3D] on usb-0000:00:02.0-6
input: Logitech USB Receiver as /class/input/input4
input,hidraw1: USB HID v1.10 Keyboard [Logitech USB Receiver] on usb-0000:00:02.0-2.1
input: Logitech USB Receiver as /class/input/input5
input,hiddev96,hidraw2: USB HID v1.10 Mouse [Logitech USB Receiver] on usb-0000:00:02.0-2.1
usbcore: registered new interface driver usbhid
usbhid: v2.6:USB HID core driver
sl811: driver sl811-hcd, 19 May 2005
ohci1394 0000:01:0e.0: PCI INT A -> Link[APC3] -> GSI 18 (level, low) -> IRQ 18
ohci1394: fw-host0: OHCI-1394 1.1 (PCI): IRQ=[18]  MMIO=[e6007000-e60077ff]  Max Packet=[2048]  IR/IT contexts=[4/8]
device-mapper: uevent: version 1.0.3
device-mapper: ioctl: 4.14.0-ioctl (2008-04-23) initialised: dm-devel@redhat.com
md: raid0 personality registered for level 0
md: raid1 personality registered for level 1
async_tx: api initialized (async)
xor: automatically using best checksumming function: generic_sse
   generic_sse:  6852.000 MB/sec
xor: using function: generic_sse (6852.000 MB/sec)
raid6: int64x1   2062 MB/s
raid6: int64x2   2652 MB/s
raid6: int64x4   2351 MB/s
raid6: int64x8   1757 MB/s
raid6: sse2x1    3089 MB/s
raid6: sse2x2    4250 MB/s
raid6: sse2x4    4375 MB/s
raid6: using algorithm sse2x4 (4375 MB/s)
md: raid6 personality registered for level 6
md: raid5 personality registered for level 5
md: raid4 personality registered for level 4
md: raid10 personality registered for level 10
JFS: nTxBlock = 8192, nTxLock = 65536
RPC: Registered udp transport module.
RPC: Registered tcp transport module.
Intel(R) PRO/1000 Network Driver - version 7.3.20-k3-NAPI
Copyright (c) 1999-2006 Intel Corporation.
ieee1394: Host added: ID:BUS[0-00:1023]  GUID[00e7c1c500001a4d]
ReiserFS: sda3: found reiserfs format "3.6" with standard journal
ReiserFS: sda3: using ordered data mode
ReiserFS: sda3: journal params: device sda3, size 8192, journal first block 18, max trans len 1024, max batch 900, max commit age 30, max trans age 30
ReiserFS: sda3: checking transaction log (sda3)
ReiserFS: sda3: Using r5 hash to sort names
input: Power Button (FF) as /class/input/input6
ACPI: Power Button (FF) [PWRF]
input: Power Button (CM) as /class/input/input7
ACPI: Power Button (CM) [PWRB]
processor ACPI0007:00: registered as cooling_device0
processor ACPI0007:01: registered as cooling_device1
i2c-adapter i2c-0: nForce2 SMBus adapter at 0x1c00
i2c-adapter i2c-1: nForce2 SMBus adapter at 0x1c40
forcedeth: Reverse Engineered nForce ethernet driver. Version 0.61.
ACPI: PCI Interrupt Link [APCH] enabled at IRQ 20
forcedeth 0000:00:06.0: PCI INT A -> Link[APCH] -> GSI 20 (level, low) -> IRQ 20
forcedeth 0000:00:06.0: setting latency timer to 64
input: PC Speaker as /class/input/input8
Linux video capture interface: v2.00
IT8716 SuperIO detected.
parport_pc 00:0a: reported by Plug and Play ACPI
parport0: PC-style at 0x378 (0x778), irq 7, dma 3 [PCSPP,TRISTATE,COMPAT,ECP,DMA]
Floppy drive(s): fd0 is 1.44M
FDC 0 is a post-1991 82077
forcedeth 0000:00:06.0: ifname eth0, PHY OUI 0x732 @ 1, addr 00:1a:4d:fb:e8:9c
forcedeth 0000:00:06.0: highdma pwrctl mgmt timirq gbit lnktim msi desc-v3
nvidia: module license 'NVIDIA' taints kernel.
ppdev: user-space parallel port driver
ACPI: PCI Interrupt Link [AAZA] enabled at IRQ 23
HDA Intel 0000:00:07.0: PCI INT B -> Link[AAZA] -> GSI 23 (level, low) -> IRQ 23
HDA Intel 0000:00:07.0: setting latency timer to 64
gspca: main v2.4.0 registered
gspca: probing 0ac8:301b
ACPI: PCI Interrupt Link [APC8] enabled at IRQ 16
nvidia 0000:02:00.0: PCI INT A -> Link[APC8] -> GSI 16 (level, low) -> IRQ 16
nvidia 0000:02:00.0: setting latency timer to 64
NVRM: loading NVIDIA UNIX x86_64 Kernel Module  177.82  Tue Nov  4 16:50:05 PST 2008
bttv: driver version 0.9.17 loaded
bttv: using 8 buffers with 2080k (520 pages) each for capture
bttv: Bt8xx card found (0).
bttv 0000:01:08.0: PCI INT A -> Link[APC3] -> GSI 18 (level, low) -> IRQ 18
bttv0: Bt878 (rev 17) at 0000:01:08.0, irq: 18, latency: 32, mmio: 0xe6100000
bttv0: detected: Twinhan VisionPlus DVB [card=113], PCI subsystem ID is 1822:0001
bttv0: using: Twinhan DST + clones [card=113,autodetected]
bttv0: gpio: en=00000000, out=00000000 in=00f5a0fd [init]
bttv0: tuner absent
bttv0: add subdevice "dvb0"
bt878: AUDIO driver version 0.0.0 loaded
bt878: Bt878 AUDIO function found (0).
bt878 0000:01:08.1: PCI INT A -> Link[APC3] -> GSI 18 (level, low) -> IRQ 18
bt878_probe: card id=[0x11822],[ Twinhan VisionPlus DVB ] has DVB functions.
bt878(0): Bt878 (rev 17) at 01:08.1, irq: 18, latency: 32, memory: 0xe6101000
DVB: registering new adapter (bttv0)
dst(0) dst_get_device_id: Recognise [DSTMCI]
dst(0) dst_get_device_id: Unsupported
zc3xx: probe 2wr ov vga 0x0000
zc3xx: probe sensor -> 11
zc3xx: Find Sensor HV7131R(c)
gspca: probe ok
usbcore: registered new interface driver zc3xx
zc3xx: registered
dst(0) dst_check_mb86a15: Cmd=[0x10], failed
dst(0) dst_get_device_id: Unsupported
DST type flags : 0x1 newtuner 0x1000 VLF 0x10 firmware version = 2
dst(0) dst_get_tuner_info: DST TYpe = MULTI FE
dst_ca_attach: registering DST-CA device
DVB: registering adapter 0 frontend 0 (DST DVB-S)...
ReiserFS: sda3: Removing [163885 10991324 0x0 SD]..done
ReiserFS: sda3: There were 1 uncompleted unlinks/truncates. Completed
kjournald starting.  Commit interval 5 seconds
EXT3 FS on hda6, internal journal
EXT3-fs: mounted filesystem with ordered data mode.
nbd: registered device at major 43
NET: Registered protocol family 10
lo: Disabled Privacy Extensions
Installing knfsd (copyright (C) 1996 okir@monad.swb.de).
Bluetooth: Core ver 2.13
NET: Registered protocol family 31
Bluetooth: HCI device and connection manager initialized
Bluetooth: HCI socket layer initialized
Bluetooth: L2CAP ver 2.11
Bluetooth: L2CAP socket layer initialized
Bluetooth: RFCOMM socket layer initialized
Bluetooth: RFCOMM TTY layer initialized
Bluetooth: RFCOMM ver 1.10
Bluetooth: BNEP (Ethernet Emulation) ver 1.3
Bluetooth: BNEP filters: protocol multicast
usb 3-2.2: new full speed USB device using ohci_hcd and address 6
Bridge firewalling registered
usb 3-2.2: configuration #1 chosen from 1 choice
Bluetooth: HCI USB driver ver 2.10
usbcore: registered new interface driver hci_usb
it87: Found IT8716F chip at 0x290, revision 3
it87: in3 is VCC (+5V)
it87: in7 is VCCH (+5V Stand-By)
eth0: no IPv6 routers present
Bluetooth: HIDP (Human Interface Emulation) ver 1.2
input: Logitech MX900 Mouse as /class/input/input9
input: Logitech MX900 Mouse as /class/input/input10
dst_ca_open:  Device opened [ffff88007bb50f00]
dst_ca_ioctl:  Getting Slot capabilities
put_checksum:  Computing string checksum.
put_checksum:   -> string length : 0x07
put_checksum:   -> checksum      : 0xb5
dst_put_ci:  Put Command
ca_get_slot_caps:  -->dst_put_ci SUCCESS !
ca_get_slot_caps:  Slot cap = [0]
===================================
 0
dst_ca_ioctl:  -->CA_GET_CAP Success !
dst_ca_ioctl:  Getting Slot info
put_checksum:  Computing string checksum.
put_checksum:   -> string length : 0x07
put_checksum:   -> checksum      : 0xfb
dst_put_ci:  Put Command
ca_get_slot_info:  -->dst_put_ci SUCCESS !
ca_get_slot_info:  Slot info = [168]
===================================
 87 170 43 168 0 54 243 3
dst_ca_ioctl:  -->CA_GET_SLOT_INFO Success !
dst_ca_release:  Device closed.
roland ~ #

--Boundary-00=_LQnbJAYM1LFF31c
Content-Type: text/plain;
  charset="utf-8";
  name="dmesg kernel 2.6.26.txt"
Content-Transfer-Encoding: 7bit
Content-Disposition: attachment;
	filename="dmesg kernel 2.6.26.txt"

Passwort:
roland ~ # dmesg
Initializing cgroup subsys cpuset
Linux version 2.6.26-gentoo (root@roland) (gcc version 4.1.2 (Gentoo 4.1.2 p1.0.
2)) #1 SMP PREEMPT Sat Aug 30 20:23:36 MEST 2008
Command line: root=/dev/ram0 init=/linuxrc ramdisk=8192 real_root=UUID=eaa1e285-
75e3-4cef-8fea-4adb43a9a92f udev vga=791
BIOS-provided physical RAM map:
 BIOS-e820: 0000000000000000 - 000000000009f800 (usable)
 BIOS-e820: 000000000009f800 - 00000000000a0000 (reserved)
 BIOS-e820: 00000000000f0000 - 0000000000100000 (reserved)
 BIOS-e820: 0000000000100000 - 000000007fef0000 (usable)
 BIOS-e820: 000000007fef0000 - 000000007fef3000 (ACPI NVS)
 BIOS-e820: 000000007fef3000 - 000000007ff00000 (ACPI data)
 BIOS-e820: 00000000e0000000 - 00000000e2000000 (reserved)
 BIOS-e820: 00000000fec00000 - 0000000100000000 (reserved)
Entering add_active_range(0, 0, 159) 0 entries of 256 used
Entering add_active_range(0, 256, 524016) 1 entries of 256 used
max_pfn_mapped = 1048576
init_memory_mapping
DMI 2.4 present.
ACPI: RSDP 000F6410, 0014 (r0 GBT   )
ACPI: RSDT 7FEF3000, 0038 (r1 GBT    NVDAACPI 42302E31 NVDA  1010101)
ACPI: FACP 7FEF3040, 0074 (r1 GBT    NVDAACPI 42302E31 NVDA  1010101)
ACPI: DSDT 7FEF30C0, 46B5 (r1 GBT    NVDAACPI     1000 MSFT  100000C)
ACPI: FACS 7FEF0000, 0040
ACPI: SSDT 7FEF7800, 0248 (r1 PTLTD  POWERNOW        1  LTP        1)
ACPI: HPET 7FEF7A80, 0038 (r1 GBT    NVDAACPI 42302E31 NVDA       98)
ACPI: MCFG 7FEF7AC0, 003C (r1 GBT    NVDAACPI 42302E31 NVDA  1010101)
ACPI: APIC 7FEF7780, 0072 (r1 GBT    NVDAACPI 42302E31 NVDA  1010101)
Entering add_active_range(0, 0, 159) 0 entries of 256 used
Entering add_active_range(0, 256, 524016) 1 entries of 256 used
  early res: 0 [0-fff] BIOS data page
  early res: 1 [6000-7fff] TRAMPOLINE
  early res: 2 [200000-8348b7] TEXT DATA BSS
  early res: 3 [36bd7000-37fef523] RAMDISK
  early res: 4 [9f800-fffff] BIOS reserved
  early res: 5 [8000-bfff] PGTABLE
 [ffffe20000000000-ffffe20001bfffff] PMD -> [ffff810001200000-ffff810002dfffff]
on node 0
Zone PFN ranges:
  DMA             0 ->     4096
  DMA32        4096 ->  1048576
  Normal    1048576 ->  1048576
Movable zone start PFN for each node
early_node_map[2] active PFN ranges
    0:        0 ->      159
    0:      256 ->   524016
On node 0 totalpages: 523919
  DMA zone: 56 pages used for memmap
  DMA zone: 1693 pages reserved
  DMA zone: 2250 pages, LIFO batch:0
  DMA32 zone: 7109 pages used for memmap
  DMA32 zone: 512811 pages, LIFO batch:31
  Normal zone: 0 pages used for memmap
  Movable zone: 0 pages used for memmap
Detected use of extended apic ids on hypertransport bus
ACPI: PM-Timer IO Port: 0x1008
ACPI: Local APIC address 0xfee00000
ACPI: LAPIC (acpi_id[0x00] lapic_id[0x00] enabled)
ACPI: LAPIC (acpi_id[0x01] lapic_id[0x01] enabled)
ACPI: LAPIC_NMI (acpi_id[0x00] dfl dfl lint[0x1])
ACPI: LAPIC_NMI (acpi_id[0x01] dfl dfl lint[0x1])
ACPI: IOAPIC (id[0x02] address[0xfec00000] gsi_base[0])
IOAPIC[0]: apic_id 2, version 0, address 0xfec00000, GSI 0-23
ACPI: INT_SRC_OVR (bus 0 bus_irq 0 global_irq 2 dfl dfl)
ACPI: INT_SRC_OVR (bus 0 bus_irq 9 global_irq 9 high level)
ACPI: INT_SRC_OVR (bus 0 bus_irq 14 global_irq 14 high edge)
ACPI: IRQ0 used by override.
ACPI: IRQ2 used by override.
ACPI: IRQ9 used by override.
ACPI: IRQ14 used by override.
Setting APIC routing to flat
ACPI: HPET id: 0x10de8201 base: 0xfeff0000
Using ACPI (MADT) for SMP configuration information
PM: Registered nosave memory: 000000000009f000 - 00000000000a0000
PM: Registered nosave memory: 00000000000a0000 - 00000000000f0000
PM: Registered nosave memory: 00000000000f0000 - 0000000000100000
Allocating PCI resources starting at 80000000 (gap: 7ff00000:60100000)
SMP: Allowing 2 CPUs, 0 hotplug CPUs
PERCPU: Allocating 35376 bytes of per cpu data
NR_CPUS: 32, nr_cpu_ids: 2
Built 1 zonelists in Zone order, mobility grouping on.  Total pages: 515061
Kernel command line: root=/dev/ram0 init=/linuxrc ramdisk=8192 real_root=UUID=ea
a1e285-75e3-4cef-8fea-4adb43a9a92f udev vga=791
Initializing CPU#0
PID hash table entries: 4096 (order: 12, 32768 bytes)
TSC calibrated against PM_TIMER
Marking TSC unstable due to TSCs unsynchronized
time.c: Detected 2310.478 MHz processor.
spurious 8259A interrupt: IRQ7.
Console: colour dummy device 80x25
console [tty0] enabled
Dentry cache hash table entries: 262144 (order: 9, 2097152 bytes)
Inode-cache hash table entries: 131072 (order: 8, 1048576 bytes)
Checking aperture...
Node 0: aperture @ 2c7e000000 size 32 MB
Aperture beyond 4GB. Ignoring.
No AGP bridge found
Memory: 2036080k/2096064k available (3957k kernel code, 58928k reserved, 1132k d
ata, 280k init)
CPA: page pool initialized 1 of 1 pages preallocated
hpet clockevent registered
Calibrating delay using timer specific routine.. 4624.78 BogoMIPS (lpj=23123926)
Mount-cache hash table entries: 256
Initializing cgroup subsys ns
Initializing cgroup subsys cpuacct
CPU: L1 I Cache: 64K (64 bytes/line), D cache 64K (64 bytes/line)
CPU: L2 Cache: 512K (64 bytes/line)
CPU: Physical Processor ID: 0
CPU: Processor Core ID: 0
ACPI: Core revision 20080321
CPU0: AMD Athlon(tm) 64 X2 Dual Core Processor 4400+ stepping 02
Using local APIC timer interrupts.
APIC timer calibration result 12557003
Detected 12.557 MHz APIC timer.
Booting processor 1/1 ip 6000
Initializing CPU#1
Calibrating delay using timer specific routine.. 4621.07 BogoMIPS (lpj=23105375)
CPU: L1 I Cache: 64K (64 bytes/line), D cache 64K (64 bytes/line)
