Return-path: <linux-media-owner@vger.kernel.org>
Received: from mga11.intel.com ([192.55.52.93]:19510 "EHLO mga11.intel.com"
	rhost-flags-OK-OK-OK-OK) by vger.kernel.org with ESMTP
	id S1751881Ab2HJBB4 (ORCPT <rfc822;linux-media@vger.kernel.org>);
	Thu, 9 Aug 2012 21:01:56 -0400
Date: Fri, 10 Aug 2012 09:01:51 +0800
From: Fengguang Wu <fengguang.wu@intel.com>
To: Jarod Wilson <jarod@redhat.com>
Cc: Josh Boyer <jwboyer@redhat.com>,
	Mauro Carvalho Chehab <mchehab@redhat.com>,
	linux-media@vger.kernel.org, devel@driverdev.osuosl.org,
	linux-kernel@vger.kernel.org
Subject: Kernel freezed on lirc_sir driver registration
Message-ID: <20120810010151.GA18080@localhost>
MIME-Version: 1.0
Content-Type: multipart/mixed; boundary="EVF5PPMfhYS0aIcm"
Content-Disposition: inline
Sender: linux-media-owner@vger.kernel.org
List-ID: <linux-media.vger.kernel.org>


--EVF5PPMfhYS0aIcm
Content-Type: text/plain; charset=us-ascii
Content-Disposition: inline

Hi Jarod,

FYI, since commit 4b71ca6bce ("[media] lirc_sir: make device
registration work"), kvm test boots will now hang after line

[   46.488523] platform lirc_dev.0: lirc_dev: driver lirc_sir registered at minor 

Attached is the dmesg and config.

Thanks,
Fengguang

--EVF5PPMfhYS0aIcm
Content-Type: text/plain; charset=us-ascii
Content-Disposition: attachment; filename="dmesg-kvm-ant-26854-2012-08-09-20-19-23-3.6.0-rc1-00214-gf5addb9-"

[    0.000000] Linux version 3.6.0-rc1-00214-gf5addb9 (kbuild@snb) (gcc version 4.7.1 (Debian 4.7.1-6) ) #5 PREEMPT Thu Aug 9 15:20:18 CST 2012
[    0.000000] Command line: trinity=3m hung_task_panic=1 branch=net/master log_buf_len=8M ignore_loglevel debug sched_debug apic=debug dynamic_printk sysrq_always_enabled panic=10  prompt_ramdisk=0 console=ttyS0,115200 console=tty0 vga=normal  root=/dev/ram0 rw link=vmlinuz-2012-08-09-15-20-57-net:master:f5addb9-f5addb9-x86_64-randconfig-s040-7-waimea-retry-ant noapic nolapic BOOT_IMAGE=kernel-tests/kernels/x86_64-randconfig-s040/f5addb9/vmlinuz-3.6.0-rc1-00214-gf5addb9
[    0.000000] e820: BIOS-provided physical RAM map:
[    0.000000] BIOS-e820: [mem 0x0000000000000000-0x0000000000093bff] usable
[    0.000000] BIOS-e820: [mem 0x0000000000093c00-0x000000000009ffff] reserved
[    0.000000] BIOS-e820: [mem 0x00000000000f0000-0x00000000000fffff] reserved
[    0.000000] BIOS-e820: [mem 0x0000000000100000-0x000000000fffdfff] usable
[    0.000000] BIOS-e820: [mem 0x000000000fffe000-0x000000000fffffff] reserved
[    0.000000] BIOS-e820: [mem 0x00000000fffc0000-0x00000000ffffffff] reserved
[    0.000000] debug: ignoring loglevel setting.
[    0.000000] NX (Execute Disable) protection: active
[    0.000000] DMI 2.4 present.
[    0.000000] DMI: Bochs Bochs, BIOS Bochs 01/01/2007
[    0.000000] e820: update [mem 0x00000000-0x0000ffff] usable ==> reserved
[    0.000000] e820: remove [mem 0x000a0000-0x000fffff] usable
[    0.000000] No AGP bridge found
[    0.000000] e820: last_pfn = 0xfffe max_arch_pfn = 0x400000000
[    0.000000] MTRR default type: write-back
[    0.000000] MTRR fixed ranges enabled:
[    0.000000]   00000-9FFFF write-back
[    0.000000]   A0000-BFFFF uncachable
[    0.000000]   C0000-FFFFF write-protect
[    0.000000] MTRR variable ranges enabled:
[    0.000000]   0 base 00E0000000 mask FFE0000000 uncachable
[    0.000000]   1 disabled
[    0.000000]   2 disabled
[    0.000000]   3 disabled
[    0.000000]   4 disabled
[    0.000000]   5 disabled
[    0.000000]   6 disabled
[    0.000000]   7 disabled
[    0.000000] x86 PAT enabled: cpu 0, old 0x7040600070406, new 0x7010600070106
[    0.000000] initial memory mapped: [mem 0x00000000-0x1fffffff]
[    0.000000] Base memory trampoline at [ffff88000008d000] 8d000 size 24576
[    0.000000] init_memory_mapping: [mem 0x00000000-0x0fffdfff]
[    0.000000]  [mem 0x00000000-0x0fffdfff] page 4k
[    0.000000] kernel direct mapping tables up to 0xfffdfff @ [mem 0x0e854000-0x0e8d5fff]
[    0.000000] log_buf_len: 8388608
[    0.000000] early log buf free: 128516(98%)
[    0.000000] RAMDISK: [mem 0x0e8d6000-0x0ffeffff]
[    0.000000] ACPI: RSDP 00000000000fd930 00014 (v00 BOCHS )
[    0.000000] ACPI: RSDT 000000000fffe550 00038 (v01 BOCHS  BXPCRSDT 00000001 BXPC 00000001)
[    0.000000] ACPI: FACP 000000000fffff80 00074 (v01 BOCHS  BXPCFACP 00000001 BXPC 00000001)
[    0.000000] ACPI: DSDT 000000000fffe590 01121 (v01   BXPC   BXDSDT 00000001 INTL 20100528)
[    0.000000] ACPI: FACS 000000000fffff40 00040
[    0.000000] ACPI: SSDT 000000000ffffe40 000FF (v01 BOCHS  BXPCSSDT 00000001 BXPC 00000001)
[    0.000000] ACPI: APIC 000000000ffffd50 00080 (v01 BOCHS  BXPCAPIC 00000001 BXPC 00000001)
[    0.000000] ACPI: HPET 000000000ffffd10 00038 (v01 BOCHS  BXPCHPET 00000001 BXPC 00000001)
[    0.000000] ACPI: SSDT 000000000ffff6c0 00644 (v01   BXPC BXSSDTPC 00000001 INTL 20100528)
[    0.000000] Zone ranges:
[    0.000000]   DMA      [mem 0x00010000-0x00ffffff]
[    0.000000]   DMA32    [mem 0x01000000-0xffffffff]
[    0.000000]   Normal   empty
[    0.000000] Movable zone start for each node
[    0.000000] Early memory node ranges
[    0.000000]   node   0: [mem 0x00010000-0x00092fff]
[    0.000000]   node   0: [mem 0x00100000-0x0fffdfff]
[    0.000000] On node 0 totalpages: 65409
[    0.000000]   DMA zone: 64 pages used for memmap
[    0.000000]   DMA zone: 6 pages reserved
[    0.000000]   DMA zone: 3901 pages, LIFO batch:0
[    0.000000]   DMA32 zone: 960 pages used for memmap
[    0.000000]   DMA32 zone: 60478 pages, LIFO batch:15
[    0.000000] ACPI: PM-Timer IO Port: 0xb008
[    0.000000] ACPI: HPET id: 0x8086a201 base: 0xfed00000
[    0.000000] No local APIC present
[    0.000000] APIC: disable apic facility
[    0.000000] APIC: switched to apic NOOP
[    0.000000] nr_irqs_gsi: 16
[    0.000000] PM: Registered nosave memory: 0000000000093000 - 0000000000094000
[    0.000000] PM: Registered nosave memory: 0000000000094000 - 00000000000a0000
[    0.000000] PM: Registered nosave memory: 00000000000a0000 - 00000000000f0000
[    0.000000] PM: Registered nosave memory: 00000000000f0000 - 0000000000100000
[    0.000000] e820: [mem 0x10000000-0xfffbffff] available for PCI devices
[    0.000000] Booting paravirtualized kernel on bare hardware
[    0.000000] pcpu-alloc: s0 r0 d32768 u32768 alloc=1*32768
[    0.000000] pcpu-alloc: [0] 0 
[    0.000000] Built 1 zonelists in Zone order, mobility grouping on.  Total pages: 64379
[    0.000000] Kernel command line: trinity=3m hung_task_panic=1 branch=net/master log_buf_len=8M ignore_loglevel debug sched_debug apic=debug dynamic_printk sysrq_always_enabled panic=10  prompt_ramdisk=0 console=ttyS0,115200 console=tty0 vga=normal  root=/dev/ram0 rw link=vmlinuz-2012-08-09-15-20-57-net:master:f5addb9-f5addb9-x86_64-randconfig-s040-7-waimea-retry-ant noapic nolapic BOOT_IMAGE=kernel-tests/kernels/x86_64-randconfig-s040/f5addb9/vmlinuz-3.6.0-rc1-00214-gf5addb9
[    0.000000] sysrq: sysrq always enabled.
[    0.000000] PID hash table entries: 1024 (order: 1, 8192 bytes)
[    0.000000] Dentry cache hash table entries: 32768 (order: 6, 262144 bytes)
[    0.000000] Inode-cache hash table entries: 16384 (order: 5, 131072 bytes)
[    0.000000] __ex_table already sorted, skipping sort
[    0.000000] Checking aperture...
[    0.000000] No AGP bridge found
[    0.000000] Memory: 183860k/262136k available (13477k kernel code, 500k absent, 77776k reserved, 13450k data, 764k init)
[    0.000000] SLUB: Genslabs=15, HWalign=64, Order=0-3, MinObjects=0, CPUs=1, Nodes=1
[    0.000000] NR_IRQS:4352 nr_irqs:256 16
[    0.000000] Console: colour VGA+ 80x25
[    0.000000] console [tty0] enabled
[    0.000000] console [ttyS0] enabled
[    0.000000] Lock dependency validator: Copyright (c) 2006 Red Hat, Inc., Ingo Molnar
[    0.000000] ... MAX_LOCKDEP_SUBCLASSES:  8
[    0.000000] ... MAX_LOCK_DEPTH:          48
[    0.000000] ... MAX_LOCKDEP_KEYS:        8191
[    0.000000] ... CLASSHASH_SIZE:          4096
[    0.000000] ... MAX_LOCKDEP_ENTRIES:     16384
[    0.000000] ... MAX_LOCKDEP_CHAINS:      32768
[    0.000000] ... CHAINHASH_SIZE:          16384
[    0.000000]  memory used by lock dependency info: 5823 kB
[    0.000000]  per task-struct memory footprint: 1920 bytes
[    0.000000] hpet clockevent registered
[    0.000000] tsc: Fast TSC calibration failed
[    0.000000] tsc: Unable to calibrate against PIT
[    0.000000] tsc: using HPET reference calibration
[    0.000000] tsc: Detected 3192.005 MHz processor
[    0.037044] Calibrating delay loop (skipped), value calculated using timer frequency.. 6384.01 BogoMIPS (lpj=12768020)
[    0.041851] pid_max: default: 32768 minimum: 301
[    0.061017] Mount-cache hash table entries: 256
[    0.121847] mce: CPU supports 10 MCE banks
[    0.127608] Last level iTLB entries: 4KB 0, 2MB 0, 4MB 0
[    0.127608] Last level dTLB entries: 4KB 0, 2MB 0, 4MB 0
[    0.127608] tlb_flushall_shift is 0xffffffff
[    0.128329] CPU: AMD QEMU Virtual CPU version 1.1.0 stepping 03
[    0.171506] ACPI: Core revision 20120711
[    0.430358] ACPI: setting ELCR to 0200 (from 0c00)
[    0.467171] Performance Events: 
[    0.468714] no APIC, boot with the "lapic" boot parameter to force-enable it.
[    0.470544] no hardware sampling interrupt available.
[    0.472530] Broken PMU hardware detected, using software events only.
[    0.474097] Failed to access perfctr msr (MSR c0010004 is 0)
[    0.513632] Apic disabled
[    0.580957] atomic64 test passed for x86-64 platform with CX8 and with SSE
[    0.585301] RTC time: 11:49:17, date: 08/09/12
[    0.597684] NET: Registered protocol family 16
[    0.660784] ACPI: bus type pci registered
[    0.673619] PCI: Using configuration type 1 for base access
[    1.298296] bio: create slab <bio-0> at 0
[    1.324443] ACPI: Added _OSI(Module Device)
[    1.325759] ACPI: Added _OSI(Processor Device)
[    1.326917] ACPI: Added _OSI(3.0 _SCP Extensions)
[    1.328380] ACPI: Added _OSI(Processor Aggregator Device)
[    1.473864] ACPI: EC: Look up EC in DSDT
[    1.883813] ACPI: Interpreter enabled
[    1.884507] ACPI: (supports S0 S3 S4 S5)
[    1.892544] ACPI: Using PIC for interrupt routing
[    2.401987] PCI: Ignoring host bridge windows from ACPI; if necessary, use "pci=use_crs" and report a bug
[    2.416151] ACPI: PCI Root Bridge [PCI0] (domain 0000 [bus 00-ff])
[    2.423052] pci_root PNP0A03:00: host bridge window [io  0x0000-0x0cf7] (ignored)
[    2.424608] pci_root PNP0A03:00: host bridge window [io  0x0d00-0xffff] (ignored)
[    2.428592] pci_root PNP0A03:00: host bridge window [mem 0x000a0000-0x000bffff] (ignored)
[    2.430688] pci_root PNP0A03:00: host bridge window [mem 0xe0000000-0xfebfffff] (ignored)
[    2.432928] PCI: root bus 00: using default resources
[    2.436870] pci_root PNP0A03:00: fail to add MMCONFIG information, can't access extended PCI configuration space under this bridge.
[    2.447252] PCI host bridge to bus 0000:00
[    2.449326] pci_bus 0000:00: busn_res: [bus 00-ff] is inserted under domain [bus 00-ff]
[    2.452627] pci_bus 0000:00: root bus resource [bus 00-ff]
[    2.454429] pci_bus 0000:00: root bus resource [io  0x0000-0xffff]
[    2.456468] pci_bus 0000:00: root bus resource [mem 0x00000000-0xffffffffff]
[    2.458575] pci_bus 0000:00: scanning bus
[    2.464574] pci 0000:00:00.0: [8086:1237] type 00 class 0x060000
[    2.468154] pci 0000:00:00.0: calling quirk_mmio_always_on+0x0/0x11
[    2.479268] pci 0000:00:01.0: [8086:7000] type 00 class 0x060100
[    2.486197] pci 0000:00:01.1: [8086:7010] type 00 class 0x010180
[    2.496905] pci 0000:00:01.1: reg 20: [io  0xc1c0-0xc1cf]
[    2.504824] pci 0000:00:01.3: [8086:7113] type 00 class 0x068000
[    2.506675] pci 0000:00:01.3: calling acpi_pm_check_blacklist+0x0/0x54
[    2.513684] pci 0000:00:01.3: calling quirk_piix4_acpi+0x0/0x1c6
[    2.516969] pci 0000:00:01.3: quirk: [io  0xb000-0xb03f] claimed by PIIX4 ACPI
[    2.519155] pci 0000:00:01.3: quirk: [io  0xb100-0xb10f] claimed by PIIX4 SMB
[    2.521116] pci 0000:00:01.3: calling pci_fixup_piix4_acpi+0x0/0x17
[    2.525492] pci 0000:00:02.0: [1013:00b8] type 00 class 0x030000
[    2.528939] pci 0000:00:02.0: reg 10: [mem 0xfc000000-0xfdffffff pref]
[    2.533787] pci 0000:00:02.0: reg 14: [mem 0xfebf0000-0xfebf0fff]
[    2.548863] pci 0000:00:02.0: reg 30: [mem 0xfebe0000-0xfebeffff pref]
[    2.553648] pci 0000:00:03.0: [8086:100e] type 00 class 0x020000
[    2.557902] pci 0000:00:03.0: reg 10: [mem 0xfeba0000-0xfebbffff]
[    2.561788] pci 0000:00:03.0: reg 14: [io  0xc000-0xc03f]
[    2.577779] pci 0000:00:03.0: reg 30: [mem 0xfebc0000-0xfebdffff pref]
[    2.583294] pci 0000:00:04.0: [1af4:1001] type 00 class 0x010000
[    2.586087] pci 0000:00:04.0: reg 10: [io  0xc040-0xc07f]
[    2.592736] pci 0000:00:04.0: reg 14: [mem 0xfebf1000-0xfebf1fff]
[    2.610840] pci 0000:00:05.0: [1af4:1001] type 00 class 0x010000
[    2.614091] pci 0000:00:05.0: reg 10: [io  0xc080-0xc0bf]
[    2.620685] pci 0000:00:05.0: reg 14: [mem 0xfebf2000-0xfebf2fff]
[    2.638678] pci 0000:00:06.0: [1af4:1001] type 00 class 0x010000
[    2.641998] pci 0000:00:06.0: reg 10: [io  0xc0c0-0xc0ff]
[    2.646921] pci 0000:00:06.0: reg 14: [mem 0xfebf3000-0xfebf3fff]
[    2.666628] pci 0000:00:07.0: [1af4:1001] type 00 class 0x010000
[    2.670095] pci 0000:00:07.0: reg 10: [io  0xc100-0xc13f]
[    2.674737] pci 0000:00:07.0: reg 14: [mem 0xfebf4000-0xfebf4fff]
[    2.695058] pci 0000:00:08.0: [1af4:1001] type 00 class 0x010000
[    2.698173] pci 0000:00:08.0: reg 10: [io  0xc140-0xc17f]
[    2.704689] pci 0000:00:08.0: reg 14: [mem 0xfebf5000-0xfebf5fff]
[    2.725833] pci 0000:00:09.0: [1af4:1001] type 00 class 0x010000
[    2.728171] pci 0000:00:09.0: reg 10: [io  0xc180-0xc1bf]
[    2.728171] pci 0000:00:09.0: reg 14: [mem 0xfebf6000-0xfebf6fff]
[    2.740537] pci 0000:00:0a.0: [8086:25ab] type 00 class 0x088000
[    2.742530] pci 0000:00:0a.0: reg 10: [mem 0xfebf7000-0xfebf700f]
[    2.754061] pci_bus 0000:00: fixups for bus
[    2.755512] pci_bus 0000:00: bus scan returning with max=00
[    2.756540] pci_bus 0000:00: on NUMA node 0
[    2.758016] ACPI: PCI Interrupt Routing Table [\_SB_.PCI0._PRT]
[    2.817540]  pci0000:00: ACPI _OSC support notification failed, disabling PCIe ASPM
[    2.819241]  pci0000:00: Unable to request _OSC control (_OSC support mask: 0x08)
[    3.624511] ACPI: PCI Interrupt Link [LNKA] (IRQs 5 *10 11)
[    3.633118] ACPI: PCI Interrupt Link [LNKB] (IRQs 5 *10 11)
[    3.640515] ACPI: PCI Interrupt Link [LNKC] (IRQs 5 10 *11)
[    3.647447] ACPI: PCI Interrupt Link [LNKD] (IRQs 5 10 *11)
[    3.654540] ACPI: PCI Interrupt Link [LNKS] (IRQs 9) *0
[    3.667258] vgaarb: device added: PCI:0000:00:02.0,decodes=io+mem,owns=io+mem,locks=none
[    3.669214] vgaarb: loaded
[    3.669963] vgaarb: bridge control possible 0000:00:02.0
[    3.697216] SCSI subsystem initialized
[    3.698468] ACPI: bus type scsi registered
[    3.702696] libata version 3.00 loaded.
[    3.707608] ACPI: bus type usb registered
[    3.710697] usbcore: registered new interface driver usbfs
[    3.714234] usbcore: registered new interface driver hub
[    3.718705] usbcore: registered new device driver usb
[    3.728091] Linux video capture interface: v2.00
[    3.737646] PCI: Using ACPI for IRQ routing
[    3.739072] PCI: pci_cache_line_size set to 64 bytes
[    3.741766] pci 0000:00:01.1: BAR 0: reserving [io  0x01f0-0x01f7 flags 0x110] (d=0, p=0)
[    3.743444] pci 0000:00:01.1: BAR 1: reserving [io  0x03f6 flags 0x110] (d=0, p=0)
[    3.744505] pci 0000:00:01.1: BAR 2: reserving [io  0x0170-0x0177 flags 0x110] (d=0, p=0)
[    3.746075] pci 0000:00:01.1: BAR 3: reserving [io  0x0376 flags 0x110] (d=0, p=0)
[    3.748477] pci 0000:00:01.1: BAR 4: reserving [io  0xc1c0-0xc1cf flags 0x40101] (d=0, p=0)
[    3.750395] pci 0000:00:02.0: BAR 0: reserving [mem 0xfc000000-0xfdffffff flags 0x42208] (d=0, p=0)
[    3.752626] pci 0000:00:02.0: BAR 1: reserving [mem 0xfebf0000-0xfebf0fff flags 0x40200] (d=0, p=0)
[    3.754503] pci 0000:00:03.0: BAR 0: reserving [mem 0xfeba0000-0xfebbffff flags 0x40200] (d=0, p=0)
[    3.756484] pci 0000:00:03.0: BAR 1: reserving [io  0xc000-0xc03f flags 0x40101] (d=0, p=0)
[    3.758267] pci 0000:00:04.0: BAR 0: reserving [io  0xc040-0xc07f flags 0x40101] (d=0, p=0)
[    3.760484] pci 0000:00:04.0: BAR 1: reserving [mem 0xfebf1000-0xfebf1fff flags 0x40200] (d=0, p=0)
[    3.762339] pci 0000:00:05.0: BAR 0: reserving [io  0xc080-0xc0bf flags 0x40101] (d=0, p=0)
[    3.764485] pci 0000:00:05.0: BAR 1: reserving [mem 0xfebf2000-0xfebf2fff flags 0x40200] (d=0, p=0)
[    3.766337] pci 0000:00:06.0: BAR 0: reserving [io  0xc0c0-0xc0ff flags 0x40101] (d=0, p=0)
[    3.768509] pci 0000:00:06.0: BAR 1: reserving [mem 0xfebf3000-0xfebf3fff flags 0x40200] (d=0, p=0)
[    3.770370] pci 0000:00:07.0: BAR 0: reserving [io  0xc100-0xc13f flags 0x40101] (d=0, p=0)
[    3.772461] pci 0000:00:07.0: BAR 1: reserving [mem 0xfebf4000-0xfebf4fff flags 0x40200] (d=0, p=0)
[    3.774319] pci 0000:00:08.0: BAR 0: reserving [io  0xc140-0xc17f flags 0x40101] (d=0, p=0)
[    3.775929] pci 0000:00:08.0: BAR 1: reserving [mem 0xfebf5000-0xfebf5fff flags 0x40200] (d=0, p=0)
[    3.776632] pci 0000:00:09.0: BAR 0: reserving [io  0xc180-0xc1bf flags 0x40101] (d=0, p=0)
[    3.778248] pci 0000:00:09.0: BAR 1: reserving [mem 0xfebf6000-0xfebf6fff flags 0x40200] (d=0, p=0)
[    3.780636] pci 0000:00:0a.0: BAR 0: reserving [mem 0xfebf7000-0xfebf700f flags 0x40200] (d=0, p=0)
[    3.786543] e820: reserve RAM buffer [mem 0x00093c00-0x0009ffff]
[    3.788593] e820: reserve RAM buffer [mem 0x0fffe000-0x0fffffff]
[    3.818608] Bluetooth: Core ver 2.16
[    3.820794] NET: Registered protocol family 31
[    3.821773] Bluetooth: HCI device and connection manager initialized
[    3.823452] Bluetooth: HCI socket layer initialized
[    3.824648] Bluetooth: L2CAP socket layer initialized
[    3.827037] Bluetooth: SCO socket layer initialized
[    3.828650] NET: Registered protocol family 8
[    3.829627] NET: Registered protocol family 20
[    3.843312] HPET: 3 timers in total, 0 timers will be used for per-cpu timer
[    3.864916] Switching to clocksource hpet
[    3.870992] FS-Cache: Loaded
[    3.873793] CacheFiles: Loaded
[    3.879481] pnp: PnP ACPI init
[    3.881151] ACPI: bus type pnp registered
[    3.886039] pnp 00:00: [bus 00-ff]
[    3.887573] pnp 00:00: [io  0x0cf8-0x0cff]
[    3.888660] pnp 00:00: [io  0x0000-0x0cf7 window]
[    3.889676] pnp 00:00: [io  0x0d00-0xffff window]
[    3.891285] pnp 00:00: [mem 0x000a0000-0x000bffff window]
[    3.892459] pnp 00:00: [mem 0xe0000000-0xfebfffff window]
[    3.901136] pnp 00:00: Plug and Play ACPI device, IDs PNP0a03 (active)
[    3.905082] pnp 00:01: [io  0x0070-0x0071]
[    3.907184] pnp 00:01: [irq 8]
[    3.908117] pnp 00:01: [io  0x0072-0x0077]
[    3.911399] pnp 00:01: Plug and Play ACPI device, IDs PNP0b00 (active)
[    3.916197] pnp 00:02: [io  0x0060]
[    3.917095] pnp 00:02: [io  0x0064]
[    3.917895] pnp 00:02: [irq 1]
[    3.921109] pnp 00:02: Plug and Play ACPI device, IDs PNP0303 (active)
[    3.925244] pnp 00:03: [irq 12]
[    3.928591] pnp 00:03: Plug and Play ACPI device, IDs PNP0f13 (active)
[    3.933266] pnp 00:04: [io  0x03f2-0x03f5]
[    3.934704] pnp 00:04: [io  0x03f7]
[    3.935520] pnp 00:04: [irq 6]
[    3.936641] pnp 00:04: [dma 2]
[    3.939914] pnp 00:04: Plug and Play ACPI device, IDs PNP0700 (active)
[    3.945353] pnp 00:05: [io  0x0378-0x037f]
[    3.946699] pnp 00:05: [irq 7]
[    3.949460] pnp 00:05: Plug and Play ACPI device, IDs PNP0400 (active)
[    3.955181] pnp 00:06: [io  0x03f8-0x03ff]
[    3.956140] pnp 00:06: [irq 4]
[    3.959604] pnp 00:06: Plug and Play ACPI device, IDs PNP0501 (active)
[    3.979583] pnp 00:07: [mem 0xfed00000-0xfed003ff]
[    3.985094] pnp 00:07: Plug and Play ACPI device, IDs PNP0103 (active)
[    3.998647] pnp: PnP ACPI: found 8 devices
[    3.999688] ACPI: ACPI bus type pnp unregistered
[    4.131771] pci_bus 0000:00: resource 4 [io  0x0000-0xffff]
[    4.133059] pci_bus 0000:00: resource 5 [mem 0x00000000-0xffffffffff]
[    4.136426] NET: Registered protocol family 1
[    4.139196] pci 0000:00:00.0: calling quirk_natoma+0x0/0x40
[    4.140411] pci 0000:00:00.0: Limiting direct PCI/PCI transfers
[    4.141615] pci 0000:00:00.0: calling quirk_passive_release+0x0/0xb0
[    4.143695] pci 0000:00:01.0: PIIX3: Enabling Passive Release
[    4.145685] pci 0000:00:01.0: calling quirk_isa_dma_hangs+0x0/0x43
[    4.147391] pci 0000:00:01.0: Activating ISA DMA hang workarounds
[    4.149119] pci 0000:00:02.0: calling pci_fixup_video+0x0/0x104
[    4.150869] pci 0000:00:02.0: Boot video device
[    4.152139] pci 0000:00:03.0: calling quirk_e100_interrupt+0x0/0x1cd
[    4.155194] PCI: CLS 0 bytes, default 64
[    4.185609] Unpacking initramfs...
[   32.011678] debug: unmapping init [mem 0xffff88000e8d6000-0xffff88000ffeffff]
[   32.369191] DMA-API: preallocated 32768 debug entries
[   32.370877] DMA-API: debugging enabled by kernel config
[   32.388404] kvm: Nested Virtualization enabled
[   32.411520] Machine check injector initialized
[   32.426430] cryptomgr_test (16) used greatest stack depth: 7056 bytes left
[   32.432277] cryptomgr_test (17) used greatest stack depth: 6944 bytes left
[   32.438449] cryptomgr_test (18) used greatest stack depth: 6864 bytes left
[   32.463312] sha1_ssse3: Neither AVX nor SSSE3 is available/usable.
[   32.507465] Initializing RT-Tester: OK
[   32.511309] rcu-torture:--- Start of test: nreaders=2 nfakewriters=4 stat_interval=0 verbose=0 test_no_idle_hz=0 shuffle_interval=3 stutter=5 irqreader=1 fqs_duration=0 fqs_holdoff=0 fqs_stutter=3 test_boost=1/1 test_boost_interval=7 test_boost_duration=4 shutdown_secs=0 onoff_interval=0 onoff_holdoff=0
[   32.560660] HugeTLB registered 2 MB page size, pre-allocated 0 pages
[   32.776745] VFS: Disk quotas dquot_6.5.2
[   32.784581] Dquot-cache hash table entries: 512 (order 0, 4096 bytes)
[   32.821451] squashfs: version 4.0 (2009/01/31) Phillip Lougher
[   32.850772] ROMFS MTD (C) 2007 Red Hat, Inc.
[   32.857639] QNX6 filesystem 1.0.0 registered.
[   32.859219] fuse init (API version 7.19)
[   32.872285] SGI XFS with security attributes, large block/inode numbers, no debug enabled
[   32.918632] OCFS2 1.5.0
[   32.927985] ocfs2: Registered cluster interface o2cb
[   32.929170] OCFS2 DLMFS 1.5.0
[   32.935431] OCFS2 User DLM kernel interface loaded
[   32.936541] OCFS2 Node Manager 1.5.0
[   32.956860] OCFS2 DLM 1.5.0
[   33.068494] NET: Registered protocol family 38
[   33.076444] Block layer SCSI generic (bsg) driver version 0.4 loaded (major 251)
[   33.079543] io scheduler noop registered (default)
[   33.080649] start plist test
[   33.157796] end plist test
[   33.184099] xz_dec_test: module loaded
[   33.185101] xz_dec_test: Create a device node with 'mknod xz_dec_test c 250 0' and write .xz files to it.
[   33.215392] cr_bllcd: INTEL CARILLO RANCH LPC not found.
[   33.217805] cr_bllcd: Carillo Ranch Backlight Driver Initialized.
[   33.221287] i2c-core: driver [adp8860_bl] using legacy suspend method
[   33.223180] i2c-core: driver [adp8860_bl] using legacy resume method
[   33.237457] VIA Graphics Integration Chipset framebuffer 2.4 initializing
[   33.248492] vmlfb: initializing
[   33.256714] hgafb: HGA card not detected.
[   33.258697] hgafb: probe of hgafb.0 failed with error -22
[   33.292884] cirrusfb 0000:00:02.0: Cirrus Logic chipset on PCI bus, RAM (4096 kB) at 0xfc000000
[   33.304559] fbcon: CL Picasso4 (fb0) is primary device
[   33.403309] tsc: Refined TSC clocksource calibration: 3192.000 MHz
[   33.403739] Switching to clocksource tsc
[   33.646018] Console: switching to colour frame buffer device 80x30
[   34.183425] usbcore: registered new interface driver udlfb
[   34.350892] usbcore: registered new interface driver smscufx
[   34.535193] kworker/u:0 (82) used greatest stack depth: 5448 bytes left
[   34.700861] uvesafb: failed to execute /sbin/v86d
[   34.855257] uvesafb: make sure that the v86d helper is installed and executable
[   35.171601] uvesafb: Getting VBE info block failed (eax=0x4f00, err=-2)
[   35.342828] uvesafb: vbe_init() failed with -22
[   35.513680] uvesafb: probe of uvesafb.0 failed with error -22
[   35.721273] Serial: 8250/16550 driver, 4 ports, IRQ sharing enabled

[   36.373940] 00:06: ttyS0 at I/O 0x3f8 (irq = 4) is a 16550A
[   36.537520] enter max3107 init
[   36.712628] Non-volatile memory driver v1.3
[   36.876524] smapi::smapi_init, ERROR invalid usSmapiID
[   37.039793] mwave: tp3780i::tp3780I_InitializeBoardData: Error: SMAPI is not available on this machine
[   37.369262] mwave: mwavedd::mwave_init: Error: Failed to initialize board data
[   37.703268] mwave: mwavedd::mwave_init: Error: Failed to initialize
[   37.871716] Linux agpgart interface v0.103
[   38.039091] Hangcheck: starting hangcheck timer 0.9.1 (tick is 180 seconds, margin is 60 seconds).
[   38.381824] Hangcheck: Using getrawmonotonic().
[   38.553880] [drm] Initialized drm 1.1.0 20060810
[   38.734893] [drm] radeon defaulting to userspace modesetting.
[   39.076140] i2c-core: driver [ch7006] using legacy suspend method
[   39.243953] i2c-core: driver [ch7006] using legacy resume method
[   39.412933] Phantom Linux Driver, version n0.9.8, init OK
[   39.587367] i2c-core: driver [fsa9480] using legacy suspend method
[   39.742467] i2c-core: driver [fsa9480] using legacy resume method
[   39.893808] Driver for timberdale has been successfully registered.
[   40.050776] Uniform Multi-Platform E-IDE driver
[   40.219567] piix 0000:00:01.1: IDE controller (0x8086:0x7010 rev 0x00)
[   40.378769] piix 0000:00:01.1: not 100% native mode: will probe irqs later
[   40.532530] PIIX_IDE 0000:00:01.1: enabling bus mastering
[   40.686715] PIIX_IDE 0000:00:01.1: setting latency timer to 64
[   40.835001]     ide0: BM-DMA at 0xc1c0-0xc1c7
[   40.985436]     ide1: BM-DMA at 0xc1c8-0xc1cf
[   41.133547] Probing IDE interface ide0...
[   41.851934] Probing IDE interface ide1...
[   42.739974] hdc: QEMU DVD-ROM, ATAPI CD/DVD-ROM drive
[   43.565779] hdc: host max PIO4 wanted PIO255(auto-tune) selected PIO0
[   43.701841] hdc: MWDMA2 mode selected
[   43.835584] ide0 at 0x1f0-0x1f7,0x3f6 on irq 14
[   43.970812] ide1 at 0x170-0x177,0x376 on irq 15
[   44.123364] ide_generic: please use "probe_mask=0x3f" module parameter for probing all legacy ISA IDE ports
[   44.381449] ide-gd driver 1.18
[   44.514030] Loading iSCSI transport class v2.0-870.
[   44.650434] rdac: device handler registered
[   44.777761] emc: device handler registered
[   44.917441] aic94xx: Adaptec aic94xx SAS/SATA driver version 1.0.3 loaded
[   45.051126] scsi: <fdomain> Detection failed (no card)
[   45.178384] Brocade BFA FC/FCOE SCSI driver - version: 3.0.23.0
[   45.332429] ACPI: PCI Interrupt Link [LNKD] enabled at IRQ 11
[   45.462757] PCI: setting IRQ 11 as level-triggered
[   45.606767] ACPI: PCI Interrupt Link [LNKA] enabled at IRQ 10
[   45.751108] PCI: setting IRQ 10 as level-triggered
[   45.908618] ACPI: PCI Interrupt Link [LNKB] enabled at IRQ 10
[   46.066053] ACPI: PCI Interrupt Link [LNKC] enabled at IRQ 11
[   46.408819] DC390: clustering now enabled by default. If you get problems load
[   46.693038]        with "disable_clustering=1" and report to maintainers
[   46.836192] 3ware 9000 Storage Controller device driver for Linux v2.26.02.014.
[   47.052484] ipr: IBM Power RAID SCSI Device Driver version: 2.5.3 (March 10, 2012)
[   47.286705] RocketRAID 3xxx/4xxx Controller driver v1.6 (091225)
[   47.409431] stex: Promise SuperTrak EX Driver version: 4.6.0000.4
[   47.534519] iscsi: registered transport (be2iscsi)
[   47.656244] VMware PVSCSI driver - version 1.0.2.0-k
[   47.773792] st: Version 20101219, fixed bufsize 32768, s/g segs 256
[   47.965225] osst :I: Tape driver with OnStream support version 0.99.4
[   47.965225] osst :I: $Id: osst.c,v 1.73 2005/01/01 21:13:34 wriede Exp $
[   48.229422] eql: Equalizer2002: Simon Janes (simon@ncm.com) and David S. Miller (davem@redhat.com)
[   48.487693] spi_ks8995: Micrel KS8995 Ethernet switch SPI driver version 0.1.1
[   48.735905] tun: Universal TUN/TAP device driver, 1.6
[   48.864447] tun: (C) 1999-2004 Max Krasnyansky <maxk@qualcomm.com>
[   48.997016] arcnet loaded.
[   49.178948] arcnet: RFC1201 "standard" (`a') encapsulation support loaded.
[   49.327202] arcnet: RFC1051 "simple standard" (`s') encapsulation support loaded.
[   49.574499] arcnet: raw mode (`r') encapsulation support loaded.
[   49.705765] arcnet: cap mode (`c') encapsulation support loaded.
[   49.824010] Atheros(R) L2 Ethernet Driver - version 2.2.3
[   49.938535] Copyright (c) 2007 Atheros Corporation.
[   50.055092] Brocade 10G Ethernet driver - version: 3.0.23.0
[   50.174879] e100: Intel(R) PRO/100 Network Driver, 3.5.24-k2-NAPI
[   50.294770] e100: Copyright(c) 1999-2006 Intel Corporation
[   50.471081] e1000: Intel(R) PRO/1000 Network Driver - version 7.3.21-k8-NAPI
[   50.580017] e1000: Copyright (c) 1999-2006 Intel Corporation.
[   50.683623] e1000 0000:00:03.0: enabling bus mastering
[   50.783868] e1000 0000:00:03.0: setting latency timer to 64
[   51.249891] e1000 0000:00:03.0: eth0: (PCI:33MHz:32-bit) 52:54:00:12:34:56
[   51.401317] e1000 0000:00:03.0: eth0: Intel(R) PRO/1000 Network Connection
[   51.554612] e1000e: Intel(R) PRO/1000 Network Driver - 2.0.0-k
[   51.702795] e1000e: Copyright(c) 1999 - 2012 Intel Corporation.
[   51.854866] igb: Intel(R) Gigabit Ethernet Network Driver - version 4.0.1-k
[   52.002567] igb: Copyright (c) 2007-2012 Intel Corporation.
[   52.148508] ixgbevf: Intel(R) 10 Gigabit PCI Express Virtual Function Network Driver - version 2.6.0-k
[   52.423169] ixgbevf: Copyright (c) 2009 - 2012 Intel Corporation.
[   52.569248] jme: JMicron JMC2XX ethernet driver version 1.0.8
[   52.715137] sky2: driver version 1.30
[   52.861338] ns83820.c: National Semiconductor DP83820 10/100/1000 driver.
[   53.010838] QLogic/NetXen Network Driver v4.0.80
[   53.160617] PPP generic driver version 2.4.2
[   53.303686] PPP BSD Compression module registered
[   53.434940] SLIP: version 0.8.4-NET3.019-NEWTTY (dynamic channels, max=256).
[   53.565520] SLIP linefill/keepalive option.
[   53.699859] usbcore: registered new interface driver kaweth
[   53.836887] usbcore: registered new interface driver asix
[   53.972314] usbcore: registered new interface driver cdc_ether
[   54.113012] usbcore: registered new interface driver dm9601
[   54.254718] usbcore: registered new interface driver smsc95xx
[   54.344759] usbcore: registered new interface driver cdc_subset
[   54.431266] usbcore: registered new interface driver zaurus
[   54.516307] usbcore: registered new interface driver int51x1
[   54.628691] usbcore: registered new interface driver cdc_phonet
[   54.754884] usbcore: registered new interface driver kalmia
[   54.874692] usbcore: registered new interface driver cx82310_eth
[   54.995086] Madge ATM Horizon [Ultra] driver version 1.2.1
[   55.116162] idt77252_init: at ffffffff82a97092
[   55.231930] Fusion MPT base driver 3.04.20
[   55.344648] Copyright (c) 1999-2008 LSI Corporation
[   55.448074] Fusion MPT SPI Host driver 3.04.20
[   55.549093] Fusion MPT FC Host driver 3.04.20
[   55.651028] Fusion MPT SAS Host driver 3.04.20
[   55.762799] ehci_hcd: USB 2.0 'Enhanced' Host Controller (EHCI) Driver
[   55.861101] ohci_hcd: USB 1.1 'Open' Host Controller (OHCI) Driver
[   55.963901] driver u132_hcd
[   56.075212] usbcore: registered new interface driver cdc_acm
[   56.183745] cdc_acm: USB Abstract Control Model driver for USB modems and ISDN adapters
[   56.408232] usbcore: registered new interface driver usblp
[   56.527644] usbcore: registered new interface driver cdc_wdm
[   56.644204] Initializing USB Mass Storage driver...
[   56.764960] usbcore: registered new interface driver usb-storage
[   56.887102] USB Mass Storage support registered.
[   57.011899] usbcore: registered new interface driver ums-cypress
[   57.140934] usbcore: registered new interface driver ums-datafab
[   57.271027] usbcore: registered new interface driver ums-karma
[   57.401551] usbcore: registered new interface driver ums-onetouch
[   57.533248] usbcore: registered new interface driver ums-realtek
[   57.664818] usbcore: registered new interface driver ums-sddr09
[   57.795781] usbcore: registered new interface driver ums-usbat
[   57.925242] usbcore: registered new interface driver mdc800
[   58.051478] mdc800: v0.7.5 (30/10/2000):USB Driver for Mustek MDC800 Digital Camera
[   58.313589] usbcore: registered new interface driver microtekX6
[   58.455681] usbcore: registered new interface driver adutux
[   58.596384] usbcore: registered new interface driver cypress_cy7c63
[   58.735793] driver ftdi-elan
[   58.884221] usbcore: registered new interface driver ftdi-elan
[   59.028425] usbcore: registered new interface driver ldusb
[   59.169051] usbcore: registered new interface driver usbled
[   59.303585] usbcore: registered new interface driver ueagle-atm
[   59.428492] xusbatm: malformed module parameters
[   59.557091] i8042: PNP: PS/2 Controller [PNP0303:KBD,PNP0f13:MOU] at 0x60,0x64 irq 1,12
[   59.810671] serio: i8042 KBD port at 0x60,0x64 irq 1
[   59.948398] serio: i8042 AUX port at 0x60,0x64 irq 12
[   60.097558] mousedev: PS/2 mouse device common for all mice
[   60.253373] input: AT Translated Set 2 keyboard as /devices/platform/i8042/serio0/input/input0
[   60.524141] usbcore: registered new interface driver bcm5974
[   60.666665] usbcore: registered new interface driver synaptics_usb
[   60.809172] usbcore: registered new interface driver iforce
[   60.952403] usbcore: registered new interface driver xpad
[   61.085725] usbcore: registered new interface driver aiptek
[   61.220741] usbcore: registered new interface driver kbtab
[   61.358979] apanel: Fujitsu BIOS signature 'FJKEYINF' not found...
[   61.504654] input: PC Speaker as /devices/platform/pcspkr/input/input1
[   61.650700] rtc_cmos 00:01: RTC can wake from S4
[   61.795205] rtc_cmos 00:01: rtc core: registered rtc_cmos as rtc0
[   61.927953] rtc0: alarms up to one day, 114 bytes nvram, hpet irqs
[   62.058996] hpet1: lost 7 rtc interrupts
[   62.229468] rtc-test rtc-test.0: rtc core: registered test as rtc1
[   62.369833] rtc-test rtc-test.1: rtc core: registered test as rtc2
[   62.537124] usbcore: registered new interface driver i2c-diolan-u2c
[   62.731784] i2c-parport-light: adapter type unspecified
[   62.887071] lirc_dev: IR Remote Control driver registered, major 243 
[   63.032978] IR NEC protocol handler initialized
[   63.174705] IR RC5(x) protocol handler initialized
[   63.308845] IR RC6 protocol handler initialized
[   63.433161] IR JVC protocol handler initialized
[   63.556064] IR Sony protocol handler initialized
[   63.675924] IR SANYO protocol handler initialized
[   63.791555] IR LIRC bridge handler initialized
[   63.903785] Driver for 1-wire Dallas network protocol.
[   64.018571] DS1WM w1 busmaster driver - (c) 2004 Szabolcs Gyurko
[   64.139585] 1-Wire driver for the DS2760 battery monitor  chip  - (c) 2004-2005, Szabolcs Gyurko
[   64.418400] applesmc: supported laptop not found!
[   64.506868] applesmc: driver init failed (ret=-19)!
[   64.607647] pc87360: PC8736x not detected, module not inserted
[   64.695997] sch56xx_common: Unsupported device id: 0xff
[   64.785406] sch56xx_common: Unsupported device id: 0xff
[   64.880109] usbcore: registered new interface driver pcwd_usb
[   64.967139] acquirewdt: WDT driver for Acquire single board computer initialising
[   65.142513] acquirewdt: I/O address 0x0043 already in use
[   65.230599] acquirewdt: probe of acquirewdt failed with error -5
[   65.323989] ib700wdt: WDT driver for IB700 single board computer initialising
[   65.469203] i6300esb: Intel 6300ESB WatchDog Timer Driver v0.05
[   65.624758] i6300esb: cannot register miscdev on minor=130 (err=-16)
[   65.762950] i6300ESB timer: probe of 0000:00:0a.0 failed with error -16
[   65.895314] sbc60xxwdt: I/O address 0x0443 already in use
[   66.031594] sbc8360: failed to register misc device
[   66.140735] cpu5wdt: misc_register failed
[   66.234037] smsc37b787_wdt: SMsC 37B787 watchdog component driver 1.1 initialising...
[   66.433873] smsc37b787_wdt: Unable to register miscdev on minor 130
[   66.566862] w83697hf_wdt: WDT driver for W83697HF/HG initializing
[   66.739402] w83697hf_wdt: watchdog not found at address 0x2e
[   66.844674] w83697hf_wdt: No W83697HF/HG could be found
[   66.947052] w83977f_wdt: driver v1.00
[   67.046546] w83977f_wdt: cannot register miscdev on minor=130 (err=-16)
[   67.147525] sbc_epx_c3: cannot register miscdev on minor=130 (err=-16)
[   67.251138] Bluetooth: HCI UART driver ver 2.2
[   67.355697] Bluetooth: HCI H4 protocol initialized
[   67.459961] Bluetooth: HCI BCSP protocol initialized
[   67.570038] usbcore: registered new interface driver bcm203x
[   67.688493] usbcore: registered new interface driver bfusb
[   67.836059] Bluetooth: Bluetooth Driver for TI WiLink - Version 1.0
[   67.991318] cpuidle: using governor ladder
[   68.106645] sdhci: Secure Digital Host Controller Interface driver
[   68.213746] sdhci: Copyright(c) Pierre Ossman
[   68.327985] VUB300 Driver rom wait states = 1C irqpoll timeout = 0400
[   68.338366] usbcore: registered new interface driver vub300
[   68.547878] sdhci-pltfm: SDHCI platform and OF driver helper
[   68.663493] leds_ss4200: no LED devices found
[   68.776732] dcdbas dcdbas: Dell Systems Management Base Driver (version 5.6.0-3.2)
[   69.010477] input: ImExPS/2 Generic Explorer Mouse as /devices/platform/i8042/serio1/input/input2
[   69.346889] usbcore: registered new interface driver usbhid
[   69.453145] usbhid: USB HID core driver
[   69.560624] usbcore: registered new interface driver lirc_sasem
[   69.676451] platform lirc_dev.0: lirc_dev: driver lirc_sir registered at minor = 0

Kernel freezed on [   69.676451] platform lirc_dev.0: lirc_dev: driver lirc_sir registered at minor = 0

--EVF5PPMfhYS0aIcm
Content-Type: text/plain; charset=us-ascii
Content-Disposition: attachment; filename="config-3.6.0-rc1-00214-gf5addb9"

#
# Automatically generated file; DO NOT EDIT.
# Linux/x86_64 3.6.0-rc1 Kernel Configuration
#
CONFIG_64BIT=y
# CONFIG_X86_32 is not set
CONFIG_X86_64=y
CONFIG_X86=y
CONFIG_INSTRUCTION_DECODER=y
CONFIG_OUTPUT_FORMAT="elf64-x86-64"
CONFIG_ARCH_DEFCONFIG="arch/x86/configs/x86_64_defconfig"
CONFIG_LOCKDEP_SUPPORT=y
CONFIG_STACKTRACE_SUPPORT=y
CONFIG_HAVE_LATENCYTOP_SUPPORT=y
CONFIG_MMU=y
CONFIG_NEED_DMA_MAP_STATE=y
CONFIG_NEED_SG_DMA_LENGTH=y
CONFIG_GENERIC_ISA_DMA=y
CONFIG_GENERIC_BUG=y
CONFIG_GENERIC_BUG_RELATIVE_POINTERS=y
CONFIG_GENERIC_HWEIGHT=y
CONFIG_GENERIC_GPIO=y
CONFIG_ARCH_MAY_HAVE_PC_FDC=y
# CONFIG_RWSEM_GENERIC_SPINLOCK is not set
CONFIG_RWSEM_XCHGADD_ALGORITHM=y
CONFIG_GENERIC_CALIBRATE_DELAY=y
CONFIG_ARCH_HAS_CPU_RELAX=y
CONFIG_ARCH_HAS_DEFAULT_IDLE=y
CONFIG_ARCH_HAS_CACHE_LINE_SIZE=y
CONFIG_ARCH_HAS_CPU_AUTOPROBE=y
CONFIG_HAVE_SETUP_PER_CPU_AREA=y
CONFIG_NEED_PER_CPU_EMBED_FIRST_CHUNK=y
CONFIG_NEED_PER_CPU_PAGE_FIRST_CHUNK=y
CONFIG_ARCH_HIBERNATION_POSSIBLE=y
CONFIG_ARCH_SUSPEND_POSSIBLE=y
CONFIG_ZONE_DMA32=y
CONFIG_AUDIT_ARCH=y
CONFIG_ARCH_SUPPORTS_OPTIMIZED_INLINING=y
CONFIG_ARCH_SUPPORTS_DEBUG_PAGEALLOC=y
CONFIG_ARCH_HWEIGHT_CFLAGS="-fcall-saved-rdi -fcall-saved-rsi -fcall-saved-rdx -fcall-saved-rcx -fcall-saved-r8 -fcall-saved-r9 -fcall-saved-r10 -fcall-saved-r11"
CONFIG_ARCH_SUPPORTS_UPROBES=y
CONFIG_DEFCONFIG_LIST="/lib/modules/$UNAME_RELEASE/.config"
CONFIG_CONSTRUCTORS=y
CONFIG_HAVE_IRQ_WORK=y
CONFIG_IRQ_WORK=y
CONFIG_BUILDTIME_EXTABLE_SORT=y

#
# General setup
#
# CONFIG_EXPERIMENTAL is not set
CONFIG_BROKEN_ON_SMP=y
CONFIG_INIT_ENV_ARG_LIMIT=32
CONFIG_CROSS_COMPILE=""
CONFIG_LOCALVERSION=""
CONFIG_LOCALVERSION_AUTO=y
CONFIG_HAVE_KERNEL_GZIP=y
CONFIG_HAVE_KERNEL_BZIP2=y
CONFIG_HAVE_KERNEL_LZMA=y
CONFIG_HAVE_KERNEL_XZ=y
CONFIG_HAVE_KERNEL_LZO=y
# CONFIG_KERNEL_GZIP is not set
# CONFIG_KERNEL_BZIP2 is not set
# CONFIG_KERNEL_LZMA is not set
# CONFIG_KERNEL_XZ is not set
CONFIG_KERNEL_LZO=y
CONFIG_DEFAULT_HOSTNAME="(none)"
CONFIG_SWAP=y
# CONFIG_SYSVIPC is not set
# CONFIG_BSD_PROCESS_ACCT is not set
CONFIG_FHANDLE=y
CONFIG_TASKSTATS=y
CONFIG_TASK_DELAY_ACCT=y
# CONFIG_TASK_XACCT is not set
# CONFIG_AUDIT is not set
CONFIG_HAVE_GENERIC_HARDIRQS=y

#
# IRQ subsystem
#
CONFIG_GENERIC_HARDIRQS=y
CONFIG_GENERIC_IRQ_PROBE=y
CONFIG_GENERIC_IRQ_SHOW=y
CONFIG_GENERIC_IRQ_CHIP=y
CONFIG_IRQ_DOMAIN=y
# CONFIG_IRQ_DOMAIN_DEBUG is not set
CONFIG_IRQ_FORCED_THREADING=y
CONFIG_SPARSE_IRQ=y
CONFIG_CLOCKSOURCE_WATCHDOG=y
CONFIG_ARCH_CLOCKSOURCE_DATA=y
CONFIG_GENERIC_TIME_VSYSCALL=y
CONFIG_GENERIC_CLOCKEVENTS=y
CONFIG_GENERIC_CLOCKEVENTS_BUILD=y
CONFIG_GENERIC_CLOCKEVENTS_BROADCAST=y
CONFIG_GENERIC_CLOCKEVENTS_MIN_ADJUST=y
CONFIG_GENERIC_CMOS_UPDATE=y

#
# Timers subsystem
#
# CONFIG_NO_HZ is not set
# CONFIG_HIGH_RES_TIMERS is not set

#
# RCU Subsystem
#
CONFIG_TINY_PREEMPT_RCU=y
CONFIG_PREEMPT_RCU=y
# CONFIG_TREE_RCU_TRACE is not set
CONFIG_RCU_BOOST=y
CONFIG_RCU_BOOST_PRIO=1
CONFIG_RCU_BOOST_DELAY=500
CONFIG_IKCONFIG=y
# CONFIG_IKCONFIG_PROC is not set
CONFIG_LOG_BUF_SHIFT=17
CONFIG_HAVE_UNSTABLE_SCHED_CLOCK=y
# CONFIG_CGROUPS is not set
# CONFIG_CHECKPOINT_RESTORE is not set
CONFIG_NAMESPACES=y
CONFIG_UTS_NS=y
# CONFIG_PID_NS is not set
# CONFIG_NET_NS is not set
# CONFIG_SCHED_AUTOGROUP is not set
# CONFIG_SYSFS_DEPRECATED is not set
# CONFIG_RELAY is not set
CONFIG_BLK_DEV_INITRD=y
CONFIG_INITRAMFS_SOURCE=""
CONFIG_RD_GZIP=y
CONFIG_RD_BZIP2=y
CONFIG_RD_LZMA=y
CONFIG_RD_XZ=y
CONFIG_RD_LZO=y
CONFIG_CC_OPTIMIZE_FOR_SIZE=y
CONFIG_SYSCTL=y
CONFIG_ANON_INODES=y
# CONFIG_EXPERT is not set
# CONFIG_SYSCTL_SYSCALL is not set
CONFIG_KALLSYMS=y
CONFIG_KALLSYMS_ALL=y
CONFIG_HOTPLUG=y
CONFIG_PRINTK=y
CONFIG_BUG=y
CONFIG_ELF_CORE=y
CONFIG_PCSPKR_PLATFORM=y
CONFIG_HAVE_PCSPKR_PLATFORM=y
CONFIG_BASE_FULL=y
CONFIG_FUTEX=y
CONFIG_EPOLL=y
CONFIG_SIGNALFD=y
CONFIG_TIMERFD=y
CONFIG_EVENTFD=y
CONFIG_SHMEM=y
CONFIG_AIO=y
# CONFIG_EMBEDDED is not set
CONFIG_HAVE_PERF_EVENTS=y

#
# Kernel Performance Events And Counters
#
CONFIG_PERF_EVENTS=y
# CONFIG_DEBUG_PERF_USE_VMALLOC is not set
CONFIG_VM_EVENT_COUNTERS=y
CONFIG_PCI_QUIRKS=y
CONFIG_SLUB_DEBUG=y
CONFIG_COMPAT_BRK=y
# CONFIG_SLAB is not set
CONFIG_SLUB=y
# CONFIG_PROFILING is not set
CONFIG_HAVE_OPROFILE=y
CONFIG_OPROFILE_NMI_TIMER=y
# CONFIG_JUMP_LABEL is not set
CONFIG_HAVE_EFFICIENT_UNALIGNED_ACCESS=y
CONFIG_USER_RETURN_NOTIFIER=y
CONFIG_HAVE_IOREMAP_PROT=y
CONFIG_HAVE_KPROBES=y
CONFIG_HAVE_KRETPROBES=y
CONFIG_HAVE_OPTPROBES=y
CONFIG_HAVE_ARCH_TRACEHOOK=y
CONFIG_HAVE_DMA_ATTRS=y
CONFIG_GENERIC_SMP_IDLE_THREAD=y
CONFIG_HAVE_REGS_AND_STACK_ACCESS_API=y
CONFIG_HAVE_DMA_API_DEBUG=y
CONFIG_HAVE_HW_BREAKPOINT=y
CONFIG_HAVE_MIXED_BREAKPOINTS_REGS=y
CONFIG_HAVE_USER_RETURN_NOTIFIER=y
CONFIG_HAVE_PERF_EVENTS_NMI=y
CONFIG_HAVE_ARCH_JUMP_LABEL=y
CONFIG_ARCH_HAVE_NMI_SAFE_CMPXCHG=y
CONFIG_HAVE_ALIGNED_STRUCT_PAGE=y
CONFIG_HAVE_CMPXCHG_LOCAL=y
CONFIG_HAVE_CMPXCHG_DOUBLE=y
CONFIG_HAVE_ARCH_SECCOMP_FILTER=y
CONFIG_SECCOMP_FILTER=y

#
# GCOV-based kernel profiling
#
CONFIG_GCOV_KERNEL=y
CONFIG_GCOV_PROFILE_ALL=y
# CONFIG_HAVE_GENERIC_DMA_COHERENT is not set
CONFIG_SLABINFO=y
CONFIG_RT_MUTEXES=y
CONFIG_BASE_SMALL=0
# CONFIG_MODULES is not set
CONFIG_BLOCK=y
CONFIG_BLK_DEV_BSG=y
CONFIG_BLK_DEV_BSGLIB=y
# CONFIG_BLK_DEV_INTEGRITY is not set

#
# Partition Types
#
CONFIG_PARTITION_ADVANCED=y
CONFIG_ACORN_PARTITION=y
# CONFIG_ACORN_PARTITION_CUMANA is not set
# CONFIG_ACORN_PARTITION_EESOX is not set
# CONFIG_ACORN_PARTITION_ICS is not set
CONFIG_ACORN_PARTITION_ADFS=y
# CONFIG_ACORN_PARTITION_POWERTEC is not set
# CONFIG_ACORN_PARTITION_RISCIX is not set
CONFIG_OSF_PARTITION=y
CONFIG_AMIGA_PARTITION=y
# CONFIG_ATARI_PARTITION is not set
# CONFIG_MAC_PARTITION is not set
# CONFIG_MSDOS_PARTITION is not set
# CONFIG_LDM_PARTITION is not set
CONFIG_SGI_PARTITION=y
# CONFIG_ULTRIX_PARTITION is not set
CONFIG_SUN_PARTITION=y
# CONFIG_KARMA_PARTITION is not set
# CONFIG_EFI_PARTITION is not set
# CONFIG_SYSV68_PARTITION is not set

#
# IO Schedulers
#
CONFIG_IOSCHED_NOOP=y
# CONFIG_IOSCHED_DEADLINE is not set
# CONFIG_IOSCHED_CFQ is not set
CONFIG_DEFAULT_NOOP=y
CONFIG_DEFAULT_IOSCHED="noop"
CONFIG_PREEMPT_NOTIFIERS=y
# CONFIG_INLINE_SPIN_TRYLOCK is not set
# CONFIG_INLINE_SPIN_TRYLOCK_BH is not set
# CONFIG_INLINE_SPIN_LOCK is not set
# CONFIG_INLINE_SPIN_LOCK_BH is not set
# CONFIG_INLINE_SPIN_LOCK_IRQ is not set
# CONFIG_INLINE_SPIN_LOCK_IRQSAVE is not set
CONFIG_UNINLINE_SPIN_UNLOCK=y
# CONFIG_INLINE_SPIN_UNLOCK_BH is not set
# CONFIG_INLINE_SPIN_UNLOCK_IRQ is not set
# CONFIG_INLINE_SPIN_UNLOCK_IRQRESTORE is not set
# CONFIG_INLINE_READ_TRYLOCK is not set
# CONFIG_INLINE_READ_LOCK is not set
# CONFIG_INLINE_READ_LOCK_BH is not set
# CONFIG_INLINE_READ_LOCK_IRQ is not set
# CONFIG_INLINE_READ_LOCK_IRQSAVE is not set
# CONFIG_INLINE_READ_UNLOCK is not set
# CONFIG_INLINE_READ_UNLOCK_BH is not set
# CONFIG_INLINE_READ_UNLOCK_IRQ is not set
# CONFIG_INLINE_READ_UNLOCK_IRQRESTORE is not set
# CONFIG_INLINE_WRITE_TRYLOCK is not set
# CONFIG_INLINE_WRITE_LOCK is not set
# CONFIG_INLINE_WRITE_LOCK_BH is not set
# CONFIG_INLINE_WRITE_LOCK_IRQ is not set
# CONFIG_INLINE_WRITE_LOCK_IRQSAVE is not set
# CONFIG_INLINE_WRITE_UNLOCK is not set
# CONFIG_INLINE_WRITE_UNLOCK_BH is not set
# CONFIG_INLINE_WRITE_UNLOCK_IRQ is not set
# CONFIG_INLINE_WRITE_UNLOCK_IRQRESTORE is not set
# CONFIG_MUTEX_SPIN_ON_OWNER is not set
CONFIG_FREEZER=y

#
# Processor type and features
#
CONFIG_ZONE_DMA=y
# CONFIG_SMP is not set
# CONFIG_X86_MPPARSE is not set
CONFIG_X86_EXTENDED_PLATFORM=y
CONFIG_X86_SUPPORTS_MEMORY_FAILURE=y
CONFIG_SCHED_OMIT_FRAME_POINTER=y
CONFIG_PARAVIRT_GUEST=y
# CONFIG_PARAVIRT_TIME_ACCOUNTING is not set
# CONFIG_XEN is not set
# CONFIG_XEN_PRIVILEGED_GUEST is not set
CONFIG_KVM_CLOCK=y
CONFIG_KVM_GUEST=y
CONFIG_PARAVIRT=y
CONFIG_PARAVIRT_CLOCK=y
# CONFIG_PARAVIRT_DEBUG is not set
CONFIG_NO_BOOTMEM=y
CONFIG_MEMTEST=y
# CONFIG_MK8 is not set
CONFIG_MPSC=y
# CONFIG_MCORE2 is not set
# CONFIG_MATOM is not set
# CONFIG_GENERIC_CPU is not set
CONFIG_X86_INTERNODE_CACHE_SHIFT=7
CONFIG_X86_CMPXCHG=y
CONFIG_X86_L1_CACHE_SHIFT=7
CONFIG_X86_XADD=y
CONFIG_X86_WP_WORKS_OK=y
CONFIG_X86_P6_NOP=y
CONFIG_X86_TSC=y
CONFIG_X86_CMPXCHG64=y
CONFIG_X86_CMOV=y
CONFIG_X86_MINIMUM_CPU_FAMILY=64
CONFIG_X86_DEBUGCTLMSR=y
CONFIG_CPU_SUP_INTEL=y
CONFIG_CPU_SUP_AMD=y
CONFIG_CPU_SUP_CENTAUR=y
CONFIG_HPET_TIMER=y
CONFIG_HPET_EMULATE_RTC=y
CONFIG_DMI=y
CONFIG_GART_IOMMU=y
CONFIG_SWIOTLB=y
CONFIG_IOMMU_HELPER=y
CONFIG_NR_CPUS=1
CONFIG_IRQ_TIME_ACCOUNTING=y
# CONFIG_PREEMPT_NONE is not set
# CONFIG_PREEMPT_VOLUNTARY is not set
CONFIG_PREEMPT=y
CONFIG_PREEMPT_COUNT=y
CONFIG_X86_LOCAL_APIC=y
CONFIG_X86_IO_APIC=y
# CONFIG_X86_REROUTE_FOR_BROKEN_BOOT_IRQS is not set
CONFIG_X86_MCE=y
CONFIG_X86_MCE_INTEL=y
# CONFIG_X86_MCE_AMD is not set
CONFIG_X86_MCE_THRESHOLD=y
CONFIG_X86_MCE_INJECT=y
CONFIG_X86_THERMAL_VECTOR=y
CONFIG_I8K=y
CONFIG_MICROCODE=y
CONFIG_MICROCODE_INTEL=y
# CONFIG_MICROCODE_AMD is not set
CONFIG_MICROCODE_OLD_INTERFACE=y
# CONFIG_X86_MSR is not set
# CONFIG_X86_CPUID is not set
CONFIG_ARCH_PHYS_ADDR_T_64BIT=y
CONFIG_ARCH_DMA_ADDR_T_64BIT=y
CONFIG_DIRECT_GBPAGES=y
CONFIG_ARCH_SPARSEMEM_ENABLE=y
CONFIG_ARCH_SPARSEMEM_DEFAULT=y
CONFIG_ARCH_SELECT_MEMORY_MODEL=y
CONFIG_ARCH_PROC_KCORE_TEXT=y
CONFIG_ILLEGAL_POINTER_VALUE=0xdead000000000000
CONFIG_SELECT_MEMORY_MODEL=y
CONFIG_SPARSEMEM_MANUAL=y
CONFIG_SPARSEMEM=y
CONFIG_HAVE_MEMORY_PRESENT=y
CONFIG_SPARSEMEM_EXTREME=y
CONFIG_SPARSEMEM_VMEMMAP_ENABLE=y
CONFIG_SPARSEMEM_ALLOC_MEM_MAP_TOGETHER=y
# CONFIG_SPARSEMEM_VMEMMAP is not set
CONFIG_HAVE_MEMBLOCK=y
CONFIG_HAVE_MEMBLOCK_NODE_MAP=y
CONFIG_ARCH_DISCARD_MEMBLOCK=y
CONFIG_MEMORY_ISOLATION=y
# CONFIG_MEMORY_HOTPLUG is not set
CONFIG_PAGEFLAGS_EXTENDED=y
CONFIG_SPLIT_PTLOCK_CPUS=999999
CONFIG_COMPACTION=y
CONFIG_MIGRATION=y
CONFIG_PHYS_ADDR_T_64BIT=y
CONFIG_ZONE_DMA_FLAG=1
CONFIG_BOUNCE=y
CONFIG_VIRT_TO_BUS=y
CONFIG_MMU_NOTIFIER=y
# CONFIG_KSM is not set
CONFIG_DEFAULT_MMAP_MIN_ADDR=4096
CONFIG_ARCH_SUPPORTS_MEMORY_FAILURE=y
CONFIG_MEMORY_FAILURE=y
CONFIG_HWPOISON_INJECT=y
CONFIG_TRANSPARENT_HUGEPAGE=y
CONFIG_TRANSPARENT_HUGEPAGE_ALWAYS=y
# CONFIG_TRANSPARENT_HUGEPAGE_MADVISE is not set
CONFIG_CROSS_MEMORY_ATTACH=y
CONFIG_NEED_PER_CPU_KM=y
CONFIG_CLEANCACHE=y
# CONFIG_FRONTSWAP is not set
CONFIG_X86_CHECK_BIOS_CORRUPTION=y
# CONFIG_X86_BOOTPARAM_MEMORY_CORRUPTION_CHECK is not set
CONFIG_X86_RESERVE_LOW=64
CONFIG_MTRR=y
# CONFIG_MTRR_SANITIZER is not set
CONFIG_X86_PAT=y
CONFIG_ARCH_USES_PG_UNCACHED=y
CONFIG_ARCH_RANDOM=y
# CONFIG_EFI is not set
CONFIG_SECCOMP=y
CONFIG_CC_STACKPROTECTOR=y
# CONFIG_HZ_100 is not set
CONFIG_HZ_250=y
# CONFIG_HZ_300 is not set
# CONFIG_HZ_1000 is not set
CONFIG_HZ=250
# CONFIG_SCHED_HRTICK is not set
# CONFIG_KEXEC is not set
# CONFIG_CRASH_DUMP is not set
CONFIG_PHYSICAL_START=0x1000000
# CONFIG_RELOCATABLE is not set
CONFIG_PHYSICAL_ALIGN=0x1000000
# CONFIG_CMDLINE_BOOL is not set
CONFIG_ARCH_ENABLE_MEMORY_HOTPLUG=y

#
# Power management and ACPI options
#
CONFIG_ARCH_HIBERNATION_HEADER=y
CONFIG_SUSPEND=y
CONFIG_SUSPEND_FREEZER=y
CONFIG_HIBERNATE_CALLBACKS=y
CONFIG_HIBERNATION=y
CONFIG_PM_STD_PARTITION=""
CONFIG_PM_SLEEP=y
CONFIG_PM_AUTOSLEEP=y
# CONFIG_PM_WAKELOCKS is not set
# CONFIG_PM_RUNTIME is not set
CONFIG_PM=y
CONFIG_PM_DEBUG=y
# CONFIG_PM_ADVANCED_DEBUG is not set
CONFIG_PM_TEST_SUSPEND=y
CONFIG_PM_SLEEP_DEBUG=y
CONFIG_PM_TRACE=y
CONFIG_PM_TRACE_RTC=y
CONFIG_ACPI=y
CONFIG_ACPI_SLEEP=y
CONFIG_ACPI_PROCFS=y
CONFIG_ACPI_PROCFS_POWER=y
CONFIG_ACPI_EC_DEBUGFS=y
CONFIG_ACPI_PROC_EVENT=y
# CONFIG_ACPI_AC is not set
CONFIG_ACPI_BATTERY=y
# CONFIG_ACPI_BUTTON is not set
CONFIG_ACPI_FAN=y
CONFIG_ACPI_PROCESSOR=y
CONFIG_ACPI_THERMAL=y
# CONFIG_ACPI_CUSTOM_DSDT is not set
CONFIG_ACPI_BLACKLIST_YEAR=0
CONFIG_ACPI_DEBUG=y
# CONFIG_ACPI_DEBUG_FUNC_TRACE is not set
# CONFIG_ACPI_PCI_SLOT is not set
CONFIG_X86_PM_TIMER=y
# CONFIG_ACPI_SBS is not set
# CONFIG_ACPI_HED is not set
# CONFIG_ACPI_CUSTOM_METHOD is not set
CONFIG_ACPI_BGRT=y
CONFIG_ACPI_APEI=y
# CONFIG_ACPI_APEI_GHES is not set
CONFIG_ACPI_APEI_MEMORY_FAILURE=y
# CONFIG_ACPI_APEI_EINJ is not set
# CONFIG_ACPI_APEI_ERST_DEBUG is not set
# CONFIG_SFI is not set

#
# CPU Frequency scaling
#
# CONFIG_CPU_FREQ is not set
CONFIG_CPU_IDLE=y
CONFIG_CPU_IDLE_GOV_LADDER=y
# CONFIG_ARCH_NEEDS_CPU_IDLE_COUPLED is not set
# CONFIG_INTEL_IDLE is not set

#
# Memory power savings
#

#
# Bus options (PCI etc.)
#
CONFIG_PCI=y
CONFIG_PCI_DIRECT=y
CONFIG_PCI_MMCONFIG=y
CONFIG_PCI_DOMAINS=y
CONFIG_PCIEPORTBUS=y
# CONFIG_PCIEAER is not set
CONFIG_PCIEASPM=y
CONFIG_PCIEASPM_DEBUG=y
# CONFIG_PCIEASPM_DEFAULT is not set
# CONFIG_PCIEASPM_POWERSAVE is not set
CONFIG_PCIEASPM_PERFORMANCE=y
CONFIG_ARCH_SUPPORTS_MSI=y
CONFIG_PCI_MSI=y
CONFIG_PCI_DEBUG=y
# CONFIG_PCI_REALLOC_ENABLE_AUTO is not set
# CONFIG_PCI_STUB is not set
CONFIG_HT_IRQ=y
CONFIG_PCI_ATS=y
CONFIG_PCI_IOV=y
CONFIG_PCI_PRI=y
# CONFIG_PCI_PASID is not set
CONFIG_PCI_IOAPIC=y
CONFIG_PCI_LABEL=y
CONFIG_ISA_DMA_API=y
CONFIG_AMD_NB=y
CONFIG_PCCARD=y
CONFIG_PCMCIA=y
CONFIG_CARDBUS=y

#
# PC-card bridges
#
# CONFIG_YENTA is not set
# CONFIG_PD6729 is not set
# CONFIG_I82092 is not set
# CONFIG_HOTPLUG_PCI is not set
# CONFIG_RAPIDIO is not set

#
# Executable file formats / Emulations
#
CONFIG_BINFMT_ELF=y
CONFIG_ARCH_BINFMT_ELF_RANDOMIZE_PIE=y
CONFIG_CORE_DUMP_DEFAULT_ELF_HEADERS=y
# CONFIG_HAVE_AOUT is not set
CONFIG_BINFMT_MISC=y
# CONFIG_IA32_EMULATION is not set
# CONFIG_COMPAT_FOR_U64_ALIGNMENT is not set
CONFIG_HAVE_TEXT_POKE_SMP=y
CONFIG_X86_DEV_DMA_OPS=y
CONFIG_NET=y

#
# Networking options
#
# CONFIG_PACKET is not set
CONFIG_UNIX=y
# CONFIG_UNIX_DIAG is not set
# CONFIG_NET_KEY is not set
# CONFIG_INET is not set
CONFIG_NETWORK_SECMARK=y
CONFIG_NETFILTER=y
CONFIG_NETFILTER_DEBUG=y
# CONFIG_NETFILTER_ADVANCED is not set
CONFIG_ATM=y
CONFIG_ATM_LANE=y
# CONFIG_BRIDGE is not set
CONFIG_VLAN_8021Q=y
# CONFIG_VLAN_8021Q_GVRP is not set
CONFIG_DECNET=y
CONFIG_LLC=y
CONFIG_LLC2=y
# CONFIG_IPX is not set
# CONFIG_ATALK is not set
CONFIG_PHONET=y
# CONFIG_NET_SCHED is not set
# CONFIG_DCB is not set
# CONFIG_BATMAN_ADV is not set
CONFIG_OPENVSWITCH=y
CONFIG_BQL=y

#
# Network testing
#
# CONFIG_NET_PKTGEN is not set
CONFIG_HAMRADIO=y

#
# Packet Radio protocols
#
# CONFIG_AX25 is not set
CONFIG_CAN=y
CONFIG_CAN_RAW=y
# CONFIG_CAN_BCM is not set
# CONFIG_CAN_GW is not set

#
# CAN Device Drivers
#
# CONFIG_CAN_VCAN is not set
# CONFIG_CAN_SLCAN is not set
# CONFIG_CAN_DEV is not set
CONFIG_CAN_DEBUG_DEVICES=y
# CONFIG_IRDA is not set
CONFIG_BT=y
CONFIG_BT_RFCOMM=y
# CONFIG_BT_RFCOMM_TTY is not set
CONFIG_BT_BNEP=y
# CONFIG_BT_BNEP_MC_FILTER is not set
# CONFIG_BT_BNEP_PROTO_FILTER is not set
CONFIG_BT_HIDP=y

#
# Bluetooth device drivers
#
# CONFIG_BT_HCIBTUSB is not set
# CONFIG_BT_HCIBTSDIO is not set
CONFIG_BT_HCIUART=y
CONFIG_BT_HCIUART_H4=y
CONFIG_BT_HCIUART_BCSP=y
# CONFIG_BT_HCIUART_ATH3K is not set
# CONFIG_BT_HCIUART_LL is not set
# CONFIG_BT_HCIUART_3WIRE is not set
CONFIG_BT_HCIBCM203X=y
# CONFIG_BT_HCIBPA10X is not set
CONFIG_BT_HCIBFUSB=y
# CONFIG_BT_HCIDTL1 is not set
CONFIG_BT_HCIBT3C=y
CONFIG_BT_HCIBLUECARD=y
CONFIG_BT_HCIBTUART=y
# CONFIG_BT_HCIVHCI is not set
CONFIG_BT_MRVL=y
CONFIG_BT_MRVL_SDIO=y
CONFIG_BT_WILINK=y
CONFIG_WIRELESS=y
# CONFIG_CFG80211 is not set
CONFIG_LIB80211=y
# CONFIG_LIB80211_DEBUG is not set

#
# CFG80211 needs to be enabled for MAC80211
#
CONFIG_WIMAX=y
CONFIG_WIMAX_DEBUG_LEVEL=8
# CONFIG_RFKILL is not set
# CONFIG_NET_9P is not set
# CONFIG_CAIF is not set
CONFIG_HAVE_BPF_JIT=y

#
# Device Drivers
#

#
# Generic Driver Options
#
CONFIG_UEVENT_HELPER_PATH=""
# CONFIG_DEVTMPFS is not set
CONFIG_STANDALONE=y
# CONFIG_PREVENT_FIRMWARE_BUILD is not set
CONFIG_FW_LOADER=y
CONFIG_FIRMWARE_IN_KERNEL=y
CONFIG_EXTRA_FIRMWARE=""
# CONFIG_DEBUG_DRIVER is not set
CONFIG_DEBUG_DEVRES=y
# CONFIG_SYS_HYPERVISOR is not set
# CONFIG_GENERIC_CPU_DEVICES is not set
CONFIG_REGMAP=y
CONFIG_REGMAP_I2C=y
CONFIG_REGMAP_SPI=y
CONFIG_REGMAP_IRQ=y
CONFIG_DMA_SHARED_BUFFER=y
CONFIG_CONNECTOR=y
CONFIG_PROC_EVENTS=y
# CONFIG_MTD is not set
# CONFIG_PARPORT is not set
CONFIG_PNP=y
CONFIG_PNP_DEBUG_MESSAGES=y

#
# Protocols
#
CONFIG_PNPACPI=y
CONFIG_BLK_DEV=y
# CONFIG_BLK_DEV_FD is not set
# CONFIG_BLK_DEV_PCIESSD_MTIP32XX is not set
# CONFIG_BLK_CPQ_DA is not set
# CONFIG_BLK_CPQ_CISS_DA is not set
# CONFIG_BLK_DEV_DAC960 is not set
# CONFIG_BLK_DEV_COW_COMMON is not set
# CONFIG_BLK_DEV_LOOP is not set

#
# DRBD disabled because PROC_FS, INET or CONNECTOR not selected
#
# CONFIG_BLK_DEV_NBD is not set
# CONFIG_BLK_DEV_NVME is not set
# CONFIG_BLK_DEV_SX8 is not set
# CONFIG_BLK_DEV_UB is not set
# CONFIG_BLK_DEV_RAM is not set
# CONFIG_CDROM_PKTCDVD is not set
# CONFIG_ATA_OVER_ETH is not set
# CONFIG_BLK_DEV_HD is not set

#
# Misc devices
#
CONFIG_SENSORS_LIS3LV02D=y
CONFIG_AD525X_DPOT=y
# CONFIG_AD525X_DPOT_I2C is not set
# CONFIG_AD525X_DPOT_SPI is not set
CONFIG_PHANTOM=y
# CONFIG_INTEL_MID_PTI is not set
# CONFIG_SGI_IOC4 is not set
CONFIG_ENCLOSURE_SERVICES=y
# CONFIG_CS5535_MFGPT is not set
CONFIG_HP_ILO=y
# CONFIG_APDS9802ALS is not set
# CONFIG_ISL29003 is not set
CONFIG_ISL29020=y
# CONFIG_SENSORS_TSL2550 is not set
# CONFIG_SENSORS_BH1780 is not set
# CONFIG_SENSORS_BH1770 is not set
# CONFIG_SENSORS_APDS990X is not set
CONFIG_HMC6352=y
# CONFIG_TI_DAC7512 is not set
# CONFIG_VMWARE_BALLOON is not set
CONFIG_BMP085=y
# CONFIG_BMP085_I2C is not set
CONFIG_BMP085_SPI=y
CONFIG_PCH_PHUB=y
CONFIG_USB_SWITCH_FSA9480=y

#
# EEPROM support
#
CONFIG_EEPROM_AT24=y
CONFIG_EEPROM_AT25=y
CONFIG_EEPROM_LEGACY=y
CONFIG_EEPROM_93CX6=y
CONFIG_EEPROM_93XX46=y
CONFIG_CB710_CORE=y
CONFIG_CB710_DEBUG=y
CONFIG_CB710_DEBUG_ASSUMPTIONS=y

#
# Texas Instruments shared transport line discipline
#
CONFIG_TI_ST=y
CONFIG_SENSORS_LIS3_I2C=y

#
# Altera FPGA firmware download module
#
# CONFIG_ALTERA_STAPL is not set
CONFIG_HAVE_IDE=y
CONFIG_IDE=y

#
# Please see Documentation/ide/ide.txt for help/info on IDE drives
#
CONFIG_IDE_XFER_MODE=y
CONFIG_IDE_TIMINGS=y
CONFIG_IDE_ATAPI=y
# CONFIG_BLK_DEV_IDE_SATA is not set
CONFIG_IDE_GD=y
# CONFIG_IDE_GD_ATA is not set
# CONFIG_IDE_GD_ATAPI is not set
CONFIG_BLK_DEV_IDECS=y
CONFIG_BLK_DEV_DELKIN=y
# CONFIG_BLK_DEV_IDECD is not set
CONFIG_BLK_DEV_IDETAPE=y
# CONFIG_BLK_DEV_IDEACPI is not set
CONFIG_IDE_TASK_IOCTL=y
# CONFIG_IDE_PROC_FS is not set

#
# IDE chipset support/bugfixes
#
CONFIG_IDE_GENERIC=y
CONFIG_BLK_DEV_PLATFORM=y
# CONFIG_BLK_DEV_CMD640 is not set
CONFIG_BLK_DEV_IDEPNP=y
CONFIG_BLK_DEV_IDEDMA_SFF=y

#
# PCI IDE chipsets support
#
CONFIG_BLK_DEV_IDEPCI=y
# CONFIG_IDEPCI_PCIBUS_ORDER is not set
# CONFIG_BLK_DEV_OFFBOARD is not set
# CONFIG_BLK_DEV_GENERIC is not set
# CONFIG_BLK_DEV_RZ1000 is not set
CONFIG_BLK_DEV_IDEDMA_PCI=y
CONFIG_BLK_DEV_AEC62XX=y
CONFIG_BLK_DEV_ALI15X3=y
CONFIG_BLK_DEV_AMD74XX=y
CONFIG_BLK_DEV_ATIIXP=y
# CONFIG_BLK_DEV_CMD64X is not set
# CONFIG_BLK_DEV_TRIFLEX is not set
# CONFIG_BLK_DEV_CS5530 is not set
CONFIG_BLK_DEV_HPT366=y
CONFIG_BLK_DEV_JMICRON=y
CONFIG_BLK_DEV_SC1200=y
CONFIG_BLK_DEV_PIIX=y
# CONFIG_BLK_DEV_IT8172 is not set
CONFIG_BLK_DEV_IT8213=y
CONFIG_BLK_DEV_IT821X=y
CONFIG_BLK_DEV_NS87415=y
# CONFIG_BLK_DEV_PDC202XX_OLD is not set
# CONFIG_BLK_DEV_PDC202XX_NEW is not set
CONFIG_BLK_DEV_SVWKS=y
# CONFIG_BLK_DEV_SIIMAGE is not set
# CONFIG_BLK_DEV_SIS5513 is not set
# CONFIG_BLK_DEV_SLC90E66 is not set
CONFIG_BLK_DEV_TRM290=y
# CONFIG_BLK_DEV_VIA82CXXX is not set
CONFIG_BLK_DEV_TC86C001=y
CONFIG_BLK_DEV_IDEDMA=y

#
# SCSI device support
#
CONFIG_SCSI_MOD=y
# CONFIG_RAID_ATTRS is not set
CONFIG_SCSI=y
CONFIG_SCSI_DMA=y
CONFIG_SCSI_NETLINK=y
# CONFIG_SCSI_PROC_FS is not set

#
# SCSI support type (disk, tape, CD-ROM)
#
CONFIG_BLK_DEV_SD=y
CONFIG_CHR_DEV_ST=y
CONFIG_CHR_DEV_OSST=y
# CONFIG_BLK_DEV_SR is not set
# CONFIG_CHR_DEV_SG is not set
# CONFIG_CHR_DEV_SCH is not set
# CONFIG_SCSI_ENCLOSURE is not set
# CONFIG_SCSI_MULTI_LUN is not set
CONFIG_SCSI_CONSTANTS=y
CONFIG_SCSI_LOGGING=y
# CONFIG_SCSI_SCAN_ASYNC is not set

#
# SCSI Transports
#
CONFIG_SCSI_SPI_ATTRS=y
CONFIG_SCSI_FC_ATTRS=y
CONFIG_SCSI_ISCSI_ATTRS=y
CONFIG_SCSI_SAS_ATTRS=y
CONFIG_SCSI_SAS_LIBSAS=y
CONFIG_SCSI_SAS_ATA=y
CONFIG_SCSI_SAS_HOST_SMP=y
CONFIG_SCSI_SRP_ATTRS=y
CONFIG_SCSI_LOWLEVEL=y
CONFIG_ISCSI_BOOT_SYSFS=y
# CONFIG_SCSI_BNX2_ISCSI is not set
# CONFIG_SCSI_BNX2X_FCOE is not set
CONFIG_BE2ISCSI=y
# CONFIG_BLK_DEV_3W_XXXX_RAID is not set
# CONFIG_SCSI_HPSA is not set
CONFIG_SCSI_3W_9XXX=y
# CONFIG_SCSI_3W_SAS is not set
# CONFIG_SCSI_ACARD is not set
# CONFIG_SCSI_AACRAID is not set
CONFIG_SCSI_AIC7XXX=y
CONFIG_AIC7XXX_CMDS_PER_DEVICE=32
CONFIG_AIC7XXX_RESET_DELAY_MS=5000
# CONFIG_AIC7XXX_BUILD_FIRMWARE is not set
CONFIG_AIC7XXX_DEBUG_ENABLE=y
CONFIG_AIC7XXX_DEBUG_MASK=0
CONFIG_AIC7XXX_REG_PRETTY_PRINT=y
# CONFIG_SCSI_AIC7XXX_OLD is not set
CONFIG_SCSI_AIC79XX=y
CONFIG_AIC79XX_CMDS_PER_DEVICE=32
CONFIG_AIC79XX_RESET_DELAY_MS=5000
# CONFIG_AIC79XX_BUILD_FIRMWARE is not set
# CONFIG_AIC79XX_DEBUG_ENABLE is not set
CONFIG_AIC79XX_DEBUG_MASK=0
CONFIG_AIC79XX_REG_PRETTY_PRINT=y
CONFIG_SCSI_AIC94XX=y
# CONFIG_AIC94XX_DEBUG is not set
CONFIG_SCSI_MVSAS=y
# CONFIG_SCSI_MVSAS_DEBUG is not set
# CONFIG_SCSI_MVSAS_TASKLET is not set
# CONFIG_SCSI_MVUMI is not set
# CONFIG_SCSI_DPT_I2O is not set
# CONFIG_SCSI_ADVANSYS is not set
CONFIG_SCSI_ARCMSR=y
# CONFIG_MEGARAID_NEWGEN is not set
# CONFIG_MEGARAID_LEGACY is not set
# CONFIG_MEGARAID_SAS is not set
# CONFIG_SCSI_MPT2SAS is not set
CONFIG_SCSI_UFSHCD=y
CONFIG_SCSI_HPTIOP=y
CONFIG_SCSI_BUSLOGIC=y
CONFIG_VMWARE_PVSCSI=y
CONFIG_LIBFC=y
CONFIG_LIBFCOE=y
# CONFIG_FCOE is not set
# CONFIG_FCOE_FNIC is not set
# CONFIG_SCSI_DMX3191D is not set
CONFIG_SCSI_EATA=y
CONFIG_SCSI_EATA_TAGGED_QUEUE=y
# CONFIG_SCSI_EATA_LINKED_COMMANDS is not set
CONFIG_SCSI_EATA_MAX_TAGS=16
CONFIG_SCSI_FUTURE_DOMAIN=y
# CONFIG_SCSI_GDTH is not set
# CONFIG_SCSI_ISCI is not set
# CONFIG_SCSI_IPS is not set
CONFIG_SCSI_INITIO=y
CONFIG_SCSI_INIA100=y
CONFIG_SCSI_STEX=y
CONFIG_SCSI_SYM53C8XX_2=y
CONFIG_SCSI_SYM53C8XX_DMA_ADDRESSING_MODE=1
CONFIG_SCSI_SYM53C8XX_DEFAULT_TAGS=16
CONFIG_SCSI_SYM53C8XX_MAX_TAGS=64
CONFIG_SCSI_SYM53C8XX_MMIO=y
CONFIG_SCSI_IPR=y
# CONFIG_SCSI_IPR_TRACE is not set
CONFIG_SCSI_IPR_DUMP=y
# CONFIG_SCSI_QLOGIC_1280 is not set
# CONFIG_SCSI_QLA_FC is not set
# CONFIG_SCSI_QLA_ISCSI is not set
# CONFIG_SCSI_LPFC is not set
CONFIG_SCSI_DC390T=y
# CONFIG_SCSI_DEBUG is not set
CONFIG_SCSI_PMCRAID=y
# CONFIG_SCSI_PM8001 is not set
# CONFIG_SCSI_SRP is not set
CONFIG_SCSI_BFA_FC=y
# CONFIG_SCSI_LOWLEVEL_PCMCIA is not set
CONFIG_SCSI_DH=y
CONFIG_SCSI_DH_RDAC=y
# CONFIG_SCSI_DH_HP_SW is not set
CONFIG_SCSI_DH_EMC=y
# CONFIG_SCSI_OSD_INITIATOR is not set
CONFIG_ATA=y
# CONFIG_ATA_NONSTANDARD is not set
CONFIG_ATA_VERBOSE_ERROR=y
CONFIG_ATA_ACPI=y
# CONFIG_SATA_PMP is not set

#
# Controllers with non-SFF native interface
#
CONFIG_SATA_AHCI=y
# CONFIG_SATA_AHCI_PLATFORM is not set
CONFIG_SATA_INIC162X=y
# CONFIG_SATA_ACARD_AHCI is not set
# CONFIG_SATA_SIL24 is not set
# CONFIG_ATA_SFF is not set
# CONFIG_MD is not set
# CONFIG_TARGET_CORE is not set
CONFIG_FUSION=y
CONFIG_FUSION_SPI=y
CONFIG_FUSION_FC=y
CONFIG_FUSION_SAS=y
CONFIG_FUSION_MAX_SGE=128
# CONFIG_FUSION_CTL is not set
CONFIG_FUSION_LOGGING=y

#
# IEEE 1394 (FireWire) support
#
CONFIG_FIREWIRE=y
# CONFIG_FIREWIRE_OHCI is not set
CONFIG_FIREWIRE_SBP2=y
# CONFIG_FIREWIRE_NOSY is not set
# CONFIG_I2O is not set
CONFIG_MACINTOSH_DRIVERS=y
# CONFIG_MAC_EMUMOUSEBTN is not set
CONFIG_NETDEVICES=y
CONFIG_NET_CORE=y
CONFIG_DUMMY=y
CONFIG_EQUALIZER=y
# CONFIG_NET_FC is not set
CONFIG_MII=y
CONFIG_NETCONSOLE=y
CONFIG_NETCONSOLE_DYNAMIC=y
CONFIG_NETPOLL=y
# CONFIG_NETPOLL_TRAP is not set
CONFIG_NET_POLL_CONTROLLER=y
CONFIG_TUN=y
CONFIG_VETH=y
CONFIG_ARCNET=y
CONFIG_ARCNET_1201=y
CONFIG_ARCNET_1051=y
CONFIG_ARCNET_RAW=y
CONFIG_ARCNET_CAP=y
# CONFIG_ARCNET_COM90xx is not set
# CONFIG_ARCNET_COM90xxIO is not set
# CONFIG_ARCNET_RIM_I is not set
# CONFIG_ARCNET_COM20020 is not set
CONFIG_ATM_DRIVERS=y
# CONFIG_ATM_DUMMY is not set
# CONFIG_ATM_LANAI is not set
CONFIG_ATM_ENI=y
# CONFIG_ATM_ENI_DEBUG is not set
CONFIG_ATM_ENI_TUNE_BURST=y
CONFIG_ATM_ENI_BURST_TX_16W=y
# CONFIG_ATM_ENI_BURST_TX_8W is not set
# CONFIG_ATM_ENI_BURST_TX_4W is not set
# CONFIG_ATM_ENI_BURST_TX_2W is not set
# CONFIG_ATM_ENI_BURST_RX_16W is not set
# CONFIG_ATM_ENI_BURST_RX_8W is not set
# CONFIG_ATM_ENI_BURST_RX_4W is not set
CONFIG_ATM_ENI_BURST_RX_2W=y
# CONFIG_ATM_FIRESTREAM is not set
CONFIG_ATM_ZATM=y
# CONFIG_ATM_ZATM_DEBUG is not set
# CONFIG_ATM_NICSTAR is not set
CONFIG_ATM_IDT77252=y
CONFIG_ATM_IDT77252_DEBUG=y
CONFIG_ATM_IDT77252_RCV_ALL=y
CONFIG_ATM_IDT77252_USE_SUNI=y
# CONFIG_ATM_AMBASSADOR is not set
CONFIG_ATM_HORIZON=y
# CONFIG_ATM_HORIZON_DEBUG is not set
# CONFIG_ATM_IA is not set
# CONFIG_ATM_FORE200E is not set
# CONFIG_ATM_HE is not set
# CONFIG_ATM_SOLOS is not set

#
# CAIF transport drivers
#
CONFIG_ETHERNET=y
CONFIG_MDIO=y
# CONFIG_NET_VENDOR_3COM is not set
CONFIG_NET_VENDOR_ADAPTEC=y
# CONFIG_ADAPTEC_STARFIRE is not set
# CONFIG_NET_VENDOR_ALTEON is not set
# CONFIG_NET_VENDOR_AMD is not set
CONFIG_NET_VENDOR_ATHEROS=y
CONFIG_ATL2=y
# CONFIG_ATL1 is not set
# CONFIG_NET_VENDOR_BROADCOM is not set
CONFIG_NET_VENDOR_BROCADE=y
CONFIG_BNA=y
# CONFIG_NET_CALXEDA_XGMAC is not set
CONFIG_NET_VENDOR_CHELSIO=y
CONFIG_CHELSIO_T1=y
CONFIG_CHELSIO_T1_1G=y
# CONFIG_CHELSIO_T4 is not set
CONFIG_CHELSIO_T4VF=y
CONFIG_DNET=y
# CONFIG_NET_VENDOR_DEC is not set
CONFIG_NET_VENDOR_DLINK=y
CONFIG_DL2K=y
CONFIG_SUNDANCE=y
CONFIG_SUNDANCE_MMIO=y
CONFIG_NET_VENDOR_EXAR=y
CONFIG_S2IO=y
# CONFIG_NET_VENDOR_FUJITSU is not set
# CONFIG_NET_VENDOR_HP is not set
CONFIG_NET_VENDOR_INTEL=y
CONFIG_E100=y
CONFIG_E1000=y
CONFIG_E1000E=y
CONFIG_IGB=y
# CONFIG_IGBVF is not set
# CONFIG_IXGB is not set
CONFIG_IXGBEVF=y
# CONFIG_NET_VENDOR_I825XX is not set
CONFIG_JME=y
CONFIG_NET_VENDOR_MARVELL=y
CONFIG_SKGE=y
# CONFIG_SKGE_DEBUG is not set
CONFIG_SKGE_GENESIS=y
CONFIG_SKY2=y
# CONFIG_SKY2_DEBUG is not set
# CONFIG_NET_VENDOR_MICREL is not set
# CONFIG_FEALNX is not set
CONFIG_NET_VENDOR_NATSEMI=y
CONFIG_NATSEMI=y
CONFIG_NS83820=y
# CONFIG_NET_VENDOR_8390 is not set
CONFIG_NET_VENDOR_NVIDIA=y
# CONFIG_FORCEDETH is not set
CONFIG_NET_VENDOR_OKI=y
# CONFIG_PCH_GBE is not set
CONFIG_ETHOC=y
# CONFIG_NET_PACKET_ENGINE is not set
CONFIG_NET_VENDOR_QLOGIC=y
CONFIG_QLA3XXX=y
# CONFIG_QLCNIC is not set
# CONFIG_QLGE is not set
CONFIG_NETXEN_NIC=y
# CONFIG_NET_VENDOR_REALTEK is not set
CONFIG_NET_VENDOR_RDC=y
# CONFIG_R6040 is not set
CONFIG_NET_VENDOR_SIS=y
CONFIG_SIS900=y
# CONFIG_SIS190 is not set
CONFIG_NET_VENDOR_SMSC=y
# CONFIG_PCMCIA_SMC91C92 is not set
# CONFIG_EPIC100 is not set
CONFIG_SMSC9420=y
# CONFIG_NET_VENDOR_STMICRO is not set
# CONFIG_NET_VENDOR_SUN is not set
# CONFIG_NET_VENDOR_TEHUTI is not set
CONFIG_NET_VENDOR_TI=y
# CONFIG_TLAN is not set
CONFIG_NET_VENDOR_VIA=y
CONFIG_VIA_RHINE=y
# CONFIG_VIA_RHINE_MMIO is not set
CONFIG_VIA_VELOCITY=y
# CONFIG_NET_VENDOR_WIZNET is not set
CONFIG_NET_VENDOR_XIRCOM=y
# CONFIG_PCMCIA_XIRC2PS is not set
# CONFIG_FDDI is not set
# CONFIG_NET_SB1000 is not set
CONFIG_PHYLIB=y

#
# MII PHY device drivers
#
CONFIG_AMD_PHY=y
# CONFIG_MARVELL_PHY is not set
CONFIG_DAVICOM_PHY=y
# CONFIG_QSEMI_PHY is not set
# CONFIG_LXT_PHY is not set
# CONFIG_CICADA_PHY is not set
# CONFIG_VITESSE_PHY is not set
CONFIG_SMSC_PHY=y
CONFIG_BROADCOM_PHY=y
# CONFIG_BCM87XX_PHY is not set
CONFIG_ICPLUS_PHY=y
CONFIG_REALTEK_PHY=y
# CONFIG_NATIONAL_PHY is not set
# CONFIG_STE10XP is not set
# CONFIG_LSI_ET1011C_PHY is not set
# CONFIG_MICREL_PHY is not set
# CONFIG_FIXED_PHY is not set
# CONFIG_MDIO_BITBANG is not set
CONFIG_MICREL_KS8995MA=y
CONFIG_PPP=y
CONFIG_PPP_BSDCOMP=y
# CONFIG_PPP_DEFLATE is not set
# CONFIG_PPP_FILTER is not set
# CONFIG_PPPOATM is not set
# CONFIG_PPP_ASYNC is not set
# CONFIG_PPP_SYNC_TTY is not set
CONFIG_SLIP=y
CONFIG_SLHC=y
CONFIG_SLIP_COMPRESSED=y
CONFIG_SLIP_SMART=y
# CONFIG_SLIP_MODE_SLIP6 is not set

#
# USB Network Adapters
#
CONFIG_USB_KAWETH=y
# CONFIG_USB_PEGASUS is not set
CONFIG_USB_USBNET=y
CONFIG_USB_NET_AX8817X=y
CONFIG_USB_NET_CDCETHER=y
# CONFIG_USB_NET_CDC_NCM is not set
CONFIG_USB_NET_DM9601=y
# CONFIG_USB_NET_SMSC75XX is not set
CONFIG_USB_NET_SMSC95XX=y
# CONFIG_USB_NET_GL620A is not set
# CONFIG_USB_NET_NET1080 is not set
# CONFIG_USB_NET_MCS7830 is not set
CONFIG_USB_NET_CDC_SUBSET=y
# CONFIG_USB_ALI_M5632 is not set
# CONFIG_USB_AN2720 is not set
# CONFIG_USB_BELKIN is not set
# CONFIG_USB_ARMLINUX is not set
CONFIG_USB_EPSON2888=y
CONFIG_USB_NET_ZAURUS=y
CONFIG_USB_NET_CX82310_ETH=y
CONFIG_USB_NET_KALMIA=y
# CONFIG_USB_NET_QMI_WWAN is not set
CONFIG_USB_NET_INT51X1=y
CONFIG_USB_CDC_PHONET=y
# CONFIG_USB_IPHETH is not set
# CONFIG_USB_SIERRA_NET is not set
# CONFIG_USB_VL600 is not set
# CONFIG_WLAN is not set

#
# WiMAX Wireless Broadband devices
#
# CONFIG_WIMAX_I2400M_USB is not set
# CONFIG_WAN is not set
# CONFIG_ISDN is not set

#
# Input device support
#
CONFIG_INPUT=y
CONFIG_INPUT_FF_MEMLESS=y
CONFIG_INPUT_POLLDEV=y
CONFIG_INPUT_SPARSEKMAP=y
CONFIG_INPUT_MATRIXKMAP=y

#
# Userland interfaces
#
CONFIG_INPUT_MOUSEDEV=y
CONFIG_INPUT_MOUSEDEV_PSAUX=y
CONFIG_INPUT_MOUSEDEV_SCREEN_X=1024
CONFIG_INPUT_MOUSEDEV_SCREEN_Y=768
# CONFIG_INPUT_JOYDEV is not set
CONFIG_INPUT_EVDEV=y
# CONFIG_INPUT_EVBUG is not set

#
# Input Device Drivers
#
CONFIG_INPUT_KEYBOARD=y
CONFIG_KEYBOARD_ADP5520=y
# CONFIG_KEYBOARD_ADP5588 is not set
CONFIG_KEYBOARD_ADP5589=y
CONFIG_KEYBOARD_ATKBD=y
# CONFIG_KEYBOARD_QT1070 is not set
CONFIG_KEYBOARD_LKKBD=y
# CONFIG_KEYBOARD_GPIO is not set
CONFIG_KEYBOARD_GPIO_POLLED=y
CONFIG_KEYBOARD_TCA6416=y
CONFIG_KEYBOARD_TCA8418=y
# CONFIG_KEYBOARD_MATRIX is not set
# CONFIG_KEYBOARD_LM8323 is not set
# CONFIG_KEYBOARD_LM8333 is not set
CONFIG_KEYBOARD_MAX7359=y
CONFIG_KEYBOARD_MCS=y
CONFIG_KEYBOARD_MPR121=y
# CONFIG_KEYBOARD_NEWTON is not set
CONFIG_KEYBOARD_OPENCORES=y
# CONFIG_KEYBOARD_STOWAWAY is not set
# CONFIG_KEYBOARD_SUNKBD is not set
# CONFIG_KEYBOARD_OMAP4 is not set
CONFIG_KEYBOARD_TC3589X=y
CONFIG_KEYBOARD_TWL4030=y
CONFIG_KEYBOARD_XTKBD=y
CONFIG_INPUT_MOUSE=y
CONFIG_MOUSE_PS2=y
CONFIG_MOUSE_PS2_ALPS=y
CONFIG_MOUSE_PS2_LOGIPS2PP=y
CONFIG_MOUSE_PS2_SYNAPTICS=y
CONFIG_MOUSE_PS2_LIFEBOOK=y
CONFIG_MOUSE_PS2_TRACKPOINT=y
CONFIG_MOUSE_PS2_ELANTECH=y
# CONFIG_MOUSE_PS2_SENTELIC is not set
CONFIG_MOUSE_PS2_TOUCHKIT=y
CONFIG_MOUSE_SERIAL=y
# CONFIG_MOUSE_APPLETOUCH is not set
CONFIG_MOUSE_BCM5974=y
CONFIG_MOUSE_VSXXXAA=y
# CONFIG_MOUSE_GPIO is not set
# CONFIG_MOUSE_SYNAPTICS_I2C is not set
CONFIG_MOUSE_SYNAPTICS_USB=y
CONFIG_INPUT_JOYSTICK=y
CONFIG_JOYSTICK_ANALOG=y
# CONFIG_JOYSTICK_A3D is not set
# CONFIG_JOYSTICK_ADI is not set
CONFIG_JOYSTICK_COBRA=y
# CONFIG_JOYSTICK_GF2K is not set
CONFIG_JOYSTICK_GRIP=y
CONFIG_JOYSTICK_GRIP_MP=y
# CONFIG_JOYSTICK_GUILLEMOT is not set
CONFIG_JOYSTICK_INTERACT=y
CONFIG_JOYSTICK_SIDEWINDER=y
# CONFIG_JOYSTICK_TMDC is not set
CONFIG_JOYSTICK_IFORCE=y
CONFIG_JOYSTICK_IFORCE_USB=y
CONFIG_JOYSTICK_IFORCE_232=y
CONFIG_JOYSTICK_WARRIOR=y
# CONFIG_JOYSTICK_MAGELLAN is not set
CONFIG_JOYSTICK_SPACEORB=y
# CONFIG_JOYSTICK_SPACEBALL is not set
CONFIG_JOYSTICK_STINGER=y
CONFIG_JOYSTICK_TWIDJOY=y
# CONFIG_JOYSTICK_ZHENHUA is not set
CONFIG_JOYSTICK_AS5011=y
# CONFIG_JOYSTICK_JOYDUMP is not set
CONFIG_JOYSTICK_XPAD=y
# CONFIG_JOYSTICK_XPAD_FF is not set
CONFIG_JOYSTICK_XPAD_LEDS=y
CONFIG_INPUT_TABLET=y
# CONFIG_TABLET_USB_ACECAD is not set
CONFIG_TABLET_USB_AIPTEK=y
# CONFIG_TABLET_USB_GTCO is not set
# CONFIG_TABLET_USB_HANWANG is not set
CONFIG_TABLET_USB_KBTAB=y
# CONFIG_TABLET_USB_WACOM is not set
# CONFIG_INPUT_TOUCHSCREEN is not set
CONFIG_INPUT_MISC=y
# CONFIG_INPUT_88PM860X_ONKEY is not set
CONFIG_INPUT_AD714X=y
# CONFIG_INPUT_AD714X_I2C is not set
CONFIG_INPUT_AD714X_SPI=y
# CONFIG_INPUT_BMA150 is not set
CONFIG_INPUT_PCSPKR=y
CONFIG_INPUT_MAX8925_ONKEY=y
# CONFIG_INPUT_MC13783_PWRBUTTON is not set
# CONFIG_INPUT_MMA8450 is not set
# CONFIG_INPUT_MPU3050 is not set
CONFIG_INPUT_APANEL=y
CONFIG_INPUT_GP2A=y
CONFIG_INPUT_GPIO_TILT_POLLED=y
# CONFIG_INPUT_ATLAS_BTNS is not set
# CONFIG_INPUT_ATI_REMOTE2 is not set
# CONFIG_INPUT_KXTJ9 is not set
# CONFIG_INPUT_POWERMATE is not set
CONFIG_INPUT_TWL4030_PWRBUTTON=y
# CONFIG_INPUT_TWL4030_VIBRA is not set
# CONFIG_INPUT_UINPUT is not set
CONFIG_INPUT_PCF50633_PMU=y
# CONFIG_INPUT_GPIO_ROTARY_ENCODER is not set
# CONFIG_INPUT_DA9052_ONKEY is not set
CONFIG_INPUT_ADXL34X=y
CONFIG_INPUT_ADXL34X_I2C=y
# CONFIG_INPUT_ADXL34X_SPI is not set
# CONFIG_INPUT_CMA3000 is not set

#
# Hardware I/O ports
#
CONFIG_SERIO=y
CONFIG_SERIO_I8042=y
# CONFIG_SERIO_SERPORT is not set
# CONFIG_SERIO_CT82C710 is not set
CONFIG_SERIO_PCIPS2=y
CONFIG_SERIO_LIBPS2=y
CONFIG_SERIO_RAW=y
# CONFIG_SERIO_ALTERA_PS2 is not set
# CONFIG_SERIO_PS2MULT is not set
CONFIG_GAMEPORT=y
CONFIG_GAMEPORT_NS558=y
# CONFIG_GAMEPORT_L4 is not set
CONFIG_GAMEPORT_EMU10K1=y
CONFIG_GAMEPORT_FM801=y

#
# Character devices
#
CONFIG_VT=y
CONFIG_CONSOLE_TRANSLATIONS=y
CONFIG_VT_CONSOLE=y
CONFIG_VT_CONSOLE_SLEEP=y
CONFIG_HW_CONSOLE=y
# CONFIG_VT_HW_CONSOLE_BINDING is not set
CONFIG_UNIX98_PTYS=y
# CONFIG_DEVPTS_MULTIPLE_INSTANCES is not set
# CONFIG_LEGACY_PTYS is not set
# CONFIG_SERIAL_NONSTANDARD is not set
# CONFIG_TRACE_SINK is not set
CONFIG_DEVKMEM=y

#
# Serial drivers
#
CONFIG_SERIAL_8250=y
CONFIG_SERIAL_8250_CONSOLE=y
CONFIG_FIX_EARLYCON_MEM=y
CONFIG_SERIAL_8250_PCI=y
CONFIG_SERIAL_8250_PNP=y
CONFIG_SERIAL_8250_CS=y
CONFIG_SERIAL_8250_NR_UARTS=4
CONFIG_SERIAL_8250_RUNTIME_UARTS=4
CONFIG_SERIAL_8250_EXTENDED=y
CONFIG_SERIAL_8250_MANY_PORTS=y
CONFIG_SERIAL_8250_SHARE_IRQ=y
CONFIG_SERIAL_8250_DETECT_IRQ=y
CONFIG_SERIAL_8250_RSA=y

#
# Non-8250 serial port support
#
CONFIG_SERIAL_MAX3100=y
CONFIG_SERIAL_MAX3107=y
# CONFIG_SERIAL_MFD_HSU is not set
CONFIG_SERIAL_UARTLITE=y
# CONFIG_SERIAL_UARTLITE_CONSOLE is not set
CONFIG_SERIAL_CORE=y
CONFIG_SERIAL_CORE_CONSOLE=y
CONFIG_SERIAL_JSM=y
# CONFIG_SERIAL_TIMBERDALE is not set
# CONFIG_SERIAL_ALTERA_JTAGUART is not set
CONFIG_SERIAL_ALTERA_UART=y
CONFIG_SERIAL_ALTERA_UART_MAXPORTS=4
CONFIG_SERIAL_ALTERA_UART_BAUDRATE=115200
CONFIG_SERIAL_ALTERA_UART_CONSOLE=y
# CONFIG_SERIAL_PCH_UART is not set
# CONFIG_SERIAL_XILINX_PS_UART is not set
CONFIG_HVC_DRIVER=y
CONFIG_VIRTIO_CONSOLE=y
# CONFIG_IPMI_HANDLER is not set
# CONFIG_HW_RANDOM is not set
CONFIG_NVRAM=y
# CONFIG_R3964 is not set
# CONFIG_APPLICOM is not set

#
# PCMCIA character devices
#
# CONFIG_SYNCLINK_CS is not set
# CONFIG_CARDMAN_4000 is not set
# CONFIG_CARDMAN_4040 is not set
CONFIG_IPWIRELESS=y
CONFIG_MWAVE=y
# CONFIG_RAW_DRIVER is not set
# CONFIG_HPET is not set
CONFIG_HANGCHECK_TIMER=y
# CONFIG_TCG_TPM is not set
CONFIG_DEVPORT=y
CONFIG_I2C=y
CONFIG_I2C_BOARDINFO=y
CONFIG_I2C_COMPAT=y
# CONFIG_I2C_CHARDEV is not set
# CONFIG_I2C_MUX is not set
CONFIG_I2C_HELPER_AUTO=y
CONFIG_I2C_SMBUS=y
CONFIG_I2C_ALGOBIT=y
CONFIG_I2C_ALGOPCA=y

#
# I2C Hardware Bus support
#

#
# PC SMBus host controller drivers
#
CONFIG_I2C_ALI1535=y
CONFIG_I2C_ALI15X3=y
CONFIG_I2C_AMD756=y
CONFIG_I2C_AMD8111=y
CONFIG_I2C_I801=y
CONFIG_I2C_ISCH=y
# CONFIG_I2C_PIIX4 is not set
# CONFIG_I2C_NFORCE2 is not set
CONFIG_I2C_SIS5595=y
CONFIG_I2C_SIS630=y
CONFIG_I2C_SIS96X=y
# CONFIG_I2C_VIAPRO is not set

#
# ACPI drivers
#
CONFIG_I2C_SCMI=y

#
# I2C system bus drivers (mostly embedded / system-on-chip)
#
# CONFIG_I2C_DESIGNWARE_PCI is not set
CONFIG_I2C_EG20T=y
# CONFIG_I2C_GPIO is not set
CONFIG_I2C_INTEL_MID=y
CONFIG_I2C_PCA_PLATFORM=y
# CONFIG_I2C_PXA_PCI is not set
CONFIG_I2C_SIMTEC=y

#
# External I2C/SMBus adapter drivers
#
CONFIG_I2C_DIOLAN_U2C=y
CONFIG_I2C_PARPORT_LIGHT=y
# CONFIG_I2C_TINY_USB is not set

#
# Other I2C/SMBus bus drivers
#
# CONFIG_I2C_DEBUG_CORE is not set
CONFIG_I2C_DEBUG_ALGO=y
CONFIG_I2C_DEBUG_BUS=y
CONFIG_SPI=y
# CONFIG_SPI_DEBUG is not set
CONFIG_SPI_MASTER=y

#
# SPI Master Controller Drivers
#
CONFIG_SPI_ALTERA=y
CONFIG_SPI_BITBANG=y
CONFIG_SPI_GPIO=y
CONFIG_SPI_OC_TINY=y
# CONFIG_SPI_PXA2XX_PCI is not set
CONFIG_SPI_TOPCLIFF_PCH=y
CONFIG_SPI_XCOMM=y
CONFIG_SPI_DESIGNWARE=y
# CONFIG_SPI_DW_PCI is not set

#
# SPI Protocol Masters
#
CONFIG_SPI_TLE62X0=y
# CONFIG_HSI is not set

#
# PPS support
#

#
# PPS generators support
#

#
# PTP clock support
#

#
# Enable Device Drivers -> PPS to see the PTP clock options.
#
CONFIG_ARCH_WANT_OPTIONAL_GPIOLIB=y
CONFIG_GPIOLIB=y
CONFIG_DEBUG_GPIO=y
CONFIG_GPIO_MAX730X=y

#
# Memory mapped GPIO drivers:
#
# CONFIG_GPIO_GENERIC_PLATFORM is not set
CONFIG_GPIO_IT8761E=y
CONFIG_GPIO_SCH=y
CONFIG_GPIO_ICH=y
CONFIG_GPIO_VX855=y

#
# I2C GPIO expanders:
#
# CONFIG_GPIO_ARIZONA is not set
CONFIG_GPIO_MAX7300=y
CONFIG_GPIO_MAX732X=y
CONFIG_GPIO_MAX732X_IRQ=y
# CONFIG_GPIO_PCA953X is not set
CONFIG_GPIO_PCF857X=y
# CONFIG_GPIO_RC5T583 is not set
CONFIG_GPIO_SX150X=y
# CONFIG_GPIO_TC3589X is not set
CONFIG_GPIO_TWL4030=y
CONFIG_GPIO_ADP5520=y
# CONFIG_GPIO_ADP5588 is not set

#
# PCI GPIO expanders:
#
# CONFIG_GPIO_CS5535 is not set
# CONFIG_GPIO_BT8XX is not set
# CONFIG_GPIO_AMD8111 is not set
# CONFIG_GPIO_LANGWELL is not set
# CONFIG_GPIO_PCH is not set
CONFIG_GPIO_ML_IOH=y
CONFIG_GPIO_TIMBERDALE=y
CONFIG_GPIO_RDC321X=y

#
# SPI GPIO expanders:
#
# CONFIG_GPIO_MAX7301 is not set
CONFIG_GPIO_MCP23S08=y
# CONFIG_GPIO_MC33880 is not set
# CONFIG_GPIO_74X164 is not set

#
# AC97 GPIO expanders:
#

#
# MODULbus GPIO expanders:
#
# CONFIG_GPIO_JANZ_TTL is not set
CONFIG_W1=y
CONFIG_W1_CON=y

#
# 1-wire Bus Masters
#
CONFIG_W1_MASTER_MATROX=y
# CONFIG_W1_MASTER_DS2490 is not set
CONFIG_W1_MASTER_DS1WM=y
# CONFIG_W1_MASTER_GPIO is not set

#
# 1-wire Slaves
#
CONFIG_W1_SLAVE_THERM=y
CONFIG_W1_SLAVE_SMEM=y
CONFIG_W1_SLAVE_DS2408=y
# CONFIG_W1_SLAVE_DS2423 is not set
CONFIG_W1_SLAVE_DS2431=y
CONFIG_W1_SLAVE_DS2433=y
# CONFIG_W1_SLAVE_DS2433_CRC is not set
CONFIG_W1_SLAVE_DS2760=y
CONFIG_W1_SLAVE_DS2780=y
CONFIG_W1_SLAVE_DS2781=y
CONFIG_W1_SLAVE_DS28E04=y
CONFIG_W1_SLAVE_BQ27000=y
CONFIG_POWER_SUPPLY=y
# CONFIG_POWER_SUPPLY_DEBUG is not set
# CONFIG_PDA_POWER is not set
# CONFIG_MAX8925_POWER is not set
CONFIG_TEST_POWER=y
CONFIG_BATTERY_DS2760=y
CONFIG_BATTERY_DS2780=y
CONFIG_BATTERY_DS2781=y
CONFIG_BATTERY_DS2782=y
# CONFIG_BATTERY_SBS is not set
# CONFIG_BATTERY_BQ27x00 is not set
# CONFIG_BATTERY_MAX17040 is not set
CONFIG_BATTERY_MAX17042=y
# CONFIG_CHARGER_PCF50633 is not set
# CONFIG_CHARGER_ISP1704 is not set
# CONFIG_CHARGER_MAX8903 is not set
CONFIG_CHARGER_TWL4030=y
# CONFIG_CHARGER_LP8727 is not set
CONFIG_CHARGER_GPIO=y
# CONFIG_CHARGER_SMB347 is not set
CONFIG_POWER_AVS=y
CONFIG_HWMON=y
CONFIG_HWMON_VID=y
CONFIG_HWMON_DEBUG_CHIP=y

#
# Native drivers
#
CONFIG_SENSORS_ADM1021=y
# CONFIG_SENSORS_ADM1025 is not set
# CONFIG_SENSORS_ADM1026 is not set
# CONFIG_SENSORS_ADM1029 is not set
CONFIG_SENSORS_ADM1031=y
# CONFIG_SENSORS_ADM9240 is not set
# CONFIG_SENSORS_ADT7475 is not set
CONFIG_SENSORS_ASC7621=y
# CONFIG_SENSORS_K10TEMP is not set
# CONFIG_SENSORS_FAM15H_POWER is not set
CONFIG_SENSORS_DS620=y
# CONFIG_SENSORS_DS1621 is not set
CONFIG_SENSORS_DA9052_ADC=y
CONFIG_SENSORS_F71805F=y
# CONFIG_SENSORS_F71882FG is not set
CONFIG_SENSORS_F75375S=y
CONFIG_SENSORS_FSCHMD=y
CONFIG_SENSORS_G760A=y
# CONFIG_SENSORS_GL518SM is not set
# CONFIG_SENSORS_GL520SM is not set
# CONFIG_SENSORS_GPIO_FAN is not set
CONFIG_SENSORS_IT87=y
CONFIG_SENSORS_JC42=y
# CONFIG_SENSORS_LM63 is not set
# CONFIG_SENSORS_LM70 is not set
CONFIG_SENSORS_LM73=y
CONFIG_SENSORS_LM75=y
# CONFIG_SENSORS_LM77 is not set
CONFIG_SENSORS_LM78=y
# CONFIG_SENSORS_LM80 is not set
CONFIG_SENSORS_LM83=y
# CONFIG_SENSORS_LM85 is not set
# CONFIG_SENSORS_LM87 is not set
# CONFIG_SENSORS_LM90 is not set
# CONFIG_SENSORS_LM92 is not set
# CONFIG_SENSORS_LM93 is not set
# CONFIG_SENSORS_LTC4151 is not set
CONFIG_SENSORS_LM95241=y
# CONFIG_SENSORS_MAX1111 is not set
CONFIG_SENSORS_MAX16065=y
# CONFIG_SENSORS_MAX1619 is not set
CONFIG_SENSORS_PC87360=y
CONFIG_SENSORS_PC87427=y
# CONFIG_SENSORS_PCF8591 is not set
# CONFIG_SENSORS_SHT15 is not set
CONFIG_SENSORS_SHT21=y
CONFIG_SENSORS_SIS5595=y
# CONFIG_SENSORS_EMC1403 is not set
CONFIG_SENSORS_EMC2103=y
# CONFIG_SENSORS_EMC6W201 is not set
# CONFIG_SENSORS_SMSC47M1 is not set
# CONFIG_SENSORS_SMSC47M192 is not set
CONFIG_SENSORS_SCH56XX_COMMON=y
CONFIG_SENSORS_SCH5627=y
# CONFIG_SENSORS_SCH5636 is not set
CONFIG_SENSORS_ADS1015=y
CONFIG_SENSORS_ADS7828=y
# CONFIG_SENSORS_ADS7871 is not set
# CONFIG_SENSORS_THMC50 is not set
CONFIG_SENSORS_TWL4030_MADC=y
# CONFIG_SENSORS_VIA_CPUTEMP is not set
# CONFIG_SENSORS_VIA686A is not set
# CONFIG_SENSORS_VT1211 is not set
# CONFIG_SENSORS_VT8231 is not set
CONFIG_SENSORS_W83781D=y
CONFIG_SENSORS_W83791D=y
CONFIG_SENSORS_W83792D=y
CONFIG_SENSORS_W83627HF=y
# CONFIG_SENSORS_W83627EHF is not set
CONFIG_SENSORS_APPLESMC=y
CONFIG_SENSORS_MC13783_ADC=y

#
# ACPI drivers
#
# CONFIG_SENSORS_ACPI_POWER is not set
CONFIG_THERMAL=y
CONFIG_THERMAL_HWMON=y
CONFIG_WATCHDOG=y
CONFIG_WATCHDOG_CORE=y
CONFIG_WATCHDOG_NOWAYOUT=y

#
# Watchdog Device Drivers
#
# CONFIG_SOFT_WATCHDOG is not set
# CONFIG_DA9052_WATCHDOG is not set
CONFIG_TWL4030_WATCHDOG=y
CONFIG_ACQUIRE_WDT=y
# CONFIG_ADVANTECH_WDT is not set
CONFIG_ALIM1535_WDT=y
# CONFIG_ALIM7101_WDT is not set
# CONFIG_SP5100_TCO is not set
# CONFIG_SC520_WDT is not set
CONFIG_SBC_FITPC2_WATCHDOG=y
# CONFIG_EUROTECH_WDT is not set
CONFIG_IB700_WDT=y
CONFIG_IBMASR=y
# CONFIG_WAFER_WDT is not set
CONFIG_I6300ESB_WDT=y
CONFIG_IE6XX_WDT=y
# CONFIG_ITCO_WDT is not set
# CONFIG_IT8712F_WDT is not set
CONFIG_HP_WATCHDOG=y
CONFIG_HPWDT_NMI_DECODING=y
# CONFIG_SC1200_WDT is not set
# CONFIG_PC87413_WDT is not set
# CONFIG_NV_TCO is not set
CONFIG_60XX_WDT=y
CONFIG_SBC8360_WDT=y
CONFIG_CPU5_WDT=y
CONFIG_SMSC_SCH311X_WDT=y
CONFIG_SMSC37B787_WDT=y
# CONFIG_VIA_WDT is not set
# CONFIG_W83627HF_WDT is not set
CONFIG_W83697HF_WDT=y
# CONFIG_W83697UG_WDT is not set
# CONFIG_W83877F_WDT is not set
CONFIG_W83977F_WDT=y
# CONFIG_MACHZ_WDT is not set
CONFIG_SBC_EPX_C3_WATCHDOG=y

#
# PCI-based Watchdog Cards
#
CONFIG_PCIPCWATCHDOG=y
# CONFIG_WDTPCI is not set

#
# USB-based Watchdog Cards
#
CONFIG_USBPCWATCHDOG=y
CONFIG_SSB_POSSIBLE=y

#
# Sonics Silicon Backplane
#
# CONFIG_SSB is not set
CONFIG_BCMA_POSSIBLE=y

#
# Broadcom specific AMBA
#
# CONFIG_BCMA is not set

#
# Multifunction device drivers
#
CONFIG_MFD_CORE=y
CONFIG_MFD_88PM860X=y
# CONFIG_MFD_88PM800 is not set
CONFIG_MFD_88PM805=y
# CONFIG_MFD_SM501 is not set
# CONFIG_HTC_PASIC3 is not set
# CONFIG_HTC_I2CPLD is not set
# CONFIG_MFD_LM3533 is not set
# CONFIG_TPS6105X is not set
# CONFIG_TPS65010 is not set
CONFIG_TPS6507X=y
CONFIG_MFD_TPS65217=y
# CONFIG_MFD_TPS65910 is not set
# CONFIG_MFD_TPS65912_I2C is not set
# CONFIG_MFD_TPS65912_SPI is not set
CONFIG_TWL4030_CORE=y
CONFIG_TWL4030_MADC=y
# CONFIG_MFD_TWL4030_AUDIO is not set
# CONFIG_TWL6040_CORE is not set
# CONFIG_MFD_STMPE is not set
CONFIG_MFD_TC3589X=y
# CONFIG_MFD_TMIO is not set
# CONFIG_PMIC_DA903X is not set
CONFIG_PMIC_DA9052=y
CONFIG_MFD_DA9052_SPI=y
CONFIG_MFD_DA9052_I2C=y
CONFIG_PMIC_ADP5520=y
# CONFIG_MFD_MAX77686 is not set
CONFIG_MFD_MAX77693=y
CONFIG_MFD_MAX8925=y
CONFIG_MFD_MAX8997=y
CONFIG_MFD_MAX8998=y
# CONFIG_MFD_SEC_CORE is not set
CONFIG_MFD_ARIZONA=y
CONFIG_MFD_ARIZONA_I2C=y
# CONFIG_MFD_ARIZONA_SPI is not set
# CONFIG_MFD_WM5102 is not set
CONFIG_MFD_WM5110=y
# CONFIG_MFD_WM8400 is not set
# CONFIG_MFD_WM831X_I2C is not set
# CONFIG_MFD_WM831X_SPI is not set
# CONFIG_MFD_WM8350_I2C is not set
# CONFIG_MFD_WM8994 is not set
CONFIG_MFD_PCF50633=y
# CONFIG_PCF50633_ADC is not set
CONFIG_PCF50633_GPIO=y
CONFIG_MFD_MC13783=y
CONFIG_MFD_MC13XXX=y
CONFIG_MFD_MC13XXX_SPI=y
CONFIG_MFD_MC13XXX_I2C=y
CONFIG_ABX500_CORE=y
# CONFIG_AB3100_CORE is not set
# CONFIG_EZX_PCAP is not set
CONFIG_MFD_CS5535=y
CONFIG_MFD_TIMBERDALE=y
CONFIG_LPC_SCH=y
CONFIG_LPC_ICH=y
CONFIG_MFD_RDC321X=y
CONFIG_MFD_JANZ_CMODIO=y
CONFIG_MFD_VX855=y
CONFIG_MFD_WL1273_CORE=y
# CONFIG_MFD_TPS65090 is not set
CONFIG_MFD_AAT2870_CORE=y
CONFIG_MFD_RC5T583=y
CONFIG_MFD_PALMAS=y
# CONFIG_REGULATOR is not set
CONFIG_MEDIA_SUPPORT=y

#
# Multimedia core support
#
CONFIG_MEDIA_CAMERA_SUPPORT=y
# CONFIG_MEDIA_ANALOG_TV_SUPPORT is not set
# CONFIG_MEDIA_DIGITAL_TV_SUPPORT is not set
# CONFIG_MEDIA_RADIO_SUPPORT is not set
CONFIG_MEDIA_RC_SUPPORT=y
CONFIG_VIDEO_DEV=y
CONFIG_VIDEO_V4L2_COMMON=y

#
# Media drivers
#
CONFIG_RC_CORE=y
CONFIG_RC_MAP=y
CONFIG_RC_DECODERS=y
CONFIG_LIRC=y
CONFIG_IR_LIRC_CODEC=y
CONFIG_IR_NEC_DECODER=y
CONFIG_IR_RC5_DECODER=y
CONFIG_IR_RC6_DECODER=y
CONFIG_IR_JVC_DECODER=y
CONFIG_IR_SONY_DECODER=y
# CONFIG_IR_RC5_SZ_DECODER is not set
CONFIG_IR_SANYO_DECODER=y
# CONFIG_IR_MCE_KBD_DECODER is not set
# CONFIG_RC_DEVICES is not set
CONFIG_VIDEO_V4L2=y
CONFIG_VIDEO_CAPTURE_DRIVERS=y
# CONFIG_VIDEO_ADV_DEBUG is not set
# CONFIG_VIDEO_FIXED_MINOR_RANGES is not set
CONFIG_VIDEO_HELPER_CHIPS_AUTO=y
CONFIG_VIDEO_IR_I2C=y

#
# Audio decoders, processors and mixers
#

#
# RDS decoders
#

#
# Video decoders
#

#
# Video and audio decoders
#

#
# MPEG video encoders
#

#
# Video encoders
#

#
# Camera sensor devices
#

#
# Flash devices
#

#
# Video improvement chips
#

#
# Miscelaneous helper chips
#
# CONFIG_VIDEO_VIVI is not set
# CONFIG_V4L_USB_DRIVERS is not set
CONFIG_V4L_PLATFORM_DRIVERS=y
# CONFIG_VIDEO_CAFE_CCIC is not set
# CONFIG_VIDEO_VIA_CAMERA is not set
# CONFIG_SOC_CAMERA is not set
# CONFIG_V4L_MEM2MEM_DRIVERS is not set

#
# Graphics support
#
CONFIG_AGP=y
# CONFIG_AGP_AMD64 is not set
# CONFIG_AGP_INTEL is not set
# CONFIG_AGP_SIS is not set
CONFIG_AGP_VIA=y
CONFIG_VGA_ARB=y
CONFIG_VGA_ARB_MAX_GPUS=16
CONFIG_VGA_SWITCHEROO=y
CONFIG_DRM=y
CONFIG_DRM_KMS_HELPER=y
# CONFIG_DRM_LOAD_EDID_FIRMWARE is not set
CONFIG_DRM_TTM=y
CONFIG_DRM_TDFX=y
CONFIG_DRM_R128=y
CONFIG_DRM_RADEON=y
# CONFIG_DRM_RADEON_KMS is not set
# CONFIG_DRM_NOUVEAU is not set

#
# I2C encoder or helper chips
#
CONFIG_DRM_I2C_CH7006=y
CONFIG_DRM_I2C_SIL164=y
CONFIG_DRM_MGA=y
CONFIG_DRM_SIS=y
# CONFIG_DRM_VIA is not set
CONFIG_DRM_SAVAGE=y
# CONFIG_DRM_VMWGFX is not set
# CONFIG_STUB_POULSBO is not set
CONFIG_VGASTATE=y
# CONFIG_VIDEO_OUTPUT_CONTROL is not set
CONFIG_FB=y
# CONFIG_FIRMWARE_EDID is not set
CONFIG_FB_DDC=y
CONFIG_FB_BOOT_VESA_SUPPORT=y
CONFIG_FB_CFB_FILLRECT=y
CONFIG_FB_CFB_COPYAREA=y
CONFIG_FB_CFB_IMAGEBLIT=y
# CONFIG_FB_CFB_REV_PIXELS_IN_BYTE is not set
CONFIG_FB_SYS_FILLRECT=y
CONFIG_FB_SYS_COPYAREA=y
CONFIG_FB_SYS_IMAGEBLIT=y
# CONFIG_FB_FOREIGN_ENDIAN is not set
CONFIG_FB_SYS_FOPS=y
# CONFIG_FB_WMT_GE_ROPS is not set
CONFIG_FB_DEFERRED_IO=y
CONFIG_FB_SVGALIB=y
# CONFIG_FB_MACMODES is not set
# CONFIG_FB_BACKLIGHT is not set
CONFIG_FB_MODE_HELPERS=y
CONFIG_FB_TILEBLITTING=y

#
# Frame buffer hardware drivers
#
CONFIG_FB_CIRRUS=y
# CONFIG_FB_PM2 is not set
CONFIG_FB_CYBER2000=y
# CONFIG_FB_CYBER2000_DDC is not set
CONFIG_FB_ARC=y
CONFIG_FB_ASILIANT=y
CONFIG_FB_IMSTT=y
# CONFIG_FB_VGA16 is not set
CONFIG_FB_UVESA=y
# CONFIG_FB_VESA is not set
# CONFIG_FB_N411 is not set
CONFIG_FB_HGA=y
CONFIG_FB_S1D13XXX=y
# CONFIG_FB_NVIDIA is not set
CONFIG_FB_RIVA=y
# CONFIG_FB_RIVA_I2C is not set
# CONFIG_FB_RIVA_DEBUG is not set
# CONFIG_FB_RIVA_BACKLIGHT is not set
CONFIG_FB_LE80578=y
# CONFIG_FB_CARILLO_RANCH is not set
CONFIG_FB_MATROX=y
# CONFIG_FB_MATROX_MILLENIUM is not set
CONFIG_FB_MATROX_MYSTIQUE=y
CONFIG_FB_MATROX_G=y
CONFIG_FB_MATROX_I2C=y
# CONFIG_FB_MATROX_MAVEN is not set
CONFIG_FB_RADEON=y
# CONFIG_FB_RADEON_I2C is not set
# CONFIG_FB_RADEON_BACKLIGHT is not set
# CONFIG_FB_RADEON_DEBUG is not set
CONFIG_FB_ATY128=y
# CONFIG_FB_ATY128_BACKLIGHT is not set
# CONFIG_FB_ATY is not set
CONFIG_FB_S3=y
# CONFIG_FB_S3_DDC is not set
CONFIG_FB_SIS=y
# CONFIG_FB_SIS_300 is not set
CONFIG_FB_SIS_315=y
CONFIG_FB_VIA=y
# CONFIG_FB_VIA_DIRECT_PROCFS is not set
CONFIG_FB_VIA_X_COMPATIBILITY=y
# CONFIG_FB_NEOMAGIC is not set
# CONFIG_FB_KYRO is not set
CONFIG_FB_3DFX=y
CONFIG_FB_VOODOO1=y
CONFIG_FB_VT8623=y
CONFIG_FB_TRIDENT=y
# CONFIG_FB_ARK is not set
# CONFIG_FB_CARMINE is not set
# CONFIG_FB_TMIO is not set
CONFIG_FB_SMSCUFX=y
CONFIG_FB_UDL=y
CONFIG_FB_VIRTUAL=y
CONFIG_FB_METRONOME=y
# CONFIG_FB_MB862XX is not set
CONFIG_FB_BROADSHEET=y
# CONFIG_FB_AUO_K190X is not set
CONFIG_EXYNOS_VIDEO=y
CONFIG_BACKLIGHT_LCD_SUPPORT=y
CONFIG_LCD_CLASS_DEVICE=y
# CONFIG_LCD_L4F00242T03 is not set
# CONFIG_LCD_LMS283GF05 is not set
CONFIG_LCD_LTV350QV=y
CONFIG_LCD_ILI9320=y
CONFIG_LCD_TDO24M=y
CONFIG_LCD_VGG2432A4=y
CONFIG_LCD_PLATFORM=y
# CONFIG_LCD_S6E63M0 is not set
CONFIG_LCD_LD9040=y
# CONFIG_LCD_AMS369FG06 is not set
CONFIG_BACKLIGHT_CLASS_DEVICE=y
CONFIG_BACKLIGHT_GENERIC=y
# CONFIG_BACKLIGHT_PROGEAR is not set
CONFIG_BACKLIGHT_CARILLO_RANCH=y
# CONFIG_BACKLIGHT_PWM is not set
CONFIG_BACKLIGHT_DA9052=y
# CONFIG_BACKLIGHT_MAX8925 is not set
# CONFIG_BACKLIGHT_APPLE is not set
# CONFIG_BACKLIGHT_SAHARA is not set
# CONFIG_BACKLIGHT_ADP5520 is not set
CONFIG_BACKLIGHT_ADP8860=y
# CONFIG_BACKLIGHT_ADP8870 is not set
CONFIG_BACKLIGHT_88PM860X=y
# CONFIG_BACKLIGHT_PCF50633 is not set
CONFIG_BACKLIGHT_AAT2870=y
# CONFIG_BACKLIGHT_LP855X is not set
CONFIG_BACKLIGHT_PANDORA=y

#
# Console display driver support
#
CONFIG_VGA_CONSOLE=y
CONFIG_VGACON_SOFT_SCROLLBACK=y
CONFIG_VGACON_SOFT_SCROLLBACK_SIZE=64
CONFIG_DUMMY_CONSOLE=y
CONFIG_FRAMEBUFFER_CONSOLE=y
CONFIG_FRAMEBUFFER_CONSOLE_DETECT_PRIMARY=y
# CONFIG_FRAMEBUFFER_CONSOLE_ROTATION is not set
CONFIG_FONTS=y
# CONFIG_FONT_8x8 is not set
CONFIG_FONT_8x16=y
CONFIG_FONT_6x11=y
# CONFIG_FONT_7x14 is not set
# CONFIG_FONT_PEARL_8x8 is not set
CONFIG_FONT_ACORN_8x8=y
# CONFIG_FONT_MINI_4x6 is not set
CONFIG_FONT_SUN8x16=y
# CONFIG_FONT_SUN12x22 is not set
CONFIG_FONT_10x18=y
CONFIG_LOGO=y
# CONFIG_LOGO_LINUX_MONO is not set
# CONFIG_LOGO_LINUX_VGA16 is not set
CONFIG_LOGO_LINUX_CLUT224=y
# CONFIG_SOUND is not set

#
# HID support
#
CONFIG_HID=y
CONFIG_HID_BATTERY_STRENGTH=y
CONFIG_HIDRAW=y
CONFIG_UHID=y
CONFIG_HID_GENERIC=y

#
# Special HID drivers
#
CONFIG_HID_A4TECH=y
# CONFIG_HID_ACRUX is not set
CONFIG_HID_APPLE=y
# CONFIG_HID_AUREAL is not set
CONFIG_HID_BELKIN=y
CONFIG_HID_CHERRY=y
CONFIG_HID_CHICONY=y
CONFIG_HID_CYPRESS=y
CONFIG_HID_DRAGONRISE=y
# CONFIG_DRAGONRISE_FF is not set
# CONFIG_HID_EMS_FF is not set
CONFIG_HID_ELECOM=y
CONFIG_HID_EZKEY=y
# CONFIG_HID_HOLTEK is not set
CONFIG_HID_KEYTOUCH=y
CONFIG_HID_KYE=y
# CONFIG_HID_UCLOGIC is not set
# CONFIG_HID_WALTOP is not set
CONFIG_HID_GYRATION=y
# CONFIG_HID_TWINHAN is not set
CONFIG_HID_KENSINGTON=y
CONFIG_HID_LCPOWER=y
# CONFIG_HID_LENOVO_TPKBD is not set
CONFIG_HID_LOGITECH=y
CONFIG_HID_LOGITECH_DJ=y
CONFIG_LOGITECH_FF=y
# CONFIG_LOGIRUMBLEPAD2_FF is not set
CONFIG_LOGIG940_FF=y
CONFIG_LOGIWHEELS_FF=y
CONFIG_HID_MAGICMOUSE=y
CONFIG_HID_MICROSOFT=y
CONFIG_HID_MONTEREY=y
# CONFIG_HID_MULTITOUCH is not set
# CONFIG_HID_NTRIG is not set
# CONFIG_HID_ORTEK is not set
# CONFIG_HID_PANTHERLORD is not set
# CONFIG_HID_PETALYNX is not set
CONFIG_HID_PICOLCD=y
CONFIG_HID_PICOLCD_FB=y
CONFIG_HID_PICOLCD_BACKLIGHT=y
CONFIG_HID_PICOLCD_LCD=y
CONFIG_HID_PICOLCD_LEDS=y
CONFIG_HID_PRIMAX=y
CONFIG_HID_ROCCAT=y
# CONFIG_HID_SAITEK is not set
# CONFIG_HID_SAMSUNG is not set
CONFIG_HID_SONY=y
# CONFIG_HID_SPEEDLINK is not set
# CONFIG_HID_SUNPLUS is not set
# CONFIG_HID_GREENASIA is not set
# CONFIG_HID_SMARTJOYPLUS is not set
CONFIG_HID_TIVO=y
# CONFIG_HID_TOPSEED is not set
CONFIG_HID_THRUSTMASTER=y
CONFIG_THRUSTMASTER_FF=y
CONFIG_HID_WACOM=y
CONFIG_HID_WIIMOTE=y
CONFIG_HID_WIIMOTE_EXT=y
# CONFIG_HID_ZEROPLUS is not set
CONFIG_HID_ZYDACRON=y

#
# USB HID support
#
CONFIG_USB_HID=y
CONFIG_HID_PID=y
CONFIG_USB_HIDDEV=y
CONFIG_USB_ARCH_HAS_OHCI=y
CONFIG_USB_ARCH_HAS_EHCI=y
CONFIG_USB_ARCH_HAS_XHCI=y
CONFIG_USB_SUPPORT=y
CONFIG_USB_COMMON=y
CONFIG_USB_ARCH_HAS_HCD=y
CONFIG_USB=y
# CONFIG_USB_DEBUG is not set
# CONFIG_USB_ANNOUNCE_NEW_DEVICES is not set

#
# Miscellaneous USB options
#
# CONFIG_USB_DYNAMIC_MINORS is not set
# CONFIG_USB_MON is not set
# CONFIG_USB_WUSB_CBAF is not set

#
# USB Host Controller Drivers
#
# CONFIG_USB_C67X00_HCD is not set
CONFIG_USB_EHCI_HCD=y
CONFIG_USB_EHCI_ROOT_HUB_TT=y
# CONFIG_USB_EHCI_TT_NEWSCHED is not set
# CONFIG_USB_OXU210HP_HCD is not set
# CONFIG_USB_ISP116X_HCD is not set
# CONFIG_USB_ISP1362_HCD is not set
CONFIG_USB_OHCI_HCD=y
# CONFIG_USB_OHCI_BIG_ENDIAN_DESC is not set
# CONFIG_USB_OHCI_BIG_ENDIAN_MMIO is not set
CONFIG_USB_OHCI_LITTLE_ENDIAN=y
# CONFIG_USB_UHCI_HCD is not set
CONFIG_USB_U132_HCD=y
CONFIG_USB_SL811_HCD=y
# CONFIG_USB_SL811_HCD_ISO is not set
# CONFIG_USB_SL811_CS is not set
# CONFIG_USB_R8A66597_HCD is not set
CONFIG_USB_CHIPIDEA=y
# CONFIG_USB_CHIPIDEA_HOST is not set
# CONFIG_USB_CHIPIDEA_DEBUG is not set

#
# USB Device Class drivers
#
CONFIG_USB_ACM=y
CONFIG_USB_PRINTER=y
CONFIG_USB_WDM=y
# CONFIG_USB_TMC is not set

#
# NOTE: USB_STORAGE depends on SCSI but BLK_DEV_SD may
#

#
# also be needed; see USB_STORAGE Help for more info
#
CONFIG_USB_STORAGE=y
# CONFIG_USB_STORAGE_DEBUG is not set
CONFIG_USB_STORAGE_REALTEK=y
CONFIG_USB_STORAGE_DATAFAB=y
# CONFIG_USB_STORAGE_FREECOM is not set
# CONFIG_USB_STORAGE_ISD200 is not set
CONFIG_USB_STORAGE_USBAT=y
CONFIG_USB_STORAGE_SDDR09=y
# CONFIG_USB_STORAGE_SDDR55 is not set
# CONFIG_USB_STORAGE_JUMPSHOT is not set
# CONFIG_USB_STORAGE_ALAUDA is not set
CONFIG_USB_STORAGE_ONETOUCH=y
CONFIG_USB_STORAGE_KARMA=y
CONFIG_USB_STORAGE_CYPRESS_ATACB=y
# CONFIG_USB_STORAGE_ENE_UB6250 is not set
# CONFIG_USB_UAS is not set
# CONFIG_USB_LIBUSUAL is not set

#
# USB Imaging devices
#
CONFIG_USB_MDC800=y
CONFIG_USB_MICROTEK=y

#
# USB port drivers
#
# CONFIG_USB_SERIAL is not set

#
# USB Miscellaneous drivers
#
# CONFIG_USB_EMI62 is not set
# CONFIG_USB_EMI26 is not set
CONFIG_USB_ADUTUX=y
# CONFIG_USB_SEVSEG is not set
# CONFIG_USB_RIO500 is not set
# CONFIG_USB_LEGOTOWER is not set
# CONFIG_USB_LCD is not set
CONFIG_USB_LED=y
CONFIG_USB_CYPRESS_CY7C63=y
# CONFIG_USB_CYTHERM is not set
# CONFIG_USB_IDMOUSE is not set
CONFIG_USB_FTDI_ELAN=y
# CONFIG_USB_APPLEDISPLAY is not set
# CONFIG_USB_SISUSBVGA is not set
CONFIG_USB_LD=y
# CONFIG_USB_TRANCEVIBRATOR is not set
# CONFIG_USB_IOWARRIOR is not set
# CONFIG_USB_TEST is not set
# CONFIG_USB_ISIGHTFW is not set
# CONFIG_USB_YUREX is not set

#
# USB Physical Layer drivers
#
CONFIG_USB_ISP1301=y
CONFIG_USB_ATM=y
# CONFIG_USB_SPEEDTOUCH is not set
# CONFIG_USB_CXACRU is not set
CONFIG_USB_UEAGLEATM=y
CONFIG_USB_XUSBATM=y
# CONFIG_USB_GADGET is not set

#
# OTG and related infrastructure
#
CONFIG_USB_OTG_UTILS=y
CONFIG_USB_GPIO_VBUS=y
# CONFIG_TWL6030_USB is not set
CONFIG_NOP_USB_XCEIV=y
CONFIG_MMC=y
# CONFIG_MMC_DEBUG is not set
# CONFIG_MMC_UNSAFE_RESUME is not set

#
# MMC/SD/SDIO Card Drivers
#
# CONFIG_MMC_BLOCK is not set
# CONFIG_SDIO_UART is not set
# CONFIG_MMC_TEST is not set

#
# MMC/SD/SDIO Host Controller Drivers
#
CONFIG_MMC_SDHCI=y
# CONFIG_MMC_SDHCI_PCI is not set
CONFIG_MMC_SDHCI_PLTFM=y
# CONFIG_MMC_WBSD is not set
CONFIG_MMC_SPI=y
CONFIG_MMC_CB710=y
# CONFIG_MMC_VIA_SDMMC is not set
CONFIG_MMC_VUB300=y
# CONFIG_MMC_USHC is not set
CONFIG_MEMSTICK=y
# CONFIG_MEMSTICK_DEBUG is not set

#
# MemoryStick drivers
#
CONFIG_MEMSTICK_UNSAFE_RESUME=y
CONFIG_MSPRO_BLOCK=y

#
# MemoryStick Host Controller Drivers
#
CONFIG_NEW_LEDS=y
CONFIG_LEDS_CLASS=y

#
# LED drivers
#
# CONFIG_LEDS_88PM860X is not set
CONFIG_LEDS_LM3530=y
CONFIG_LEDS_GPIO=y
CONFIG_LEDS_LP3944=y
CONFIG_LEDS_LP5521=y
CONFIG_LEDS_LP5523=y
# CONFIG_LEDS_CLEVO_MAIL is not set
# CONFIG_LEDS_PCA955X is not set
CONFIG_LEDS_PCA9633=y
# CONFIG_LEDS_DA9052 is not set
# CONFIG_LEDS_DAC124S085 is not set
CONFIG_LEDS_BD2802=y
CONFIG_LEDS_INTEL_SS4200=y
CONFIG_LEDS_LT3593=y
CONFIG_LEDS_ADP5520=y
# CONFIG_LEDS_MC13783 is not set
# CONFIG_LEDS_TCA6507 is not set
CONFIG_LEDS_MAX8997=y
CONFIG_LEDS_LM3556=y
# CONFIG_LEDS_OT200 is not set
CONFIG_LEDS_BLINKM=y
# CONFIG_LEDS_TRIGGERS is not set

#
# LED Triggers
#
# CONFIG_ACCESSIBILITY is not set
# CONFIG_INFINIBAND is not set
# CONFIG_EDAC is not set
CONFIG_RTC_LIB=y
CONFIG_RTC_CLASS=y
CONFIG_RTC_HCTOSYS=y
CONFIG_RTC_HCTOSYS_DEVICE="rtc0"
# CONFIG_RTC_DEBUG is not set

#
# RTC interfaces
#
CONFIG_RTC_INTF_SYSFS=y
CONFIG_RTC_INTF_PROC=y
CONFIG_RTC_INTF_DEV=y
# CONFIG_RTC_INTF_DEV_UIE_EMUL is not set
CONFIG_RTC_DRV_TEST=y

#
# I2C RTC drivers
#
CONFIG_RTC_DRV_88PM860X=y
CONFIG_RTC_DRV_DS1307=y
# CONFIG_RTC_DRV_DS1374 is not set
# CONFIG_RTC_DRV_DS1672 is not set
# CONFIG_RTC_DRV_DS3232 is not set
CONFIG_RTC_DRV_MAX6900=y
CONFIG_RTC_DRV_MAX8925=y
# CONFIG_RTC_DRV_MAX8998 is not set
CONFIG_RTC_DRV_RS5C372=y
# CONFIG_RTC_DRV_ISL1208 is not set
# CONFIG_RTC_DRV_ISL12022 is not set
CONFIG_RTC_DRV_X1205=y
CONFIG_RTC_DRV_PCF8563=y
CONFIG_RTC_DRV_PCF8583=y
CONFIG_RTC_DRV_M41T80=y
# CONFIG_RTC_DRV_M41T80_WDT is not set
CONFIG_RTC_DRV_BQ32K=y
CONFIG_RTC_DRV_TWL4030=y
# CONFIG_RTC_DRV_S35390A is not set
# CONFIG_RTC_DRV_FM3130 is not set
CONFIG_RTC_DRV_RX8581=y
CONFIG_RTC_DRV_RX8025=y
CONFIG_RTC_DRV_EM3027=y
CONFIG_RTC_DRV_RV3029C2=y

#
# SPI RTC drivers
#
# CONFIG_RTC_DRV_M41T93 is not set
# CONFIG_RTC_DRV_M41T94 is not set
CONFIG_RTC_DRV_DS1305=y
CONFIG_RTC_DRV_DS1390=y
# CONFIG_RTC_DRV_MAX6902 is not set
# CONFIG_RTC_DRV_R9701 is not set
CONFIG_RTC_DRV_RS5C348=y
CONFIG_RTC_DRV_DS3234=y
# CONFIG_RTC_DRV_PCF2123 is not set

#
# Platform RTC drivers
#
CONFIG_RTC_DRV_CMOS=y
# CONFIG_RTC_DRV_DS1286 is not set
# CONFIG_RTC_DRV_DS1511 is not set
# CONFIG_RTC_DRV_DS1553 is not set
# CONFIG_RTC_DRV_DS1742 is not set
# CONFIG_RTC_DRV_DA9052 is not set
# CONFIG_RTC_DRV_STK17TA8 is not set
CONFIG_RTC_DRV_M48T86=y
CONFIG_RTC_DRV_M48T35=y
# CONFIG_RTC_DRV_M48T59 is not set
# CONFIG_RTC_DRV_MSM6242 is not set
CONFIG_RTC_DRV_BQ4802=y
# CONFIG_RTC_DRV_RP5C01 is not set
CONFIG_RTC_DRV_V3020=y
CONFIG_RTC_DRV_PCF50633=y

#
# on-CPU RTC drivers
#
CONFIG_RTC_DRV_MC13XXX=y
# CONFIG_DMADEVICES is not set
CONFIG_AUXDISPLAY=y
# CONFIG_UIO is not set
CONFIG_VIRTIO=y
CONFIG_VIRTIO_RING=y

#
# Virtio drivers
#
CONFIG_VIRTIO_BALLOON=y

#
# Microsoft Hyper-V guest support
#
# CONFIG_HYPERV is not set
CONFIG_STAGING=y
CONFIG_ET131X=y
CONFIG_SLICOSS=y
# CONFIG_ECHO is not set
CONFIG_ASUS_OLED=y
# CONFIG_RTS_PSTOR is not set
# CONFIG_RTS5139 is not set
CONFIG_TRANZPORT=y
# CONFIG_DX_SEP is not set

#
# IIO staging drivers
#
CONFIG_IIO_ST_HWMON=y
CONFIG_IIO_SW_RING=y

#
# Accelerometers
#
# CONFIG_ADIS16201 is not set
CONFIG_ADIS16203=y
CONFIG_ADIS16204=y
CONFIG_ADIS16209=y
CONFIG_ADIS16220=y
# CONFIG_ADIS16240 is not set
# CONFIG_KXSD9 is not set
CONFIG_LIS3L02DQ=y
CONFIG_LIS3L02DQ_BUF_KFIFO=y
# CONFIG_LIS3L02DQ_BUF_RING_SW is not set
# CONFIG_SCA3000 is not set

#
# Analog to digital converters
#
CONFIG_AD7291=y
# CONFIG_AD7298 is not set
CONFIG_AD7606=y
# CONFIG_AD7606_IFACE_PARALLEL is not set
CONFIG_AD7606_IFACE_SPI=y
CONFIG_AD799X=y
CONFIG_AD799X_RING_BUFFER=y
# CONFIG_AD7476 is not set
# CONFIG_AD7887 is not set
CONFIG_AD7780=y
# CONFIG_AD7793 is not set
CONFIG_AD7816=y
# CONFIG_AD7192 is not set
CONFIG_ADT7310=y
CONFIG_ADT7410=y
CONFIG_AD7280=y
CONFIG_MAX1363=y
CONFIG_MAX1363_RING_BUFFER=y

#
# Analog digital bi-direction converters
#
# CONFIG_ADT7316 is not set

#
# Capacitance to digital converters
#
# CONFIG_AD7150 is not set
CONFIG_AD7152=y
CONFIG_AD7746=y

#
# Direct Digital Synthesis
#
# CONFIG_AD5930 is not set
# CONFIG_AD9832 is not set
CONFIG_AD9834=y
# CONFIG_AD9850 is not set
# CONFIG_AD9852 is not set
# CONFIG_AD9910 is not set
# CONFIG_AD9951 is not set

#
# Digital gyroscope sensors
#
# CONFIG_ADIS16060 is not set
CONFIG_ADIS16080=y
CONFIG_ADIS16130=y
# CONFIG_ADIS16260 is not set
# CONFIG_ADXRS450 is not set

#
# Network Analyzer, Impedance Converters
#
# CONFIG_AD5933 is not set

#
# Inertial measurement units
#
# CONFIG_ADIS16400 is not set

#
# Light sensors
#
# CONFIG_SENSORS_ISL29018 is not set
CONFIG_SENSORS_ISL29028=y
# CONFIG_SENSORS_TSL2563 is not set
CONFIG_TSL2583=y
CONFIG_TSL2x7x=y

#
# Magnetometer sensors
#
# CONFIG_SENSORS_AK8975 is not set
# CONFIG_SENSORS_HMC5843 is not set

#
# Active energy metering IC
#
# CONFIG_ADE7753 is not set
CONFIG_ADE7754=y
CONFIG_ADE7758=y
CONFIG_ADE7759=y
# CONFIG_ADE7854 is not set

#
# Resolver to digital converters
#
CONFIG_AD2S90=y
# CONFIG_AD2S1200 is not set
CONFIG_AD2S1210=y

#
# Triggers - standalone
#
# CONFIG_IIO_PERIODIC_RTC_TRIGGER is not set
CONFIG_IIO_GPIO_TRIGGER=y
CONFIG_IIO_SYSFS_TRIGGER=y
# CONFIG_IIO_SIMPLE_DUMMY is not set
CONFIG_ZRAM=y
CONFIG_ZRAM_DEBUG=y
# CONFIG_ZCACHE is not set
CONFIG_ZSMALLOC=y
# CONFIG_FB_SM7XX is not set
# CONFIG_CRYSTALHD is not set
CONFIG_FB_XGI=y
# CONFIG_ACPI_QUICKSTART is not set
CONFIG_FT1000=y
CONFIG_FT1000_USB=y
# CONFIG_FT1000_PCMCIA is not set

#
# Speakup console speech
#
CONFIG_SPEAKUP=y
CONFIG_SPEAKUP_SYNTH_ACNTSA=y
CONFIG_SPEAKUP_SYNTH_ACNTPC=y
CONFIG_SPEAKUP_SYNTH_APOLLO=y
# CONFIG_SPEAKUP_SYNTH_AUDPTR is not set
CONFIG_SPEAKUP_SYNTH_BNS=y
CONFIG_SPEAKUP_SYNTH_DECTLK=y
# CONFIG_SPEAKUP_SYNTH_DECEXT is not set
CONFIG_SPEAKUP_SYNTH_DTLK=y
CONFIG_SPEAKUP_SYNTH_KEYPC=y
CONFIG_SPEAKUP_SYNTH_LTLK=y
CONFIG_SPEAKUP_SYNTH_SOFT=y
CONFIG_SPEAKUP_SYNTH_SPKOUT=y
# CONFIG_SPEAKUP_SYNTH_TXPRT is not set
CONFIG_SPEAKUP_SYNTH_DUMMY=y
# CONFIG_TOUCHSCREEN_CLEARPAD_TM1217 is not set
# CONFIG_TOUCHSCREEN_SYNAPTICS_I2C_RMI4 is not set
CONFIG_STAGING_MEDIA=y
# CONFIG_VIDEO_DT3155 is not set
CONFIG_LIRC_STAGING=y
# CONFIG_LIRC_BT829 is not set
# CONFIG_LIRC_IGORPLUGUSB is not set
# CONFIG_LIRC_IMON is not set
CONFIG_LIRC_SASEM=y
# CONFIG_LIRC_SERIAL is not set
CONFIG_LIRC_SIR=y
# CONFIG_LIRC_TTUSBIR is not set
CONFIG_LIRC_ZILOG=y

#
# Android
#
CONFIG_ANDROID=y
# CONFIG_ANDROID_BINDER_IPC is not set
# CONFIG_ASHMEM is not set
# CONFIG_ANDROID_LOGGER is not set
CONFIG_ANDROID_TIMED_OUTPUT=y
CONFIG_ANDROID_TIMED_GPIO=y
CONFIG_ANDROID_LOW_MEMORY_KILLER=y
# CONFIG_ANDROID_INTF_ALARM_DEV is not set
CONFIG_PHONE=y
# CONFIG_PHONE_IXJ is not set
# CONFIG_RAMSTER is not set
