Return-path: <linux-media-owner@vger.kernel.org>
Received: from bay0-omc3-s27.bay0.hotmail.com ([65.54.246.227]:53054 "EHLO
	bay0-omc3-s27.bay0.hotmail.com" rhost-flags-OK-OK-OK-OK)
	by vger.kernel.org with ESMTP id S1752188AbZB1Pyw (ORCPT
	<rfc822;linux-media@vger.kernel.org>);
	Sat, 28 Feb 2009 10:54:52 -0500
Message-ID: <BAY102-W320C816E2DAE91A8CCD8DBCFAB0@phx.gbl>
From: Thomas Nicolai <nickotym@hotmail.com>
To: <devin.heitmueller@gmail.com>
CC: <linux-media@vger.kernel.org>
Subject: RE: HVR 1500 tuner seems to be recognized
Date: Sat, 28 Feb 2009 09:54:49 -0600
In-Reply-To: <BAY102-W8F2C3C600D87A1F2E6759CFAB0@phx.gbl>
References: <BAY102-W4373037E0F62A04672AC72CFB80@phx.gbl>
	 <BAY102-W279D1B5B2A645C46C9099CCFB40@phx.gbl>
  	 <412bdbff0902162114v4764e320y7f17664d166c6b43@mail.gmail.com>
  	 <BAY102-W54F614817092361870868DCFB40@phx.gbl>
  	 <412bdbff0902162148k398db187ma6510d0903741e73@mail.gmail.com>
  	 <BAY102-W41AFA57978CB8940FABF84CFB40@phx.gbl>
  	 <412bdbff0902171021l6bcfc1f4o6d4903949da70b0d@mail.gmail.com>
  	 <BAY102-W289218AB686D66E1F3BD4ACFB40@phx.gbl>
  	 <412bdbff0902171245m5e6a8deerfcd14a340f65fa4f@mail.gmail.com>
  	 <BAY102-W2159CF565B5E47F670249DCFB40@phx.gbl>
  <412bdbff0902171256y6545d970n6f7bd347f446ad7c@mail.gmail.com>
 <BAY102-W8F2C3C600D87A1F2E6759CFAB0@phx.gbl>
Content-Type: text/plain; charset="windows-1256"
Content-Transfer-Encoding: 8bit
MIME-Version: 1.0
Sender: linux-media-owner@vger.kernel.org
List-ID: <linux-media.vger.kernel.org>



I had forgotten to stop the myth-backend.  Here is the dmesg output after doing that.


dmesg
                                                                                                                                                          
thomas@toshiba:~$ dmesg                                                                                                                                                                                    
[    0.000000] Initializing cgroup subsys cpuset                                                                                                                                                           
[    0.000000] Initializing cgroup subsys cpu                                                                                                                                                              
[    0.000000] Linux version 2.6.27-11-generic (buildd@crested) (gcc version 4.3.2 (Ubuntu 4.3.2-1ubuntu11) ) #1 SMP Thu Jan 29 19:28:32 UTC 2009 (Ubuntu 2.6.27-11.27-generic)                            
[    0.000000] Command line: root=UUID=86e1e836-d4a6-436a-b0de-46e937be9a64 ro quiet splash                                                                                                                
[    0.000000] KERNEL supported cpus:                                                                                                                                                                      
[    0.000000]   Intel GenuineIntel                                                                                                                                                                        
[    0.000000]   AMD AuthenticAMD                                                                                                                                                                          
[    0.000000]   Centaur CentaurHauls                                                                                                                                                                      
[    0.000000] BIOS-provided physical RAM map:                                                                                                                                                             
[    0.000000]  BIOS-e820: 0000000000000000 - 000000000009dc00 (usable)                                                                                                                                    
[    0.000000]  BIOS-e820: 000000000009dc00 - 00000000000a0000 (reserved)                                                                                                                                  
[    0.000000]  BIOS-e820: 00000000000d0000 - 0000000000100000 (reserved)                                                                                                                                  
[    0.000000]  BIOS-e820: 0000000000100000 - 00000000d7e70000 (usable)                                                                                                                                    
[    0.000000]  BIOS-e820: 00000000d7e70000 - 00000000d7e83000 (ACPI data)                                                                                                                                 
[    0.000000]  BIOS-e820: 00000000d7e83000 - 00000000d7e85000 (ACPI NVS)                                                                                                                                  
[    0.000000]  BIOS-e820: 00000000d7e85000 - 00000000f0000000 (reserved)                                                                                                                                  
[    0.000000]  BIOS-e820: 00000000fec00000 - 00000000fec10000 (reserved)                                                                                                                                  
[    0.000000]  BIOS-e820: 00000000fee00000 - 00000000fee01000 (reserved)                                                                                                                                  
[    0.000000]  BIOS-e820: 00000000fff00000 - 0000000100000000 (reserved)                                                                                                                                  
[    0.000000]  BIOS-e820: 0000000100000000 - 0000000120000000 (usable)                                                                                                                                    
[    0.000000] DMI present.                                                                                                                                                                                
[    0.000000] last_pfn = 0x120000 max_arch_pfn = 0x3ffffffff                                                                                                                                              
[    0.000000] last_pfn = 0xd7e70 max_arch_pfn = 0x3ffffffff                                                                                                                                               
[    0.000000] init_memory_mapping                                                                                                                                                                         
[    0.000000]  0000000000 - 00d7e00000 page 2M                                                                                                                                                            
[    0.000000]  00d7e00000 - 00d7e70000 page 4k                                                                                                                                                            
[    0.000000] kernel direct mapping tables up to d7e70000 @ 8000-e000                                                                                                                                     
[    0.000000] last_map_addr: d7e70000 end: d7e70000                                                                                                                                                       
[    0.000000] init_memory_mapping                                                                                                                                                                         
[    0.000000]  0100000000 - 0120000000 page 2M                                                                                                                                                            
[    0.000000] kernel direct mapping tables up to 120000000 @ c000-12000                                                                                                                                   
[    0.000000] last_map_addr: 120000000 end: 120000000                                                                                                                                                     
[    0.000000] RAMDISK: 377a7000 - 37fef1d1                                                                                                                                                                
[    0.000000] ACPI: RSDP 000F7260, 0024 (r2 TOSCPL)                                                                                                                                                       
[    0.000000] ACPI: XSDT D7E7AA18, 0064 (r1 TOSCPL TOSCPL00  6040000  LTP        0)                                                                                                                       
[    0.000000] ACPI: FACP D7E828F7, 00F4 (r3 TOSCPL Herring   6040000 ATI     F4240)                                                                                                                       
[    0.000000] ACPI: DSDT D7E7AA7C, 7E7B (r1 TOSCPL    SB600  6040000 MSFT  3000000)                                                                                                                       
[    0.000000] ACPI: FACS D7E84FC0, 0040                                                                                                                                                                   
[    0.000000] ACPI: TCPA D7E82A5F, 0032 (r2 TOSCPL           6040000 PTEC        0)                                                                                                                       
[    0.000000] ACPI: SLIC D7E82A91, 0176 (r1 TOSCPL TOSCPL00  6040000 LOHR        0)                                                                                                                       
[    0.000000] ACPI: SSDT D7E82C07, 0206 (r1 PTLTD  POWERNOW  6040000  LTP        1)                                                                                                                       
[    0.000000] ACPI: APIC D7E82E0D, 0054 (r1 PTLTD       APIC    6040000  LTP        0)                                                                                                                    
[    0.000000] ACPI: MCFG D7E82E61, 003C (r1 PTLTD    MCFG    6040000  LTP        0)                                                                                                                       
[    0.000000] ACPI: HPET D7E82E9D, 0038 (r1 PTLTD  HPETTBL   6040000  LTP        1)                                                                                                                       
[    0.000000] ACPI: ASF! D7E82ED5, 012B (r32    DMA AMDTBL    6040000 PTL         1)                                                                                                                      
[    0.000000] ACPI: DMI detected: Toshiba                                                                                                                                                                 
[    0.000000] Scanning NUMA topology in Northbridge 24                                                                                                                                                    
[    0.000000] No NUMA configuration found                                                                                                                                                                 
[    0.000000] Faking a node at 0000000000000000-0000000120000000                                                                                                                                          
[    0.000000] Bootmem setup node 0 0000000000000000-0000000120000000                                                                                                                                      
[    0.000000]   NODE_DATA [0000000000001000 - 0000000000005fff]                                                                                                                                           
[    0.000000]   bootmap [000000000000d000 -  0000000000030fff] pages 24                                                                                                                                   
[    0.000000] (7 early reservations) ==> bootmem [0000000000 - 0120000000]                                                                                                                                
[    0.000000]   #0 [0000000000 - 0000001000]   BIOS data page ==> [0000000000 - 0000001000]                                                                                                               
[    0.000000]   #1 [0000006000 - 0000008000]       TRAMPOLINE ==> [0000006000 - 0000008000]                                                                                                               
[    0.000000]   #2 [0000200000 - 00008b9f5c]    TEXT DATA BSS ==> [0000200000 - 00008b9f5c]                                                                                                               
[    0.000000]   #3 [00377a7000 - 0037fef1d1]          RAMDISK ==> [00377a7000 - 0037fef1d1]                                                                                                               
[    0.000000]   #4 [000009dc00 - 0000100000]    BIOS reserved ==> [000009dc00 - 0000100000]                                                                                                               
[    0.000000]   #5 [0000008000 - 000000c000]          PGTABLE ==> [0000008000 - 000000c000]                                                                                                               
[    0.000000]   #6 [000000c000 - 000000d000]          PGTABLE ==> [000000c000 - 000000d000]                                                                                                               
[    0.000000] found SMP MP-table at [ffff8800000f7300] 000f7300                                                                                                                                           
[    0.000000]  [ffffe20000000000-ffffe200047fffff] PMD -> [ffff880028200000-ffff88002bffffff] on node 0                                                                                                   
[    0.000000] Zone PFN ranges:                                                                                                                                                                            
[    0.000000]   DMA      0x00000000 -> 0x00001000                                                                                                                                                         
[    0.000000]   DMA32    0x00001000 -> 0x00100000                                                                                                                                                         
[    0.000000]   Normal   0x00100000 -> 0x00120000                                                                                                                                                         
[    0.000000] Movable zone start PFN for each node                                                                                                                                                        
[    0.000000] early_node_map[3] active PFN ranges                                                                                                                                                         
[    0.000000]     0: 0x00000000 -> 0x0000009d                                                                                                                                                             
[    0.000000]     0: 0x00000100 -> 0x000d7e70                                                                                                                                                             
[    0.000000]     0: 0x00100000 -> 0x00120000                                                                                                                                                             
[    0.000000] On node 0 totalpages: 1015309                                                                                                                                                               
[    0.000000]   DMA zone: 2104 pages, LIFO batch:0                                                                                                                                                        
[    0.000000]   DMA32 zone: 863920 pages, LIFO batch:31                                                                                                                                                   
[    0.000000]   Normal zone: 129024 pages, LIFO batch:31                                                                                                                                                  
[    0.000000] Detected use of extended apic ids on hypertransport bus                                                                                                                                     
[    0.000000] ACPI: PM-Timer IO Port: 0x8008                                                                                                                                                              
[    0.000000] ACPI: Local APIC address 0xfee00000                                                                                                                                                         
[    0.000000] ACPI: LAPIC (acpi_id[0x00] lapic_id[0x00] enabled)                                                                                                                                          
[    0.000000] ACPI: LAPIC (acpi_id[0x01] lapic_id[0x01] enabled)                                                                                                                                          
[    0.000000] ACPI: LAPIC_NMI (acpi_id[0x00] high edge lint[0x1])                                                                                                                                         
[    0.000000] ACPI: LAPIC_NMI (acpi_id[0x01] high edge lint[0x1])                                                                                                                                         
[    0.000000] ACPI: IOAPIC (id[0x02] address[0xfec00000] gsi_base[0])                                                                                                                                     
[    0.000000] IOAPIC[0]: apic_id 2, version 0, address 0xfec00000, GSI 0-23                                                                                                                               
[    0.000000] ACPI: IRQ9 used by override.                                                                                                                                                                
[    0.000000] Setting APIC routing to flat                                                                                                                                                                
[    0.000000] ACPI: HPET id: 0x43538301 base: 0xfed00000                                                                                                                                                  
[    0.000000] Using ACPI (MADT) for SMP configuration information                                                                                                                                         
[    0.000000] SMP: Allowing 2 CPUs, 0 hotplug CPUs                                                                                                                                                        
[    0.000000] PM: Registered nosave memory: 000000000009d000 - 000000000009e000                                                                                                                           
[    0.000000] PM: Registered nosave memory: 000000000009e000 - 00000000000a0000                                                                                                                           
[    0.000000] PM: Registered nosave memory: 00000000000a0000 - 00000000000d0000                                                                                                                           
[    0.000000] PM: Registered nosave memory: 00000000000d0000 - 0000000000100000                                                                                                                           
[    0.000000] PM: Registered nosave memory: 00000000d7e70000 - 00000000d7e83000                                                                                                                           
[    0.000000] PM: Registered nosave memory: 00000000d7e83000 - 00000000d7e85000                                                                                                                           
[    0.000000] PM: Registered nosave memory: 00000000d7e85000 - 00000000f0000000                                                                                                                           
[    0.000000] PM: Registered nosave memory: 00000000f0000000 - 00000000fec00000                                                                                                                           
[    0.000000] PM: Registered nosave memory: 00000000fec00000 - 00000000fec10000                                                                                                                           
[    0.000000] PM: Registered nosave memory: 00000000fec10000 - 00000000fee00000                                                                                                                           
[    0.000000] PM: Registered nosave memory: 00000000fee00000 - 00000000fee01000                                                                                                                           
[    0.000000] PM: Registered nosave memory: 00000000fee01000 - 00000000fff00000                                                                                                                           
[    0.000000] PM: Registered nosave memory: 00000000fff00000 - 0000000100000000                                                                                                                           
[    0.000000] Allocating PCI resources starting at f1000000 (gap: f0000000:ec00000)                                                                                                                       
[    0.000000] PERCPU: Allocating 64928 bytes of per cpu data                                                                                                                                              
[    0.000000] NR_CPUS: 64, nr_cpu_ids: 2, nr_node_ids 1                                                                                                                                                   
[    0.000000] Built 1 zonelists in Node order, mobility grouping on.  Total pages: 995048                                                                                                                 
[    0.000000] Policy zone: Normal                                                                                                                                                                         
[    0.000000] Kernel command line: root=UUID=86e1e836-d4a6-436a-b0de-46e937be9a64 ro quiet splash                                                                                                         
[    0.000000] Initializing CPU#0                                                                                                                                                                          
[    0.000000] PID hash table entries: 4096 (order: 12, 32768 bytes)                                                                                                                                       
[    0.000000] TSC: Unable to calibrate against PIT                                                                                                                                                        
[    0.000000] TSC: using PMTIMER reference calibration                                                                                                                                                    
[    0.000000] Detected 1895.246 MHz processor.                                                                                                                                                            
[    0.004000] Console: colour VGA+ 80x25                                                                                                                                                                  
[    0.004000] console [tty0] enabled                                                                                                                                                                      
[    0.004000] Checking aperture...                                                                                                                                                                        
[    0.004000] No AGP bridge found                                                                                                                                                                         
[    0.004000] Node 0: aperture @ 264000000 size 32 MB                                                                                                                                                     
[    0.004000] Aperture beyond 4GB. Ignoring.                                                                                                                                                              
[    0.004000] Your BIOS doesn't leave a aperture memory hole                                                                                                                                              
[    0.004000] Please enable the IOMMU option in the BIOS setup                                                                                                                                            
[    0.004000] This costs you 64 MB of RAM                                                                                                                                                                 
[    0.004000] Mapping aperture over 65536 KB of RAM @ 20000000                                                                                                                                            
[    0.004000] PM: Registered nosave memory: 0000000020000000 - 0000000024000000                                                                                                                           
[    0.004000] Memory: 3916464k/4718592k available (3116k kernel code, 144772k reserved, 1575k data, 540k init)                                                                                            
[    0.004000] CPA: page pool initialized 1 of 1 pages preallocated                                                                                                                                        
[    0.004000] SLUB: Genslabs=13, HWalign=64, Order=0-3, MinObjects=0, CPUs=2, Nodes=1                                                                                                                     
[    0.004000] hpet clockevent registered                                                                                                                                                                  
[    0.004009] Calibrating delay loop (skipped), value calculated using timer frequency.. 3790.49 BogoMIPS (lpj=7580984)                                                                                   
[    0.004038] Security Framework initialized                                                                                                                                                              
[    0.004045] SELinux:  Disabled at boot.                                                                                                                                                                 
[    0.004061] AppArmor: AppArmor initialized                                                                                                                                                              
[    0.004540] Dentry cache hash table entries: 524288 (order: 10, 4194304 bytes)                                                                                                                          
[    0.007566] Inode-cache hash table entries: 262144 (order: 9, 2097152 bytes)                                                                                                                            
[    0.008859] Mount-cache hash table entries: 256                                                                                                                                                         
[    0.009062] Initializing cgroup subsys ns                                                                                                                                                               
[    0.009066] Initializing cgroup subsys cpuacct                                                                                                                                                          
[    0.009068] Initializing cgroup subsys memory                                                                                                                                                           
[    0.009086] CPU: L1 I Cache: 64K (64 bytes/line), D cache 64K (64 bytes/line)                                                                                                                           
[    0.009088] CPU: L2 Cache: 512K (64 bytes/line)                                                                                                                                                         
[    0.009091] CPU 0/0 -> Node 0                                                                                                                                                                           
[    0.009092] tseg: 00d7f00000                                                                                                                                                                            
[    0.009094] CPU: Physical Processor ID: 0                                                                                                                                                               
[    0.009096] CPU: Processor Core ID: 0                                                                                                                                                                   
[    0.009105] using C1E aware idle routine                                                                                                                                                                
[    0.010605] ACPI: Core revision 20080609                                                                                                                                                                
[    0.013578] ACPI: Checking initramfs for custom DSDT                                                                                                                                                    
[    0.408464] ..TIMER: vector=0x30 apic1=0 pin1=0 apic2=-1 pin2=-1                                                                                                                                        
[    0.412025] ..MP-BIOS bug: 8254 timer not connected to IO-APIC                                                                                                                                          
[    0.412025] ...trying to set up timer (IRQ0) through the 8259A ...                                                                                                                                      
[    0.412025] ..... (found apic 0 pin 0) ...                                                                                                                                                              
[    0.454768] ....... works.                                                                                                                                                                              
[    0.454769] CPU0: AMD Turion(tm) 64 X2 Mobile Technology TL-58 stepping 02                                                                                                                              
[    0.454773] Using local APIC timer interrupts.                                                                                                                                                          
[    0.456030] APIC timer calibration result 12468736                                                                                                                                                      
[    0.456031] Detected 12.468 MHz APIC timer.                                                                                                                                                             
[    0.456210] Booting processor 1/1 ip 6000                                                                                                                                                               
[    0.004000] Initializing CPU#1                                                                                                                                                                          
[    0.004000] Calibrating delay using timer specific routine.. 3790.54 BogoMIPS (lpj=7581093)                                                                                                             
[    0.004000] CPU: L1 I Cache: 64K (64 bytes/line), D cache 64K (64 bytes/line)                                                                                                                           
[    0.004000] CPU: L2 Cache: 512K (64 bytes/line)                                                                                                                                                         
[    0.004000] CPU 1/1 -> Node 0                                                                                                                                                                           
[    0.004000] CPU: Physical Processor ID: 0                                                                                                                                                               
[    0.004000] CPU: Processor Core ID: 1                                                                                                                                                                   
[    0.544188] CPU1: AMD Turion(tm) 64 X2 Mobile Technology TL-58 stepping 02                                                                                                                              
[    0.544215] Brought up 2 CPUs                                                                                                                                                                           
[    0.544218] Total of 2 processors activated (7581.03 BogoMIPS).                                                                                                                                         
[    0.544056] System has AMD C1E enabled                                                                                                                                                                  
[    0.544067] Switch to broadcast mode on CPU1                                                                                                                                                            
[    0.544263] CPU0 attaching sched-domain:                                                                                                                                                                
[    0.544266]  domain 0: span 0-1 level CPU                                                                                                                                                               
[    0.544269]   groups: 0 1                                                                                                                                                                               
[    0.544273]   domain 1: span 0-1 level NODE                                                                                                                                                             
[    0.544275]    groups: 0-1                                                                                                                                                                              
[    0.544280] CPU1 attaching sched-domain:                                                                                                                                                                
[    0.544282]  domain 0: span 0-1 level CPU                                                                                                                                                               
[    0.544284]   groups: 1 0                                                                                                                                                                               
[    0.544287]   domain 1: span 0-1 level NODE                                                                                                                                                             
[    0.544289]    groups: 0-1                                                                                                                                                                              
[    0.544387] Switch to broadcast mode on CPU0                                                                                                                                                            
[    0.544387] net_namespace: 1552 bytes                                                                                                                                                                   
[    0.544387] Booting paravirtualized kernel on bare hardware                                                                                                                                             
[    0.544387] Time:  9:43:17  Date: 02/28/09                                                                                                                                                              
[    0.544412] NET: Registered protocol family 16                                                                                                                                                          
[    0.544437] node 0 link 0: io port [1000, fffff]                                                                                                                                                        
[    0.544437] TOM: 00000000e0000000 aka 3584M                                                                                                                                                             
[    0.544437] node 0 link 0: mmio [f8300000, ffffffff]                                                                                                                                                    
[    0.544437] node 0 link 0: mmio [f8200000, f82fffff]                                                                                                                                                    
[    0.544437] node 0 link 0: mmio [f8000000, f81fffff]                                                                                                                                                    
[    0.544437] node 0 link 0: mmio [f0000000, f7ffffff]                                                                                                                                                    
[    0.544437] node 0 link 0: mmio [a0000, bffff]                                                                                                                                                          
[    0.544437] node 0 link 0: mmio [f0000000, efffffff]                                                                                                                                                    
[    0.544437] node 0 link 0: mmio [e0000000, efffffff]                                                                                                                                                    
[    0.544437] node 0 link 0: mmio [e0000000, dfffffff]                                                                                                                                                    
[    0.544437] TOM2: 0000000120000000 aka 4608M                                                                                                                                                            
[    0.544437] bus: [00,ff] on node 0 link 0                                                                                                                                                               
[    0.544437] bus: 00 index 0 io port: [0, ffff]                                                                                                                                                          
[    0.544437] bus: 00 index 1 mmio: [e0000000, ffffffff]                                                                                                                                                  
[    0.544437] bus: 00 index 2 mmio: [a0000, bffff]                                                                                                                                                        
[    0.544437] bus: 00 index 3 mmio: [120000000, fcffffffff]                                                                                                                                               
[    0.544437] ACPI: bus type pci registered                                                                                                                                                               
[    0.544437] PCI: MCFG configuration 0: base e0000000 segment 0 buses 0 - 29                                                                                                                             
[    0.544437] PCI: MCFG area at e0000000 reserved in E820                                                                                                                                                 
[    0.545710] PCI: Using MMCONFIG at e0000000 - e1dfffff                                                                                                                                                  
[    0.545713] PCI: Using configuration type 1 for base access                                                                                                                                             
[    0.548966] ACPI: EC: Look up EC in DSDT                                                                                                                                                                
[    0.551719] ACPI Error (evregion-0315): No handler for Region [ERAM] (ffff88011fa35d80) [EmbeddedControl] [20080609]                                                                                    
[    0.551725] ACPI Error (exfldio-0291): Region EmbeddedControl(3) has no handler [20080609]                                                                                                              
[    0.551731] ACPI Error (psparse-0530): Method parse/execution failed [\_SB_.HTEV] (Node ffff88011fa335c0), AE_NOT_EXIST                                                                                 
[    0.551780] ACPI Error (psparse-0530): Method parse/execution failed [\_SB_.PCI0.LPC0.EC0_._REG] (Node ffff88011fa3b960), AE_NOT_EXIST                                                                  
[    0.554361] ACPI: BIOS _OSI(Linux) query ignored via DMI                                                                                                                                                
[    0.556693] ACPI: Interpreter enabled                                                                                                                                                                   
[    0.556696] ACPI: (supports S0 S3 S4 S5)                                                                                                                                                                
[    0.556713] ACPI: Using IOAPIC for interrupt routing                                                                                                                                                    
[    0.556907] ACPI: EC: non-query interrupt received, switching to interrupt mode                                                                                                                         
[    0.628565] ACPI: EC: GPE = 0x13, I/O: command/status = 0x66, data = 0x62                                                                                                                               
[    0.628565] ACPI: EC: driver started in interrupt mode                                                                                                                                                  
[    0.628565] ACPI: PCI Root Bridge [PCI0] (0000:00)                                                                                                                                                      
[    0.628565] pci 0000:00:05.0: PME# supported from D0 D3hot D3cold                                                                                                                                       
[    0.628565] pci 0000:00:05.0: PME# disabled                                                                                                                                                             
[    0.628565] pci 0000:00:06.0: PME# supported from D0 D3hot D3cold                                                                                                                                       
[    0.628565] pci 0000:00:06.0: PME# disabled                                                                                                                                                             
[    0.628565] pci 0000:00:07.0: PME# supported from D0 D3hot D3cold                                                                                                                                       
[    0.628565] pci 0000:00:07.0: PME# disabled                                                                                                                                                             
[    0.628565] PCI: 0000:00:12.0 reg 10 io port: [8440, 8447]                                                                                                                                              
[    0.628565] PCI: 0000:00:12.0 reg 14 io port: [8434, 8437]                                                                                                                                              
[    0.628565] PCI: 0000:00:12.0 reg 18 io port: [8438, 843f]                                                                                                                                              
[    0.628565] PCI: 0000:00:12.0 reg 1c io port: [8430, 8433]                                                                                                                                              
[    0.628565] PCI: 0000:00:12.0 reg 20 io port: [8400, 840f]                                                                                                                                              
[    0.628565] PCI: 0000:00:12.0 reg 24 32bit mmio: [f8909000, f89093ff]                                                                                                                                   
[    0.628565] pci 0000:00:12.0: set SATA to AHCI mode                                                                                                                                                     
[    0.628565] PCI: 0000:00:13.0 reg 10 32bit mmio: [f8904000, f8904fff]                                                                                                                                   
[    0.628565] PCI: 0000:00:13.1 reg 10 32bit mmio: [f8905000, f8905fff]                                                                                                                                   
[    0.628565] PCI: 0000:00:13.2 reg 10 32bit mmio: [f8906000, f8906fff]                                                                                                                                   
[    0.628565] PCI: 0000:00:13.3 reg 10 32bit mmio: [f8907000, f8907fff]                                                                                                                                   
[    0.628565] PCI: 0000:00:13.4 reg 10 32bit mmio: [f8908000, f8908fff]                                                                                                                                   
[    0.628601] PCI: 0000:00:13.5 reg 10 32bit mmio: [f8909400, f89094ff]                                                                                                                                   
[    0.628650] pci 0000:00:13.5: supports D1                                                                                                                                                               
[    0.628651] pci 0000:00:13.5: supports D2                                                                                                                                                               
[    0.628654] pci 0000:00:13.5: PME# supported from D0 D1 D2 D3hot                                                                                                                                        
[    0.628658] pci 0000:00:13.5: PME# disabled                                                                                                                                                             
[    0.628689] PCI: 0000:00:14.0 reg 10 io port: [8410, 841f]                                                                                                                                              
[    0.628750] PCI: 0000:00:14.1 reg 10 io port: [1f0, 1f7]                                                                                                                                                
[    0.628758] PCI: 0000:00:14.1 reg 14 io port: [3f4, 3f7]                                                                                                                                                
[    0.628765] PCI: 0000:00:14.1 reg 18 io port: [0, 7]                                                                                                                                                    
[    0.628772] PCI: 0000:00:14.1 reg 1c io port: [0, 3]                                                                                                                                                    
[    0.628779] PCI: 0000:00:14.1 reg 20 io port: [8420, 842f]                                                                                                                                              
[    0.628833] PCI: 0000:00:14.2 reg 10 64bit mmio: [f8900000, f8903fff]                                                                                                                                   
[    0.628874] pci 0000:00:14.2: PME# supported from D0 D3hot D3cold                                                                                                                                       
[    0.628878] pci 0000:00:14.2: PME# disabled                                                                                                                                                             
[    0.629060] PCI: 0000:01:05.0 reg 10 64bit mmio: [f0000000, f7ffffff]                                                                                                                                   
[    0.629065] PCI: 0000:01:05.0 reg 18 64bit mmio: [f8300000, f830ffff]                                                                                                                                   
[    0.629069] PCI: 0000:01:05.0 reg 20 io port: [9000, 90ff]                                                                                                                                              
[    0.629073] PCI: 0000:01:05.0 reg 24 32bit mmio: [f8200000, f82fffff]                                                                                                                                   
[    0.629083] pci 0000:01:05.0: supports D1                                                                                                                                                               
[    0.629084] pci 0000:01:05.0: supports D2                                                                                                                                                               
[    0.629099] PCI: bridge 0000:00:01.0 io port: [9000, 9fff]                                                                                                                                              
[    0.629102] PCI: bridge 0000:00:01.0 32bit mmio: [f8200000, f83fffff]                                                                                                                                   
[    0.629106] PCI: bridge 0000:00:01.0 64bit mmio pref: [f0000000, f7ffffff]                                                                                                                              
[    0.629157] PCI: 0000:0b:00.0 reg 10 64bit mmio: [f8000000, f81fffff]                                                                                                                                   
[    0.629233] pci 0000:0b:00.0: supports D1                                                                                                                                                               
[    0.629235] pci 0000:0b:00.0: supports D2                                                                                                                                                               
[    0.629237] pci 0000:0b:00.0: PME# supported from D0 D1 D2 D3hot                                                                                                                                        
[    0.629243] pci 0000:0b:00.0: PME# disabled                                                                                                                                                             
[    0.629289] PCI: bridge 0000:00:05.0 32bit mmio: [f8000000, f81fffff]                                                                                                                                   
[    0.629337] PCI: 0000:11:00.0 reg 10 io port: [a000, a0ff]                                                                                                                                              
[    0.629355] PCI: 0000:11:00.0 reg 18 64bit mmio: [f8500000, f8500fff]                                                                                                                                   
[    0.629373] PCI: 0000:11:00.0 reg 30 32bit mmio: [0, 1ffff]                                                                                                                                             
[    0.629390] pci 0000:11:00.0: supports D1                                                                                                                                                               
[    0.629392] pci 0000:11:00.0: supports D2                                                                                                                                                               
[    0.629394] pci 0000:11:00.0: PME# supported from D1 D2 D3hot D3cold                                                                                                                                    
[    0.629399] pci 0000:11:00.0: PME# disabled                                                                                                                                                             
[    0.629445] PCI: bridge 0000:00:06.0 io port: [a000, afff]                                                                                                                                              
[    0.629448] PCI: bridge 0000:00:06.0 32bit mmio: [f8500000, f85fffff]                                                                                                                                   
[    0.629490] PCI: 0000:17:00.0 reg 10 64bit mmio: [f8400000, f840ffff]                                                                                                                                   
[    0.629579] PCI: bridge 0000:00:07.0 32bit mmio: [f8400000, f84fffff]                                                                                                                                   
[    0.629633] PCI: 0000:1d:04.0 reg 10 32bit mmio: [f8604000, f8604fff]                                                                                                                                   
[    0.629654] pci 0000:1d:04.0: supports D1                                                                                                                                                               
[    0.629655] pci 0000:1d:04.0: supports D2                                                                                                                                                               
[    0.629657] pci 0000:1d:04.0: PME# supported from D0 D1 D2 D3hot D3cold                                                                                                                                 
[    0.629663] pci 0000:1d:04.0: PME# disabled                                                                                                                                                             
[    0.629703] PCI: 0000:1d:04.1 reg 10 32bit mmio: [f8606000, f86067ff]                                                                                                                                   
[    0.629712] PCI: 0000:1d:04.1 reg 14 32bit mmio: [f8600000, f8603fff]                                                                                                                                   
[    0.629766] pci 0000:1d:04.1: supports D1                                                                                                                                                               
[    0.629768] pci 0000:1d:04.1: supports D2                                                                                                                                                               
[    0.629770] pci 0000:1d:04.1: PME# supported from D0 D1 D2 D3hot                                                                                                                                        
[    0.629775] pci 0000:1d:04.1: PME# disabled                                                                                                                                                             
[    0.629814] PCI: 0000:1d:04.2 reg 10 32bit mmio: [f8605000, f8605fff]                                                                                                                                   
[    0.629872] pci 0000:1d:04.2: supports D1                                                                                                                                                               
[    0.629874] pci 0000:1d:04.2: supports D2                                                                                                                                                               
[    0.629876] pci 0000:1d:04.2: PME# supported from D0 D1 D2 D3hot                                                                                                                                        
[    0.629881] pci 0000:1d:04.2: PME# disabled                                                                                                                                                             
[    0.629920] PCI: 0000:1d:04.3 reg 10 32bit mmio: [f8606800, f86068ff]                                                                                                                                   
[    0.629979] pci 0000:1d:04.3: supports D1                                                                                                                                                               
[    0.629980] pci 0000:1d:04.3: supports D2                                                                                                                                                               
[    0.629982] pci 0000:1d:04.3: PME# supported from D0 D1 D2 D3hot                                                                                                                                        
[    0.629987] pci 0000:1d:04.3: PME# disabled                                                                                                                                                             
[    0.630040] pci 0000:00:14.4: transparent bridge                                                                                                                                                        
[    0.630047] PCI: bridge 0000:00:14.4 32bit mmio: [f8600000, f86fffff]                                                                                                                                   
[    0.630092] ACPI: PCI Interrupt Routing Table [\_SB_.PCI0._PRT]                                                                                                                                         
[    0.630400] ACPI: PCI Interrupt Routing Table [\_SB_.PCI0.PB5_._PRT]                                                                                                                                    
[    0.630595] ACPI: PCI Interrupt Routing Table [\_SB_.PCI0.PB6_._PRT]                                                                                                                                    
[    0.630655] ACPI: PCI Interrupt Routing Table [\_SB_.PCI0.PB7_._PRT]                                                                                                                                    
[    0.630655] ACPI: PCI Interrupt Routing Table [\_SB_.PCI0.BB5_._PRT]                                                                                                                                    
[    0.630655] ACPI: PCI Interrupt Routing Table [\_SB_.PCI0.P2P_._PRT]                                                                                                                                    
[    0.630655] ACPI: PCI Interrupt Routing Table [\_SB_.PCI0.AGP_._PRT]                                                                                                                                    
[    0.636274] ACPI: PCI Interrupt Link [LNKA] (IRQs 10 11) *0, disabled.                                                                                                                                  
[    0.636401] ACPI: PCI Interrupt Link [LNKB] (IRQs 10 11) *0, disabled.                                                                                                                                  
[    0.636592] ACPI: PCI Interrupt Link [LNKC] (IRQs 10 11) *0, disabled.                                                                                                                                  
[    0.636694] ACPI: PCI Interrupt Link [LNKD] (IRQs 10 11) *0, disabled.                                                                                                                                  
[    0.636694] ACPI: PCI Interrupt Link [LNKE] (IRQs 10 11) *0, disabled.                                                                                                                                  
[    0.636694] ACPI: PCI Interrupt Link [LNKF] (IRQs 10 11) *0, disabled.                                                                                                                                  
[    0.636695] ACPI: PCI Interrupt Link [LNKG] (IRQs 10 11) *0, disabled.                                                                                                                                  
[    0.636886] ACPI: PCI Interrupt Link [LNKH] (IRQs 10 11) *0, disabled.                                                                                                                                  
[    0.640177] Linux Plug and Play Support v0.97 (c) Adam Belay                                                                                                                                            
[    0.640203] pnp: PnP ACPI init                                                                                                                                                                          
[    0.640203] ACPI: bus type pnp registered                                                                                                                                                               
[    0.672262] pnp: PnP ACPI: found 11 devices                                                                                                                                                             
[    0.672265] ACPI: ACPI bus type pnp unregistered                                                                                                                                                        
[    0.676067] PCI: Using ACPI for IRQ routing                                                                                                                                                             
[    0.684052] NET: Registered protocol family 8                                                                                                                                                           
[    0.684052] NET: Registered protocol family 20                                                                                                                                                          
[    0.688042] NetLabel: Initializing                                                                                                                                                                      
[    0.688042] NetLabel:  domain hash size = 128                                                                                                                                                           
[    0.688042] NetLabel:  protocols = UNLABELED CIPSOv4                                                                                                                                                    
[    0.688057] NetLabel:  unlabeled traffic allowed by default                                                                                                                                             
[    0.688200] PCI-DMA: Disabling AGP.                                                                                                                                                                     
[    0.688347] PCI-DMA: aperture base @ 20000000 size 65536 KB                                                                                                                                             
[    0.688347] PCI-DMA: using GART IOMMU.                                                                                                                                                                  
[    0.688347] PCI-DMA: Reserving 64MB of IOMMU area in the AGP aperture                                                                                                                                   
[    0.688713] hpet0: at MMIO 0xfed00000, IRQs 2, 8, 0, 0                                                                                                                                                  
[    0.688720] hpet0: 4 32-bit timers, 14318180 Hz                                                                                                                                                         
[    0.691092] tracer: 1286 pages allocated for 65536 entries of 80 bytes                                                                                                                                  
[    0.691094]    actual entries 65586                                                                                                                                                                     
[    0.691225] AppArmor: AppArmor Filesystem Enabled                                                                                                                                                       
[    0.691256] ACPI: RTC can wake from S4                                                                                                                                                                  
[    0.692051] Switched to high resolution mode on CPU 0                                                                                                                                                   
[    0.692065] Switched to high resolution mode on CPU 1                                                                                                                                                   
[    0.701056] system 00:01: iomem range 0xfec00000-0xfec00fff could not be reserved                                                                                                                       
[    0.701060] system 00:01: iomem range 0xfee00000-0xfee00fff could not be reserved                                                                                                                       
[    0.701072] system 00:08: ioport range 0x1080-0x1080 has been reserved                                                                                                                                  
[    0.701076] system 00:08: ioport range 0x220-0x22f has been reserved                                                                                                                                    
[    0.701078] system 00:08: ioport range 0x40b-0x40b has been reserved                                                                                                                                    
[    0.701081] system 00:08: ioport range 0x4d0-0x4d1 has been reserved                                                                                                                                    
[    0.701084] system 00:08: ioport range 0x4d6-0x4d6 has been reserved                                                                                                                                    
[    0.701087] system 00:08: ioport range 0x530-0x537 has been reserved                                                                                                                                    
[    0.701089] system 00:08: ioport range 0xc00-0xc01 has been reserved                                                                                                                                    
[    0.701092] system 00:08: ioport range 0xc14-0xc14 has been reserved                                                                                                                                    
[    0.701095] system 00:08: ioport range 0xc50-0xc52 has been reserved                                                                                                                                    
[    0.701098] system 00:08: ioport range 0xc6c-0xc6c has been reserved                                                                                                                                    
[    0.701101] system 00:08: ioport range 0xc6f-0xc6f has been reserved                                                                                                                                    
[    0.701104] system 00:08: ioport range 0xcd0-0xcd1 has been reserved                                                                                                                                    
[    0.701107] system 00:08: ioport range 0xcd2-0xcd3 has been reserved                                                                                                                                    
[    0.701110] system 00:08: ioport range 0xcd4-0xcd5 has been reserved                                                                                                                                    
[    0.701113] system 00:08: ioport range 0xcd6-0xcd7 has been reserved                                                                                                                                    
[    0.701116] system 00:08: ioport range 0xcd8-0xcdf has been reserved                                                                                                                                    
[    0.701118] system 00:08: ioport range 0x8000-0x805f has been reserved                                                                                                                                  
[    0.701122] system 00:08: ioport range 0xf40-0xf47 has been reserved                                                                                                                                    
[    0.701124] system 00:08: ioport range 0x87f-0x87f has been reserved                                                                                                                                    
[    0.701127] system 00:08: ioport range 0xfd60-0xfddf has been reserved                                                                                                                                  
[    0.701135] system 00:09: iomem range 0xe0000-0xfffff could not be reserved                                                                                                                             
[    0.701138] system 00:09: iomem range 0xfff00000-0xffffffff could not be reserved                                                                                                                       
[    0.706566] pci 0000:00:01.0: PCI bridge, secondary bus 0000:01                                                                                                                                         
[    0.706569] pci 0000:00:01.0:   IO window: 0x9000-0x9fff                                                                                                                                                
[    0.706574] pci 0000:00:01.0:   MEM window: 0xf8200000-0xf83fffff                                                                                                                                       
[    0.706577] pci 0000:00:01.0:   PREFETCH window: 0x000000f0000000-0x000000f7ffffff                                                                                                                      
[    0.706582] pci 0000:00:05.0: PCI bridge, secondary bus 0000:0b                                                                                                                                         
[    0.706584] pci 0000:00:05.0:   IO window: disabled                                                                                                                                                     
[    0.706587] pci 0000:00:05.0:   MEM window: 0xf8000000-0xf81fffff                                                                                                                                       
[    0.706590] pci 0000:00:05.0:   PREFETCH window: disabled                                                                                                                                               
[    0.706595] pci 0000:00:06.0: PCI bridge, secondary bus 0000:11                                                                                                                                         
[    0.706598] pci 0000:00:06.0:   IO window: 0xa000-0xafff                                                                                                                                                
[    0.706601] pci 0000:00:06.0:   MEM window: 0xf8500000-0xf85fffff                                                                                                                                       
[    0.706605] pci 0000:00:06.0:   PREFETCH window: 0x000000f8700000-0x000000f87fffff                                                                                                                      
[    0.706609] pci 0000:00:07.0: PCI bridge, secondary bus 0000:17                                                                                                                                         
[    0.706611] pci 0000:00:07.0:   IO window: disabled                                                                                                                                                     
[    0.706615] pci 0000:00:07.0:   MEM window: 0xf8400000-0xf84fffff                                                                                                                                       
[    0.706618] pci 0000:00:07.0:   PREFETCH window: disabled                                                                                                                                               
[    0.706625] pci 0000:1d:04.0: CardBus bridge, secondary bus 0000:1e                                                                                                                                     
[    0.706628] pci 0000:1d:04.0:   IO window: 0x002000-0x0020ff                                                                                                                                            
[    0.706636] pci 0000:1d:04.0:   IO window: 0x002400-0x0024ff                                                                                                                                            
[    0.706642] pci 0000:1d:04.0:   PREFETCH window: 0x120000000-0x123ffffff                                                                                                                                
[    0.706648] pci 0000:1d:04.0:   MEM window: 0x124000000-0x127ffffff                                                                                                                                     
[    0.706653] pci 0000:00:14.4: PCI bridge, secondary bus 0000:1d                                                                                                                                         
[    0.706657] pci 0000:00:14.4:   IO window: 0x2000-0x2fff                                                                                                                                                
[    0.706663] pci 0000:00:14.4:   MEM window: 0xf8600000-0xf86fffff                                                                                                                                       
[    0.706668] pci 0000:00:14.4:   PREFETCH window: 0x00000120000000-0x00000123ffffff                                                                                                                      
[    0.706686] pci 0000:00:05.0: setting latency timer to 64                                                                                                                                               
[    0.706692] pci 0000:00:06.0: setting latency timer to 64                                                                                                                                               
[    0.706698] pci 0000:00:07.0: setting latency timer to 64                                                                                                                                               
[    0.706720] pci 0000:1d:04.0: PCI INT A -> GSI 20 (level, low) -> IRQ 20                                                                                                                                
[    0.706727] bus: 00 index 0 io port: [0, ffff]                                                                                                                                                          
[    0.706729] bus: 00 index 1 mmio: [0, ffffffffffffffff]                                                                                                                                                 
[    0.706731] bus: 01 index 0 io port: [9000, 9fff]                                                                                                                                                       
[    0.706733] bus: 01 index 1 mmio: [f8200000, f83fffff]                                                                                                                                                  
[    0.706736] bus: 01 index 2 mmio: [f0000000, f7ffffff]                                                                                                                                                  
[    0.706738] bus: 01 index 3 mmio: [0, 0]                                                                                                                                                                
[    0.706740] bus: 0b index 0 mmio: [0, 0]                                                                                                                                                                
[    0.706742] bus: 0b index 1 mmio: [f8000000, f81fffff]                                                                                                                                                  
[    0.706744] bus: 0b index 2 mmio: [0, 0]                                                                                                                                                                
[    0.706746] bus: 0b index 3 mmio: [0, 0]                                                                                                                                                                
[    0.706748] bus: 11 index 0 io port: [a000, afff]                                                                                                                                                       
[    0.706750] bus: 11 index 1 mmio: [f8500000, f85fffff]                                                                                                                                                  
[    0.706752] bus: 11 index 2 mmio: [f8700000, f87fffff]                                                                                                                                                  
[    0.706754] bus: 11 index 3 mmio: [0, 0]                                                                                                                                                                
[    0.706756] bus: 17 index 0 mmio: [0, 0]                                                                                                                                                                
[    0.706758] bus: 17 index 1 mmio: [f8400000, f84fffff]                                                                                                                                                  
[    0.706761] bus: 17 index 2 mmio: [0, 0]                                                                                                                                                                
[    0.706763] bus: 17 index 3 mmio: [0, 0]                                                                                                                                                                
[    0.706765] bus: 1d index 0 io port: [2000, 2fff]                                                                                                                                                       
[    0.706767] bus: 1d index 1 mmio: [f8600000, f86fffff]                                                                                                                                                  
[    0.706769] bus: 1d index 2 mmio: [120000000, 123ffffff]                                                                                                                                                
[    0.706772] bus: 1d index 3 io port: [0, ffff]                                                                                                                                                          
[    0.706774] bus: 1d index 4 mmio: [0, ffffffffffffffff]                                                                                                                                                 
[    0.706776] bus: 1e index 0 io port: [2000, 20ff]                                                                                                                                                       
[    0.706778] bus: 1e index 1 io port: [2400, 24ff]                                                                                                                                                       
[    0.706780] bus: 1e index 2 mmio: [120000000, 123ffffff]                                                                                                                                                
[    0.706783] bus: 1e index 3 mmio: [124000000, 127ffffff]                                                                                                                                                
[    0.706798] NET: Registered protocol family 2                                                                                                                                                           
[    0.745196] IP route cache hash table entries: 131072 (order: 8, 1048576 bytes)                                                                                                                         
[    0.746800] TCP established hash table entries: 524288 (order: 11, 8388608 bytes)                                                                                                                       
[    0.751570] TCP bind hash table entries: 65536 (order: 8, 1048576 bytes)                                                                                                                                
[    0.752189] TCP: Hash tables configured (established 524288 bind 65536)                                                                                                                                 
[    0.752192] TCP reno registered                                                                                                                                                                         
[    0.761128] NET: Registered protocol family 1                                                                                                                                                           
[    0.761264] checking if image is initramfs... it is                                                                                                                                                     
[    1.526141] Freeing initrd memory: 8480k freed                                                                                                                                                          
[    1.532904] audit: initializing netlink socket (disabled)                                                                                                                                               
[    1.532919] type=2000 audit(1235814196.532:1): initialized                                                                                                                                              
[    1.539308] HugeTLB registered 2 MB page size, pre-allocated 0 pages                                                                                                                                    
[    1.543076] VFS: Disk quotas dquot_6.5.1                                                                                                                                                                
[    1.543199] Dquot-cache hash table entries: 512 (order 0, 4096 bytes)                                                                                                                                   
[    1.543346] msgmni has been set to 7665                                                                                                                                                                 
[    1.543513] io scheduler noop registered                                                                                                                                                                
[    1.543515] io scheduler anticipatory registered                                                                                                                                                        
[    1.543517] io scheduler deadline registered                                                                                                                                                            
[    1.543701] io scheduler cfq registered (default)                                                                                                                                                       
[    1.543810] pci 0000:01:05.0: Boot video device                                                                                                                                                         
[    1.543973] pcieport-driver 0000:00:05.0: setting latency timer to 64                                                                                                                                   
[    1.543994] pcieport-driver 0000:00:05.0: found MSI capability                                                                                                                                          
[    1.544073] pci_express 0000:00:05.0:pcie00: allocate port service                                                                                                                                      
[    1.544150] pci_express 0000:00:05.0:pcie02: allocate port service                                                                                                                                      
[    1.544219] pci_express 0000:00:05.0:pcie03: allocate port service                                                                                                                                      
[    1.544320] pcieport-driver 0000:00:06.0: setting latency timer to 64                                                                                                                                   
[    1.544340] pcieport-driver 0000:00:06.0: found MSI capability                                                                                                                                          
[    1.544361] pci_express 0000:00:06.0:pcie00: allocate port service                                                                                                                                      
[    1.544434] pci_express 0000:00:06.0:pcie03: allocate port service                                                                                                                                      
[    1.544535] pcieport-driver 0000:00:07.0: setting latency timer to 64                                                                                                                                   
[    1.544558] pcieport-driver 0000:00:07.0: found MSI capability                                                                                                                                          
[    1.544581] pci_express 0000:00:07.0:pcie00: allocate port service                                                                                                                                      
[    1.544651] pci_express 0000:00:07.0:pcie03: allocate port service                                                                                                                                      
[    1.598630] hpet_resources: 0xfed00000 is busy                                                                                                                                                          
[    1.598732] Linux agpgart interface v0.103                                                                                                                                                              
[    1.598737] Serial: 8250/16550 driver4 ports, IRQ sharing enabled                                                                                                                                       
[    1.602155] brd: module loaded                                                                                                                                                                          
[    1.602247] input: Macintosh mouse button emulation as /devices/virtual/input/input0                                                                                                                    
[    1.602413] PNP: PS/2 Controller [PNP0303:KBC0,PNP0f13:MSE0] at 0x60,0x64 irq 1,12                                                                                                                      
[    1.638924] serio: i8042 KBD port at 0x60,0x64 irq 1                                                                                                                                                    
[    1.638933] serio: i8042 AUX port at 0x60,0x64 irq 12                                                                                                                                                   
[    1.657199] mice: PS/2 mouse device common for all mice                                                                                                                                                 
[    1.657379] rtc_cmos 00:04: rtc core: registered rtc_cmos as rtc0                                                                                                                                       
[    1.657407] rtc0: alarms up to one month, hpet irqs                                                                                                                                                     
[    1.657467] cpuidle: using governor ladder                                                                                                                                                              
[    1.657469] cpuidle: using governor menu                                                                                                                                                                
[    1.657882] TCP cubic registered                                                                                                                                                                        
[    1.658192] registered taskstats version 1                                                                                                                                                              
[    1.658366]   Magic number: 13:715:728                                                                                                                                                                  
[    1.658528] rtc_cmos 00:04: setting system clock to 2009-02-28 09:43:18 UTC (1235814198)                                                                                                                
[    1.658531] BIOS EDD facility v0.16 2004-Jun-25, 0 devices found                                                                                                                                        
[    1.658533] EDD information not available.                                                                                                                                                              
[    1.658591] Freeing unused kernel memory: 540k freed                                                                                                                                                    
[    1.658870] Write protecting the kernel read-only data: 4352k                                                                                                                                           
[    1.678797] input: AT Translated Set 2 keyboard as /devices/platform/i8042/serio0/input/input1                                                                                                          
[    1.853115] fuse init (API version 7.9)                                                                                                                                                                 
[    1.897149] ACPI: processor limited to max C-state 1                                                                                                                                                    
[    1.897251] processor ACPI0007:00: registered as cooling_device0                                                                                                                                        
[    1.897255] ACPI: Processor [CPU0] (supports 8 throttling states)                                                                                                                                       
[    1.897344] processor ACPI0007:01: registered as cooling_device1                                                                                                                                        
[    2.238104] r8169 Gigabit Ethernet driver 2.3LK-NAPI loaded                                                                                                                                             
[    2.238132] r8169 0000:11:00.0: PCI INT A -> GSI 18 (level, low) -> IRQ 18                                                                                                                              
