Return-path: <linux-media-owner@vger.kernel.org>
Received: from mo4-p00-ob.smtp.rzone.de ([81.169.146.216]:64327 "EHLO
	mo4-p00-ob.smtp.rzone.de" rhost-flags-OK-OK-OK-OK) by vger.kernel.org
	with ESMTP id S1751214AbaBDIme (ORCPT
	<rfc822;linux-media@vger.kernel.org>); Tue, 4 Feb 2014 03:42:34 -0500
Received: from agathe.au-79.intra (dslb-088-064-018-030.pools.arcor-ip.net [88.64.18.30])
	by smtp.strato.de (RZmta 32.23 DYNA|AUTH)
	with ESMTPA id 002fcbq148aOgX0
	for <linux-media@vger.kernel.org>;
	Tue, 4 Feb 2014 09:36:24 +0100 (CET)
Received: from localhost (localhost [127.0.0.1])
	by agathe.au-79.intra (Postfix) with ESMTP id 53DC4407AF
	for <linux-media@vger.kernel.org>; Tue,  4 Feb 2014 09:36:23 +0100 (CET)
Received: from agathe.au-79.intra ([127.0.0.1])
	by localhost (agathe.au-79.intra [127.0.0.1]) (amavisd-new, port 10024)
	with ESMTP id XV259VzlrXP5 for <linux-media@vger.kernel.org>;
	Tue,  4 Feb 2014 09:35:59 +0100 (CET)
Received: from [192.168.22.121] (jeffry.au-79.intra [192.168.22.121])
	by agathe.au-79.intra (Postfix) with ESMTP id E905A406DF
	for <linux-media@vger.kernel.org>; Tue,  4 Feb 2014 09:35:58 +0100 (CET)
Message-ID: <52F0A66E.2070203@au-79.de>
Date: Tue, 04 Feb 2014 09:35:58 +0100
From: Robert Goldner <robert@au-79.de>
MIME-Version: 1.0
To: linux-media@vger.kernel.org
Subject: Problem with Wake-up after suspend to ram
Content-Type: text/plain; charset=ISO-8859-15; format=flowed
Content-Transfer-Encoding: 7bit
Sender: linux-media-owner@vger.kernel.org
List-ID: <linux-media.vger.kernel.org>

Hi,

I tryed to get suspend to ram on my system working. The system gets 
sleeping and wakes up again (by wake-up on LAN).

But I got some trouble with one of my DVB-T cards after wake-up.

If there are any further questions, please let me know.

Regards

Robert

dmesg:
[    0.000000] Initializing cgroup subsys cpuset
[    0.000000] Initializing cgroup subsys cpu
[    0.000000] Initializing cgroup subsys cpuacct
[    0.000000] Linux version 3.10.28-agathe (root@agathe) (gcc version 
4.8.2 (Debian 4.8.2-14) ) #8 SMP Mon Jan 27 08:51:10 CET 2014
[    0.000000] Command line: BOOT_IMAGE=/boot/vmlinuz-3.10.28-agathe 
root=UUID=2e02f109-9a26-41a3-8068-0b70b84ce2df ro quiet
[    0.000000] e820: BIOS-provided physical RAM map:
[    0.000000] BIOS-e820: [mem 0x0000000000000000-0x000000000009ebff] usable
[    0.000000] BIOS-e820: [mem 0x000000000009ec00-0x000000000009ffff] 
reserved
[    0.000000] BIOS-e820: [mem 0x00000000000e0000-0x00000000000fffff] 
reserved
[    0.000000] BIOS-e820: [mem 0x0000000000100000-0x00000000a7b2dfff] usable
[    0.000000] BIOS-e820: [mem 0x00000000a7b2e000-0x00000000a7b82fff] 
ACPI NVS
[    0.000000] BIOS-e820: [mem 0x00000000a7b83000-0x00000000a7cb6fff] 
reserved
[    0.000000] BIOS-e820: [mem 0x00000000a7cb7000-0x00000000a7cc7fff] 
ACPI NVS
[    0.000000] BIOS-e820: [mem 0x00000000a7cc8000-0x00000000a7cdafff] 
reserved
[    0.000000] BIOS-e820: [mem 0x00000000a7cdb000-0x00000000a7cdbfff] usable
[    0.000000] BIOS-e820: [mem 0x00000000a7cdc000-0x00000000a7ce3fff] 
ACPI NVS
[    0.000000] BIOS-e820: [mem 0x00000000a7ce4000-0x00000000a7d47fff] 
reserved
[    0.000000] BIOS-e820: [mem 0x00000000a7d48000-0x00000000a7d8afff] 
ACPI NVS
[    0.000000] BIOS-e820: [mem 0x00000000a7d8b000-0x00000000a7efffff] usable
[    0.000000] BIOS-e820: [mem 0x00000000e0000000-0x00000000efffffff] 
reserved
[    0.000000] BIOS-e820: [mem 0x00000000fec00000-0x00000000fec00fff] 
reserved
[    0.000000] BIOS-e820: [mem 0x00000000fec10000-0x00000000fec10fff] 
reserved
[    0.000000] BIOS-e820: [mem 0x00000000fed00000-0x00000000fed00fff] 
reserved
[    0.000000] BIOS-e820: [mem 0x00000000fed61000-0x00000000fed70fff] 
reserved
[    0.000000] BIOS-e820: [mem 0x00000000fed80000-0x00000000fed8ffff] 
reserved
[    0.000000] BIOS-e820: [mem 0x00000000fef00000-0x00000000ffffffff] 
reserved
[    0.000000] BIOS-e820: [mem 0x0000000100001000-0x000000013effffff] usable
[    0.000000] NX (Execute Disable) protection: active
[    0.000000] SMBIOS 2.6 present.
[    0.000000] DMI: System manufacturer System Product Name/E35M1-M PRO, 
BIOS 1602 08/06/2012
[    0.000000] e820: update [mem 0x00000000-0x00000fff] usable ==> reserved
[    0.000000] e820: remove [mem 0x000a0000-0x000fffff] usable
[    0.000000] No AGP bridge found
[    0.000000] e820: last_pfn = 0x13f000 max_arch_pfn = 0x400000000
[    0.000000] MTRR default type: uncachable
[    0.000000] MTRR fixed ranges enabled:
[    0.000000]   00000-9FFFF write-back
[    0.000000]   A0000-BFFFF write-through
[    0.000000]   C0000-CEFFF write-protect
[    0.000000]   CF000-E7FFF uncachable
[    0.000000]   E8000-FFFFF write-protect
[    0.000000] MTRR variable ranges enabled:
[    0.000000]   0 base 000000000 mask F00000000 write-back
[    0.000000]   1 base 0A7F00000 mask FFFF00000 uncachable
[    0.000000]   2 base 0A8000000 mask FF8000000 uncachable
[    0.000000]   3 base 0B0000000 mask FF0000000 uncachable
[    0.000000]   4 base 0C0000000 mask FC0000000 uncachable
[    0.000000]   5 disabled
[    0.000000]   6 disabled
[    0.000000]   7 disabled
[    0.000000] TOM2: 000000013f000000 aka 5104M
[    0.000000] x86 PAT enabled: cpu 0, old 0x7040600070406, new 
0x7010600070106
[    0.000000] e820: update [mem 0xa7f00000-0xffffffff] usable ==> reserved
[    0.000000] e820: last_pfn = 0xa7f00 max_arch_pfn = 0x400000000
[    0.000000] Scanning 1 areas for low memory corruption
[    0.000000] Base memory trampoline at [ffff880000098000] 98000 size 24576
[    0.000000] Using GB pages for direct mapping
[    0.000000] init_memory_mapping: [mem 0x00000000-0x000fffff]
[    0.000000]  [mem 0x00000000-0x000fffff] page 4k
[    0.000000] BRK [0x01a5d000, 0x01a5dfff] PGTABLE
[    0.000000] BRK [0x01a5e000, 0x01a5efff] PGTABLE
[    0.000000] BRK [0x01a5f000, 0x01a5ffff] PGTABLE
[    0.000000] init_memory_mapping: [mem 0x13ee00000-0x13effffff]
[    0.000000]  [mem 0x13ee00000-0x13effffff] page 2M
[    0.000000] BRK [0x01a60000, 0x01a60fff] PGTABLE
[    0.000000] init_memory_mapping: [mem 0x13c000000-0x13edfffff]
[    0.000000]  [mem 0x13c000000-0x13edfffff] page 2M
[    0.000000] init_memory_mapping: [mem 0x100001000-0x13bffffff]
[    0.000000]  [mem 0x100001000-0x1001fffff] page 4k
[    0.000000]  [mem 0x100200000-0x13bffffff] page 2M
[    0.000000] BRK [0x01a61000, 0x01a61fff] PGTABLE
[    0.000000] init_memory_mapping: [mem 0x00100000-0xa7b2dfff]
[    0.000000]  [mem 0x00100000-0x001fffff] page 4k
[    0.000000]  [mem 0x00200000-0x3fffffff] page 2M
[    0.000000]  [mem 0x40000000-0x7fffffff] page 1G
[    0.000000]  [mem 0x80000000-0xa79fffff] page 2M
[    0.000000]  [mem 0xa7a00000-0xa7b2dfff] page 4k
[    0.000000] init_memory_mapping: [mem 0xa7cdb000-0xa7cdbfff]
[    0.000000]  [mem 0xa7cdb000-0xa7cdbfff] page 4k
[    0.000000] BRK [0x01a62000, 0x01a62fff] PGTABLE
[    0.000000] init_memory_mapping: [mem 0xa7d8b000-0xa7efffff]
[    0.000000]  [mem 0xa7d8b000-0xa7efffff] page 4k
[    0.000000] RAMDISK: [mem 0x3789c000-0x37c45fff]
[    0.000000] ACPI: RSDP 00000000000f0430 00024 (v02 ALASKA)
[    0.000000] ACPI: XSDT 00000000a7b78068 00054 (v01 ALASKA    A M I 
01072009 AMI  00010013)
[    0.000000] ACPI: FACP 00000000a7b7e2e8 000F4 (v04 ALASKA    A M I 
01072009 AMI  00010013)
[    0.000000] ACPI BIOS Bug: Warning: Optional FADT field 
Pm2ControlBlock has zero address or length: 0x0000000000000000/0x1 
(20130328/tbfadt-603)
[    0.000000] ACPI: DSDT 00000000a7b78150 06192 (v02 ALASKA    A M I 
00000000 INTL 20051117)
[    0.000000] ACPI: FACS 00000000a7ce3f80 00040
[    0.000000] ACPI: APIC 00000000a7b7e3e0 00062 (v03 ALASKA    A M I 
01072009 AMI  00010013)
[    0.000000] ACPI: MCFG 00000000a7b7e448 0003C (v01 ALASKA    A M I 
01072009 MSFT 00010013)
[    0.000000] ACPI: HPET 00000000a7b7e488 00038 (v01 ALASKA    A M I 
01072009 AMI  00000004)
[    0.000000] ACPI: SSDT 00000000a7b7e4c0 003DE (v01 AMD    POWERNOW 
00000001 AMD  00000001)
[    0.000000] ACPI: SSDT 00000000a7b7e8a0 012FA (v02    AMD     ALIB 
00000001 MSFT 04000000)
[    0.000000] ACPI: Local APIC address 0xfee00000
[    0.000000] No NUMA configuration found
[    0.000000] Faking a node at [mem 0x0000000000000000-0x000000013effffff]
[    0.000000] Initmem setup node 0 [mem 0x00000000-0x13effffff]
[    0.000000]   NODE_DATA [mem 0x13eff9000-0x13effcfff]
[    0.000000]  [ffffea0000000000-ffffea00045fffff] PMD -> 
[ffff88013ac00000-ffff88013dffffff] on node 0
[    0.000000] Zone ranges:
[    0.000000]   DMA      [mem 0x00001000-0x00ffffff]
[    0.000000]   DMA32    [mem 0x01000000-0xffffffff]
[    0.000000]   Normal   [mem 0x100000000-0x13effffff]
[    0.000000] Movable zone start for each node
[    0.000000] Early memory node ranges
[    0.000000]   node   0: [mem 0x00001000-0x0009dfff]
[    0.000000]   node   0: [mem 0x00100000-0xa7b2dfff]
[    0.000000]   node   0: [mem 0xa7cdb000-0xa7cdbfff]
[    0.000000]   node   0: [mem 0xa7d8b000-0xa7efffff]
[    0.000000]   node   0: [mem 0x100001000-0x13effffff]
[    0.000000] On node 0 totalpages: 945216
[    0.000000]   DMA zone: 56 pages used for memmap
[    0.000000]   DMA zone: 21 pages reserved
[    0.000000]   DMA zone: 3997 pages, LIFO batch:0
[    0.000000]   DMA32 zone: 9341 pages used for memmap
[    0.000000]   DMA32 zone: 683172 pages, LIFO batch:31
[    0.000000]   Normal zone: 3528 pages used for memmap
[    0.000000]   Normal zone: 258047 pages, LIFO batch:31
[    0.000000] ACPI: PM-Timer IO Port: 0x808
[    0.000000] ACPI: Local APIC address 0xfee00000
[    0.000000] ACPI: LAPIC (acpi_id[0x01] lapic_id[0x00] enabled)
[    0.000000] ACPI: LAPIC (acpi_id[0x02] lapic_id[0x01] enabled)
[    0.000000] ACPI: LAPIC_NMI (acpi_id[0xff] high edge lint[0x1])
[    0.000000] ACPI: IOAPIC (id[0x00] address[0xfec00000] gsi_base[0])
[    0.000000] IOAPIC[0]: apic_id 0, version 33, address 0xfec00000, GSI 
0-23
[    0.000000] ACPI: INT_SRC_OVR (bus 0 bus_irq 0 global_irq 2 dfl dfl)
[    0.000000] ACPI: INT_SRC_OVR (bus 0 bus_irq 9 global_irq 9 low level)
[    0.000000] ACPI: IRQ0 used by override.
[    0.000000] ACPI: IRQ2 used by override.
[    0.000000] ACPI: IRQ9 used by override.
[    0.000000] Using ACPI (MADT) for SMP configuration information
[    0.000000] ACPI: HPET id: 0xffffffff base: 0xfed00000
[    0.000000] smpboot: Allowing 2 CPUs, 0 hotplug CPUs
[    0.000000] nr_irqs_gsi: 40
[    0.000000] PM: Registered nosave memory: 000000000009e000 - 
000000000009f000
[    0.000000] PM: Registered nosave memory: 000000000009f000 - 
00000000000a0000
[    0.000000] PM: Registered nosave memory: 00000000000a0000 - 
00000000000e0000
[    0.000000] PM: Registered nosave memory: 00000000000e0000 - 
0000000000100000
[    0.000000] PM: Registered nosave memory: 00000000a7b2e000 - 
00000000a7b83000
[    0.000000] PM: Registered nosave memory: 00000000a7b83000 - 
00000000a7cb7000
[    0.000000] PM: Registered nosave memory: 00000000a7cb7000 - 
00000000a7cc8000
[    0.000000] PM: Registered nosave memory: 00000000a7cc8000 - 
00000000a7cdb000
[    0.000000] PM: Registered nosave memory: 00000000a7cdc000 - 
00000000a7ce4000
[    0.000000] PM: Registered nosave memory: 00000000a7ce4000 - 
00000000a7d48000
[    0.000000] PM: Registered nosave memory: 00000000a7d48000 - 
00000000a7d8b000
[    0.000000] PM: Registered nosave memory: 00000000a7f00000 - 
00000000e0000000
[    0.000000] PM: Registered nosave memory: 00000000e0000000 - 
00000000f0000000
[    0.000000] PM: Registered nosave memory: 00000000f0000000 - 
00000000fec00000
[    0.000000] PM: Registered nosave memory: 00000000fec00000 - 
00000000fec01000
[    0.000000] PM: Registered nosave memory: 00000000fec01000 - 
00000000fec10000
[    0.000000] PM: Registered nosave memory: 00000000fec10000 - 
00000000fec11000
[    0.000000] PM: Registered nosave memory: 00000000fec11000 - 
00000000fed00000
[    0.000000] PM: Registered nosave memory: 00000000fed00000 - 
00000000fed01000
[    0.000000] PM: Registered nosave memory: 00000000fed01000 - 
00000000fed61000
[    0.000000] PM: Registered nosave memory: 00000000fed61000 - 
00000000fed71000
[    0.000000] PM: Registered nosave memory: 00000000fed71000 - 
00000000fed80000
[    0.000000] PM: Registered nosave memory: 00000000fed80000 - 
00000000fed90000
[    0.000000] PM: Registered nosave memory: 00000000fed90000 - 
00000000fef00000
[    0.000000] PM: Registered nosave memory: 00000000fef00000 - 
0000000100000000
[    0.000000] PM: Registered nosave memory: 0000000100000000 - 
0000000100001000
[    0.000000] e820: [mem 0xa7f00000-0xdfffffff] available for PCI devices
[    0.000000] setup_percpu: NR_CPUS:8 nr_cpumask_bits:8 nr_cpu_ids:2 
nr_node_ids:1
[    0.000000] PERCPU: Embedded 27 pages/cpu @ffff88013ec00000 s79808 
r8192 d22592 u1048576
[    0.000000] pcpu-alloc: s79808 r8192 d22592 u1048576 alloc=1*2097152
[    0.000000] pcpu-alloc: [0] 0 1
[    0.000000] Built 1 zonelists in Node order, mobility grouping on. 
Total pages: 932270
[    0.000000] Policy zone: Normal
[    0.000000] Kernel command line: 
BOOT_IMAGE=/boot/vmlinuz-3.10.28-agathe 
root=UUID=2e02f109-9a26-41a3-8068-0b70b84ce2df ro quiet
[    0.000000] PID hash table entries: 4096 (order: 3, 32768 bytes)
[    0.000000] Checking aperture...
[    0.000000] No AGP bridge found
[    0.000000] Memory: 3646764k/5226496k available (5079k kernel code, 
1445632k absent, 134100k reserved, 3739k data, 912k init)
[    0.000000] Hierarchical RCU implementation.
[    0.000000] 	RCU dyntick-idle grace-period acceleration is enabled.
[    0.000000] 	RCU restricting CPUs from NR_CPUS=8 to nr_cpu_ids=2.
[    0.000000] NR_IRQS:4352 nr_irqs:512 16
[    0.000000] spurious 8259A interrupt: IRQ7.
[    0.000000] Console: colour VGA+ 80x25
[    0.000000] console [tty0] enabled
[    0.000000] hpet clockevent registered
[    0.000000] tsc: Fast TSC calibration using PIT
[    0.004000] tsc: Detected 1600.095 MHz processor
[    0.000005] Calibrating delay loop (skipped), value calculated using 
timer frequency.. 3200.19 BogoMIPS (lpj=6400380)
[    0.000011] pid_max: default: 32768 minimum: 301
[    0.000067] Security Framework initialized
[    0.000077] AppArmor: AppArmor disabled by boot time parameter
[    0.000505] Dentry cache hash table entries: 524288 (order: 10, 
4194304 bytes)
[    0.003142] Inode-cache hash table entries: 262144 (order: 9, 2097152 
bytes)
[    0.004395] Mount-cache hash table entries: 256
[    0.004774] Initializing cgroup subsys devices
[    0.004783] Initializing cgroup subsys freezer
[    0.004786] Initializing cgroup subsys net_cls
[    0.004789] Initializing cgroup subsys blkio
[    0.004792] Initializing cgroup subsys perf_event
[    0.004844] tseg: 00a7f00000
[    0.004849] CPU: Physical Processor ID: 0
[    0.004851] CPU: Processor Core ID: 0
[    0.004854] mce: CPU supports 6 MCE banks
[    0.004870] Last level iTLB entries: 4KB 512, 2MB 8, 4MB 4
[    0.004870] Last level dTLB entries: 4KB 512, 2MB 8, 4MB 4
[    0.004870] tlb_flushall_shift: 5
[    0.005034] Freeing SMP alternatives: 20k freed
[    0.005051] ACPI: Core revision 20130328
[    0.010429] ACPI: All ACPI Tables successfully acquired
[    0.017228] ..TIMER: vector=0x30 apic1=0 pin1=2 apic2=-1 pin2=-1
[    0.056922] smpboot: CPU0: AMD E-350 Processor (fam: 14, model: 01, 
stepping: 00)
[    0.164446] Performance Events: AMD PMU driver.
[    0.164455] ... version:                0
[    0.164458] ... bit width:              48
[    0.164460] ... generic registers:      4
[    0.164462] ... value mask:             0000ffffffffffff
[    0.164465] ... max period:             00007fffffffffff
[    0.164467] ... fixed-purpose events:   0
[    0.164469] ... event mask:             000000000000000f
[    0.164879] NMI watchdog: enabled on all CPUs, permanently consumes 
one hw-PMU counter.
[    0.165070] smpboot: Booting Node   0, Processors  #1 OK
[    0.178158] Brought up 2 CPUs
[    0.178163] smpboot: Total of 2 processors activated (6400.38 BogoMIPS)
[    0.179131] devtmpfs: initialized
[    0.179685] PM: Registering ACPI NVS region [mem 
0xa7b2e000-0xa7b82fff] (348160 bytes)
[    0.179719] PM: Registering ACPI NVS region [mem 
0xa7cb7000-0xa7cc7fff] (69632 bytes)
[    0.179725] PM: Registering ACPI NVS region [mem 
0xa7cdc000-0xa7ce3fff] (32768 bytes)
[    0.179732] PM: Registering ACPI NVS region [mem 
0xa7d48000-0xa7d8afff] (274432 bytes)
[    0.180118] NET: Registered protocol family 16
[    0.180430] ACPI: bus type PCI registered
[    0.180534] PCI: MMCONFIG for domain 0000 [bus 00-ff] at [mem 
0xe0000000-0xefffffff] (base 0xe0000000)
[    0.180539] PCI: MMCONFIG at [mem 0xe0000000-0xefffffff] reserved in E820
[    0.203094] PCI: Using configuration type 1 for base access
[    0.203298] mtrr: your CPUs had inconsistent fixed MTRR settings
[    0.203302] mtrr: probably your BIOS does not setup all CPUs.
[    0.203304] mtrr: corrected configuration.
[    0.204774] bio: create slab <bio-0> at 0
[    0.205035] ACPI: Added _OSI(Module Device)
[    0.205039] ACPI: Added _OSI(Processor Device)
[    0.205043] ACPI: Added _OSI(3.0 _SCP Extensions)
[    0.205046] ACPI: Added _OSI(Processor Aggregator Device)
[    0.206277] ACPI: EC: Look up EC in DSDT
[    0.208100] ACPI: Executed 3 blocks of module-level executable AML code
[    0.221328] ACPI: Interpreter enabled
[    0.221347] ACPI Exception: AE_NOT_FOUND, While evaluating Sleep 
State [\_S1_] (20130328/hwxface-568)
[    0.221357] ACPI Exception: AE_NOT_FOUND, While evaluating Sleep 
State [\_S2_] (20130328/hwxface-568)
[    0.221384] ACPI: (supports S0 S3 S4 S5)
[    0.221388] ACPI: Using IOAPIC for interrupt routing
[    0.221677] PCI: Using host bridge windows from ACPI; if necessary, 
use "pci=nocrs" and report a bug
[    0.221813] ACPI: No dock devices found.
[    0.348913] ACPI: PCI Root Bridge [PCI0] (domain 0000 [bus 00-ff])
[    0.349347] acpi PNP0A08:00: ignoring host bridge window [mem 
0x000c8000-0x000dffff] (conflicts with Video ROM [mem 
0x000c0000-0x000ce1ff])
[    0.349404] PCI host bridge to bus 0000:00
[    0.349411] pci_bus 0000:00: root bus resource [bus 00-ff]
[    0.349416] pci_bus 0000:00: root bus resource [io  0x0000-0x0cf7]
[    0.349420] pci_bus 0000:00: root bus resource [io  0x0d00-0xffff]
[    0.349425] pci_bus 0000:00: root bus resource [mem 
0x000a0000-0x000bffff]
[    0.349429] pci_bus 0000:00: root bus resource [mem 
0xc0000000-0xffffffff]
[    0.349446] pci 0000:00:00.0: [1022:1510] type 00 class 0x060000
[    0.349619] pci 0000:00:01.0: [1002:9802] type 00 class 0x030000
[    0.349635] pci 0000:00:01.0: reg 10: [mem 0xc0000000-0xcfffffff pref]
[    0.349645] pci 0000:00:01.0: reg 14: [io  0xf000-0xf0ff]
[    0.349655] pci 0000:00:01.0: reg 18: [mem 0xfd100000-0xfd13ffff]
[    0.349717] pci 0000:00:01.0: supports D1 D2
[    0.349845] pci 0000:00:01.1: [1002:1314] type 00 class 0x040300
[    0.349859] pci 0000:00:01.1: reg 10: [mem 0xfd144000-0xfd147fff]
[    0.349931] pci 0000:00:01.1: supports D1 D2
[    0.350090] pci 0000:00:11.0: [1002:4390] type 00 class 0x01018f
[    0.350117] pci 0000:00:11.0: reg 10: [io  0xf190-0xf197]
[    0.350131] pci 0000:00:11.0: reg 14: [io  0xf180-0xf183]
[    0.350146] pci 0000:00:11.0: reg 18: [io  0xf170-0xf177]
[    0.350159] pci 0000:00:11.0: reg 1c: [io  0xf160-0xf163]
[    0.350173] pci 0000:00:11.0: reg 20: [io  0xf150-0xf15f]
[    0.350187] pci 0000:00:11.0: reg 24: [mem 0xfd14f000-0xfd14f3ff]
[    0.350216] pci 0000:00:11.0: set SATA to AHCI mode
[    0.350390] pci 0000:00:12.0: [1002:4397] type 00 class 0x0c0310
[    0.350410] pci 0000:00:12.0: reg 10: [mem 0xfd14e000-0xfd14efff]
[    0.350565] pci 0000:00:12.0: System wakeup disabled by ACPI
[    0.350653] pci 0000:00:12.2: [1002:4396] type 00 class 0x0c0320
[    0.350680] pci 0000:00:12.2: reg 10: [mem 0xfd14d000-0xfd14d0ff]
[    0.350789] pci 0000:00:12.2: supports D1 D2
[    0.350793] pci 0000:00:12.2: PME# supported from D0 D1 D2 D3hot
[    0.350884] pci 0000:00:12.2: System wakeup disabled by ACPI
[    0.350951] pci 0000:00:13.0: [1002:4397] type 00 class 0x0c0310
[    0.350971] pci 0000:00:13.0: reg 10: [mem 0xfd14c000-0xfd14cfff]
[    0.351120] pci 0000:00:13.0: System wakeup disabled by ACPI
[    0.351189] pci 0000:00:13.2: [1002:4396] type 00 class 0x0c0320
[    0.351217] pci 0000:00:13.2: reg 10: [mem 0xfd14b000-0xfd14b0ff]
[    0.351325] pci 0000:00:13.2: supports D1 D2
[    0.351329] pci 0000:00:13.2: PME# supported from D0 D1 D2 D3hot
[    0.351416] pci 0000:00:13.2: System wakeup disabled by ACPI
[    0.351484] pci 0000:00:14.0: [1002:4385] type 00 class 0x0c0500
[    0.351690] pci 0000:00:14.1: [1002:439c] type 00 class 0x01018a
[    0.351711] pci 0000:00:14.1: reg 10: [io  0xf140-0xf147]
[    0.351724] pci 0000:00:14.1: reg 14: [io  0xf130-0xf133]
[    0.351738] pci 0000:00:14.1: reg 18: [io  0xf120-0xf127]
[    0.351752] pci 0000:00:14.1: reg 1c: [io  0xf110-0xf113]
[    0.351766] pci 0000:00:14.1: reg 20: [io  0xf100-0xf10f]
[    0.351924] pci 0000:00:14.2: [1002:4383] type 00 class 0x040300
[    0.351954] pci 0000:00:14.2: reg 10: [mem 0xfd140000-0xfd143fff 64bit]
[    0.352042] pci 0000:00:14.2: PME# supported from D0 D3hot D3cold
[    0.352128] pci 0000:00:14.2: System wakeup disabled by ACPI
[    0.352189] pci 0000:00:14.3: [1002:439d] type 00 class 0x060100
[    0.352396] pci 0000:00:14.4: [1002:4384] type 01 class 0x060401
[    0.352533] pci 0000:00:14.4: System wakeup disabled by ACPI
[    0.352594] pci 0000:00:14.5: [1002:4399] type 00 class 0x0c0310
[    0.352614] pci 0000:00:14.5: reg 10: [mem 0xfd14a000-0xfd14afff]
[    0.352762] pci 0000:00:14.5: System wakeup disabled by ACPI
[    0.352833] pci 0000:00:15.0: [1002:43a0] type 01 class 0x060400
[    0.352938] pci 0000:00:15.0: supports D1 D2
[    0.353029] pci 0000:00:15.0: System wakeup disabled by ACPI
[    0.353098] pci 0000:00:15.1: [1002:43a1] type 01 class 0x060400
[    0.353202] pci 0000:00:15.1: supports D1 D2
[    0.353293] pci 0000:00:15.1: System wakeup disabled by ACPI
[    0.353361] pci 0000:00:15.2: [1002:43a2] type 01 class 0x060400
[    0.353464] pci 0000:00:15.2: supports D1 D2
[    0.353555] pci 0000:00:15.2: System wakeup disabled by ACPI
[    0.353623] pci 0000:00:15.3: [1002:43a3] type 01 class 0x060400
[    0.353727] pci 0000:00:15.3: supports D1 D2
[    0.353820] pci 0000:00:15.3: System wakeup disabled by ACPI
[    0.353891] pci 0000:00:16.0: [1002:4397] type 00 class 0x0c0310
[    0.353911] pci 0000:00:16.0: reg 10: [mem 0xfd149000-0xfd149fff]
[    0.354062] pci 0000:00:16.0: System wakeup disabled by ACPI
[    0.354131] pci 0000:00:16.2: [1002:4396] type 00 class 0x0c0320
[    0.354158] pci 0000:00:16.2: reg 10: [mem 0xfd148000-0xfd1480ff]
[    0.354267] pci 0000:00:16.2: supports D1 D2
[    0.354270] pci 0000:00:16.2: PME# supported from D0 D1 D2 D3hot
[    0.354357] pci 0000:00:16.2: System wakeup disabled by ACPI
[    0.354428] pci 0000:00:18.0: [1022:1700] type 00 class 0x060000
[    0.354580] pci 0000:00:18.1: [1022:1701] type 00 class 0x060000
[    0.354726] pci 0000:00:18.2: [1022:1702] type 00 class 0x060000
[    0.354874] pci 0000:00:18.3: [1022:1703] type 00 class 0x060000
[    0.355035] pci 0000:00:18.4: [1022:1704] type 00 class 0x060000
[    0.355181] pci 0000:00:18.5: [1022:1718] type 00 class 0x060000
[    0.355327] pci 0000:00:18.6: [1022:1716] type 00 class 0x060000
[    0.355475] pci 0000:00:18.7: [1022:1719] type 00 class 0x060000
[    0.355733] pci 0000:00:14.4: PCI bridge to [bus 01] (subtractive decode)
[    0.355748] pci 0000:00:14.4:   bridge window [io  0x0000-0x0cf7] 
(subtractive decode)
[    0.355752] pci 0000:00:14.4:   bridge window [io  0x0d00-0xffff] 
(subtractive decode)
[    0.355756] pci 0000:00:14.4:   bridge window [mem 
0x000a0000-0x000bffff] (subtractive decode)
[    0.355760] pci 0000:00:14.4:   bridge window [mem 
0xc0000000-0xffffffff] (subtractive decode)
[    0.355880] pci 0000:02:00.0: [1131:7164] type 00 class 0x048000
[    0.355916] pci 0000:02:00.0: reg 10: [mem 0xfd800000-0xfdbfffff 64bit]
[    0.355944] pci 0000:02:00.0: reg 18: [mem 0xfd400000-0xfd7fffff 64bit]
[    0.356081] pci 0000:02:00.0: supports D1 D2
[    0.356085] pci 0000:02:00.0: PME# supported from D0 D1 D2
[    0.360677] pci 0000:00:15.0: PCI bridge to [bus 02]
[    0.360708] pci 0000:00:15.0:   bridge window [mem 0xfd400000-0xfdbfffff]
[    0.360884] pci 0000:03:00.0: [10ec:8168] type 00 class 0x020000
[    0.360913] pci 0000:03:00.0: reg 10: [io  0xe000-0xe0ff]
[    0.360953] pci 0000:03:00.0: reg 18: [mem 0xd0004000-0xd0004fff 
64bit pref]
[    0.360978] pci 0000:03:00.0: reg 20: [mem 0xd0000000-0xd0003fff 
64bit pref]
[    0.361083] pci 0000:03:00.0: supports D1 D2
[    0.361087] pci 0000:03:00.0: PME# supported from D0 D1 D2 D3hot D3cold
[    0.361165] pci 0000:03:00.0: System wakeup disabled by ACPI
[    0.368672] pci 0000:00:15.1: PCI bridge to [bus 03]
[    0.368699] pci 0000:00:15.1:   bridge window [io  0xe000-0xefff]
[    0.368715] pci 0000:00:15.1:   bridge window [mem 
0xd0000000-0xd00fffff 64bit pref]
[    0.368878] pci 0000:04:00.0: [1b21:1080] type 01 class 0x060401
[    0.369051] pci 0000:04:00.0: System wakeup disabled by ACPI
[    0.369126] pci 0000:00:15.2: PCI bridge to [bus 04-05]
[    0.369137] pci 0000:00:15.2:   bridge window [io  0xd000-0xdfff]
[    0.369143] pci 0000:00:15.2:   bridge window [mem 0xfa000000-0xfd0fffff]
[    0.369244] pci 0000:05:00.0: [14f1:8800] type 00 class 0x040000
[    0.369284] pci 0000:05:00.0: reg 10: [mem 0xfc000000-0xfcffffff]
[    0.369530] pci 0000:05:00.1: [14f1:8811] type 00 class 0x048000
[    0.369565] pci 0000:05:00.1: reg 10: [mem 0xfb000000-0xfbffffff]
[    0.369789] pci 0000:05:00.2: [14f1:8802] type 00 class 0x048000
[    0.369824] pci 0000:05:00.2: reg 10: [mem 0xfa000000-0xfaffffff]
[    0.370063] pci 0000:05:02.0: [1106:3044] type 00 class 0x0c0010
[    0.370100] pci 0000:05:02.0: reg 10: [mem 0xfd000000-0xfd0007ff]
[    0.370120] pci 0000:05:02.0: reg 14: [io  0xd000-0xd07f]
[    0.370264] pci 0000:05:02.0: supports D2
[    0.370268] pci 0000:05:02.0: PME# supported from D2 D3hot D3cold
[    0.370408] pci 0000:04:00.0: PCI bridge to [bus 05] (subtractive decode)
[    0.370421] pci 0000:04:00.0:   bridge window [io  0xd000-0xdfff]
[    0.370428] pci 0000:04:00.0:   bridge window [mem 0xfa000000-0xfd0fffff]
[    0.370441] pci 0000:04:00.0:   bridge window [io  0xd000-0xdfff] 
(subtractive decode)
[    0.370445] pci 0000:04:00.0:   bridge window [mem 
0xfa000000-0xfd0fffff] (subtractive decode)
[    0.370450] pci 0000:04:00.0:   bridge window [??? 0x00000000 flags 
0x0] (subtractive decode)
[    0.370454] pci 0000:04:00.0:   bridge window [??? 0x00000000 flags 
0x0] (subtractive decode)
[    0.370590] pci 0000:06:00.0: [1b21:1042] type 00 class 0x0c0330
[    0.370625] pci 0000:06:00.0: reg 10: [mem 0xfdc00000-0xfdc07fff 64bit]
[    0.370784] pci 0000:06:00.0: PME# supported from D3hot D3cold
[    0.376680] pci 0000:00:15.3: PCI bridge to [bus 06]
[    0.376709] pci 0000:00:15.3:   bridge window [mem 0xfdc00000-0xfdcfffff]
[    0.376766] acpi PNP0A08:00: ACPI _OSC support notification failed, 
disabling PCIe ASPM
[    0.376770] acpi PNP0A08:00: Unable to request _OSC control (_OSC 
support mask: 0x08)
[    0.424920] ACPI: PCI Interrupt Link [LNKA] (IRQs 4 7 10 11 14 15) *0
[    0.425067] ACPI: PCI Interrupt Link [LNKB] (IRQs 4 7 10 11 14 15) *0
[    0.425206] ACPI: PCI Interrupt Link [LNKC] (IRQs 4 7 10 11 14 15) *0
[    0.425342] ACPI: PCI Interrupt Link [LNKD] (IRQs 4 7 10 11 14 15) *0
[    0.425456] ACPI: PCI Interrupt Link [LNKE] (IRQs 4 7 10 11 14 15) *0
[    0.425550] ACPI: PCI Interrupt Link [LNKF] (IRQs 4 7 10 11 14 15) *0
[    0.425643] ACPI: PCI Interrupt Link [LNKG] (IRQs 4 7 10 11 14 15) *0
[    0.425735] ACPI: PCI Interrupt Link [LNKH] (IRQs 4 7 10 11 14 15) *0
[    0.426050] acpi root: \_SB_.PCI0 notify handler is installed
[    0.426117] Found 1 acpi root devices
[    0.426428] vgaarb: device added: 
PCI:0000:00:01.0,decodes=io+mem,owns=io+mem,locks=none
[    0.426448] vgaarb: loaded
[    0.426451] vgaarb: bridge control possible 0000:00:01.0
[    0.426701] SCSI subsystem initialized
[    0.426707] ACPI: bus type ATA registered
[    0.426840] libata version 3.00 loaded.
[    0.426904] PCI: Using ACPI for IRQ routing
[    0.437608] PCI: pci_cache_line_size set to 64 bytes
[    0.437747] e820: reserve RAM buffer [mem 0x0009ec00-0x0009ffff]
[    0.437754] e820: reserve RAM buffer [mem 0xa7b2e000-0xa7ffffff]
[    0.437758] e820: reserve RAM buffer [mem 0xa7cdc000-0xa7ffffff]
[    0.437761] e820: reserve RAM buffer [mem 0xa7f00000-0xa7ffffff]
[    0.437764] e820: reserve RAM buffer [mem 0x13f000000-0x13fffffff]
[    0.437972] hpet0: at MMIO 0xfed00000, IRQs 2, 8, 0
[    0.437981] hpet0: 3 comparators, 32-bit 14.318180 MHz counter
[    0.440009] Switching to clocksource hpet
[    0.443519] pnp: PnP ACPI init
[    0.443554] ACPI: bus type PNP registered
[    0.443826] system 00:00: [mem 0xe0000000-0xefffffff] has been reserved
[    0.443836] system 00:00: Plug and Play ACPI device, IDs PNP0c01 (active)
[    0.444463] system 00:01: [io  0x040b] has been reserved
[    0.444468] system 00:01: [io  0x04d6] has been reserved
[    0.444473] system 00:01: [io  0x0c00-0x0c01] has been reserved
[    0.444477] system 00:01: [io  0x0c14] has been reserved
[    0.444482] system 00:01: [io  0x0c50-0x0c51] has been reserved
[    0.444486] system 00:01: [io  0x0c52] has been reserved
[    0.444490] system 00:01: [io  0x0c6c] has been reserved
[    0.444494] system 00:01: [io  0x0c6f] has been reserved
[    0.444499] system 00:01: [io  0x0cd0-0x0cd1] has been reserved
[    0.444503] system 00:01: [io  0x0cd2-0x0cd3] has been reserved
[    0.444507] system 00:01: [io  0x0cd4-0x0cd5] has been reserved
[    0.444512] system 00:01: [io  0x0cd6-0x0cd7] has been reserved
[    0.444516] system 00:01: [io  0x0cd8-0x0cdf] has been reserved
[    0.444520] system 00:01: [io  0x0800-0x089f] has been reserved
[    0.444525] system 00:01: [io  0x0b20-0x0b3f] has been reserved
[    0.444529] system 00:01: [io  0x0900-0x090f] has been reserved
[    0.444534] system 00:01: [io  0x0910-0x091f] has been reserved
[    0.444538] system 00:01: [io  0xfe00-0xfefe] has been reserved
[    0.444545] system 00:01: [mem 0xfec00000-0xfec00fff] could not be 
reserved
[    0.444550] system 00:01: [mem 0xfee00000-0xfee00fff] has been reserved
[    0.444555] system 00:01: [mem 0xfed80000-0xfed8ffff] has been reserved
[    0.444560] system 00:01: [mem 0xfed61000-0xfed70fff] has been reserved
[    0.444565] system 00:01: [mem 0xfec10000-0xfec10fff] has been reserved
[    0.444570] system 00:01: [mem 0xfed00000-0xfed00fff] has been reserved
[    0.444575] system 00:01: [mem 0xffc00000-0xffffffff] has been reserved
[    0.444581] system 00:01: Plug and Play ACPI device, IDs PNP0c02 (active)
[    0.444834] system 00:02: [io  0x0290-0x029f] has been reserved
[    0.444840] system 00:02: [io  0x0a20-0x0a2f] has been reserved
[    0.444845] system 00:02: Plug and Play ACPI device, IDs PNP0c02 (active)
[    0.445347] pnp 00:03: [dma 0 disabled]
[    0.445541] pnp 00:03: Plug and Play ACPI device, IDs PNP0400 (active)
[    0.445566] pnp 00:04: [dma 4]
[    0.445606] pnp 00:04: Plug and Play ACPI device, IDs PNP0200 (active)
[    0.445665] pnp 00:05: Plug and Play ACPI device, IDs PNP0b00 (active)
[    0.445712] pnp 00:06: Plug and Play ACPI device, IDs PNP0800 (active)
[    0.445839] system 00:07: [io  0x04d0-0x04d1] has been reserved
[    0.445846] system 00:07: Plug and Play ACPI device, IDs PNP0c02 (active)
[    0.445901] pnp 00:08: Plug and Play ACPI device, IDs PNP0c04 (active)
[    0.445982] system 00:09: Plug and Play ACPI device, IDs PNP0c02 (active)
[    0.446405] pnp 00:0a: [dma 0 disabled]
[    0.446502] pnp 00:0a: Plug and Play ACPI device, IDs PNP0501 (active)
[    0.568644] system 00:0b: [mem 0xa8000000-0xbfffffff] has been reserved
[    0.568657] system 00:0b: Plug and Play ACPI device, IDs PNP0c02 (active)
[    0.568968] pnp 00:0c: Plug and Play ACPI device, IDs PNP0103 (active)
[    0.568981] pnp: PnP ACPI: found 13 devices
[    0.568984] ACPI: bus type PNP unregistered
[    0.582600] pci 0000:00:14.4: PCI bridge to [bus 01]
[    0.582624] pci 0000:00:15.0: PCI bridge to [bus 02]
[    0.582633] pci 0000:00:15.0:   bridge window [mem 0xfd400000-0xfdbfffff]
[    0.582646] pci 0000:00:15.1: PCI bridge to [bus 03]
[    0.582651] pci 0000:00:15.1:   bridge window [io  0xe000-0xefff]
[    0.582662] pci 0000:00:15.1:   bridge window [mem 
0xd0000000-0xd00fffff 64bit pref]
[    0.582672] pci 0000:04:00.0: PCI bridge to [bus 05]
[    0.582678] pci 0000:04:00.0:   bridge window [io  0xd000-0xdfff]
[    0.582688] pci 0000:04:00.0:   bridge window [mem 0xfa000000-0xfd0fffff]
[    0.582705] pci 0000:00:15.2: PCI bridge to [bus 04-05]
[    0.582709] pci 0000:00:15.2:   bridge window [io  0xd000-0xdfff]
[    0.582717] pci 0000:00:15.2:   bridge window [mem 0xfa000000-0xfd0fffff]
[    0.582728] pci 0000:00:15.3: PCI bridge to [bus 06]
[    0.582736] pci 0000:00:15.3:   bridge window [mem 0xfdc00000-0xfdcfffff]
[    0.583156] pci 0000:04:00.0: setting latency timer to 64
[    0.583254] pci_bus 0000:00: resource 4 [io  0x0000-0x0cf7]
[    0.583259] pci_bus 0000:00: resource 5 [io  0x0d00-0xffff]
[    0.583263] pci_bus 0000:00: resource 6 [mem 0x000a0000-0x000bffff]
[    0.583267] pci_bus 0000:00: resource 7 [mem 0xc0000000-0xffffffff]
[    0.583272] pci_bus 0000:01: resource 4 [io  0x0000-0x0cf7]
[    0.583276] pci_bus 0000:01: resource 5 [io  0x0d00-0xffff]
[    0.583280] pci_bus 0000:01: resource 6 [mem 0x000a0000-0x000bffff]
[    0.583283] pci_bus 0000:01: resource 7 [mem 0xc0000000-0xffffffff]
[    0.583287] pci_bus 0000:02: resource 1 [mem 0xfd400000-0xfdbfffff]
[    0.583291] pci_bus 0000:03: resource 0 [io  0xe000-0xefff]
[    0.583296] pci_bus 0000:03: resource 2 [mem 0xd0000000-0xd00fffff 
64bit pref]
[    0.583300] pci_bus 0000:04: resource 0 [io  0xd000-0xdfff]
[    0.583304] pci_bus 0000:04: resource 1 [mem 0xfa000000-0xfd0fffff]
[    0.583308] pci_bus 0000:05: resource 0 [io  0xd000-0xdfff]
[    0.583311] pci_bus 0000:05: resource 1 [mem 0xfa000000-0xfd0fffff]
[    0.583315] pci_bus 0000:05: resource 4 [io  0xd000-0xdfff]
[    0.583319] pci_bus 0000:05: resource 5 [mem 0xfa000000-0xfd0fffff]
[    0.583323] pci_bus 0000:06: resource 1 [mem 0xfdc00000-0xfdcfffff]
[    0.583458] NET: Registered protocol family 2
[    0.583921] TCP established hash table entries: 32768 (order: 7, 
524288 bytes)
[    0.584285] TCP bind hash table entries: 32768 (order: 7, 524288 bytes)
[    0.584568] TCP: Hash tables configured (established 32768 bind 32768)
[    0.584676] TCP: reno registered
[    0.584704] UDP hash table entries: 2048 (order: 4, 65536 bytes)
[    0.584758] UDP-Lite hash table entries: 2048 (order: 4, 65536 bytes)
[    0.585069] NET: Registered protocol family 1
[    0.585103] pci 0000:00:01.0: Boot video device
[    1.644872] PCI: CLS 64 bytes, default 64
[    1.644972] Unpacking initramfs...
[    1.770678] Freeing initrd memory: 3752k freed
[    1.772864] PCI-DMA: Using software bounce buffering for IO (SWIOTLB)
[    1.772876] software IO TLB [mem 0xa3b2e000-0xa7b2e000] (64MB) mapped 
at [ffff8800a3b2e000-ffff8800a7b2dfff]
[    1.773148] LVT offset 0 assigned for vector 0x400
[    1.773204] perf: AMD IBS detected (0x000000ff)
[    1.773264] Scanning for low memory corruption every 60 seconds
[    1.775061] PCLMULQDQ-NI instructions are not detected.
[    1.775072] sha256_ssse3: Using SSSE3 optimized SHA-256 implementation
[    1.775292] sha512_ssse3: Using SSSE3 optimized SHA-512 implementation
[    1.775489] AVX or AES-NI instructions are not detected.
[    1.775500] AVX instructions are not detected.
[    1.775503] AVX2 or AES-NI instructions are not detected.
[    1.775505] AVX2 instructions are not detected.
[    1.775867] audit: initializing netlink socket (disabled)
[    1.775889] type=2000 audit(1391493588.664:1): initialized
[    1.802269] bounce pool size: 64 pages
[    1.802299] HugeTLB registered 2 MB page size, pre-allocated 0 pages
[    1.803367] VFS: Disk quotas dquot_6.5.2
[    1.803429] Dquot-cache hash table entries: 512 (order 0, 4096 bytes)
[    1.803725] msgmni has been set to 7129
[    1.805436] alg: No test for stdrng (krng)
[    1.805463] Key type asymmetric registered
[    1.805474] Asymmetric key parser 'x509' registered
[    1.805531] Block layer SCSI generic (bsg) driver version 0.4 loaded 
(major 253)
[    1.805535] io scheduler noop registered
[    1.805538] io scheduler deadline registered
[    1.805560] io scheduler cfq registered (default)
[    1.806198] input: Power Button as 
/devices/LNXSYSTM:00/device:00/PNP0C0C:00/input/input0
[    1.806208] ACPI: Power Button [PWRB]
[    1.806285] input: Power Button as 
/devices/LNXSYSTM:00/LNXPWRBN:00/input/input1
[    1.806289] ACPI: Power Button [PWRF]
[    1.806374] ACPI: acpi_idle registered with cpuidle
[    1.913496] GHES: HEST is not enabled!
[    1.913610] Serial: 8250/16550 driver, 4 ports, IRQ sharing enabled
[    1.934155] 00:0a: ttyS0 at I/O 0x3f8 (irq = 4) is a 16550A
[    1.934838] ahci 0000:00:11.0: version 3.0
[    1.935088] ahci 0000:00:11.0: AHCI 0001.0200 32 slots 4 ports 6 Gbps 
0xf impl SATA mode
[    1.935096] ahci 0000:00:11.0: flags: 64bit ncq sntf ilck pm led clo 
pmp pio slum part
[    1.936295] scsi0 : ahci
[    1.936679] scsi1 : ahci
[    1.937009] scsi2 : ahci
[    1.937329] scsi3 : ahci
[    1.937498] ata1: SATA max UDMA/133 abar m1024@0xfd14f000 port 
0xfd14f100 irq 19
[    1.937504] ata2: SATA max UDMA/133 abar m1024@0xfd14f000 port 
0xfd14f180 irq 19
[    1.937508] ata3: SATA max UDMA/133 abar m1024@0xfd14f000 port 
0xfd14f200 irq 19
[    1.937513] ata4: SATA max UDMA/133 abar m1024@0xfd14f000 port 
0xfd14f280 irq 19
[    1.937673] i8042: PNP: No PS/2 controller found. Probing ports directly.
[    1.940273] serio: i8042 KBD port at 0x60,0x64 irq 1
[    1.940296] serio: i8042 AUX port at 0x60,0x64 irq 12
[    1.940554] mousedev: PS/2 mouse device common for all mice
[    1.940637] rtc_cmos 00:05: RTC can wake from S4
[    1.940795] rtc_cmos 00:05: rtc core: registered rtc_cmos as rtc0
[    1.940827] rtc_cmos 00:05: alarms up to one month, y3k, 114 bytes 
nvram, hpet irqs
[    1.940913] device-mapper: uevent: version 1.0.3
[    1.940994] device-mapper: ioctl: 4.24.0-ioctl (2013-01-15) 
initialised: dm-devel@redhat.com
[    1.941298] device-mapper: cache-policy-mq: version 1.0.0 loaded
[    1.941308] device-mapper: cache cleaner: version 1.0.0 loaded
[    1.941377] cpuidle: using governor ladder
[    1.941474] cpuidle: using governor menu
[    1.941559] drop_monitor: Initializing network drop monitor service
[    1.941678] TCP: cubic registered
[    1.941774] NET: Registered protocol family 10
[    1.942161] mip6: Mobile IPv6
[    1.942166] NET: Registered protocol family 17
[    1.942187] Key type dns_resolver registered
[    1.942561] PM: Hibernation image not present or could not be loaded.
[    1.942579] registered taskstats version 1
[    1.944118] rtc_cmos 00:05: setting system clock to 2014-02-04 
05:59:49 UTC (1391493589)
[    1.944220] acpi-cpufreq: overriding BIOS provided _PSD data
[    2.256338] ata4: SATA link down (SStatus 0 SControl 300)
[    2.256457] ata3: SATA link down (SStatus 0 SControl 300)
[    2.428333] ata1: SATA link up 6.0 Gbps (SStatus 133 SControl 300)
[    2.428388] ata2: SATA link up 3.0 Gbps (SStatus 123 SControl 300)
[    2.430118] ata2.00: ATA-7: Hitachi HDT725032VLA360, V54OA7EA, max 
UDMA/133
[    2.430134] ata2.00: 625142448 sectors, multi 16: LBA48 NCQ (depth 
31/32), AA
[    2.431852] ata2.00: configured for UDMA/133
[    2.435308] ata1.00: ATA-8: WDC WD20EARX-00PASB0, 51.0AB51, max UDMA/133
[    2.435324] ata1.00: 3907029168 sectors, multi 16: LBA48 NCQ (depth 
31/32), AA
[    2.442270] ata1.00: configured for UDMA/133
[    2.442707] scsi 0:0:0:0: Direct-Access     ATA      WDC WD20EARX-00P 
51.0 PQ: 0 ANSI: 5
[    2.443630] scsi 1:0:0:0: Direct-Access     ATA      Hitachi HDT72503 
V54O PQ: 0 ANSI: 5
[    2.446902] Freeing unused kernel memory: 912k freed
[    2.447571] Write protecting the kernel read-only data: 8192k
[    2.456810] Freeing unused kernel memory: 1056k freed
[    2.460769] Freeing unused kernel memory: 356k freed
[    2.504447] systemd-udevd[80]: starting version 204
[    2.547552] ACPI: bus type USB registered
[    2.547608] usbcore: registered new interface driver usbfs
[    2.547633] usbcore: registered new interface driver hub
[    2.548866] usbcore: registered new device driver usb
[    2.549513] ehci_hcd: USB 2.0 'Enhanced' Host Controller (EHCI) Driver
[    2.549776] ehci-pci: EHCI PCI platform driver
[    2.550006] ehci-pci 0000:00:12.2: EHCI Host Controller
[    2.550019] ehci-pci 0000:00:12.2: new USB bus registered, assigned 
bus number 1
[    2.550036] QUIRK: Enable AMD PLL fix
[    2.550041] ehci-pci 0000:00:12.2: applying AMD 
SB700/SB800/Hudson-2/3 EHCI dummy qh workaround
[    2.550057] ehci-pci 0000:00:12.2: debug port 1
[    2.550132] ehci-pci 0000:00:12.2: irq 17, io mem 0xfd14d000
[    2.550736] ohci_hcd: USB 1.1 'Open' Host Controller (OHCI) Driver
[    2.560147] ehci-pci 0000:00:12.2: USB 2.0 started, EHCI 1.00
[    2.560202] usb usb1: New USB device found, idVendor=1d6b, idProduct=0002
[    2.560207] usb usb1: New USB device strings: Mfr=3, Product=2, 
SerialNumber=1
[    2.560212] usb usb1: Product: EHCI Host Controller
[    2.560215] usb usb1: Manufacturer: Linux 3.10.28-agathe ehci_hcd
[    2.560219] usb usb1: SerialNumber: 0000:00:12.2
[    2.560479] hub 1-0:1.0: USB hub found
[    2.560494] hub 1-0:1.0: 5 ports detected
[    2.560908] ehci-pci 0000:00:13.2: EHCI Host Controller
[    2.560920] ehci-pci 0000:00:13.2: new USB bus registered, assigned 
bus number 2
[    2.560930] ehci-pci 0000:00:13.2: applying AMD 
SB700/SB800/Hudson-2/3 EHCI dummy qh workaround
[    2.560949] ehci-pci 0000:00:13.2: debug port 1
[    2.560998] ehci-pci 0000:00:13.2: irq 17, io mem 0xfd14b000
[    2.572180] ehci-pci 0000:00:13.2: USB 2.0 started, EHCI 1.00
[    2.572237] usb usb2: New USB device found, idVendor=1d6b, idProduct=0002
[    2.572242] usb usb2: New USB device strings: Mfr=3, Product=2, 
SerialNumber=1
[    2.572246] usb usb2: Product: EHCI Host Controller
[    2.572250] usb usb2: Manufacturer: Linux 3.10.28-agathe ehci_hcd
[    2.572254] usb usb2: SerialNumber: 0000:00:13.2
[    2.572496] hub 2-0:1.0: USB hub found
[    2.572509] hub 2-0:1.0: 5 ports detected
[    2.572919] ehci-pci 0000:00:16.2: EHCI Host Controller
[    2.572934] ehci-pci 0000:00:16.2: new USB bus registered, assigned 
bus number 3
[    2.572943] ehci-pci 0000:00:16.2: applying AMD 
SB700/SB800/Hudson-2/3 EHCI dummy qh workaround
[    2.572960] ehci-pci 0000:00:16.2: debug port 1
[    2.573011] ehci-pci 0000:00:16.2: irq 17, io mem 0xfd148000
[    2.584133] ehci-pci 0000:00:16.2: USB 2.0 started, EHCI 1.00
[    2.584194] usb usb3: New USB device found, idVendor=1d6b, idProduct=0002
[    2.584199] usb usb3: New USB device strings: Mfr=3, Product=2, 
SerialNumber=1
[    2.584203] usb usb3: Product: EHCI Host Controller
[    2.584207] usb usb3: Manufacturer: Linux 3.10.28-agathe ehci_hcd
[    2.584211] usb usb3: SerialNumber: 0000:00:16.2
[    2.584468] hub 3-0:1.0: USB hub found
[    2.584478] hub 3-0:1.0: 4 ports detected
[    2.585180] ohci_hcd 0000:00:12.0: OHCI Host Controller
[    2.585198] ohci_hcd 0000:00:12.0: new USB bus registered, assigned 
bus number 4
[    2.585253] ohci_hcd 0000:00:12.0: irq 18, io mem 0xfd14e000
[    2.609781] sd 0:0:0:0: [sda] 3907029168 512-byte logical blocks: 
(2.00 TB/1.81 TiB)
[    2.609791] sd 0:0:0:0: [sda] 4096-byte physical blocks
[    2.609895] sd 0:0:0:0: [sda] Write Protect is off
[    2.609901] sd 0:0:0:0: [sda] Mode Sense: 00 3a 00 00
[    2.609947] sd 0:0:0:0: [sda] Write cache: enabled, read cache: 
enabled, doesn't support DPO or FUA
[    2.615959] sd 1:0:0:0: [sdb] 625142448 512-byte logical blocks: (320 
GB/298 GiB)
[    2.616118] sd 1:0:0:0: [sdb] Write Protect is off
[    2.616124] sd 1:0:0:0: [sdb] Mode Sense: 00 3a 00 00
[    2.616170] sd 1:0:0:0: [sdb] Write cache: enabled, read cache: 
enabled, doesn't support DPO or FUA
[    2.623474] xhci_hcd 0000:06:00.0: xHCI Host Controller
[    2.623494] xhci_hcd 0000:06:00.0: new USB bus registered, assigned 
bus number 5
[    2.633235]  sda: sda1 sda2 sda3
[    2.633818] sd 0:0:0:0: [sda] Attached SCSI disk
[    2.638818]  sdb: sdb1 sdb2 sdb3 sdb4
[    2.639553] sd 1:0:0:0: [sdb] Attached SCSI disk
[    2.640021] r8169 Gigabit Ethernet driver 2.3LK-NAPI loaded
[    2.640383] r8169 0000:03:00.0: irq 40 for MSI/MSI-X
[    2.640677] r8169 0000:03:00.0 eth0: RTL8168e/8111e at 
0xffffc9000061c000, f4:6d:04:70:a4:cf, XID 0c200000 IRQ 40
[    2.640682] r8169 0000:03:00.0 eth0: jumbo features [frames: 9200 
bytes, tx checksumming: ko]
[    2.642153] xhci_hcd 0000:06:00.0: irq 41 for MSI/MSI-X
[    2.642168] xhci_hcd 0000:06:00.0: irq 42 for MSI/MSI-X
[    2.642179] xhci_hcd 0000:06:00.0: irq 43 for MSI/MSI-X
[    2.642329] usb usb5: New USB device found, idVendor=1d6b, idProduct=0002
[    2.642334] usb usb5: New USB device strings: Mfr=3, Product=2, 
SerialNumber=1
[    2.642338] usb usb5: Product: xHCI Host Controller
[    2.642342] usb usb5: Manufacturer: Linux 3.10.28-agathe xhci_hcd
[    2.642345] usb usb5: SerialNumber: 0000:06:00.0
[    2.643010] xHCI xhci_add_endpoint called for root hub
[    2.643016] xHCI xhci_check_bandwidth called for root hub
[    2.643080] hub 5-0:1.0: USB hub found
[    2.643094] hub 5-0:1.0: 2 ports detected
[    2.643259] xhci_hcd 0000:06:00.0: xHCI Host Controller
[    2.643269] xhci_hcd 0000:06:00.0: new USB bus registered, assigned 
bus number 6
[    2.643323] usb usb6: New USB device found, idVendor=1d6b, idProduct=0003
[    2.643328] usb usb6: New USB device strings: Mfr=3, Product=2, 
SerialNumber=1
[    2.643331] usb usb6: Product: xHCI Host Controller
[    2.643335] usb usb6: Manufacturer: Linux 3.10.28-agathe xhci_hcd
[    2.643338] usb usb6: SerialNumber: 0000:06:00.0
[    2.643464] xHCI xhci_add_endpoint called for root hub
[    2.643467] xHCI xhci_check_bandwidth called for root hub
[    2.643511] hub 6-0:1.0: USB hub found
[    2.643524] hub 6-0:1.0: 2 ports detected
[    2.644319] usb usb4: New USB device found, idVendor=1d6b, idProduct=0001
[    2.644328] usb usb4: New USB device strings: Mfr=3, Product=2, 
SerialNumber=1
[    2.644332] usb usb4: Product: OHCI Host Controller
[    2.644336] usb usb4: Manufacturer: Linux 3.10.28-agathe ohci_hcd
[    2.644340] usb usb4: SerialNumber: 0000:00:12.0
[    2.644590] hub 4-0:1.0: USB hub found
[    2.644603] hub 4-0:1.0: 5 ports detected
[    2.645013] ohci_hcd 0000:00:13.0: OHCI Host Controller
[    2.645025] ohci_hcd 0000:00:13.0: new USB bus registered, assigned 
bus number 7
[    2.645060] ohci_hcd 0000:00:13.0: irq 18, io mem 0xfd14c000
[    2.646238] sd 0:0:0:0: Attached scsi generic sg0 type 0
[    2.646304] sd 1:0:0:0: Attached scsi generic sg1 type 0
[    2.682274] microcode: CPU0: patch_level=0x05000028
[    2.688608] microcode: CPU0: new patch_level=0x05000029
[    2.689611] microcode: CPU1: patch_level=0x05000028
[    2.695887] microcode: CPU1: new patch_level=0x05000029
[    2.696099] microcode: Microcode Update Driver: v2.00 
<tigran@aivazian.fsnet.co.uk>, Peter Oruba
[    2.704430] usb usb7: New USB device found, idVendor=1d6b, idProduct=0001
[    2.704440] usb usb7: New USB device strings: Mfr=3, Product=2, 
SerialNumber=1
[    2.704444] usb usb7: Product: OHCI Host Controller
[    2.704448] usb usb7: Manufacturer: Linux 3.10.28-agathe ohci_hcd
[    2.704452] usb usb7: SerialNumber: 0000:00:13.0
[    2.704659] hub 7-0:1.0: USB hub found
[    2.704671] hub 7-0:1.0: 5 ports detected
[    2.705072] ohci_hcd 0000:00:14.5: OHCI Host Controller
[    2.705086] ohci_hcd 0000:00:14.5: new USB bus registered, assigned 
bus number 8
[    2.705126] ohci_hcd 0000:00:14.5: irq 18, io mem 0xfd14a000
[    2.732210] firewire_ohci 0000:05:02.0: added OHCI v1.10 device as 
card 0, 4 IR + 8 IT contexts, quirks 0x11
[    2.764369] usb usb8: New USB device found, idVendor=1d6b, idProduct=0001
[    2.764385] usb usb8: New USB device strings: Mfr=3, Product=2, 
SerialNumber=1
[    2.764394] usb usb8: Product: OHCI Host Controller
[    2.764402] usb usb8: Manufacturer: Linux 3.10.28-agathe ohci_hcd
[    2.764409] usb usb8: SerialNumber: 0000:00:14.5
[    2.764830] hub 8-0:1.0: USB hub found
[    2.764850] hub 8-0:1.0: 2 ports detected
[    2.765423] ohci_hcd 0000:00:16.0: OHCI Host Controller
[    2.765444] ohci_hcd 0000:00:16.0: new USB bus registered, assigned 
bus number 9
[    2.765493] ohci_hcd 0000:00:16.0: irq 18, io mem 0xfd149000
[    2.772252] tsc: Refined TSC clocksource calibration: 1599.989 MHz
[    2.772270] Switching to clocksource tsc
[    2.824478] usb usb9: New USB device found, idVendor=1d6b, idProduct=0001
[    2.824494] usb usb9: New USB device strings: Mfr=3, Product=2, 
SerialNumber=1
[    2.824503] usb usb9: Product: OHCI Host Controller
[    2.824510] usb usb9: Manufacturer: Linux 3.10.28-agathe ohci_hcd
[    2.824518] usb usb9: SerialNumber: 0000:00:16.0
[    2.824917] hub 9-0:1.0: USB hub found
[    2.824937] hub 9-0:1.0: 4 ports detected
[    3.232506] firewire_core 0000:05:02.0: created device fw0: GUID 
001e8c00004f9c55, S400
[    3.294050] EXT4-fs (sda1): INFO: recovery required on readonly 
filesystem
[    3.294065] EXT4-fs (sda1): write access will be enabled during recovery
[    4.072674] EXT4-fs (sda1): orphan cleanup on readonly fs
[    4.072704] EXT4-fs (sda1): ext4_orphan_cleanup: deleting 
unreferenced inode 130794
[    4.072786] EXT4-fs (sda1): ext4_orphan_cleanup: deleting 
unreferenced inode 137946
[    4.072821] EXT4-fs (sda1): ext4_orphan_cleanup: deleting 
unreferenced inode 136826
[    4.072851] EXT4-fs (sda1): ext4_orphan_cleanup: deleting 
unreferenced inode 135203
[    4.072879] EXT4-fs (sda1): ext4_orphan_cleanup: deleting 
unreferenced inode 132176
[    4.072908] EXT4-fs (sda1): ext4_orphan_cleanup: deleting 
unreferenced inode 130923
[    4.072941] EXT4-fs (sda1): ext4_orphan_cleanup: deleting 
unreferenced inode 130748
[    4.072966] EXT4-fs (sda1): 7 orphan inodes deleted
[    4.072972] EXT4-fs (sda1): recovery complete
[    4.156270] EXT4-fs (sda1): mounted filesystem with ordered data 
mode. Opts: (null)
[    5.649896] systemd-udevd[361]: starting version 204
[    6.201833] wmi: Mapper loaded
[    6.242953] parport_pc 00:03: reported by Plug and Play ACPI
[    6.243017] parport0: PC-style at 0x378, irq 5 [PCSPP]
[    6.247912] piix4_smbus 0000:00:14.0: SMBus Host Controller at 0xb00, 
revision 0
[    6.254847] sp5100_tco: SP5100/SB800 TCO WatchDog Timer Driver v0.05
[    6.254943] sp5100_tco: PCI Revision ID: 0x42
[    6.255000] sp5100_tco: Using 0xfed80b00 for watchdog MMIO address
[    6.255014] sp5100_tco: Last reboot was not triggered by watchdog.
[    6.255683] sp5100_tco: initialized (0xffffc9000063eb00). 
heartbeat=60 sec (nowayout=0)
[    6.286841] [drm] Initialized drm 1.1.0 20060810
[    6.315608] snd_hda_intel 0000:00:01.1: irq 44 for MSI/MSI-X
[    6.366241] input: HD-Audio Generic HDMI/DP,pcm=3 as 
/devices/pci0000:00/0000:00:01.1/sound/card0/input2
[    6.370337] Linux video capture interface: v2.00
[    6.402861] input: PC Speaker as /devices/platform/pcspkr/input/input3
[    6.431381] input: HDA ATI SB Front Headphone as 
/devices/pci0000:00/0000:00:14.2/sound/card1/input4
[    6.431547] input: HDA ATI SB Line Out as 
/devices/pci0000:00/0000:00:14.2/sound/card1/input5
[    6.431664] input: HDA ATI SB Line as 
/devices/pci0000:00/0000:00:14.2/sound/card1/input6
[    6.431771] input: HDA ATI SB Rear Mic as 
/devices/pci0000:00/0000:00:14.2/sound/card1/input7
[    6.431879] input: HDA ATI SB Front Mic as 
/devices/pci0000:00/0000:00:14.2/sound/card1/input8
[    6.518986] [drm] radeon kernel modesetting enabled.
[    6.520561] [drm] initializing kernel modesetting (PALM 0x1002:0x9802 
0x1043:0x84A5).
[    6.520659] [drm] register mmio base: 0xFD100000
[    6.520664] [drm] register mmio size: 262144
[    6.520835] ATOM BIOS: AMD
[    6.520940] radeon 0000:00:01.0: VRAM: 384M 0x0000000000000000 - 
0x0000000017FFFFFF (384M used)
[    6.520951] radeon 0000:00:01.0: GTT: 512M 0x0000000018000000 - 
0x0000000037FFFFFF
[    6.520967] mtrr: type mismatch for c0000000,10000000 old: write-back 
new: write-combining
[    6.520973] [drm] Detected VRAM RAM=384M, BAR=256M
[    6.520978] [drm] RAM width 32bits DDR
[    6.521138] [TTM] Zone  kernel: Available graphics memory: 1826430 kiB
[    6.521144] [TTM] Initializing pool allocator
[    6.521159] [TTM] Initializing DMA pool allocator
[    6.521232] [drm] radeon: 384M of VRAM memory ready
[    6.521238] [drm] radeon: 512M of GTT memory ready.
[    6.794445] saa7164 driver loaded
[    6.796418] CORE saa7164[0]: subsystem: 0070:8940, board: Hauppauge 
WinTV-HVR2200 [card=9,autodetected]
[    6.796433] saa7164[0]/0: found at 0000:02:00.0, rev: 129, irq: 16, 
latency: 0, mmio: 0xfd800000
[    6.806757] kvm: Nested Virtualization enabled
[    6.806775] kvm: Nested Paging enabled
[    6.897761] [drm] GART: num cpu pages 131072, num gpu pages 131072
[    6.905967] [drm] Loading PALM Microcode
[    6.956308] saa7164_downloadfirmware() no first image
[    6.956392] saa7164_downloadfirmware() Waiting for firmware upload 
(NXP7164-2010-03-10.1.fw)
[    6.985899] [drm] PCIE GART of 512M enabled (table at 
0x0000000000273000).
[    6.986219] radeon 0000:00:01.0: WB enabled
[    6.986234] radeon 0000:00:01.0: fence driver on ring 0 use gpu addr 
0x0000000018000c00 and cpu addr 0xffff880139c3ec00
[    6.986244] radeon 0000:00:01.0: fence driver on ring 3 use gpu addr 
0x0000000018000c0c and cpu addr 0xffff880139c3ec0c
[    6.987276] radeon 0000:00:01.0: fence driver on ring 5 use gpu addr 
0x0000000000072118 and cpu addr 0xffffc90011632118
[    6.987288] [drm] Supports vblank timestamp caching Rev 1 (10.10.2010).
[    6.987293] [drm] Driver supports precise vblank timestamp query.
[    6.987349] radeon 0000:00:01.0: irq 45 for MSI/MSI-X
[    6.987384] radeon 0000:00:01.0: radeon: using MSI.
[    6.987445] [drm] radeon: irq initialized.
[    7.005296] [drm] ring test on 0 succeeded in 1 usecs
[    7.005367] [drm] ring test on 3 succeeded in 1 usecs
[    7.061149] [drm] ring test on 5 succeeded in 1 usecs
[    7.061164] [drm] UVD initialized successfully.
[    7.082098] [drm] ib test on ring 0 succeeded in 0 usecs
[    7.082138] [drm] ib test on ring 3 succeeded in 0 usecs
[    7.102845] [drm] ib test on ring 5 succeeded
[    7.124220] [drm] Radeon Display Connectors
[    7.124226] [drm] Connector 0:
[    7.124229] [drm]   HDMI-A-1
[    7.124231] [drm]   HPD1
[    7.124235] [drm]   DDC: 0x6430 0x6430 0x6434 0x6434 0x6438 0x6438 
0x643c 0x643c
[    7.124237] [drm]   Encoders:
[    7.124240] [drm]     DFP1: INTERNAL_UNIPHY
[    7.124243] [drm] Connector 1:
[    7.124245] [drm]   DVI-D-1
[    7.124247] [drm]   HPD2
[    7.124250] [drm]   DDC: 0x6440 0x6440 0x6444 0x6444 0x6448 0x6448 
0x644c 0x644c
[    7.124252] [drm]   Encoders:
[    7.124254] [drm]     DFP2: INTERNAL_UNIPHY
[    7.124256] [drm] Connector 2:
[    7.124258] [drm]   VGA-1
[    7.124261] [drm]   DDC: 0x64d8 0x64d8 0x64dc 0x64dc 0x64e0 0x64e0 
0x64e4 0x64e4
[    7.124263] [drm]   Encoders:
[    7.124265] [drm]     CRT1: INTERNAL_KLDSCP_DAC1
[    7.124384] [drm] Internal thermal controller without fan control
[    7.124513] [drm] radeon: power management initialized
[    7.138415] radeon 0000:00:01.0: No connectors reported connected 
with modes
[    7.138433] [drm] Cannot find any crtc or sizes - going 1024x768
[    7.140546] [drm] fb mappable at 0xC0375000
[    7.140552] [drm] vram apper at 0xC0000000
[    7.140557] [drm] size 3145728
[    7.140561] [drm] fb depth is 24
[    7.140565] [drm]    pitch is 4096
[    7.140826] fbcon: radeondrmfb (fb0) is primary device
[    7.151911] Console: switching to colour frame buffer device 128x48
[    7.156857] radeon 0000:00:01.0: fb0: radeondrmfb frame buffer device
[    7.156861] radeon 0000:00:01.0: registered panic notifier
[    7.156872] [drm] Initialized radeon 2.33.0 20080528 for 0000:00:01.0 
on minor 0
[    7.168925] cx2388x alsa driver version 0.0.9 loaded
[    7.169186] cx88/2: cx2388x MPEG-TS Driver Manager version 0.0.9 loaded
[    7.171004] cx88[0]: subsystem: 0070:9600, board: Hauppauge 
WinTV-HVR1300 DVB-T/Hybrid MPEG Encoder [card=56,autodetected], 
frontend(s): 1
[    7.221400] saa7164_downloadfirmware() firmware read 4019072 bytes.
[    7.221412] saa7164_downloadfirmware() firmware loaded.
[    7.221417] Firmware file header part 1:
[    7.221422]  .FirmwareSize = 0x0
[    7.221426]  .BSLSize = 0x0
[    7.221430]  .Reserved = 0x3d538
[    7.221434]  .Version = 0x3
[    7.221440] saa7164_downloadfirmware() SecBootLoader.FileSize = 4019072
[    7.221450] saa7164_downloadfirmware() FirmwareSize = 0x1fd6
[    7.221455] saa7164_downloadfirmware() BSLSize = 0x0
[    7.221459] saa7164_downloadfirmware() Reserved = 0x0
[    7.221464] saa7164_downloadfirmware() Version = 0x1661c00
[    7.290634] cx88[0]: i2c init: enabling analog demod on 
HVR1300/3000/4000 tuner
[    7.328194] cx88/0: cx2388x v4l2 driver version 0.0.9 loaded
[    7.456868] tda9887 9-0043: creating new instance
[    7.456882] tda9887 9-0043: tda988[5/6/7] found
[    7.457952] tuner 9-0043: Tuner 74 found with type(s) Radio TV.
[    7.462722] tuner 9-0061: Tuner -1 found with type(s) Radio TV.
[    7.514206] tveeprom 9-0050: Hauppauge model 96559, rev C5A0, serial# 
750453
[    7.514217] tveeprom 9-0050: MAC address is 00:0d:fe:0b:73:75
[    7.514224] tveeprom 9-0050: tuner model is Philips FMD1216ME (idx 
100, type 63)
[    7.514233] tveeprom 9-0050: TV standards PAL(B/G) PAL(I) SECAM(L/L') 
PAL(D/D1/K) ATSC/DVB Digital (eeprom 0xf4)
[    7.514241] tveeprom 9-0050: audio processor is CX882 (idx 33)
[    7.514247] tveeprom 9-0050: decoder processor is CX882 (idx 25)
[    7.514252] tveeprom 9-0050: has radio
[    7.514258] cx88[0]: hauppauge eeprom: model=96559
[    7.541631] tuner-simple 9-0061: creating new instance
[    7.541648] tuner-simple 9-0061: type set to 63 (Philips FMD1216ME 
MK3 Hybrid Tuner)
[    7.549908] cx88[0]/1: CX88x/0: ALSA support for cx2388x boards
[    7.550393] cx88[0]/2: cx2388x 8802 Driver Manager
[    7.550528] cx88[0]/2: found at 0000:05:00.2, rev: 5, irq: 18, 
latency: 32, mmio: 0xfa000000
[    7.550845] cx88[0]/0: found at 0000:05:00.0, rev: 5, irq: 18, 
latency: 32, mmio: 0xfc000000
[    7.556402] wm8775 9-001b: chip found @ 0x36 (cx88[0])
[    7.574222] cx88[0]/0: registered device video0 [v4l2]
[    7.574277] cx88[0]/0: registered device vbi0
[    7.574324] cx88[0]/0: registered device radio0
[    7.676572] cx88/2: cx2388x dvb driver version 0.0.9 loaded
[    7.676586] cx88/2: registering cx8802 driver, type: dvb access: shared
[    7.676597] cx88[0]/2: subsystem: 0070:9600, board: Hauppauge 
WinTV-HVR1300 DVB-T/Hybrid MPEG Encoder [card=56]
[    7.676605] cx88[0]/2: cx2388x based DVB/ATSC card
[    7.676610] cx8802_alloc_frontends() allocating 1 frontend(s)
[    7.712531] tuner-simple 9-0061: attaching existing instance
[    7.712546] tuner-simple 9-0061: type set to 63 (Philips FMD1216ME 
MK3 Hybrid Tuner)
[    7.717793] DVB: registering new adapter (cx88[0])
[    7.717804] cx88-mpeg driver manager 0000:05:00.2: DVB: registering 
adapter 0 frontend 0 (Conexant CX22702 DVB-T)...
[    7.764589] cx2388x blackbird driver version 0.0.9 loaded
[    7.764598] cx88/2: registering cx8802 driver, type: blackbird 
access: shared
[    7.764604] cx88[0]/2: subsystem: 0070:9600, board: Hauppauge 
WinTV-HVR1300 DVB-T/Hybrid MPEG Encoder [card=56]
[    7.764659] cx88[0]/2: cx23416 based mpeg encoder (blackbird 
reference design)
[    7.764888] cx88[0]/2-bb: Firmware and/or mailbox pointer not 
initialized or corrupted
[   11.064189] saa7164_downloadimage() Image downloaded, booting...
[   11.168178] saa7164_downloadimage() Image booted successfully.
[   11.168195] starting firmware download(2)
[   11.171209] cx88[0]/2-bb: Firmware upload successful.
[   11.178531] cx88[0]/2-bb: Firmware version is 0x02060039
[   11.203677] cx88[0]/2: registered device video1 [mpeg]
[   13.900247] saa7164_downloadimage() Image downloaded, booting...
[   15.564229] saa7164_downloadimage() Image booted successfully.
[   15.564245] firmware download complete.
[   15.613120] tveeprom 10-0000: Hauppauge model 89619, rev D3F2, 
serial# 7259593
[   15.613135] tveeprom 10-0000: MAC address is 00:0d:fe:6e:c5:c9
[   15.613144] tveeprom 10-0000: tuner model is NXP 18271C2_716x (idx 
152, type 4)
[   15.613153] tveeprom 10-0000: TV standards PAL(B/G) NTSC(M) PAL(I) 
SECAM(L/L') PAL(D/D1/K) ATSC/DVB Digital (eeprom 0xfc)
[   15.613160] tveeprom 10-0000: audio processor is SAA7164 (idx 43)
[   15.613167] tveeprom 10-0000: decoder processor is SAA7164 (idx 40)
[   15.613172] tveeprom 10-0000: has radio
[   15.613177] saa7164[0]: Hauppauge eeprom: model=89619
[   15.682922] tda18271 11-0060: creating new instance
[   15.687861] TDA18271HD/C2 detected @ 11-0060
[   15.945835] DVB: registering new adapter (saa7164)
[   15.945863] saa7164 0000:02:00.0: DVB: registering adapter 5 frontend 
0 (NXP TDA10048HN DVB-T)...
[   15.978111] tda18271 12-0060: creating new instance
[   15.982888] TDA18271HD/C2 detected @ 12-0060
[   16.237263] tda18271: performing RF tracking filter calibration
[   18.593977] tda18271: RF tracking filter calibration complete
[   18.598242] DVB: registering new adapter (saa7164)
[   18.598270] saa7164 0000:02:00.0: DVB: registering adapter 6 frontend 
0 (NXP TDA10048HN DVB-T)...
[   18.600473] saa7164[0]: registered device video2 [mpeg]
[   18.832032] saa7164[0]: registered device video3 [mpeg]
[   19.045058] saa7164[0]: registered device vbi1 [vbi]
[   19.045547] saa7164[0]: registered device vbi2 [vbi]
[   20.099660] EXT4-fs (sda1): re-mounted. Opts: (null)
[   20.301282] EXT4-fs (sda1): re-mounted. Opts: 
errors=remount-ro,errors=remount-ro
[   65.668628] fuse init (API version 7.22)
[   65.698755] loop: module loaded
[   65.872334] kjournald starting.  Commit interval 5 seconds
[   65.873528] EXT3-fs (sdb2): using internal journal
[   65.873547] EXT3-fs (sdb2): mounted filesystem with ordered data mode
[   65.986072] EXT4-fs (sda3): mounted filesystem with ordered data 
mode. Opts: (null)
[   67.883711] r8169 0000:03:00.0 eth0: link down
[   67.883742] r8169 0000:03:00.0 eth0: link down
[   67.884002] IPv6: ADDRCONF(NETDEV_UP): eth0: link is not ready
[   68.350241] RPC: Registered named UNIX socket transport module.
[   68.350250] RPC: Registered udp transport module.
[   68.350253] RPC: Registered tcp transport module.
[   68.350256] RPC: Registered tcp NFSv4.1 backchannel transport module.
[   68.356583] FS-Cache: Loaded
[   68.385802] FS-Cache: Netfs 'nfs' registered for caching
[   68.443954] Installing knfsd (copyright (C) 1996 okir@monad.swb.de).
[   69.792591] r8169 0000:03:00.0 eth0: link up
[   69.792608] IPv6: ADDRCONF(NETDEV_CHANGE): eth0: link becomes ready
[   98.696111] NFSD: Using /var/lib/nfs/v4recovery as the NFSv4 state 
recovery directory
[   98.701090] NFSD: starting 90-second grace period (net ffffffff8187b840)
[  108.112832] tda10048_firmware_upload: waiting for firmware upload 
(dvb-fe-tda10048-1.0.fw)...
[  108.234351] tda10048_firmware_upload: firmware read 24878 bytes.
[  108.234364] tda10048_firmware_upload: firmware uploading
[  109.319059] ip_tables: (C) 2000-2006 Netfilter Core Team
[  109.648694] nf_conntrack version 0.5.0 (16384 buckets, 65536 max)
[  109.749293] ip6_tables: (C) 2000-2006 Netfilter Core Team
[  111.205888] tda10048_firmware_upload: firmware uploaded
[  111.507956] tda18271: performing RF tracking filter calibration
[  113.885642] tda18271: RF tracking filter calibration complete
[  114.895501] tda10048_firmware_upload: waiting for firmware upload 
(dvb-fe-tda10048-1.0.fw)...
[  114.895650] tda10048_firmware_upload: firmware read 24878 bytes.
[  114.895657] tda10048_firmware_upload: firmware uploading
[  117.878266] tda10048_firmware_upload: firmware uploaded
[  117.932627] tda18271: performing RF tracking filter calibration
[  120.306101] tda18271: RF tracking filter calibration complete
[  252.260633] IN=eth0 OUT= 
MAC=f4:6d:04:70:a4:cf:24:65:11:8e:46:a2:08:00 SRC=212.227.17.170 
DST=192.168.22.1 LEN=52 TOS=0x00 PREC=0x00 TTL=57 ID=59184 DF PROTO=TCP 
SPT=993 DPT=44091 WINDOW=33 RES=0x00 ACK URGP=0
[  253.180255] IN=eth0 OUT= 
MAC=f4:6d:04:70:a4:cf:24:65:11:8e:46:a2:08:00 SRC=212.227.17.170 
DST=192.168.22.1 LEN=52 TOS=0x00 PREC=0x00 TTL=57 ID=17697 DF PROTO=TCP 
SPT=993 DPT=44094 WINDOW=33 RES=0x00 ACK URGP=0
[  312.411961] IN=eth0 OUT= 
MAC=f4:6d:04:70:a4:cf:24:65:11:8e:46:a2:08:00 SRC=212.227.17.170 
DST=192.168.22.1 LEN=52 TOS=0x00 PREC=0x00 TTL=57 ID=59185 DF PROTO=TCP 
SPT=993 DPT=44091 WINDOW=33 RES=0x00 ACK URGP=0
[  313.335593] IN=eth0 OUT= 
MAC=f4:6d:04:70:a4:cf:24:65:11:8e:46:a2:08:00 SRC=212.227.17.170 
DST=192.168.22.1 LEN=52 TOS=0x00 PREC=0x00 TTL=57 ID=17698 DF PROTO=TCP 
SPT=993 DPT=44094 WINDOW=33 RES=0x00 ACK URGP=0
[  372.571405] IN=eth0 OUT= 
MAC=f4:6d:04:70:a4:cf:24:65:11:8e:46:a2:08:00 SRC=212.227.17.170 
DST=192.168.22.1 LEN=52 TOS=0x00 PREC=0x00 TTL=57 ID=59186 DF PROTO=TCP 
SPT=993 DPT=44091 WINDOW=33 RES=0x00 ACK URGP=0
[  373.494979] IN=eth0 OUT= 
MAC=f4:6d:04:70:a4:cf:24:65:11:8e:46:a2:08:00 SRC=212.227.17.170 
DST=192.168.22.1 LEN=52 TOS=0x00 PREC=0x00 TTL=57 ID=17699 DF PROTO=TCP 
SPT=993 DPT=44094 WINDOW=33 RES=0x00 ACK URGP=0
[  432.730859] IN=eth0 OUT= 
MAC=f4:6d:04:70:a4:cf:24:65:11:8e:46:a2:08:00 SRC=212.227.17.170 
DST=192.168.22.1 LEN=52 TOS=0x00 PREC=0x00 TTL=57 ID=59187 DF PROTO=TCP 
SPT=993 DPT=44091 WINDOW=33 RES=0x00 ACK RST URGP=0
[  433.654507] IN=eth0 OUT= 
MAC=f4:6d:04:70:a4:cf:24:65:11:8e:46:a2:08:00 SRC=212.227.17.170 
DST=192.168.22.1 LEN=52 TOS=0x00 PREC=0x00 TTL=57 ID=17700 DF PROTO=TCP 
SPT=993 DPT=44094 WINDOW=33 RES=0x00 ACK RST URGP=0
[ 8696.054204] PM: Syncing filesystems ... done.
[ 8696.076986] PM: Preparing system for mem sleep
[ 8696.082380] Freezing user space processes ... (elapsed 0.01 seconds) 
done.
[ 8696.095520] Freezing remaining freezable tasks ... (elapsed 0.01 
seconds) done.
[ 8696.111741] PM: Entering mem sleep
[ 8696.111831] Suspending console(s) (use no_console_suspend to debug)
[ 8696.114014] tda9887 9-0043: i2c i/o error: rc == -6 (should be 4)
[ 8696.114832] sd 1:0:0:0: [sdb] Synchronizing SCSI cache
[ 8696.114961] sd 1:0:0:0: [sdb] Stopping disk
[ 8696.114978] sd 0:0:0:0: [sda] Synchronizing SCSI cache
[ 8696.117643] serial 00:0a: disabled
[ 8696.117653] serial 00:0a: System wakeup disabled by ACPI
[ 8696.118023] parport_pc 00:03: disabled
[ 8696.159555] sd 0:0:0:0: [sda] Stopping disk
[ 8696.597765] PM: suspend of devices complete after 485.735 msecs
[ 8696.598025] PM: late suspend of devices complete after 0.255 msecs
[ 8696.598280] pcieport 0000:00:15.3: System wakeup enabled by ACPI
[ 8696.611881] r8169 0000:03:00.0: System wakeup enabled by ACPI
[ 8696.627876] ehci-pci 0000:00:16.2: System wakeup enabled by ACPI
[ 8696.643677] ohci_hcd 0000:00:16.0: System wakeup enabled by ACPI
[ 8696.643881] ohci_hcd 0000:00:14.5: System wakeup enabled by ACPI
[ 8696.644024] ehci-pci 0000:00:13.2: System wakeup enabled by ACPI
[ 8696.659677] ohci_hcd 0000:00:13.0: System wakeup enabled by ACPI
[ 8696.659723] ehci-pci 0000:00:12.2: System wakeup enabled by ACPI
[ 8696.675686] ohci_hcd 0000:00:12.0: System wakeup enabled by ACPI
[ 8696.675741] PM: noirq suspend of devices complete after 77.712 msecs
[ 8696.675774] ACPI: Preparing to enter system sleep state S3
[ 8696.675914] [Firmware Bug]: ACPI: BIOS _OSI(Linux) query ignored
[ 8697.188081] PM: Saving platform NVS memory
[ 8697.189270] Disabling non-boot CPUs ...
[ 8697.190113] Broke affinity for irq 18
[ 8697.190118] Broke affinity for irq 40
[ 8697.291443] smpboot: CPU 1 is now offline
[ 8697.292263] ACPI: Low-level resume complete
[ 8697.292317] PM: Restoring platform NVS memory
[ 8697.293049] LVT offset 0 assigned for vector 0x400
[ 8697.299395] microcode: CPU0: new patch_level=0x05000029
[ 8697.299471] Enabling non-boot CPUs ...
[ 8697.299649] smpboot: Booting Node 0 Processor 1 APIC 0x1
[ 8697.319368] microcode: CPU1: new patch_level=0x05000029
[ 8697.319377] CPU1 is up
[ 8697.319929] ACPI: Waking up from system sleep state S3
[ 8697.752721] ahci 0000:00:11.0: set SATA to AHCI mode
[ 8697.752770] ohci_hcd 0000:00:12.0: System wakeup disabled by ACPI
[ 8697.768692] ehci-pci 0000:00:12.2: System wakeup disabled by ACPI
[ 8697.768734] ohci_hcd 0000:00:13.0: System wakeup disabled by ACPI
[ 8697.784692] ehci-pci 0000:00:13.2: System wakeup disabled by ACPI
[ 8697.800768] ohci_hcd 0000:00:14.5: System wakeup disabled by ACPI
[ 8697.801011] ohci_hcd 0000:00:16.0: System wakeup disabled by ACPI
[ 8697.816693] ehci-pci 0000:00:16.2: System wakeup disabled by ACPI
[ 8697.880726] pcieport 0000:00:15.3: System wakeup disabled by ACPI
[ 8697.880860] PM: noirq resume of devices complete after 159.870 msecs
[ 8697.881043] PM: early resume of devices complete after 0.146 msecs
[ 8697.881462] snd_hda_intel 0000:00:01.1: irq 44 for MSI/MSI-X
[ 8697.882677] r8169 0000:03:00.0: System wakeup disabled by ACPI
[ 8697.885118] [drm] PCIE GART of 512M enabled (table at 
0x0000000000273000).
[ 8697.885372] radeon 0000:00:01.0: WB enabled
[ 8697.885377] radeon 0000:00:01.0: fence driver on ring 0 use gpu addr 
0x0000000018000c00 and cpu addr 0xffff880139c3ec00
[ 8697.885381] radeon 0000:00:01.0: fence driver on ring 3 use gpu addr 
0x0000000018000c0c and cpu addr 0xffff880139c3ec0c
[ 8697.886156] radeon 0000:00:01.0: fence driver on ring 5 use gpu addr 
0x0000000000072118 and cpu addr 0xffffc90011632118
[ 8697.902576] pci 0000:04:00.0: setting latency timer to 64
[ 8697.902762] usb usb5: root hub lost power or was reset
[ 8697.902765] usb usb6: root hub lost power or was reset
[ 8697.913348] parport_pc 00:03: activated
[ 8697.914679] serial 00:0a: activated
[ 8697.915043] xhci_hcd 0000:06:00.0: irq 41 for MSI/MSI-X
[ 8697.915052] xhci_hcd 0000:06:00.0: irq 42 for MSI/MSI-X
[ 8697.915061] xhci_hcd 0000:06:00.0: irq 43 for MSI/MSI-X
[ 8697.915329] [drm] ring test on 0 succeeded in 1 usecs
[ 8697.915389] [drm] ring test on 3 succeeded in 1 usecs
[ 8697.971358] [drm] ring test on 5 succeeded in 1 usecs
[ 8697.971361] [drm] UVD initialized successfully.
[ 8697.991516] [drm] ib test on ring 0 succeeded in 0 usecs
[ 8697.991552] [drm] ib test on ring 3 succeeded in 1 usecs
[ 8698.012238] [drm] ib test on ring 5 succeeded
[ 8698.043483] r8169 0000:03:00.0 eth0: link down
[ 8698.236657] ata3: SATA link down (SStatus 0 SControl 300)
[ 8698.236695] ata4: SATA link down (SStatus 0 SControl 300)
[ 8698.480667] firewire_core 0000:05:02.0: rediscovered device fw0
[ 8700.249659] r8169 0000:03:00.0 eth0: link up
[ 8704.680529] ata2: SATA link up 3.0 Gbps (SStatus 123 SControl 300)
[ 8704.695277] ata2.00: configured for UDMA/133
[ 8704.708610] sd 1:0:0:0: [sdb] Starting disk
[ 8708.020472] ata1: softreset failed (device not ready)
[ 8709.408473] ata1: SATA link up 6.0 Gbps (SStatus 133 SControl 300)
[ 8709.444074] ata1.00: configured for UDMA/133
[ 8709.459741] sd 0:0:0:0: [sda] Starting disk
[ 8709.478594] tda9887 9-0043: i2c i/o error: rc == -6 (should be 4)
[ 8709.479558] tda9887 9-0043: i2c i/o error: rc == -6 (should be 4)
[ 8709.480536] tuner-simple 9-0061: i2c i/o error: rc == -6 (should be 4)
[ 8709.480568] PM: resume of devices complete after 11599.700 msecs
[ 8709.482105] PM: Finishing wakeup.
[ 8709.482108] Restarting tasks ... done.
[ 8711.373436] cx22702_readreg: error (reg == 0x0a, ret == -6)
[ 8711.374559] cx22702_readreg: error (reg == 0x23, ret == -6)
[ 8711.376483] saa7164[0]: Dumping the bus structure:
[ 8711.376505] saa7164[0]:  .type             = 2
[ 8711.376518] saa7164[0]:  .dev->bmmio       = 0xffffc90010d00000
[ 8711.376528] saa7164[0]:  .m_wMaxReqSize    = 0x100
[ 8711.376534] saa7164[0]:  .m_pdwSetRing     = 0xffffc90010d01000
[ 8711.376547] saa7164[0]:  .m_dwSizeSetRing  = 0x1000
[ 8711.376552] saa7164[0]:  .m_pdwGetRing     = 0xffffc90010d02000
[ 8711.376565] saa7164[0]:  .m_dwSizeGetRing  = 0x1000
[ 8711.376573] saa7164[0]:  .m_dwSetReadPos   = 0xf4 (0xe99b020a)
[ 8711.376588] saa7164[0]:  .m_dwSetWritePos  = 0xf0 (0x29dee487)
[ 8711.376599] saa7164[0]:  .m_dwGetReadPos   = 0xfc (0x32cc8948)
[ 8711.376610] saa7164[0]:  .m_dwGetWritePos  = 0xf8 (0x4bb18d66)
[ 8711.376705] ------------[ cut here ]------------
[ 8711.376820] kernel BUG at drivers/media/pci/saa7164/saa7164-bus.c:105!
[ 8711.376951] invalid opcode: 0000 [#1] SMP
[ 8711.377951] saa7164[0]: Dumping the bus structure:
[ 8711.377955] saa7164[0]:  .type             = 2
[ 8711.377963] saa7164[0]:  .dev->bmmio       = 0xffffc90010d00000
[ 8711.377965] saa7164[0]:  .m_wMaxReqSize    = 0x100
[ 8711.377968] saa7164[0]:  .m_pdwSetRing     = 0xffffc90010d01000
[ 8711.377970] saa7164[0]:  .m_dwSizeSetRing  = 0x1000
[ 8711.377972] saa7164[0]:  .m_pdwGetRing     = 0xffffc90010d02000
[ 8711.377974] saa7164[0]:  .m_dwSizeGetRing  = 0x1000
[ 8711.377979] saa7164[0]:  .m_dwSetReadPos   = 0xf4 (0xe99b020a)
[ 8711.377984] saa7164[0]:  .m_dwSetWritePos  = 0xf0 (0x29dee487)
[ 8711.377988] saa7164[0]:  .m_dwGetReadPos   = 0xfc (0x32cc8948)
[ 8711.377993] saa7164[0]:  .m_dwGetWritePos  = 0xf8 (0x4bb18d66)
[ 8711.377053] Modules linked in: ip6table_raw ip6table_mangle xt_mac 
ip6t_REJECT nf_conntrack_ipv6 nf_defrag_ipv6 ip6table_filter ip6_tables 
xt_LOG ipt_REJECT xt_tcpudp nf_conntrack_ipv4 nf_defrag_ipv4 xt_state 
nf_conntrack xt_multiport iptable_filter ip_tables x_tables nfsd 
auth_rpcgss nfs_acl nfs lockd fscache sunrpc ext3 jbd loop fuse tda18271 
tda10048 cx88_blackbird cx2341x cx22702 cx88_dvb videobuf_dvb 
cx88_vp3054_i2c wm8775 tuner_simple tuner_types tda9887 tda8290 cx8800 
tuner cx8802 cx88_alsa cx88xx btcx_risc videobuf_dma_sg kvm_amd saa7164 
dvb_core videobuf_core tveeprom rc_core radeon kvm snd_hda_codec_realtek 
v4l2_common pcspkr psmouse videodev drm_kms_helper snd_hda_codec_hdmi 
serio_raw k10temp ttm snd_hda_intel i2c_algo_bit snd_hda_codec drm 
snd_hwdep snd_pcm snd_page_alloc snd_timer sp5100_tco i2c_piix4 
parport_pc snd parport evdev wmi soundcore i2c_core microcode 
firewire_ohci firewire_core crc_itu_t sg r8169 mii xhci_hcd sd_mod 
crc_t10dif ohci_hcd ehci_pci ehci_hcd usbcore usb_common
[ 8711.380857] CPU: 0 PID: 4532 Comm: kdvb-ad-6-fe-0 Not tainted 
3.10.28-agathe #8
[ 8711.381001] Hardware name: System manufacturer System Product 
Name/E35M1-M PRO, BIOS 1602 08/06/2012
[ 8711.381178] task: ffff88011451e100 ti: ffff8800a05ae000 task.ti: 
ffff8800a05ae000
[ 8711.381325] RIP: 0010:[<ffffffffa02d8dea>]  [<ffffffffa02d8dea>] 
saa7164_bus_verify+0x7a/0x90 [saa7164]
[ 8711.381533] RSP: 0018:ffff8800a05af7e8  EFLAGS: 00010282
[ 8711.381641] RAX: 0000000000000032 RBX: ffff8801399e0000 RCX: 
00000000000000d6
[ 8711.381781] RDX: 000000000000007c RSI: 0000000000000046 RDI: 
ffffffff819dd330
[ 8711.381920] RBP: 0000000000000000 R08: 000000000000000a R09: 
000000000000042e
[ 8711.382060] R10: 0000000000000000 R11: ffff8800a05af54e R12: 
ffff8800a05af87a
[ 8711.382199] R13: ffff8800a05af87a R14: 0000000000000002 R15: 
ffff8801399e0000
[ 8711.382340] FS:  00007f846d2b7700(0000) GS:ffff88013ec00000(0000) 
knlGS:0000000000000000
[ 8711.382497] CS:  0010 DS: 0000 ES: 0000 CR0: 000000008005003b
[ 8711.382612] CR2: 00007f512bb87138 CR3: 00000000a35f0000 CR4: 
00000000000007f0
[ 8711.382751] DR0: 0000000000000000 DR1: 0000000000000000 DR2: 
0000000000000000
[ 8711.382890] DR3: 0000000000000000 DR6: 00000000ffff0ff0 DR7: 
0000000000000400
[ 8711.383027] Stack:
[ 8711.383074]  ffffffffa02d8e36 ffff8800a05afa2e 00001f00db4cc57f 
00000000db4cc57f
[ 8711.383252]  ffff8801399e0000 0000000000000000 ffff8800a05af87a 
0000000000000085
[ 8711.383428]  0000000000000002 0000000000000000 ffffffffa02da190 
00001f0000000000
[ 8711.388731] Call Trace:
[ 8711.393980]  [<ffffffffa02d8e36>] ? saa7164_bus_set+0x36/0x5a0 [saa7164]
[ 8711.399342]  [<ffffffffa02da190>] ? saa7164_cmd_send+0x220/0xcf0 
[saa7164]
[ 8711.404638]  [<ffffffff81084d90>] ? wake_up_bit+0x40/0x40
[ 8711.409885]  [<ffffffffa02de79b>] ? saa7164_api_i2c_read+0xfb/0x300 
[saa7164]
[ 8711.415162]  [<ffffffffa02d6f51>] ? i2c_xfer+0xe1/0x180 [saa7164]
[ 8711.420416]  [<ffffffffa00af1b1>] ? __i2c_transfer+0x51/0x70 [i2c_core]
[ 8711.425654]  [<ffffffffa00afb11>] ? i2c_transfer+0x81/0xc0 [i2c_core]
[ 8711.430759]  [<ffffffffa0434163>] ? tda10048_readreg+0x73/0xc0 [tda10048]
[ 8711.435752]  [<ffffffffa0434dc7>] ? tda10048_read_status+0x27/0x80 
[tda10048]
[ 8711.440620]  [<ffffffffa02bb2d9>] ? dvb_frontend_swzigzag+0x119/0x380 
[dvb_core]
[ 8711.445369]  [<ffffffff81096a94>] ? update_curr+0xa4/0x120
[ 8711.450099]  [<ffffffff81097080>] ? dequeue_task_fair+0x280/0x8e0
[ 8711.454853]  [<ffffffff81094f50>] ? __dequeue_entity+0x40/0x50
[ 8711.459608]  [<ffffffff81096066>] ? pick_next_task_fair+0x56/0x1c0
[ 8711.464377]  [<ffffffff8106f3b2>] ? lock_timer_base.isra.35+0x32/0x70
[ 8711.469172]  [<ffffffff810700b4>] ? try_to_del_timer_sync+0x44/0x60
[ 8711.473983]  [<ffffffff8107011a>] ? del_timer_sync+0x4a/0x60
[ 8711.478792]  [<ffffffff814e8ce6>] ? schedule_timeout+0x186/0x2c0
[ 8711.483628]  [<ffffffff8106f120>] ? ftrace_raw_output_tick_stop+0x60/0x60
[ 8711.488529]  [<ffffffffa02bbf05>] ? dvb_frontend_thread+0x475/0x590 
[dvb_core]
[ 8711.493481]  [<ffffffff81084d90>] ? wake_up_bit+0x40/0x40
[ 8711.498465]  [<ffffffffa02bba90>] ? 
dvb_frontend_should_wakeup.isra.2+0x70/0x70 [dvb_core]
[ 8711.503392]  [<ffffffff810840af>] ? kthread+0xaf/0xc0
[ 8711.508173]  [<ffffffff81084000>] ? kthread_create_on_node+0x110/0x110
[ 8711.512839]  [<ffffffff814f22ec>] ? ret_from_fork+0x7c/0xb0
[ 8711.517365]  [<ffffffff81084000>] ? kthread_create_on_node+0x110/0x110
[ 8711.521782] Code: 00 83 e0 fc 48 03 47 30 8b 00 39 87 10 01 00 00 73 
1f c7 05 e9 59 01 00 ff ff 00 00 e8 80 fd ff ff c7 05 da 59 01 00 00 04 
00 00 <0f> 0b 0f 1f 40 00 85 d2 75 dd f3 c3 66 2e 0f 1f 84 00 00 00 00
[ 8711.531286] RIP  [<ffffffffa02d8dea>] saa7164_bus_verify+0x7a/0x90 
[saa7164]
[ 8711.535774]  RSP <ffff8800a05af7e8>
[ 8711.540170] ------------[ cut here ]------------
[ 8711.540248] ---[ end trace bfb6553ff6d381da ]---
[ 8711.548771] kernel BUG at drivers/media/pci/saa7164/saa7164-bus.c:105!
[ 8711.553022] invalid opcode: 0000 [#2] SMP
[ 8711.557273] Modules linked in: ip6table_raw ip6table_mangle xt_mac 
ip6t_REJECT nf_conntrack_ipv6 nf_defrag_ipv6 ip6table_filter ip6_tables 
xt_LOG ipt_REJECT xt_tcpudp nf_conntrack_ipv4 nf_defrag_ipv4 xt_state 
nf_conntrack xt_multiport iptable_filter ip_tables x_tables nfsd 
auth_rpcgss nfs_acl nfs lockd fscache sunrpc ext3 jbd loop fuse tda18271 
tda10048 cx88_blackbird cx2341x cx22702 cx88_dvb videobuf_dvb 
cx88_vp3054_i2c wm8775 tuner_simple tuner_types tda9887 tda8290 cx8800 
tuner cx8802 cx88_alsa cx88xx btcx_risc videobuf_dma_sg kvm_amd saa7164 
dvb_core videobuf_core tveeprom rc_core radeon kvm snd_hda_codec_realtek 
v4l2_common pcspkr psmouse videodev drm_kms_helper snd_hda_codec_hdmi 
serio_raw k10temp ttm snd_hda_intel i2c_algo_bit snd_hda_codec drm 
snd_hwdep snd_pcm snd_page_alloc snd_timer sp5100_tco i2c_piix4 
parport_pc snd parport evdev wmi soundcore i2c_core microcode 
firewire_ohci firewire_core crc_itu_t sg r8169 mii xhci_hcd sd_mod 
crc_t10dif ohci_hcd ehci_pci ehci_hcd usbcore usb_common
[ 8711.597161] CPU: 1 PID: 4540 Comm: kdvb-ad-5-fe-0 Tainted: G      D 
     3.10.28-agathe #8
[ 8711.602500] Hardware name: System manufacturer System Product 
Name/E35M1-M PRO, BIOS 1602 08/06/2012
[ 8711.607891] task: ffff8800a37041c0 ti: ffff8800a343c000 task.ti: 
ffff8800a343c000
[ 8711.613307] RIP: 0010:[<ffffffffa02d8dea>]  [<ffffffffa02d8dea>] 
saa7164_bus_verify+0x7a/0x90 [saa7164]
[ 8711.618892] RSP: 0018:ffff8800a343d7e8  EFLAGS: 00010282
[ 8711.624385] RAX: 0000000000000032 RBX: ffff8801399e0000 RCX: 
000000000000002f
[ 8711.629915] RDX: 0000000000000000 RSI: 0000000000000086 RDI: 
ffffffff81831260
[ 8711.635455] RBP: 0000000000000000 R08: 0000000000015570 R09: 
ffffffff819d288e
[ 8711.640954] R10: 0000000000000054 R11: 000000000000aa90 R12: 
ffff8800a343d87a
[ 8711.646432] R13: ffff8800a343d87a R14: 0000000000000002 R15: 
ffff8801399e0000
[ 8711.651886] FS:  00007fcbad971700(0000) GS:ffff88013ed00000(0000) 
knlGS:0000000000000000
[ 8711.657402] CS:  0010 DS: 0000 ES: 0000 CR0: 000000008005003b
[ 8711.662921] CR2: 00007f512b57f000 CR3: 00000001148ba000 CR4: 
00000000000007e0
[ 8711.668486] DR0: 0000000000000000 DR1: 0000000000000000 DR2: 
0000000000000000
[ 8711.674054] DR3: 0000000000000000 DR6: 00000000ffff0ff0 DR7: 
0000000000000400
[ 8711.679563] Stack:
[ 8711.684998]  ffffffffa02d8e36 ffff8800a343da2e 00001e000d883eff 
000000000d883eff
[ 8711.690621]  ffff8801399e0000 0000000000000000 ffff8800a343d87a 
0000000000000085
[ 8711.696275]  0000000000000002 0000000000000000 ffffffffa02da190 
00001e0000000000
[ 8711.701925] Call Trace:
[ 8711.707527]  [<ffffffffa02d8e36>] ? saa7164_bus_set+0x36/0x5a0 [saa7164]
[ 8711.713238]  [<ffffffffa02da190>] ? saa7164_cmd_send+0x220/0xcf0 
[saa7164]
[ 8711.718937]  [<ffffffff81084d90>] ? wake_up_bit+0x40/0x40
[ 8711.724632]  [<ffffffffa02de79b>] ? saa7164_api_i2c_read+0xfb/0x300 
[saa7164]
[ 8711.730365]  [<ffffffffa02d6f51>] ? i2c_xfer+0xe1/0x180 [saa7164]
[ 8711.736086]  [<ffffffffa00af1b1>] ? __i2c_transfer+0x51/0x70 [i2c_core]
[ 8711.741794]  [<ffffffffa00afb11>] ? i2c_transfer+0x81/0xc0 [i2c_core]
[ 8711.747460]  [<ffffffffa0434163>] ? tda10048_readreg+0x73/0xc0 [tda10048]
[ 8711.753085]  [<ffffffffa0434dc7>] ? tda10048_read_status+0x27/0x80 
[tda10048]
[ 8711.758733]  [<ffffffffa02bb2d9>] ? dvb_frontend_swzigzag+0x119/0x380 
[dvb_core]
[ 8711.764385]  [<ffffffff81096a94>] ? update_curr+0xa4/0x120
[ 8711.770019]  [<ffffffff81097080>] ? dequeue_task_fair+0x280/0x8e0
[ 8711.775554]  [<ffffffff81094f50>] ? __dequeue_entity+0x40/0x50
[ 8711.780954]  [<ffffffff81096066>] ? pick_next_task_fair+0x56/0x1c0
[ 8711.786284]  [<ffffffff8106f3b2>] ? lock_timer_base.isra.35+0x32/0x70
[ 8711.791582]  [<ffffffff810700b4>] ? try_to_del_timer_sync+0x44/0x60
[ 8711.796881]  [<ffffffff8107011a>] ? del_timer_sync+0x4a/0x60
[ 8711.802174]  [<ffffffff814e8ce6>] ? schedule_timeout+0x186/0x2c0
[ 8711.807443]  [<ffffffff8106f120>] ? ftrace_raw_output_tick_stop+0x60/0x60
[ 8711.812719]  [<ffffffffa02bbf05>] ? dvb_frontend_thread+0x475/0x590 
[dvb_core]
[ 8711.817894]  [<ffffffff81084d90>] ? wake_up_bit+0x40/0x40
[ 8711.822943]  [<ffffffffa02bba90>] ? 
dvb_frontend_should_wakeup.isra.2+0x70/0x70 [dvb_core]
[ 8711.827937]  [<ffffffff810840af>] ? kthread+0xaf/0xc0
[ 8711.832779]  [<ffffffff81084000>] ? kthread_create_on_node+0x110/0x110
[ 8711.837509]  [<ffffffff814f22ec>] ? ret_from_fork+0x7c/0xb0
[ 8711.842095]  [<ffffffff81084000>] ? kthread_create_on_node+0x110/0x110
[ 8711.846574] Code: 00 83 e0 fc 48 03 47 30 8b 00 39 87 10 01 00 00 73 
1f c7 05 e9 59 01 00 ff ff 00 00 e8 80 fd ff ff c7 05 da 59 01 00 00 04 
00 00 <0f> 0b 0f 1f 40 00 85 d2 75 dd f3 c3 66 2e 0f 1f 84 00 00 00 00
[ 8711.856141] RIP  [<ffffffffa02d8dea>] saa7164_bus_verify+0x7a/0x90 
[saa7164]
[ 8711.860614]  RSP <ffff8800a343d7e8>
[ 8711.865153] ---[ end trace bfb6553ff6d381db ]---
[ 8712.557412] cx22702_readreg: error (reg == 0x0a, ret == -6)
[ 8712.562756] cx22702_readreg: error (reg == 0x23, ret == -6)
[ 8713.613422] cx22702_readreg: error (reg == 0x0a, ret == -6)
[ 8713.618599] cx22702_readreg: error (reg == 0x23, ret == -6)

.config
#
# Automatically generated file; DO NOT EDIT.
# Linux/x86_64 3.10.28 Kernel Configuration
#
CONFIG_64BIT=y
CONFIG_X86_64=y
CONFIG_X86=y
CONFIG_INSTRUCTION_DECODER=y
CONFIG_OUTPUT_FORMAT="elf64-x86-64"
CONFIG_ARCH_DEFCONFIG="arch/x86/configs/x86_64_defconfig"
CONFIG_LOCKDEP_SUPPORT=y
CONFIG_STACKTRACE_SUPPORT=y
CONFIG_HAVE_LATENCYTOP_SUPPORT=y
CONFIG_MMU=y
CONFIG_NEED_DMA_MAP_STATE=y
CONFIG_NEED_SG_DMA_LENGTH=y
CONFIG_GENERIC_ISA_DMA=y
CONFIG_GENERIC_BUG=y
CONFIG_GENERIC_BUG_RELATIVE_POINTERS=y
CONFIG_GENERIC_HWEIGHT=y
CONFIG_ARCH_MAY_HAVE_PC_FDC=y
CONFIG_RWSEM_XCHGADD_ALGORITHM=y
CONFIG_GENERIC_CALIBRATE_DELAY=y
CONFIG_ARCH_HAS_CPU_RELAX=y
CONFIG_ARCH_HAS_CACHE_LINE_SIZE=y
CONFIG_ARCH_HAS_CPU_AUTOPROBE=y
CONFIG_HAVE_SETUP_PER_CPU_AREA=y
CONFIG_NEED_PER_CPU_EMBED_FIRST_CHUNK=y
CONFIG_NEED_PER_CPU_PAGE_FIRST_CHUNK=y
CONFIG_ARCH_HIBERNATION_POSSIBLE=y
CONFIG_ARCH_SUSPEND_POSSIBLE=y
CONFIG_ZONE_DMA32=y
CONFIG_AUDIT_ARCH=y
CONFIG_ARCH_SUPPORTS_OPTIMIZED_INLINING=y
CONFIG_ARCH_SUPPORTS_DEBUG_PAGEALLOC=y
CONFIG_HAVE_INTEL_TXT=y
CONFIG_X86_64_SMP=y
CONFIG_X86_HT=y
CONFIG_ARCH_HWEIGHT_CFLAGS="-fcall-saved-rdi -fcall-saved-rsi 
-fcall-saved-rdx -fcall-saved-rcx -fcall-saved-r8 -fcall-saved-r9 
-fcall-saved-r10 -fcall-saved-r11"
CONFIG_ARCH_CPU_PROBE_RELEASE=y
CONFIG_ARCH_SUPPORTS_UPROBES=y
CONFIG_DEFCONFIG_LIST="/lib/modules/$UNAME_RELEASE/.config"
CONFIG_IRQ_WORK=y
CONFIG_BUILDTIME_EXTABLE_SORT=y

#
# General setup
#
CONFIG_INIT_ENV_ARG_LIMIT=32
CONFIG_CROSS_COMPILE=""
CONFIG_LOCALVERSION="-agathe"
# CONFIG_LOCALVERSION_AUTO is not set
CONFIG_HAVE_KERNEL_GZIP=y
CONFIG_HAVE_KERNEL_BZIP2=y
CONFIG_HAVE_KERNEL_LZMA=y
CONFIG_HAVE_KERNEL_XZ=y
CONFIG_HAVE_KERNEL_LZO=y
CONFIG_KERNEL_GZIP=y
# CONFIG_KERNEL_BZIP2 is not set
# CONFIG_KERNEL_LZMA is not set
# CONFIG_KERNEL_XZ is not set
# CONFIG_KERNEL_LZO is not set
CONFIG_DEFAULT_HOSTNAME="(none)"
CONFIG_SWAP=y
CONFIG_SYSVIPC=y
CONFIG_SYSVIPC_SYSCTL=y
CONFIG_POSIX_MQUEUE=y
CONFIG_POSIX_MQUEUE_SYSCTL=y
CONFIG_FHANDLE=y
CONFIG_AUDIT=y
CONFIG_AUDITSYSCALL=y
CONFIG_AUDIT_WATCH=y
CONFIG_AUDIT_TREE=y
# CONFIG_AUDIT_LOGINUID_IMMUTABLE is not set
CONFIG_HAVE_GENERIC_HARDIRQS=y

#
# IRQ subsystem
#
CONFIG_GENERIC_HARDIRQS=y
CONFIG_GENERIC_IRQ_PROBE=y
CONFIG_GENERIC_IRQ_SHOW=y
CONFIG_GENERIC_PENDING_IRQ=y
CONFIG_IRQ_FORCED_THREADING=y
CONFIG_SPARSE_IRQ=y
CONFIG_CLOCKSOURCE_WATCHDOG=y
CONFIG_ARCH_CLOCKSOURCE_DATA=y
CONFIG_GENERIC_TIME_VSYSCALL=y
CONFIG_GENERIC_CLOCKEVENTS=y
CONFIG_GENERIC_CLOCKEVENTS_BUILD=y
CONFIG_GENERIC_CLOCKEVENTS_BROADCAST=y
CONFIG_GENERIC_CLOCKEVENTS_MIN_ADJUST=y
CONFIG_GENERIC_CMOS_UPDATE=y

#
# Timers subsystem
#
CONFIG_TICK_ONESHOT=y
CONFIG_NO_HZ_COMMON=y
# CONFIG_HZ_PERIODIC is not set
CONFIG_NO_HZ_IDLE=y
# CONFIG_NO_HZ_FULL is not set
CONFIG_NO_HZ=y
CONFIG_HIGH_RES_TIMERS=y

#
# CPU/Task time and stats accounting
#
CONFIG_TICK_CPU_ACCOUNTING=y
# CONFIG_VIRT_CPU_ACCOUNTING_GEN is not set
# CONFIG_IRQ_TIME_ACCOUNTING is not set
CONFIG_BSD_PROCESS_ACCT=y
CONFIG_BSD_PROCESS_ACCT_V3=y
CONFIG_TASKSTATS=y
CONFIG_TASK_DELAY_ACCT=y
CONFIG_TASK_XACCT=y
CONFIG_TASK_IO_ACCOUNTING=y

#
# RCU Subsystem
#
CONFIG_TREE_RCU=y
# CONFIG_PREEMPT_RCU is not set
CONFIG_RCU_STALL_COMMON=y
# CONFIG_RCU_USER_QS is not set
CONFIG_RCU_FANOUT=64
CONFIG_RCU_FANOUT_LEAF=16
# CONFIG_RCU_FANOUT_EXACT is not set
CONFIG_RCU_FAST_NO_HZ=y
# CONFIG_TREE_RCU_TRACE is not set
# CONFIG_RCU_NOCB_CPU is not set
CONFIG_IKCONFIG=m
CONFIG_IKCONFIG_PROC=y
CONFIG_LOG_BUF_SHIFT=17
CONFIG_HAVE_UNSTABLE_SCHED_CLOCK=y
CONFIG_ARCH_SUPPORTS_NUMA_BALANCING=y
CONFIG_ARCH_WANTS_PROT_NUMA_PROT_NONE=y
# CONFIG_NUMA_BALANCING is not set
CONFIG_CGROUPS=y
# CONFIG_CGROUP_DEBUG is not set
CONFIG_CGROUP_FREEZER=y
CONFIG_CGROUP_DEVICE=y
CONFIG_CPUSETS=y
CONFIG_PROC_PID_CPUSET=y
CONFIG_CGROUP_CPUACCT=y
CONFIG_RESOURCE_COUNTERS=y
# CONFIG_MEMCG is not set
# CONFIG_CGROUP_HUGETLB is not set
CONFIG_CGROUP_PERF=y
CONFIG_CGROUP_SCHED=y
CONFIG_FAIR_GROUP_SCHED=y
# CONFIG_CFS_BANDWIDTH is not set
# CONFIG_RT_GROUP_SCHED is not set
CONFIG_BLK_CGROUP=y
# CONFIG_DEBUG_BLK_CGROUP is not set
# CONFIG_CHECKPOINT_RESTORE is not set
CONFIG_NAMESPACES=y
CONFIG_UTS_NS=y
CONFIG_IPC_NS=y
# CONFIG_USER_NS is not set
CONFIG_PID_NS=y
CONFIG_NET_NS=y
CONFIG_UIDGID_CONVERTED=y
# CONFIG_UIDGID_STRICT_TYPE_CHECKS is not set
CONFIG_SCHED_AUTOGROUP=y
# CONFIG_SYSFS_DEPRECATED is not set
CONFIG_RELAY=y
CONFIG_BLK_DEV_INITRD=y
CONFIG_INITRAMFS_SOURCE=""
CONFIG_RD_GZIP=y
CONFIG_RD_BZIP2=y
CONFIG_RD_LZMA=y
CONFIG_RD_XZ=y
CONFIG_RD_LZO=y
# CONFIG_CC_OPTIMIZE_FOR_SIZE is not set
CONFIG_SYSCTL=y
CONFIG_ANON_INODES=y
CONFIG_HAVE_UID16=y
CONFIG_SYSCTL_EXCEPTION_TRACE=y
CONFIG_HOTPLUG=y
CONFIG_HAVE_PCSPKR_PLATFORM=y
# CONFIG_EXPERT is not set
CONFIG_UID16=y
# CONFIG_SYSCTL_SYSCALL is not set
CONFIG_KALLSYMS=y
# CONFIG_KALLSYMS_ALL is not set
CONFIG_PRINTK=y
CONFIG_BUG=y
CONFIG_ELF_CORE=y
CONFIG_PCSPKR_PLATFORM=y
CONFIG_BASE_FULL=y
CONFIG_FUTEX=y
CONFIG_EPOLL=y
CONFIG_SIGNALFD=y
CONFIG_TIMERFD=y
CONFIG_EVENTFD=y
CONFIG_SHMEM=y
CONFIG_AIO=y
CONFIG_PCI_QUIRKS=y
# CONFIG_EMBEDDED is not set
CONFIG_HAVE_PERF_EVENTS=y

#
# Kernel Performance Events And Counters
#
CONFIG_PERF_EVENTS=y
# CONFIG_DEBUG_PERF_USE_VMALLOC is not set
CONFIG_VM_EVENT_COUNTERS=y
# CONFIG_COMPAT_BRK is not set
CONFIG_SLAB=y
# CONFIG_SLUB is not set
CONFIG_PROFILING=y
CONFIG_TRACEPOINTS=y
# CONFIG_OPROFILE is not set
CONFIG_HAVE_OPROFILE=y
CONFIG_OPROFILE_NMI_TIMER=y
CONFIG_KPROBES=y
# CONFIG_JUMP_LABEL is not set
CONFIG_OPTPROBES=y
# CONFIG_HAVE_64BIT_ALIGNED_ACCESS is not set
CONFIG_HAVE_EFFICIENT_UNALIGNED_ACCESS=y
CONFIG_ARCH_USE_BUILTIN_BSWAP=y
CONFIG_KRETPROBES=y
CONFIG_USER_RETURN_NOTIFIER=y
CONFIG_HAVE_IOREMAP_PROT=y
CONFIG_HAVE_KPROBES=y
CONFIG_HAVE_KRETPROBES=y
CONFIG_HAVE_OPTPROBES=y
CONFIG_HAVE_KPROBES_ON_FTRACE=y
CONFIG_HAVE_ARCH_TRACEHOOK=y
CONFIG_HAVE_DMA_ATTRS=y
CONFIG_USE_GENERIC_SMP_HELPERS=y
CONFIG_GENERIC_SMP_IDLE_THREAD=y
CONFIG_HAVE_REGS_AND_STACK_ACCESS_API=y
CONFIG_HAVE_DMA_API_DEBUG=y
CONFIG_HAVE_HW_BREAKPOINT=y
CONFIG_HAVE_MIXED_BREAKPOINTS_REGS=y
CONFIG_HAVE_USER_RETURN_NOTIFIER=y
CONFIG_HAVE_PERF_EVENTS_NMI=y
CONFIG_HAVE_PERF_REGS=y
CONFIG_HAVE_PERF_USER_STACK_DUMP=y
CONFIG_HAVE_ARCH_JUMP_LABEL=y
CONFIG_ARCH_HAVE_NMI_SAFE_CMPXCHG=y
CONFIG_HAVE_CMPXCHG_LOCAL=y
CONFIG_HAVE_CMPXCHG_DOUBLE=y
CONFIG_ARCH_WANT_COMPAT_IPC_PARSE_VERSION=y
CONFIG_ARCH_WANT_OLD_COMPAT_IPC=y
CONFIG_HAVE_ARCH_SECCOMP_FILTER=y
CONFIG_SECCOMP_FILTER=y
CONFIG_HAVE_CONTEXT_TRACKING=y
CONFIG_HAVE_IRQ_TIME_ACCOUNTING=y
CONFIG_HAVE_ARCH_TRANSPARENT_HUGEPAGE=y
CONFIG_MODULES_USE_ELF_RELA=y
CONFIG_OLD_SIGSUSPEND3=y
CONFIG_COMPAT_OLD_SIGACTION=y

#
# GCOV-based kernel profiling
#
# CONFIG_GCOV_KERNEL is not set
# CONFIG_HAVE_GENERIC_DMA_COHERENT is not set
CONFIG_SLABINFO=y
CONFIG_RT_MUTEXES=y
CONFIG_BASE_SMALL=0
CONFIG_MODULES=y
CONFIG_MODULE_FORCE_LOAD=y
CONFIG_MODULE_UNLOAD=y
CONFIG_MODULE_FORCE_UNLOAD=y
CONFIG_MODVERSIONS=y
# CONFIG_MODULE_SRCVERSION_ALL is not set
# CONFIG_MODULE_SIG is not set
CONFIG_STOP_MACHINE=y
CONFIG_BLOCK=y
CONFIG_BLK_DEV_BSG=y
CONFIG_BLK_DEV_BSGLIB=y
CONFIG_BLK_DEV_INTEGRITY=y
# CONFIG_BLK_DEV_THROTTLING is not set

#
# Partition Types
#
CONFIG_PARTITION_ADVANCED=y
# CONFIG_ACORN_PARTITION is not set
# CONFIG_OSF_PARTITION is not set
# CONFIG_AMIGA_PARTITION is not set
# CONFIG_ATARI_PARTITION is not set
# CONFIG_MAC_PARTITION is not set
CONFIG_MSDOS_PARTITION=y
CONFIG_BSD_DISKLABEL=y
CONFIG_MINIX_SUBPARTITION=y
# CONFIG_SOLARIS_X86_PARTITION is not set
CONFIG_UNIXWARE_DISKLABEL=y
CONFIG_LDM_PARTITION=y
# CONFIG_LDM_DEBUG is not set
# CONFIG_SGI_PARTITION is not set
# CONFIG_ULTRIX_PARTITION is not set
# CONFIG_SUN_PARTITION is not set
# CONFIG_KARMA_PARTITION is not set
CONFIG_EFI_PARTITION=y
CONFIG_SYSV68_PARTITION=y
CONFIG_BLOCK_COMPAT=y

#
# IO Schedulers
#
CONFIG_IOSCHED_NOOP=y
CONFIG_IOSCHED_DEADLINE=y
CONFIG_IOSCHED_CFQ=y
CONFIG_CFQ_GROUP_IOSCHED=y
# CONFIG_DEFAULT_DEADLINE is not set
CONFIG_DEFAULT_CFQ=y
# CONFIG_DEFAULT_NOOP is not set
CONFIG_DEFAULT_IOSCHED="cfq"
CONFIG_PREEMPT_NOTIFIERS=y
CONFIG_ASN1=y
CONFIG_INLINE_SPIN_UNLOCK_IRQ=y
CONFIG_INLINE_READ_UNLOCK=y
CONFIG_INLINE_READ_UNLOCK_IRQ=y
CONFIG_INLINE_WRITE_UNLOCK=y
CONFIG_INLINE_WRITE_UNLOCK_IRQ=y
CONFIG_MUTEX_SPIN_ON_OWNER=y
CONFIG_FREEZER=y

#
# Processor type and features
#
CONFIG_ZONE_DMA=y
CONFIG_SMP=y
# CONFIG_X86_X2APIC is not set
# CONFIG_X86_MPPARSE is not set
# CONFIG_X86_EXTENDED_PLATFORM is not set
# CONFIG_X86_INTEL_LPSS is not set
CONFIG_X86_SUPPORTS_MEMORY_FAILURE=y
CONFIG_SCHED_OMIT_FRAME_POINTER=y
# CONFIG_HYPERVISOR_GUEST is not set
CONFIG_NO_BOOTMEM=y
CONFIG_MEMTEST=y
CONFIG_MK8=y
# CONFIG_MPSC is not set
# CONFIG_MCORE2 is not set
# CONFIG_MATOM is not set
# CONFIG_GENERIC_CPU is not set
CONFIG_X86_INTERNODE_CACHE_SHIFT=6
CONFIG_X86_L1_CACHE_SHIFT=6
CONFIG_X86_INTEL_USERCOPY=y
CONFIG_X86_USE_PPRO_CHECKSUM=y
CONFIG_X86_TSC=y
CONFIG_X86_CMPXCHG64=y
CONFIG_X86_CMOV=y
CONFIG_X86_MINIMUM_CPU_FAMILY=64
CONFIG_X86_DEBUGCTLMSR=y
CONFIG_CPU_SUP_INTEL=y
CONFIG_CPU_SUP_AMD=y
CONFIG_CPU_SUP_CENTAUR=y
CONFIG_HPET_TIMER=y
CONFIG_HPET_EMULATE_RTC=y
CONFIG_DMI=y
CONFIG_GART_IOMMU=y
# CONFIG_CALGARY_IOMMU is not set
CONFIG_SWIOTLB=y
CONFIG_IOMMU_HELPER=y
# CONFIG_MAXSMP is not set
CONFIG_NR_CPUS=8
# CONFIG_SCHED_SMT is not set
# CONFIG_SCHED_MC is not set
# CONFIG_PREEMPT_NONE is not set
CONFIG_PREEMPT_VOLUNTARY=y
# CONFIG_PREEMPT is not set
CONFIG_X86_LOCAL_APIC=y
CONFIG_X86_IO_APIC=y
CONFIG_X86_REROUTE_FOR_BROKEN_BOOT_IRQS=y
CONFIG_X86_MCE=y
# CONFIG_X86_MCE_INTEL is not set
CONFIG_X86_MCE_AMD=y
CONFIG_X86_MCE_THRESHOLD=y
# CONFIG_X86_MCE_INJECT is not set
# CONFIG_I8K is not set
CONFIG_MICROCODE=m
# CONFIG_MICROCODE_INTEL is not set
CONFIG_MICROCODE_AMD=y
CONFIG_MICROCODE_OLD_INTERFACE=y
CONFIG_X86_MSR=m
CONFIG_X86_CPUID=m
CONFIG_ARCH_PHYS_ADDR_T_64BIT=y
CONFIG_ARCH_DMA_ADDR_T_64BIT=y
CONFIG_DIRECT_GBPAGES=y
CONFIG_NUMA=y
# CONFIG_AMD_NUMA is not set
CONFIG_X86_64_ACPI_NUMA=y
CONFIG_NODES_SPAN_OTHER_NODES=y
# CONFIG_NUMA_EMU is not set
CONFIG_NODES_SHIFT=6
CONFIG_ARCH_SPARSEMEM_ENABLE=y
CONFIG_ARCH_SPARSEMEM_DEFAULT=y
CONFIG_ARCH_SELECT_MEMORY_MODEL=y
CONFIG_ARCH_PROC_KCORE_TEXT=y
CONFIG_ILLEGAL_POINTER_VALUE=0xdead000000000000
CONFIG_SELECT_MEMORY_MODEL=y
CONFIG_SPARSEMEM_MANUAL=y
CONFIG_SPARSEMEM=y
CONFIG_NEED_MULTIPLE_NODES=y
CONFIG_HAVE_MEMORY_PRESENT=y
CONFIG_SPARSEMEM_EXTREME=y
CONFIG_SPARSEMEM_VMEMMAP_ENABLE=y
CONFIG_SPARSEMEM_ALLOC_MEM_MAP_TOGETHER=y
CONFIG_SPARSEMEM_VMEMMAP=y
CONFIG_HAVE_MEMBLOCK=y
CONFIG_HAVE_MEMBLOCK_NODE_MAP=y
CONFIG_ARCH_DISCARD_MEMBLOCK=y
# CONFIG_MOVABLE_NODE is not set
# CONFIG_HAVE_BOOTMEM_INFO_NODE is not set
# CONFIG_MEMORY_HOTPLUG is not set
CONFIG_PAGEFLAGS_EXTENDED=y
CONFIG_SPLIT_PTLOCK_CPUS=4
CONFIG_COMPACTION=y
CONFIG_MIGRATION=y
CONFIG_PHYS_ADDR_T_64BIT=y
CONFIG_ZONE_DMA_FLAG=1
CONFIG_BOUNCE=y
CONFIG_NEED_BOUNCE_POOL=y
CONFIG_VIRT_TO_BUS=y
CONFIG_MMU_NOTIFIER=y
CONFIG_KSM=y
CONFIG_DEFAULT_MMAP_MIN_ADDR=65536
CONFIG_ARCH_SUPPORTS_MEMORY_FAILURE=y
# CONFIG_MEMORY_FAILURE is not set
CONFIG_TRANSPARENT_HUGEPAGE=y
# CONFIG_TRANSPARENT_HUGEPAGE_ALWAYS is not set
CONFIG_TRANSPARENT_HUGEPAGE_MADVISE=y
CONFIG_CROSS_MEMORY_ATTACH=y
CONFIG_CLEANCACHE=y
CONFIG_FRONTSWAP=y
CONFIG_X86_CHECK_BIOS_CORRUPTION=y
CONFIG_X86_BOOTPARAM_MEMORY_CORRUPTION_CHECK=y
CONFIG_X86_RESERVE_LOW=64
CONFIG_MTRR=y
CONFIG_MTRR_SANITIZER=y
CONFIG_MTRR_SANITIZER_ENABLE_DEFAULT=0
CONFIG_MTRR_SANITIZER_SPARE_REG_NR_DEFAULT=1
CONFIG_X86_PAT=y
CONFIG_ARCH_USES_PG_UNCACHED=y
CONFIG_ARCH_RANDOM=y
CONFIG_X86_SMAP=y
CONFIG_EFI=y
CONFIG_EFI_STUB=y
CONFIG_SECCOMP=y
CONFIG_CC_STACKPROTECTOR=y
# CONFIG_HZ_100 is not set
CONFIG_HZ_250=y
# CONFIG_HZ_300 is not set
# CONFIG_HZ_1000 is not set
CONFIG_HZ=250
CONFIG_SCHED_HRTICK=y
CONFIG_KEXEC=y
CONFIG_CRASH_DUMP=y
# CONFIG_KEXEC_JUMP is not set
CONFIG_PHYSICAL_START=0x1000000
CONFIG_RELOCATABLE=y
CONFIG_PHYSICAL_ALIGN=0x1000000
CONFIG_HOTPLUG_CPU=y
# CONFIG_BOOTPARAM_HOTPLUG_CPU0 is not set
# CONFIG_DEBUG_HOTPLUG_CPU0 is not set
# CONFIG_COMPAT_VDSO is not set
CONFIG_CMDLINE_BOOL=y
CONFIG_CMDLINE=""
# CONFIG_CMDLINE_OVERRIDE is not set
CONFIG_ARCH_ENABLE_MEMORY_HOTPLUG=y
CONFIG_USE_PERCPU_NUMA_NODE_ID=y

#
# Power management and ACPI options
#
CONFIG_ARCH_HIBERNATION_HEADER=y
CONFIG_SUSPEND=y
CONFIG_SUSPEND_FREEZER=y
CONFIG_HIBERNATE_CALLBACKS=y
CONFIG_HIBERNATION=y
CONFIG_PM_STD_PARTITION=""
CONFIG_PM_SLEEP=y
CONFIG_PM_SLEEP_SMP=y
# CONFIG_PM_AUTOSLEEP is not set
CONFIG_PM_WAKELOCKS=y
CONFIG_PM_WAKELOCKS_LIMIT=100
CONFIG_PM_WAKELOCKS_GC=y
CONFIG_PM_RUNTIME=y
CONFIG_PM=y
CONFIG_PM_DEBUG=y
CONFIG_PM_ADVANCED_DEBUG=y
# CONFIG_PM_TEST_SUSPEND is not set
CONFIG_PM_SLEEP_DEBUG=y
# CONFIG_PM_TRACE_RTC is not set
CONFIG_ACPI=y
CONFIG_ACPI_SLEEP=y
# CONFIG_ACPI_PROCFS is not set
# CONFIG_ACPI_PROCFS_POWER is not set
# CONFIG_ACPI_EC_DEBUGFS is not set
# CONFIG_ACPI_PROC_EVENT is not set
# CONFIG_ACPI_AC is not set
# CONFIG_ACPI_BATTERY is not set
CONFIG_ACPI_BUTTON=y
# CONFIG_ACPI_FAN is not set
CONFIG_ACPI_DOCK=y
CONFIG_ACPI_I2C=m
CONFIG_ACPI_PROCESSOR=y
CONFIG_ACPI_HOTPLUG_CPU=y
# CONFIG_ACPI_PROCESSOR_AGGREGATOR is not set
# CONFIG_ACPI_THERMAL is not set
CONFIG_ACPI_NUMA=y
# CONFIG_ACPI_CUSTOM_DSDT is not set
# CONFIG_ACPI_INITRD_TABLE_OVERRIDE is not set
CONFIG_ACPI_BLACKLIST_YEAR=0
# CONFIG_ACPI_DEBUG is not set
# CONFIG_ACPI_PCI_SLOT is not set
CONFIG_X86_PM_TIMER=y
CONFIG_ACPI_CONTAINER=y
# CONFIG_ACPI_SBS is not set
CONFIG_ACPI_HED=y
# CONFIG_ACPI_CUSTOM_METHOD is not set
# CONFIG_ACPI_BGRT is not set
CONFIG_ACPI_APEI=y
CONFIG_ACPI_APEI_GHES=y
CONFIG_ACPI_APEI_PCIEAER=y
# CONFIG_ACPI_APEI_EINJ is not set
# CONFIG_ACPI_APEI_ERST_DEBUG is not set
CONFIG_SFI=y

#
# CPU Frequency scaling
#
CONFIG_CPU_FREQ=y
CONFIG_CPU_FREQ_TABLE=y
CONFIG_CPU_FREQ_GOV_COMMON=y
# CONFIG_CPU_FREQ_STAT is not set
# CONFIG_CPU_FREQ_DEFAULT_GOV_PERFORMANCE is not set
# CONFIG_CPU_FREQ_DEFAULT_GOV_USERSPACE is not set
CONFIG_CPU_FREQ_DEFAULT_GOV_ONDEMAND=y
# CONFIG_CPU_FREQ_DEFAULT_GOV_CONSERVATIVE is not set
CONFIG_CPU_FREQ_GOV_PERFORMANCE=y
# CONFIG_CPU_FREQ_GOV_POWERSAVE is not set
# CONFIG_CPU_FREQ_GOV_USERSPACE is not set
CONFIG_CPU_FREQ_GOV_ONDEMAND=y
# CONFIG_CPU_FREQ_GOV_CONSERVATIVE is not set

#
# x86 CPU frequency scaling drivers
#
# CONFIG_X86_INTEL_PSTATE is not set
# CONFIG_X86_PCC_CPUFREQ is not set
CONFIG_X86_ACPI_CPUFREQ=y
CONFIG_X86_ACPI_CPUFREQ_CPB=y
# CONFIG_X86_POWERNOW_K8 is not set
CONFIG_X86_AMD_FREQ_SENSITIVITY=y
# CONFIG_X86_SPEEDSTEP_CENTRINO is not set
# CONFIG_X86_P4_CLOCKMOD is not set

#
# shared options
#
# CONFIG_X86_SPEEDSTEP_LIB is not set
CONFIG_CPU_IDLE=y
# CONFIG_CPU_IDLE_MULTIPLE_DRIVERS is not set
CONFIG_CPU_IDLE_GOV_LADDER=y
CONFIG_CPU_IDLE_GOV_MENU=y
# CONFIG_ARCH_NEEDS_CPU_IDLE_COUPLED is not set
# CONFIG_INTEL_IDLE is not set

#
# Memory power savings
#
# CONFIG_I7300_IDLE is not set

#
# Bus options (PCI etc.)
#
CONFIG_PCI=y
CONFIG_PCI_DIRECT=y
CONFIG_PCI_MMCONFIG=y
CONFIG_PCI_DOMAINS=y
CONFIG_PCIEPORTBUS=y
CONFIG_PCIEAER=y
# CONFIG_PCIE_ECRC is not set
# CONFIG_PCIEAER_INJECT is not set
CONFIG_PCIEASPM=y
# CONFIG_PCIEASPM_DEBUG is not set
CONFIG_PCIEASPM_DEFAULT=y
# CONFIG_PCIEASPM_POWERSAVE is not set
# CONFIG_PCIEASPM_PERFORMANCE is not set
CONFIG_PCIE_PME=y
CONFIG_ARCH_SUPPORTS_MSI=y
CONFIG_PCI_MSI=y
# CONFIG_PCI_DEBUG is not set
# CONFIG_PCI_REALLOC_ENABLE_AUTO is not set
# CONFIG_PCI_STUB is not set
CONFIG_HT_IRQ=y
CONFIG_PCI_ATS=y
CONFIG_PCI_IOV=y
CONFIG_PCI_PRI=y
CONFIG_PCI_PASID=y
CONFIG_PCI_IOAPIC=y
CONFIG_PCI_LABEL=y
CONFIG_ISA_DMA_API=y
CONFIG_AMD_NB=y
# CONFIG_PCCARD is not set
# CONFIG_HOTPLUG_PCI is not set
# CONFIG_RAPIDIO is not set

#
# Executable file formats / Emulations
#
CONFIG_BINFMT_ELF=y
CONFIG_COMPAT_BINFMT_ELF=y
CONFIG_ARCH_BINFMT_ELF_RANDOMIZE_PIE=y
CONFIG_CORE_DUMP_DEFAULT_ELF_HEADERS=y
CONFIG_BINFMT_SCRIPT=y
# CONFIG_HAVE_AOUT is not set
# CONFIG_BINFMT_MISC is not set
CONFIG_COREDUMP=y
CONFIG_IA32_EMULATION=y
CONFIG_IA32_AOUT=y
# CONFIG_X86_X32 is not set
CONFIG_COMPAT=y
CONFIG_COMPAT_FOR_U64_ALIGNMENT=y
CONFIG_SYSVIPC_COMPAT=y
CONFIG_KEYS_COMPAT=y
CONFIG_HAVE_TEXT_POKE_SMP=y
CONFIG_X86_DEV_DMA_OPS=y
CONFIG_NET=y

#
# Networking options
#
CONFIG_PACKET=y
# CONFIG_PACKET_DIAG is not set
CONFIG_UNIX=y
CONFIG_UNIX_DIAG=y
CONFIG_XFRM=y
# CONFIG_XFRM_USER is not set
CONFIG_XFRM_SUB_POLICY=y
CONFIG_XFRM_MIGRATE=y
# CONFIG_XFRM_STATISTICS is not set
# CONFIG_NET_KEY is not set
CONFIG_INET=y
CONFIG_IP_MULTICAST=y
CONFIG_IP_ADVANCED_ROUTER=y
CONFIG_IP_FIB_TRIE_STATS=y
CONFIG_IP_MULTIPLE_TABLES=y
CONFIG_IP_ROUTE_MULTIPATH=y
